[2026-09-17 18:51:23] TG_DROP | TelegramError: httpx.ConnectError: [Errno 11001] getaddrinfo failed | text=🔔 *Limit Fill - SELL* 🔴 Ticket:`4728291580` 📝 Pattern: `S20.18_Absorption_XAUUSDm` 📌 เปิดที่: `4336.02` 🛑 SL: `4341.66` ...
[2026-09-17 18:51:23] TG_DROP | TelegramError: httpx.ConnectError: [Errno 11001] getaddrinfo failed | text=🔔 *Limit Fill - SELL* 🔴 Ticket:`4728291582` 📝 Pattern: `S20.19_Pinbar_XAUUSDm` 📌 เปิดที่: `4336.02` 🛑 SL: `4342.10` | 🎯 ...
[2026-09-17 18:51:23] TG_DROP | TelegramError: httpx.ConnectError: [Errno 11001] getaddrinfo failed | text=🔔 *Limit Fill - SELL* 🔴 Ticket:`4728393297` 📝 Pattern: `S20.301_TrendSniper_XAUUSDm` 📌 เปิดที่: `4335.97` 🛑 SL: `4343.69...
[2026-09-17 18:51:23] TG_DROP | TelegramError: httpx.ConnectError: [Errno 11001] getaddrinfo failed | text=🔔 *Limit Fill - SELL* 🔴 Ticket:`4728393298` 📝 Pattern: `S20.302_MultiSession_XAUUSDm` 📌 เปิดที่: `4335.97` 🛑 SL: `4343.6...
[2026-09-17 18:51:23] TG_DROP | TelegramError: httpx.ConnectError: [Errno 11001] getaddrinfo failed | text=🔔 *Limit Fill - SELL* 🔴 Ticket:`4728393301` 📝 Pattern: `S20.303_VolScaled_XAUUSDm` 📌 เปิดที่: `4335.97` 🛑 SL: `4343.69` ...
[2026-09-17 18:51:23] TG_DROP | TelegramError: httpx.ConnectError: [Errno 11001] getaddrinfo failed | text=🔔 *Limit Fill - SELL* 🔴 Ticket:`4728393302` 📝 Pattern: `S20.304_XAUUSDm` 📌 เปิดที่: `4335.97` 🛑 SL: `4343.69` | 🎯 TP: `4...
[2026-09-17 18:51:38] TG_DROP | TelegramError: httpx.ConnectError: [Errno 11001] getaddrinfo failed | text=🔔 *Limit Fill - SELL* 🔴 Ticket:`4728291589` 📝 Pattern: `S20.28_SessionPool_XAUUSDm` 📌 เปิดที่: `4336.95` 🛑 SL: `4341.66`...
[2026-09-17 18:51:49] TG_DROP | TelegramError: httpx.ConnectError: [Errno 11001] getaddrinfo failed | text=🔔 *Limit Fill - SELL* 🔴 Ticket:`4728291604` 📝 Pattern: `S20.301_TrendSniper_XAUUSDm` 📌 เปิดที่: `4337.20` 🛑 SL: `4342.53...
[2026-09-17 18:51:49] TG_DROP | TelegramError: httpx.ConnectError: [Errno 11001] getaddrinfo failed | text=🔔 *Limit Fill - SELL* 🔴 Ticket:`4728291639` 📝 Pattern: `S20.302_MultiSession_XAUUSDm` 📌 เปิดที่: `4337.20` 🛑 SL: `4342.5...
[2026-09-17 18:51:49] TG_DROP | TelegramError: httpx.ConnectError: [Errno 11001] getaddrinfo failed | text=🔔 *Limit Fill - SELL* 🔴 Ticket:`4728291643` 📝 Pattern: `S20.303_VolScaled_XAUUSDm` 📌 เปิดที่: `4337.20` 🛑 SL: `4342.53` ...
[2026-09-17 18:51:49] TG_DROP | TelegramError: httpx.ConnectError: [Errno 11001] getaddrinfo failed | text=🔔 *Limit Fill - SELL* 🔴 Ticket:`4728291648` 📝 Pattern: `S20.304_XAUUSDm` 📌 เปิดที่: `4337.20` 🛑 SL: `4342.53` | 🎯 TP: `4...
[2026-09-17 18:54:48] TG_DROP | TelegramError: httpx.ConnectError: [Errno 11001] getaddrinfo failed | text=🔴 *🛑 SL Hit* ━━━━━━━━━━━━━━━━━ 📊 TF: M15 | S20.18: Order Flow Delta | Pattern: S20.18_Absorption_XAUUSDm 📊 SELL XAUUSDm ...
[2026-09-17 18:54:48] TG_DROP | TelegramError: httpx.ConnectError: [Errno 11001] getaddrinfo failed | text=🔴 *🛑 SL Hit* ━━━━━━━━━━━━━━━━━ 📊 TF: M15 | S20.28: Session Pool Sweeps | Pattern: S20.28_SessionPool_XAUUSDm 📊 SELL XAUU...
[2026-09-17 18:54:51] TG_DROP | TelegramError: httpx.ConnectError: [Errno 11001] getaddrinfo failed | text=🔴 *🛑 SL Hit* ━━━━━━━━━━━━━━━━━ 📊 TF: M15 | S20.19: Pinbar Scalper | Pattern: S20.19_Pinbar_XAUUSDm 📊 SELL XAUUSDm 📌 เปิด...
[2026-09-17 18:55:24] TG_DROP | TelegramError: httpx.ConnectError: [Errno 11001] getaddrinfo failed | text=🔴 *🛑 SL Hit* ━━━━━━━━━━━━━━━━━ 📊 TF: M15 | S20.304: Dual-Asset Citadel Matrix | Pattern: S20.304_XAUUSDm 📊 SELL XAUUSDm ...
[2026-09-17 18:55:24] TG_DROP | TelegramError: httpx.ConnectError: [Errno 11001] getaddrinfo failed | text=🔴 *🛑 SL Hit* ━━━━━━━━━━━━━━━━━ 📊 TF: M15 | S20.303: Dynamic Volatility Gold | Pattern: S20.303_VolScaled_XAUUSDm 📊 SELL ...
[2026-09-17 18:55:24] TG_DROP | TelegramError: httpx.ConnectError: [Errno 11001] getaddrinfo failed | text=🔴 *🛑 SL Hit* ━━━━━━━━━━━━━━━━━ 📊 TF: M15 | S20.301: HTF Trend Sniper | Pattern: S20.301_TrendSniper_XAUUSDm 📊 SELL XAUUS...
[2026-09-17 18:55:24] TG_DROP | TelegramError: httpx.ConnectError: [Errno 11001] getaddrinfo failed | text=🔴 *🛑 SL Hit* ━━━━━━━━━━━━━━━━━ 📊 TF: M15 | S20.302: Multi-Session Engine | Pattern: S20.302_MultiSession_XAUUSDm 📊 SELL ...
[2026-09-17 18:55:40] TG_DROP | TelegramError: httpx.ConnectError: [Errno 11001] getaddrinfo failed | text=🔴 *🛑 SL Hit* ━━━━━━━━━━━━━━━━━ 📊 TF: M30 | S20.301: HTF Trend Sniper | Pattern: S20.301_TrendSniper_XAUUSDm 📊 SELL XAUUS...
[2026-09-17 18:55:41] TG_DROP | TelegramError: httpx.ConnectError: [Errno 11001] getaddrinfo failed | text=🔴 *🛑 SL Hit* ━━━━━━━━━━━━━━━━━ 📊 TF: M30 | S20.302: Multi-Session Engine | Pattern: S20.302_MultiSession_XAUUSDm 📊 SELL ...
[2026-09-17 18:55:41] TG_DROP | TelegramError: httpx.ConnectError: [Errno 11001] getaddrinfo failed | text=🔴 *🛑 SL Hit* ━━━━━━━━━━━━━━━━━ 📊 TF: M30 | S20.303: Dynamic Volatility Gold | Pattern: S20.303_VolScaled_XAUUSDm 📊 SELL ...
[2026-09-17 18:55:41] TG_DROP | TelegramError: httpx.ConnectError: [Errno 11001] getaddrinfo failed | text=🔴 *🛑 SL Hit* ━━━━━━━━━━━━━━━━━ 📊 TF: M30 | S20.304: Dual-Asset Citadel Matrix | Pattern: S20.304_XAUUSDm 📊 SELL XAUUSDm ...
[2026-09-17 19:15:02] TG_DROP | TelegramError: httpx.ConnectError: [Errno 11001] getaddrinfo failed | text=🟢 *S20.301\_TrendSniper\_XAUUSDm* ━━━━━━━━━━━━━━━━━ 🕐 17/09/2026 19:15 📊 *Timeframe: M15* | ท่าที่ 20.301   📈 Swing High...
[2026-09-17 19:15:02] TG_DROP | TelegramError: httpx.ConnectError: [Errno 11001] getaddrinfo failed | text=🟢 *S20.301\_TrendSniper\_XAUUSDm* ━━━━━━━━━━━━━━━━━ 🕐 17/09/2026 19:15 📊 *Timeframe: M15* | ท่าที่ 20.301   📈 Swing High...
[2026-09-17 19:15:02] TG_DROP | TelegramError: httpx.ConnectError: [Errno 11001] getaddrinfo failed | text=🟢 *S20.302\_MultiSession\_XAUUSDm* ━━━━━━━━━━━━━━━━━ 🕐 17/09/2026 19:15 📊 *Timeframe: M15* | ท่าที่ 20.302   📈 Swing Hig...
[2026-09-17 19:15:03] TG_DROP | TelegramError: httpx.ConnectError: [Errno 11001] getaddrinfo failed | text=🟢 *S20.302\_MultiSession\_XAUUSDm* ━━━━━━━━━━━━━━━━━ 🕐 17/09/2026 19:15 📊 *Timeframe: M15* | ท่าที่ 20.302   📈 Swing Hig...
[2026-09-17 19:15:03] TG_DROP | TelegramError: httpx.ConnectError: [Errno 11001] getaddrinfo failed | text=🟢 *S20.303\_VolScaled\_XAUUSDm* ━━━━━━━━━━━━━━━━━ 🕐 17/09/2026 19:15 📊 *Timeframe: M15* | ท่าที่ 20.303   📈 Swing High:`...
[2026-09-17 19:15:03] TG_DROP | TelegramError: httpx.ConnectError: [Errno 11001] getaddrinfo failed | text=🟢 *S20.303\_VolScaled\_XAUUSDm* ━━━━━━━━━━━━━━━━━ 🕐 17/09/2026 19:15 📊 *Timeframe: M15* | ท่าที่ 20.303   📈 Swing High:`...
[2026-09-17 19:15:03] TG_DROP | TelegramError: httpx.ConnectError: [Errno 11001] getaddrinfo failed | text=🟢 *S20.304\_XAUUSDm* ━━━━━━━━━━━━━━━━━ 🕐 17/09/2026 19:15 📊 *Timeframe: M15* | ท่าที่ 20.304   📈 Swing High:`0.00` 14:45...
[2026-09-17 19:15:03] TG_DROP | TelegramError: httpx.ConnectError: [Errno 11001] getaddrinfo failed | text=🟢 *S20.304\_XAUUSDm* ━━━━━━━━━━━━━━━━━ 🕐 17/09/2026 19:15 📊 *Timeframe: M15* | ท่าที่ 20.304   📈 Swing High:`0.00` 14:45...
[2026-09-17 20:15:02] TG_DROP | TelegramError: httpx.ConnectError: [Errno 11001] getaddrinfo failed | text=🗑️ *ยกเลิก BUY LIMIT อัตโนมัติ* 🟢 [M15] Ticket:`4728772615` Entry:`4345.78` Flow: `M15-S20.301-BUY-T1789646400` เหตุผล: ...
[2026-09-17 20:15:03] TG_DROP | TelegramError: httpx.ConnectError: [Errno 11001] getaddrinfo failed | text=🗑️ *ยกเลิก BUY LIMIT อัตโนมัติ* 🟢 [M15] Ticket:`4728772620` Entry:`4345.78` Flow: `M15-S20.302-BUY-T1789646400` เหตุผล: ...
[2026-09-17 20:15:03] TG_DROP | TelegramError: httpx.ConnectError: [Errno 11001] getaddrinfo failed | text=🗑️ *ยกเลิก BUY LIMIT อัตโนมัติ* 🟢 [M15] Ticket:`4728772632` Entry:`4345.78` Flow: `M15-S20.303-BUY-T1789646400` เหตุผล: ...
[2026-09-17 20:15:03] TG_DROP | TelegramError: httpx.ConnectError: [Errno 11001] getaddrinfo failed | text=🗑️ *ยกเลิก BUY LIMIT อัตโนมัติ* 🟢 [M15] Ticket:`4728772645` Entry:`4345.78` Flow: `M15-S20.304-BUY-T1789646400` เหตุผล: ...
