# progress 0/35332 (0%) events=0 elapsed=0s
# progress 1766/35332 (5%) events=1 elapsed=41s
# progress 3532/35332 (10%) events=1 elapsed=85s
# progress 5298/35332 (15%) events=1 elapsed=128s
# progress 7064/35332 (20%) events=1 elapsed=173s
# progress 8830/35332 (25%) events=2 elapsed=215s
# progress 10596/35332 (30%) events=2 elapsed=259s
# progress 12362/35332 (35%) events=3 elapsed=302s
# progress 14128/35332 (40%) events=3 elapsed=344s
# progress 15894/35332 (45%) events=4 elapsed=376s
# progress 17660/35332 (50%) events=5 elapsed=396s
# progress 19426/35332 (55%) events=5 elapsed=417s
# progress 21192/35332 (60%) events=5 elapsed=438s
# progress 22958/35332 (65%) events=5 elapsed=458s
# progress 24724/35332 (70%) events=6 elapsed=479s
# progress 26490/35332 (75%) events=7 elapsed=499s
# progress 28256/35332 (80%) events=8 elapsed=520s
# progress 30022/35332 (85%) events=9 elapsed=541s
# progress 31788/35332 (90%) events=10 elapsed=562s
# progress 33554/35332 (95%) events=10 elapsed=582s
# progress 35320/35332 (100%) events=12 elapsed=603s
=== per-strategy standalone (for reference) ===
{"strategy": 114, "trades": 18, "win_rate": 88.9, "net": 162.81, "pf": 7.2, "max_dd": 15.25, "ratio": 10.7}
{"strategy": 206, "trades": 37, "win_rate": 24.3, "net": 435.11, "pf": 3.52, "max_dd": 42.2, "ratio": 10.3}
{"strategy": 218, "trades": 20, "win_rate": 30.0, "net": 321.8, "pf": 4.96, "max_dd": 35.97, "ratio": 8.9}
{"strategy": 165, "trades": 75, "win_rate": 20.0, "net": 586.79, "pf": 2.57, "max_dd": 142.48, "ratio": 4.1}
{"strategy": 166, "trades": 72, "win_rate": 16.7, "net": 534.45, "pf": 2.4, "max_dd": 97.0, "ratio": 5.5}
{"strategy": 172, "trades": 81, "win_rate": 16.0, "net": 547.04, "pf": 2.25, "max_dd": 156.97, "ratio": 3.5}
{"strategy": 322, "trades": 24, "win_rate": 16.7, "net": 253.7, "pf": 2.86, "max_dd": 56.8, "ratio": 4.5}
{"strategy": 327, "trades": 28, "win_rate": 25.0, "net": 281.23, "pf": 2.34, "max_dd": 66.87, "ratio": 4.2}

=== confluence-gated composite ===
{"min_score": 2.0, "trades": 12, "win_rate": 25.0, "net": 165.87, "pf": 4.16, "max_dd": 28.05, "ratio": 5.9}

=== breakdown by score bucket ===
{"score>=": 2, "trades": 12, "win_rate": 25.0, "net": 165.87, "pf": 4.16, "max_dd": 28.05, "ratio": 5.9}
