# progress 0/35332 (0%) events=0 elapsed=0s
# progress 1766/35332 (5%) events=0 elapsed=4s
# progress 3532/35332 (10%) events=0 elapsed=9s
# progress 5298/35332 (15%) events=0 elapsed=13s
# progress 7064/35332 (20%) events=0 elapsed=18s
# progress 8830/35332 (25%) events=0 elapsed=22s
# progress 10596/35332 (30%) events=0 elapsed=26s
# progress 12362/35332 (35%) events=0 elapsed=30s
# progress 14128/35332 (40%) events=0 elapsed=35s
# progress 15894/35332 (45%) events=0 elapsed=39s
# progress 17660/35332 (50%) events=0 elapsed=43s
# progress 19426/35332 (55%) events=0 elapsed=48s
# progress 21192/35332 (60%) events=0 elapsed=52s
# progress 22958/35332 (65%) events=0 elapsed=56s
# progress 24724/35332 (70%) events=0 elapsed=60s
# progress 26490/35332 (75%) events=0 elapsed=64s
# progress 28256/35332 (80%) events=1 elapsed=69s
# progress 30022/35332 (85%) events=1 elapsed=73s
# progress 31788/35332 (90%) events=1 elapsed=77s
# progress 33554/35332 (95%) events=1 elapsed=82s
# progress 35320/35332 (100%) events=1 elapsed=86s
=== per-strategy standalone (for reference) ===
{"strategy": 322, "trades": 24, "win_rate": 16.7, "net": 253.7, "pf": 2.86, "max_dd": 56.8, "ratio": 4.5}
{"strategy": 327, "trades": 28, "win_rate": 25.0, "net": 281.23, "pf": 2.34, "max_dd": 66.87, "ratio": 4.2}

=== confluence-gated composite ===
{"min_score": 2.0, "trades": 1, "win_rate": 100.0, "net": 85.72, "pf": null, "max_dd": 0.0, "ratio": null}

=== breakdown by score bucket ===
{"score>=": 2, "trades": 1, "win_rate": 100.0, "net": 85.72, "pf": null, "max_dd": 0.0, "ratio": null}
