# progress 0/35397 (0%) events=0 elapsed=0s
# progress 1769/35397 (5%) events=0 elapsed=4s
# progress 3538/35397 (10%) events=1 elapsed=9s
# progress 5307/35397 (15%) events=2 elapsed=13s
# progress 7076/35397 (20%) events=2 elapsed=17s
# progress 8845/35397 (25%) events=2 elapsed=22s
# progress 10614/35397 (30%) events=2 elapsed=26s
# progress 12383/35397 (35%) events=2 elapsed=30s
# progress 14152/35397 (40%) events=2 elapsed=34s
# progress 15921/35397 (45%) events=2 elapsed=39s
# progress 17690/35397 (50%) events=2 elapsed=43s
# progress 19459/35397 (55%) events=3 elapsed=47s
# progress 21228/35397 (60%) events=3 elapsed=52s
# progress 22997/35397 (65%) events=3 elapsed=56s
# progress 24766/35397 (70%) events=4 elapsed=60s
# progress 26535/35397 (75%) events=4 elapsed=65s
# progress 28304/35397 (80%) events=4 elapsed=69s
# progress 30073/35397 (85%) events=5 elapsed=73s
# progress 31842/35397 (90%) events=5 elapsed=77s
# progress 33611/35397 (95%) events=5 elapsed=82s
# progress 35380/35397 (100%) events=5 elapsed=86s
=== per-strategy standalone (for reference) ===
{"strategy": 322, "trades": 34, "win_rate": 14.7, "net": 222.07, "pf": 2.88, "max_dd": 52.77, "ratio": 4.2}
{"strategy": 327, "trades": 48, "win_rate": 12.5, "net": 28.54, "pf": 1.11, "max_dd": 102.8, "ratio": 0.3}

=== confluence-gated composite ===
{"min_score": 2.0, "trades": 5, "win_rate": 40.0, "net": 237.8, "pf": 20.51, "max_dd": 6.51, "ratio": 36.5}

=== breakdown by score bucket ===
{"score>=": 2, "trades": 5, "win_rate": 40.0, "net": 237.8, "pf": 20.51, "max_dd": 6.51, "ratio": 36.5}
