# progress 0/35397 (0%) events=0 elapsed=0s
# progress 1769/35397 (5%) events=1 elapsed=27s
# progress 3538/35397 (10%) events=3 elapsed=57s
# progress 5307/35397 (15%) events=4 elapsed=86s
# progress 7076/35397 (20%) events=5 elapsed=116s
# progress 8845/35397 (25%) events=6 elapsed=145s
# progress 10614/35397 (30%) events=6 elapsed=175s
# progress 12383/35397 (35%) events=7 elapsed=205s
# progress 14152/35397 (40%) events=8 elapsed=233s
# progress 15921/35397 (45%) events=14 elapsed=262s
# progress 17690/35397 (50%) events=14 elapsed=291s
# progress 19459/35397 (55%) events=15 elapsed=322s
# progress 21228/35397 (60%) events=16 elapsed=355s
# progress 22997/35397 (65%) events=16 elapsed=388s
# progress 24766/35397 (70%) events=17 elapsed=418s
# progress 26535/35397 (75%) events=17 elapsed=448s
# progress 28304/35397 (80%) events=18 elapsed=476s
# progress 30073/35397 (85%) events=22 elapsed=506s
# progress 31842/35397 (90%) events=22 elapsed=536s
# progress 33611/35397 (95%) events=22 elapsed=566s
# progress 35380/35397 (100%) events=22 elapsed=596s
=== per-strategy standalone (for reference) ===
{"strategy": 99, "trades": 0, "win_rate": null, "net": 0.0, "pf": null, "max_dd": 0.0}
{"strategy": 100, "trades": 0, "win_rate": null, "net": 0.0, "pf": null, "max_dd": 0.0}
{"strategy": 101, "trades": 0, "win_rate": null, "net": 0.0, "pf": null, "max_dd": 0.0}
{"strategy": 105, "trades": 0, "win_rate": null, "net": 0.0, "pf": null, "max_dd": 0.0}
{"strategy": 111, "trades": 0, "win_rate": null, "net": 0.0, "pf": null, "max_dd": 0.0}
{"strategy": 114, "trades": 17, "win_rate": 82.4, "net": 81.89, "pf": 6.71, "max_dd": 6.3, "ratio": 13.0}
{"strategy": 102, "trades": 0, "win_rate": null, "net": 0.0, "pf": null, "max_dd": 0.0}
{"strategy": 258, "trades": 81, "win_rate": 3.7, "net": 8.54, "pf": 1.07, "max_dd": 72.25, "ratio": 0.1}
{"strategy": 294, "trades": 108, "win_rate": 3.7, "net": -170.09, "pf": 0.59, "max_dd": 227.25, "ratio": -0.7}
{"strategy": 311, "trades": 19, "win_rate": 5.3, "net": 28.05, "pf": 1.37, "max_dd": 63.62, "ratio": 0.4}
{"strategy": 327, "trades": 48, "win_rate": 12.5, "net": 28.54, "pf": 1.11, "max_dd": 102.8, "ratio": 0.3}
{"strategy": 206, "trades": 53, "win_rate": 13.2, "net": 124.15, "pf": 1.81, "max_dd": 65.29, "ratio": 1.9}

=== confluence-gated composite ===
{"min_score": 2.0, "trades": 22, "win_rate": 31.8, "net": 101.18, "pf": 2.84, "max_dd": 24.98, "ratio": 4.1}

=== breakdown by score bucket ===
{"score>=": 2, "trades": 19, "win_rate": 26.3, "net": 84.59, "pf": 2.72, "max_dd": 28.91, "ratio": 2.9}
{"score>=": 3, "trades": 2, "win_rate": 50.0, "net": -1.75, "pf": 0.69, "max_dd": 5.68, "ratio": -0.3}
{"score>=": 5, "trades": 1, "win_rate": 100.0, "net": 18.34, "pf": null, "max_dd": 0.0, "ratio": null}
