# progress 0/35397 (0%) events=0 elapsed=0s
# progress 1769/35397 (5%) events=1 elapsed=40s
# progress 3538/35397 (10%) events=3 elapsed=84s
# progress 5307/35397 (15%) events=4 elapsed=128s
# progress 7076/35397 (20%) events=4 elapsed=171s
# progress 8845/35397 (25%) events=5 elapsed=214s
# progress 10614/35397 (30%) events=5 elapsed=257s
# progress 12383/35397 (35%) events=5 elapsed=300s
# progress 14152/35397 (40%) events=5 elapsed=342s
# progress 15921/35397 (45%) events=7 elapsed=371s
# progress 17690/35397 (50%) events=8 elapsed=391s
# progress 19459/35397 (55%) events=9 elapsed=412s
# progress 21228/35397 (60%) events=9 elapsed=432s
# progress 22997/35397 (65%) events=10 elapsed=452s
# progress 24766/35397 (70%) events=11 elapsed=472s
# progress 26535/35397 (75%) events=11 elapsed=492s
# progress 28304/35397 (80%) events=11 elapsed=512s
# progress 30073/35397 (85%) events=14 elapsed=532s
# progress 31842/35397 (90%) events=14 elapsed=552s
# progress 33611/35397 (95%) events=14 elapsed=572s
# progress 35380/35397 (100%) events=15 elapsed=592s
=== per-strategy standalone (for reference) ===
{"strategy": 114, "trades": 17, "win_rate": 82.4, "net": 81.89, "pf": 6.71, "max_dd": 6.3, "ratio": 13.0}
{"strategy": 206, "trades": 53, "win_rate": 13.2, "net": 124.15, "pf": 1.81, "max_dd": 65.29, "ratio": 1.9}
{"strategy": 218, "trades": 26, "win_rate": 19.2, "net": 114.84, "pf": 3.16, "max_dd": 28.28, "ratio": 4.1}
{"strategy": 165, "trades": 58, "win_rate": 22.4, "net": 465.82, "pf": 3.55, "max_dd": 45.6, "ratio": 10.2}
{"strategy": 166, "trades": 95, "win_rate": 4.2, "net": -130.17, "pf": 0.58, "max_dd": 161.26, "ratio": -0.8}
{"strategy": 172, "trades": 73, "win_rate": 19.2, "net": 449.2, "pf": 2.82, "max_dd": 64.94, "ratio": 6.9}
{"strategy": 322, "trades": 34, "win_rate": 14.7, "net": 222.07, "pf": 2.88, "max_dd": 52.77, "ratio": 4.2}
{"strategy": 327, "trades": 48, "win_rate": 12.5, "net": 28.54, "pf": 1.11, "max_dd": 102.8, "ratio": 0.3}

=== confluence-gated composite ===
{"min_score": 2.0, "trades": 15, "win_rate": 60.0, "net": 366.79, "pf": 16.48, "max_dd": 15.83, "ratio": 23.2}

=== breakdown by score bucket ===
{"score>=": 2, "trades": 12, "win_rate": 58.3, "net": 340.95, "pf": 18.25, "max_dd": 11.9, "ratio": 28.7}
{"score>=": 3, "trades": 1, "win_rate": 100.0, "net": 11.43, "pf": null, "max_dd": 0.0, "ratio": null}
{"score>=": 4, "trades": 2, "win_rate": 50.0, "net": 14.41, "pf": 4.67, "max_dd": 3.93, "ratio": 3.7}
