Started batch run at 2026-08-29 14:01:27
==================================================

--- Group 1 (v38_standalone_group1.py) ---
Status: SUCCESS
Saved: Div_H1 set (Trades: 290 | W: 3 | L: 287 | BE: 0 | WR: 1.0% | P&L: 7222.70)
Saved: Div+ATR_H1 set (Trades: 1 | W: 0 | L: 1 | BE: 0 | WR: 0.0% | P&L: -641.00)
Saved: Div+FollowDiv_H1 set (Trades: 5 | W: 0 | L: 5 | BE: 0 | WR: 0.0% | P&L: 533.20)
Saved: Fibo_H1 set (Trades: 2 | W: 1 | L: 1 | BE: 0 | WR: 50.0% | P&L: 317.70)
Saved: FollowDiv_H1 set (Trades: 105 | W: 0 | L: 105 | BE: 0 | WR: 0.0% | P&L: 11343.10)
Saved: trades.csv (Total Trades: 459 | W: 4 | L: 455 | BE: 0 | WR: 0.9% | P&L: 41234.00)

--- Group 2 (v38_standalone_group2.py) ---
Status: SUCCESS

--- Group 2 ---
Status: ERROR ('NoneType' object has no attribute 'strip')

--- Group 3 (v38_standalone_group3.py) ---
Status: SUCCESS

--- Group 3 ---
Status: ERROR ('NoneType' object has no attribute 'strip')

--- Group 4 (v38_standalone_group4.py) ---
Status: SUCCESS
Saved: Fibo+Div_H1 set (Trades: 119 | W: 16 | L: 103 | BE: 0 | WR: 13.4% | P&L: -10194.10)
Saved: Fibo+Div+FollowDiv_H1 set (Trades: 4 | W: 0 | L: 4 | BE: 0 | WR: 0.0% | P&L: -455.90)
Saved: Fibo+Fibo_H1 set (Trades: 1 | W: 1 | L: 0 | BE: 0 | WR: 100.0% | P&L: 224.10)
Saved: Fibo+FollowDiv_H1 set (Trades: 104 | W: 10 | L: 94 | BE: 0 | WR: 9.6% | P&L: -6158.70)
Saved: FollowDiv_H1 set (Trades: 10 | W: 0 | L: 10 | BE: 0 | WR: 0.0% | P&L: 1081.30)
Saved: trades.csv (Total Trades: 9285 | W: 2412 | L: 6873 | BE: 0 | WR: 26.0% | P&L: -132644.90)

--- Group 5 (v38_standalone_group5.py) ---
Status: SUCCESS

--- Group 5 ---
Status: ERROR ('NoneType' object has no attribute 'strip')

--- Group 6 (v38_standalone_group6.py) ---
Status: SUCCESS
Saved: FollowDiv+ATR_M30 set (Trades: 1 | W: 0 | L: 1 | BE: 0 | WR: 0.0% | P&L: 5.79)
Saved: FollowDiv+Naiya Hidden_H1 set (Trades: 36 | W: 4 | L: 31 | BE: 0 | WR: 11.4% | P&L: -29870.83)
Saved: Naiya_H1 set (Trades: 1270 | W: 267 | L: 1003 | BE: 0 | WR: 21.0% | P&L: 1182.32)
Saved: Naiya Doji_H1 set (Trades: 9063 | W: 1005 | L: 8058 | BE: 0 | WR: 11.1% | P&L: -9963.67)
Saved: Naiya Hidden_H1 set (Trades: 3296 | W: 234 | L: 3026 | BE: 0 | WR: 7.2% | P&L: -2604615.32)
Saved: trades.csv (Total Trades: 14765 | W: 1524 | L: 13204 | BE: 0 | WR: 10.3% | P&L: -2654618.02)

--- Group 7 (v38_standalone_group7.py) ---
Status: SUCCESS

--- Group 7 ---
Status: ERROR ('NoneType' object has no attribute 'strip')

--- Group 8 (v38_standalone_group8.py) ---
Status: SUCCESS

--- Group 8 ---
Status: ERROR ('NoneType' object has no attribute 'strip')

--- Group 9 (v38_standalone_group9.py) ---
Status: SUCCESS

--- Group 9 ---
Status: ERROR ('NoneType' object has no attribute 'strip')

--- Group 10 (v38_standalone_group10.py) ---
Status: SUCCESS

--- Group 10 ---
Status: ERROR ('NoneType' object has no attribute 'strip')

--- Group 11 (v38_standalone_group11.py) ---
Status: SUCCESS

--- Group 11 ---
Status: ERROR ('NoneType' object has no attribute 'strip')

--- Group 12 (v38_standalone_group12.py) ---
Status: SUCCESS

--- Group 12 ---
Status: ERROR ('NoneType' object has no attribute 'strip')

--- Group 13 (v38_standalone_group13.py) ---
Status: SUCCESS
Saved: FollowDiv_D1 set (Trades: 5 | W: 0 | L: 5 | BE: 0 | WR: 0.0% | P&L: 34.20)
Saved: FollowDiv_H1 set (Trades: 92 | W: 0 | L: 92 | BE: 0 | WR: 0.0% | P&L: 972.22)
Saved: FollowDiv+FVG_H1 set (Trades: 2 | W: 0 | L: 2 | BE: 0 | WR: 0.0% | P&L: -75.98)
Saved: GapSweep_D1 set (Trades: 23 | W: 0 | L: 23 | BE: 0 | WR: 0.0% | P&L: -504.79)
Saved: GapSweep_H1 set (Trades: 95 | W: 0 | L: 95 | BE: 0 | WR: 0.0% | P&L: -468.99)
Saved: trades.csv (Total Trades: 3112 | W: 234 | L: 2878 | BE: 0 | WR: 7.5% | P&L: 104145.91)

--- Group 14 (v38_standalone_group14.py) ---
Status: SUCCESS
Saved: FVG_H1 set (Trades: 663 | W: 98 | L: 557 | BE: 0 | WR: 15.0% | P&L: -63996.50)
Saved: Fibo_H1 set (Trades: 2 | W: 1 | L: 1 | BE: 0 | WR: 50.0% | P&L: 317.70)
Saved: FollowDiv_H1 set (Trades: 83 | W: 0 | L: 83 | BE: 0 | WR: 0.0% | P&L: 11239.80)
Saved: FollowDiv+FVG_H1 set (Trades: 23 | W: 1 | L: 22 | BE: 0 | WR: 4.3% | P&L: -5473.80)
Saved: GapSweep_H1 set (Trades: 95 | W: 0 | L: 95 | BE: 0 | WR: 0.0% | P&L: -4689.90)
Saved: trades.csv (Total Trades: 1220 | W: 105 | L: 1107 | BE: 0 | WR: 8.7% | P&L: -35089.30)

--- Group 15 (v38_standalone_group15.py) ---
Status: SUCCESS

--- Group 15 ---
Status: ERROR ('NoneType' object has no attribute 'strip')

--- Group 16 (v38_standalone_group16.py) ---
Status: SUCCESS

--- Group 16 ---
Status: ERROR ('NoneType' object has no attribute 'strip')

--- Group 17 (v38_standalone_group17.py) ---
Status: SUCCESS
Saved: FollowDiv_D1 set (Trades: 5 | W: 0 | L: 5 | BE: 0 | WR: 0.0% | P&L: 342.00)
Saved: Naiya_D1 set (Trades: 52 | W: 5 | L: 46 | BE: 0 | WR: 9.8% | P&L: -8864.60)
Saved: Naiya Doji_D1 set (Trades: 192 | W: 27 | L: 152 | BE: 0 | WR: 15.1% | P&L: -19647.50)
Saved: Naiya FVG_D1 set (Trades: 3 | W: 1 | L: 2 | BE: 0 | WR: 33.3% | P&L: 674.90)
Saved: Naiya Hidden_D1 set (Trades: 7 | W: 1 | L: 6 | BE: 0 | WR: 14.3% | P&L: -2639.60)
Saved: trades.csv (Total Trades: 266 | W: 35 | L: 217 | BE: 0 | WR: 13.9% | P&L: -31683.90)

--- Group 18 (v38_standalone_group18.py) ---
Status: SUCCESS

--- Group 18 ---
Status: ERROR ('NoneType' object has no attribute 'strip')

--- Group 19 (v38_standalone_group19.py) ---
Status: SUCCESS

--- Group 19 ---
Status: ERROR ('NoneType' object has no attribute 'strip')

--- Group 20 (v38_standalone_group20.py) ---
Status: SUCCESS
Saved: Div+ATR_H1 set (Trades: 1 | W: 0 | L: 1 | BE: 0 | WR: 0.0% | P&L: -641.00)
Saved: Div+FollowDiv_H1 set (Trades: 5 | W: 1 | L: 4 | BE: 0 | WR: 20.0% | P&L: 55.80)
Saved: Fibo_H1 set (Trades: 2 | W: 1 | L: 1 | BE: 0 | WR: 50.0% | P&L: 317.70)
Saved: FollowDiv_H1 set (Trades: 105 | W: 13 | L: 92 | BE: 0 | WR: 12.4% | P&L: 1093.10)
Saved: GapSweep_H1 set (Trades: 95 | W: 0 | L: 95 | BE: 0 | WR: 0.0% | P&L: -4689.90)
Saved: trades.csv (Total Trades: 554 | W: 45 | L: 509 | BE: 0 | WR: 8.1% | P&L: -49936.40)

--- Group 21 (v38_standalone_group21.py) ---
Status: SUCCESS
Saved: Div_H1 set (Trades: 290 | W: 3 | L: 287 | BE: 0 | WR: 1.0% | P&L: 7222.70)
Saved: Div+ATR_H1 set (Trades: 1 | W: 0 | L: 1 | BE: 0 | WR: 0.0% | P&L: -641.00)
Saved: Div+FollowDiv_H1 set (Trades: 5 | W: 0 | L: 5 | BE: 0 | WR: 0.0% | P&L: 533.20)
Saved: Fibo_H1 set (Trades: 2 | W: 1 | L: 1 | BE: 0 | WR: 50.0% | P&L: 317.70)
Saved: FollowDiv_H1 set (Trades: 105 | W: 0 | L: 105 | BE: 0 | WR: 0.0% | P&L: 11343.10)
Saved: trades.csv (Total Trades: 459 | W: 4 | L: 455 | BE: 0 | WR: 0.9% | P&L: 41234.00)

--- Group 22 (v38_standalone_group22.py) ---
Status: SUCCESS

--- Group 22 ---
Status: ERROR ('NoneType' object has no attribute 'strip')

--- Group 23 (v38_standalone_group23.py) ---
Status: SUCCESS
Saved: Naiya_H1 set (Trades: 1384 | W: 857 | L: 527 | BE: 0 | WR: 61.9% | P&L: -250745.70)
Saved: trades.csv (Total Trades: 1384 | W: 857 | L: 527 | BE: 0 | WR: 61.9% | P&L: -250745.70)

--- Group 24 (v38_standalone_group24.py) ---
Status: SUCCESS

--- Group 24 ---
Status: ERROR ('NoneType' object has no attribute 'strip')
