
=== 2026-H1 ===
{"config": "baseline_all4", "n": 479, "wr": 6.9, "net": 337.65, "pf": 1.47, "dd": 117.97, "ratio": 2.86}
{"config": "drop_FVG", "n": 186, "wr": 4.8, "net": -14.83, "pf": 0.96, "dd": 177.33, "ratio": -0.08}
{"config": "drop_OB", "n": 129, "wr": 5.4, "net": 16.07, "pf": 1.11, "dd": 39.52, "ratio": 0.41}
{"config": "drop_BOSCHOCH", "n": 479, "wr": 6.9, "net": 337.65, "pf": 1.47, "dd": 117.97, "ratio": 2.86}
{"config": "drop_SWEEP", "n": 269, "wr": 7.4, "net": 256.68, "pf": 1.75, "dd": 69.93, "ratio": 3.67}
{"config": "only_FVG", "n": 1237, "wr": 6.1, "net": 548.39, "pf": 1.31, "dd": 222.54, "ratio": 2.46}
{"config": "only_OB", "n": 1123, "wr": 5.1, "net": 240.25, "pf": 1.14, "dd": 310.95, "ratio": 0.77}
{"config": "only_BOSCHOCH", "n": 29, "wr": null, "net": -81.19, "pf": 0.0, "dd": 81.19, "ratio": -1.0}
{"config": "only_SWEEP", "n": 790, "wr": 5.3, "net": 160.92, "pf": 1.12, "dd": 227.94, "ratio": 0.71}

=== 2025-H2 (WF) ===
{"config": "baseline_all4", "n": 402, "wr": 7.0, "net": 78.56, "pf": 1.2, "dd": 94.44, "ratio": 0.83}
{"config": "drop_FVG", "n": 165, "wr": 6.7, "net": 42.6, "pf": 1.26, "dd": 65.96, "ratio": 0.65}
{"config": "drop_OB", "n": 111, "wr": 10.8, "net": 108.61, "pf": 2.01, "dd": 24.74, "ratio": 4.39}
{"config": "drop_BOSCHOCH", "n": 402, "wr": 7.0, "net": 82.42, "pf": 1.21, "dd": 90.58, "ratio": 0.91}
{"config": "drop_SWEEP", "n": 200, "wr": 6.5, "net": 7.83, "pf": 1.04, "dd": 79.24, "ratio": 0.1}
{"config": "only_FVG", "n": 1085, "wr": 7.2, "net": 538.5, "pf": 1.55, "dd": 135.89, "ratio": 3.96}
{"config": "only_OB", "n": 953, "wr": 4.8, "net": -24.17, "pf": 0.97, "dd": 150.85, "ratio": -0.16}
{"config": "only_BOSCHOCH", "n": 41, "wr": 4.9, "net": 41.13, "pf": 1.96, "dd": 20.05, "ratio": 2.05}
{"config": "only_SWEEP", "n": 798, "wr": 5.4, "net": 160.43, "pf": 1.2, "dd": 157.08, "ratio": 1.02}

=== combined dual-window ===
{"config": "baseline_all4", "net": 416.21, "worst_dd": 117.97, "combined_ratio": 3.53, "dual_pos": true}
{"config": "drop_FVG", "net": 27.77, "worst_dd": 177.33, "combined_ratio": 0.16, "dual_pos": false}
{"config": "drop_OB", "net": 124.68, "worst_dd": 39.52, "combined_ratio": 3.15, "dual_pos": true}
{"config": "drop_BOSCHOCH", "net": 420.07, "worst_dd": 117.97, "combined_ratio": 3.56, "dual_pos": true}
{"config": "drop_SWEEP", "net": 264.51, "worst_dd": 79.24, "combined_ratio": 3.34, "dual_pos": true}
{"config": "only_FVG", "net": 1086.89, "worst_dd": 222.54, "combined_ratio": 4.88, "dual_pos": true}
{"config": "only_OB", "net": 216.08, "worst_dd": 310.95, "combined_ratio": 0.69, "dual_pos": false}
{"config": "only_BOSCHOCH", "net": -40.06, "worst_dd": 81.19, "combined_ratio": -0.49, "dual_pos": false}
{"config": "only_SWEEP", "net": 321.35, "worst_dd": 227.94, "combined_ratio": 1.41, "dual_pos": true}
