[H1] stop6_buf0.05: {"n": 3056, "net": 1341.92, "dd": 249.94, "ratio": 5.37}
[H1] stop6_buf0.1: {"n": 3069, "net": 1163.58, "dd": 308.58, "ratio": 3.77}
[H1] stop6_buf0.15: {"n": 3049, "net": 1437.96, "dd": 340.23, "ratio": 4.23}
[H1] stop7_buf0.05: {"n": 2867, "net": 1571.0, "dd": 259.93, "ratio": 6.04}
[H1] stop7_buf0.1: {"n": 2834, "net": 1457.91, "dd": 263.5, "ratio": 5.53}
[H1] stop7_buf0.15: {"n": 2799, "net": 1420.94, "dd": 230.75, "ratio": 6.16}
[H1] stop8_buf0.05: {"n": 2722, "net": 1450.96, "dd": 177.98, "ratio": 8.15}
[H1] stop8_buf0.1: {"n": 2768, "net": 1485.03, "dd": 210.66, "ratio": 7.05}
[H1] stop8_buf0.15: {"n": 2736, "net": 1541.42, "dd": 228.1, "ratio": 6.76}
[H1] stop9_buf0.05: {"n": 2700, "net": 783.4, "dd": 230.47, "ratio": 3.4}
[H1] stop9_buf0.1: {"n": 2664, "net": 1114.21, "dd": 366.96, "ratio": 3.04}
[H1] stop9_buf0.15: {"n": 2598, "net": 1115.58, "dd": 266.21, "ratio": 4.19}
[H1] stop10_buf0.05: {"n": 2639, "net": 1391.13, "dd": 240.18, "ratio": 5.79}
[H1] stop10_buf0.1: {"n": 2589, "net": 1417.95, "dd": 310.84, "ratio": 4.56}
[H1] stop10_buf0.15: {"n": 2604, "net": 1101.24, "dd": 321.14, "ratio": 3.43}
[H1] stop8_buf0.10_rr7: {"n": 2768, "net": 1485.03, "dd": 210.66, "ratio": 7.05}
[H1] stop8_buf0.10_rr8: {"n": 2656, "net": 1904.4, "dd": 210.46, "ratio": 9.05}
[H1] stop8_buf0.10_rr10: {"n": 2404, "net": 1919.3, "dd": 210.46, "ratio": 9.12}
[H1] stop8_buf0.10_rr12: {"n": 2087, "net": 1652.76, "dd": 210.46, "ratio": 7.85}
[WF] stop6_buf0.05: {"n": 2988, "net": 142.03, "dd": 343.58, "ratio": 0.41}
[WF] stop6_buf0.1: {"n": 3052, "net": 67.64, "dd": 338.18, "ratio": 0.2}
[WF] stop6_buf0.15: {"n": 3042, "net": 239.36, "dd": 237.96, "ratio": 1.01}
[WF] stop7_buf0.05: {"n": 2856, "net": 159.11, "dd": 238.24, "ratio": 0.67}
[WF] stop7_buf0.1: {"n": 2928, "net": 68.77, "dd": 238.14, "ratio": 0.29}
[WF] stop7_buf0.15: {"n": 2928, "net": 172.83, "dd": 207.53, "ratio": 0.83}
[WF] stop8_buf0.05: {"n": 2708, "net": 71.06, "dd": 226.46, "ratio": 0.31}
[WF] stop8_buf0.1: {"n": 2766, "net": 174.43, "dd": 216.0, "ratio": 0.81}
[WF] stop8_buf0.15: {"n": 2768, "net": 213.96, "dd": 198.18, "ratio": 1.08}
[WF] stop9_buf0.05: {"n": 2614, "net": -50.61, "dd": 241.56, "ratio": -0.21}
[WF] stop9_buf0.1: {"n": 2644, "net": 159.1, "dd": 205.25, "ratio": 0.78}
[WF] stop9_buf0.15: {"n": 2660, "net": 193.18, "dd": 204.42, "ratio": 0.95}
[WF] stop10_buf0.05: {"n": 2506, "net": -146.32, "dd": 212.1, "ratio": -0.69}
[WF] stop10_buf0.1: {"n": 2544, "net": 18.86, "dd": 237.12, "ratio": 0.08}
[WF] stop10_buf0.15: {"n": 2562, "net": 178.86, "dd": 175.65, "ratio": 1.02}
[WF] stop8_buf0.10_rr7: {"n": 2766, "net": 174.43, "dd": 216.0, "ratio": 0.81}
[WF] stop8_buf0.10_rr8: {"n": 2667, "net": 277.77, "dd": 208.58, "ratio": 1.33}
[WF] stop8_buf0.10_rr10: {"n": 2468, "net": 174.37, "dd": 273.46, "ratio": 0.64}
[WF] stop8_buf0.10_rr12: {"n": 2327, "net": 212.61, "dd": 303.4, "ratio": 0.7}

=== combined dual-window (sorted by ratio) ===
{"config": "stop8_buf0.10_rr8", "net": 2182.17, "worst_dd": 210.46, "combined_ratio": 10.37, "dual_pos": true, "n_h1": 2656, "n_wf": 2667}
{"config": "stop8_buf0.15", "net": 1755.38, "worst_dd": 228.1, "combined_ratio": 7.7, "dual_pos": true, "n_h1": 2736, "n_wf": 2768}
{"config": "stop8_buf0.1", "net": 1659.46, "worst_dd": 216.0, "combined_ratio": 7.68, "dual_pos": true, "n_h1": 2768, "n_wf": 2766}
{"config": "stop8_buf0.10_rr7", "net": 1659.46, "worst_dd": 216.0, "combined_ratio": 7.68, "dual_pos": true, "n_h1": 2768, "n_wf": 2766}
{"config": "stop8_buf0.10_rr10", "net": 2093.67, "worst_dd": 273.46, "combined_ratio": 7.66, "dual_pos": true, "n_h1": 2404, "n_wf": 2468}
{"config": "stop7_buf0.15", "net": 1593.77, "worst_dd": 230.75, "combined_ratio": 6.91, "dual_pos": true, "n_h1": 2799, "n_wf": 2928}
{"config": "stop8_buf0.05", "net": 1522.02, "worst_dd": 226.46, "combined_ratio": 6.72, "dual_pos": true, "n_h1": 2722, "n_wf": 2708}
{"config": "stop7_buf0.05", "net": 1730.11, "worst_dd": 259.93, "combined_ratio": 6.66, "dual_pos": true, "n_h1": 2867, "n_wf": 2856}
{"config": "stop8_buf0.10_rr12", "net": 1865.37, "worst_dd": 303.4, "combined_ratio": 6.15, "dual_pos": true, "n_h1": 2087, "n_wf": 2327}
{"config": "stop7_buf0.1", "net": 1526.68, "worst_dd": 263.5, "combined_ratio": 5.79, "dual_pos": true, "n_h1": 2834, "n_wf": 2928}
{"config": "stop10_buf0.05", "net": 1244.81, "worst_dd": 240.18, "combined_ratio": 5.18, "dual_pos": false, "n_h1": 2639, "n_wf": 2506}
{"config": "stop6_buf0.15", "net": 1677.32, "worst_dd": 340.23, "combined_ratio": 4.93, "dual_pos": true, "n_h1": 3049, "n_wf": 3042}
{"config": "stop9_buf0.15", "net": 1308.76, "worst_dd": 266.21, "combined_ratio": 4.92, "dual_pos": true, "n_h1": 2598, "n_wf": 2660}
{"config": "stop10_buf0.1", "net": 1436.81, "worst_dd": 310.84, "combined_ratio": 4.62, "dual_pos": true, "n_h1": 2589, "n_wf": 2544}
{"config": "stop6_buf0.05", "net": 1483.95, "worst_dd": 343.58, "combined_ratio": 4.32, "dual_pos": true, "n_h1": 3056, "n_wf": 2988}
{"config": "stop10_buf0.15", "net": 1280.1, "worst_dd": 321.14, "combined_ratio": 3.99, "dual_pos": true, "n_h1": 2604, "n_wf": 2562}
{"config": "stop6_buf0.1", "net": 1231.22, "worst_dd": 338.18, "combined_ratio": 3.64, "dual_pos": true, "n_h1": 3069, "n_wf": 3052}
{"config": "stop9_buf0.1", "net": 1273.31, "worst_dd": 366.96, "combined_ratio": 3.47, "dual_pos": true, "n_h1": 2664, "n_wf": 2644}
{"config": "stop9_buf0.05", "net": 732.79, "worst_dd": 241.56, "combined_ratio": 3.03, "dual_pos": false, "n_h1": 2700, "n_wf": 2614}
