[H1] stop3_sess15-23: {"n": 1390, "net": 27.68, "dd": 239.44, "ratio": 0.12}
[H1] stop3_sess0-24: {"n": 3699, "net": 528.04, "dd": 467.29, "ratio": 1.13}
[H1] stop3_sess13-21: {"n": 1327, "net": 652.79, "dd": 190.75, "ratio": 3.42}
[H1] stop3_sess17-23: {"n": 1069, "net": 81.69, "dd": 196.76, "ratio": 0.42}
[H1] stop3_sess8-16: {"n": 1418, "net": 375.24, "dd": 272.62, "ratio": 1.38}
[H1] stop5_sess15-23: {"n": 1237, "net": 548.39, "dd": 222.54, "ratio": 2.46}
[H1] stop5_sess0-24: {"n": 3183, "net": 1059.99, "dd": 328.7, "ratio": 3.22}
[H1] stop5_sess13-21: {"n": 1188, "net": 595.61, "dd": 252.06, "ratio": 2.36}
[H1] stop5_sess17-23: {"n": 975, "net": 169.17, "dd": 278.6, "ratio": 0.61}
[H1] stop5_sess8-16: {"n": 1304, "net": 473.61, "dd": 278.06, "ratio": 1.7}
[H1] stop8_sess15-23: {"n": 1066, "net": 1067.33, "dd": 174.36, "ratio": 6.12}
[H1] stop8_sess0-24: {"n": 2768, "net": 1485.03, "dd": 210.66, "ratio": 7.05}
[H1] stop8_sess13-21: {"n": 1077, "net": 608.81, "dd": 221.41, "ratio": 2.75}
[H1] stop8_sess17-23: {"n": 833, "net": 611.75, "dd": 226.65, "ratio": 2.7}
[H1] stop8_sess8-16: {"n": 1147, "net": 217.12, "dd": 224.74, "ratio": 0.97}
[H1] stop12_sess15-23: {"n": 954, "net": 223.71, "dd": 234.6, "ratio": 0.95}
[H1] stop12_sess0-24: {"n": 2482, "net": 730.14, "dd": 369.51, "ratio": 1.98}
[H1] stop12_sess13-21: {"n": 939, "net": 130.2, "dd": 158.45, "ratio": 0.82}
[H1] stop12_sess17-23: {"n": 716, "net": 296.59, "dd": 234.88, "ratio": 1.26}
[H1] stop12_sess8-16: {"n": 1009, "net": 17.03, "dd": 338.89, "ratio": 0.05}
[WF] stop3_sess15-23: {"n": 1200, "net": 339.96, "dd": 183.13, "ratio": 1.86}
[WF] stop3_sess0-24: {"n": 3366, "net": 72.79, "dd": 347.65, "ratio": 0.21}
[WF] stop3_sess13-21: {"n": 1212, "net": 147.54, "dd": 149.48, "ratio": 0.99}
[WF] stop3_sess17-23: {"n": 919, "net": 333.49, "dd": 173.01, "ratio": 1.93}
[WF] stop3_sess8-16: {"n": 1287, "net": -301.54, "dd": 301.54, "ratio": -1.0}
[WF] stop5_sess15-23: {"n": 1085, "net": 538.5, "dd": 135.89, "ratio": 3.96}
[WF] stop5_sess0-24: {"n": 3125, "net": 162.49, "dd": 328.71, "ratio": 0.49}
[WF] stop5_sess13-21: {"n": 1143, "net": 421.48, "dd": 116.79, "ratio": 3.61}
[WF] stop5_sess17-23: {"n": 843, "net": 477.31, "dd": 95.59, "ratio": 4.99}
[WF] stop5_sess8-16: {"n": 1189, "net": -281.85, "dd": 292.28, "ratio": -0.96}
[WF] stop8_sess15-23: {"n": 934, "net": 214.44, "dd": 127.68, "ratio": 1.68}
[WF] stop8_sess0-24: {"n": 2766, "net": 174.43, "dd": 216.0, "ratio": 0.81}
[WF] stop8_sess13-21: {"n": 1030, "net": 194.27, "dd": 108.42, "ratio": 1.79}
[WF] stop8_sess17-23: {"n": 724, "net": 217.46, "dd": 105.24, "ratio": 2.07}
[WF] stop8_sess8-16: {"n": 1104, "net": -202.45, "dd": 276.46, "ratio": -0.73}
[WF] stop12_sess15-23: {"n": 802, "net": 285.31, "dd": 129.8, "ratio": 2.2}
[WF] stop12_sess0-24: {"n": 2322, "net": 302.35, "dd": 228.82, "ratio": 1.32}
[WF] stop12_sess13-21: {"n": 881, "net": 137.03, "dd": 97.98, "ratio": 1.4}
[WF] stop12_sess17-23: {"n": 621, "net": 311.28, "dd": 92.82, "ratio": 3.35}
[WF] stop12_sess8-16: {"n": 926, "net": -70.58, "dd": 136.0, "ratio": -0.52}

=== combined dual-window (sorted by ratio) ===
{"config": "stop8_sess0-24", "net": 1659.46, "worst_dd": 216.0, "combined_ratio": 7.68, "dual_pos": true, "n_h1": 2768, "n_wf": 2766}
{"config": "stop8_sess15-23", "net": 1281.77, "worst_dd": 174.36, "combined_ratio": 7.35, "dual_pos": true, "n_h1": 1066, "n_wf": 934}
{"config": "stop5_sess15-23", "net": 1086.89, "worst_dd": 222.54, "combined_ratio": 4.88, "dual_pos": true, "n_h1": 1237, "n_wf": 1085}
{"config": "stop3_sess13-21", "net": 800.33, "worst_dd": 190.75, "combined_ratio": 4.2, "dual_pos": true, "n_h1": 1327, "n_wf": 1212}
{"config": "stop5_sess13-21", "net": 1017.09, "worst_dd": 252.06, "combined_ratio": 4.04, "dual_pos": true, "n_h1": 1188, "n_wf": 1143}
{"config": "stop5_sess0-24", "net": 1222.48, "worst_dd": 328.71, "combined_ratio": 3.72, "dual_pos": true, "n_h1": 3183, "n_wf": 3125}
{"config": "stop8_sess17-23", "net": 829.21, "worst_dd": 226.65, "combined_ratio": 3.66, "dual_pos": true, "n_h1": 833, "n_wf": 724}
{"config": "stop8_sess13-21", "net": 803.08, "worst_dd": 221.41, "combined_ratio": 3.63, "dual_pos": true, "n_h1": 1077, "n_wf": 1030}
{"config": "stop12_sess0-24", "net": 1032.49, "worst_dd": 369.51, "combined_ratio": 2.79, "dual_pos": true, "n_h1": 2482, "n_wf": 2322}
{"config": "stop12_sess17-23", "net": 607.87, "worst_dd": 234.88, "combined_ratio": 2.59, "dual_pos": true, "n_h1": 716, "n_wf": 621}
{"config": "stop5_sess17-23", "net": 646.48, "worst_dd": 278.6, "combined_ratio": 2.32, "dual_pos": true, "n_h1": 975, "n_wf": 843}
{"config": "stop12_sess15-23", "net": 509.02, "worst_dd": 234.6, "combined_ratio": 2.17, "dual_pos": true, "n_h1": 954, "n_wf": 802}
{"config": "stop3_sess17-23", "net": 415.18, "worst_dd": 196.76, "combined_ratio": 2.11, "dual_pos": true, "n_h1": 1069, "n_wf": 919}
{"config": "stop12_sess13-21", "net": 267.23, "worst_dd": 158.45, "combined_ratio": 1.69, "dual_pos": true, "n_h1": 939, "n_wf": 881}
{"config": "stop3_sess15-23", "net": 367.64, "worst_dd": 239.44, "combined_ratio": 1.54, "dual_pos": true, "n_h1": 1390, "n_wf": 1200}
{"config": "stop3_sess0-24", "net": 600.83, "worst_dd": 467.29, "combined_ratio": 1.29, "dual_pos": true, "n_h1": 3699, "n_wf": 3366}
{"config": "stop5_sess8-16", "net": 191.76, "worst_dd": 292.28, "combined_ratio": 0.66, "dual_pos": false, "n_h1": 1304, "n_wf": 1189}
{"config": "stop3_sess8-16", "net": 73.7, "worst_dd": 301.54, "combined_ratio": 0.24, "dual_pos": false, "n_h1": 1418, "n_wf": 1287}
{"config": "stop8_sess8-16", "net": 14.67, "worst_dd": 276.46, "combined_ratio": 0.05, "dual_pos": false, "n_h1": 1147, "n_wf": 1104}
{"config": "stop12_sess8-16", "net": -53.55, "worst_dd": 338.89, "combined_ratio": -0.16, "dual_pos": false, "n_h1": 1009, "n_wf": 926}
