
=== 2026-H1 ===
{"config": "baseline_all4", "n": 388, "wr": 6.2, "net": 329.16, "pf": 1.57, "dd": 134.55, "ratio": 2.45}
{"config": "drop_FVG", "n": 186, "wr": 4.8, "net": -14.83, "pf": 0.96, "dd": 177.33, "ratio": -0.08}
{"config": "drop_OB", "n": 129, "wr": 5.4, "net": 16.07, "pf": 1.11, "dd": 39.52, "ratio": 0.41}
{"config": "drop_BOSCHOCH", "n": 388, "wr": 6.2, "net": 329.16, "pf": 1.57, "dd": 134.55, "ratio": 2.45}
{"config": "drop_SWEEP", "n": 167, "wr": 6.0, "net": 239.98, "pf": 2.17, "dd": 80.11, "ratio": 3.0}
{"config": "only_FVG", "n": 712, "wr": 5.5, "net": 106.21, "pf": 1.1, "dd": 275.37, "ratio": 0.39}
{"config": "only_OB", "n": 768, "wr": 3.9, "net": 45.33, "pf": 1.04, "dd": 385.04, "ratio": 0.12}
{"config": "only_BOSCHOCH", "n": 0, "wr": null, "net": 0, "pf": null, "dd": 0.0, "ratio": null}
{"config": "only_SWEEP", "n": 790, "wr": 5.3, "net": 160.92, "pf": 1.12, "dd": 227.94, "ratio": 0.71}

=== 2025-H2 (WF) ===
{"config": "baseline_all4", "n": 318, "wr": 7.5, "net": 211.1, "pf": 1.83, "dd": 56.87, "ratio": 3.71}
{"config": "drop_FVG", "n": 165, "wr": 6.7, "net": 46.46, "pf": 1.29, "dd": 62.1, "ratio": 0.75}
{"config": "drop_OB", "n": 111, "wr": 10.8, "net": 108.61, "pf": 2.01, "dd": 24.74, "ratio": 4.39}
{"config": "drop_BOSCHOCH", "n": 318, "wr": 7.5, "net": 211.1, "pf": 1.83, "dd": 56.87, "ratio": 3.71}
{"config": "drop_SWEEP", "n": 109, "wr": 8.3, "net": 126.04, "pf": 2.72, "dd": 30.33, "ratio": 4.16}
{"config": "only_FVG", "n": 633, "wr": 5.1, "net": 333.07, "pf": 1.61, "dd": 133.79, "ratio": 2.49}
{"config": "only_OB", "n": 654, "wr": 4.1, "net": 166.3, "pf": 1.33, "dd": 100.14, "ratio": 1.66}
{"config": "only_BOSCHOCH", "n": 0, "wr": null, "net": 0, "pf": null, "dd": 0.0, "ratio": null}
{"config": "only_SWEEP", "n": 798, "wr": 5.4, "net": 160.43, "pf": 1.2, "dd": 157.08, "ratio": 1.02}

=== combined dual-window ===
{"config": "baseline_all4", "net": 540.26, "worst_dd": 134.55, "combined_ratio": 4.02, "dual_pos": true}
{"config": "drop_FVG", "net": 31.63, "worst_dd": 177.33, "combined_ratio": 0.18, "dual_pos": false}
{"config": "drop_OB", "net": 124.68, "worst_dd": 39.52, "combined_ratio": 3.15, "dual_pos": true}
{"config": "drop_BOSCHOCH", "net": 540.26, "worst_dd": 134.55, "combined_ratio": 4.02, "dual_pos": true}
{"config": "drop_SWEEP", "net": 366.02, "worst_dd": 80.11, "combined_ratio": 4.57, "dual_pos": true}
{"config": "only_FVG", "net": 439.28, "worst_dd": 275.37, "combined_ratio": 1.6, "dual_pos": true}
{"config": "only_OB", "net": 211.63, "worst_dd": 385.04, "combined_ratio": 0.55, "dual_pos": true}
{"config": "only_BOSCHOCH", "net": 0, "worst_dd": 0.0, "combined_ratio": null, "dual_pos": false}
{"config": "only_SWEEP", "net": 321.35, "worst_dd": 227.94, "combined_ratio": 1.41, "dual_pos": true}
