[recent3mo] no_volume_confirm: {"n": 1205, "net": 737.23, "dd": 99.88, "ratio": 7.38}
[recent3mo] vol_base10_mult1.1: {"n": 685, "net": 543.87, "dd": 81.26, "ratio": 6.69}
[recent3mo] vol_base10_mult1.3: {"n": 375, "net": 395.6, "dd": 53.89, "ratio": 7.34}
[recent3mo] vol_base10_mult1.5: {"n": 203, "net": 205.38, "dd": 55.89, "ratio": 3.67}
[recent3mo] vol_base10_mult2.0: {"n": 56, "net": 92.4, "dd": 17.49, "ratio": 5.28}
[recent3mo] vol_base10_mult3.0: {"n": 7, "net": 20.4, "dd": 7.46, "ratio": 2.73}
[recent3mo] vol_base20_mult1.1: {"n": 691, "net": 452.01, "dd": 87.3, "ratio": 5.18}
[recent3mo] vol_base20_mult1.3: {"n": 447, "net": 581.51, "dd": 70.78, "ratio": 8.22}
[recent3mo] vol_base20_mult1.5: {"n": 266, "net": 316.34, "dd": 45.35, "ratio": 6.98}
[recent3mo] vol_base20_mult2.0: {"n": 80, "net": 152.6, "dd": 27.3, "ratio": 5.59}
[recent3mo] vol_base20_mult3.0: {"n": 6, "net": 37.48, "dd": 11.75, "ratio": 3.19}
[recent3mo] vol_base40_mult1.1: {"n": 732, "net": 525.77, "dd": 129.67, "ratio": 4.05}
[recent3mo] vol_base40_mult1.3: {"n": 524, "net": 265.86, "dd": 91.3, "ratio": 2.91}
[recent3mo] vol_base40_mult1.5: {"n": 352, "net": 421.88, "dd": 86.78, "ratio": 4.86}
[recent3mo] vol_base40_mult2.0: {"n": 117, "net": 80.18, "dd": 71.28, "ratio": 1.12}
[recent3mo] vol_base40_mult3.0: {"n": 7, "net": 41.57, "dd": 7.46, "ratio": 5.57}
[prior3mo] no_volume_confirm: {"n": 1355, "net": 1295.48, "dd": 260.87, "ratio": 4.97}
[prior3mo] vol_base10_mult1.1: {"n": 632, "net": 619.35, "dd": 129.78, "ratio": 4.77}
[prior3mo] vol_base10_mult1.3: {"n": 334, "net": -0.22, "dd": 192.84, "ratio": -0.0}
[prior3mo] vol_base10_mult1.5: {"n": 171, "net": 100.29, "dd": 82.06, "ratio": 1.22}
[prior3mo] vol_base10_mult2.0: {"n": 40, "net": 154.92, "dd": 28.74, "ratio": 5.39}
[prior3mo] vol_base10_mult3.0: {"n": 7, "net": 17.29, "dd": 13.82, "ratio": 1.25}
[prior3mo] vol_base20_mult1.1: {"n": 711, "net": 784.76, "dd": 153.97, "ratio": 5.1}
[prior3mo] vol_base20_mult1.3: {"n": 380, "net": 455.54, "dd": 171.81, "ratio": 2.65}
[prior3mo] vol_base20_mult1.5: {"n": 205, "net": 158.39, "dd": 156.32, "ratio": 1.01}
[prior3mo] vol_base20_mult2.0: {"n": 45, "net": 202.54, "dd": 42.66, "ratio": 4.75}
[prior3mo] vol_base20_mult3.0: {"n": 5, "net": 37.44, "dd": 0.6, "ratio": 62.4}
[prior3mo] vol_base40_mult1.1: {"n": 768, "net": 1093.6, "dd": 239.89, "ratio": 4.56}
[prior3mo] vol_base40_mult1.3: {"n": 493, "net": 485.0, "dd": 211.69, "ratio": 2.29}
[prior3mo] vol_base40_mult1.5: {"n": 269, "net": 326.7, "dd": 144.83, "ratio": 2.26}
[prior3mo] vol_base40_mult2.0: {"n": 64, "net": 210.98, "dd": 70.63, "ratio": 2.99}
[prior3mo] vol_base40_mult3.0: {"n": 3, "net": 116.55, "dd": 0.4, "ratio": 291.38}

=== combined (both 3mo windows) sorted by ratio ===
{"config": "vol_base40_mult3.0", "net": 158.12, "worst_dd": 7.46, "combined_ratio": 21.2, "dual_pos": true, "n_recent": 7, "n_prior": 3}
{"config": "vol_base10_mult1.1", "net": 1163.22, "worst_dd": 129.78, "combined_ratio": 8.96, "dual_pos": true, "n_recent": 685, "n_prior": 632}
{"config": "vol_base10_mult2.0", "net": 247.32, "worst_dd": 28.74, "combined_ratio": 8.61, "dual_pos": true, "n_recent": 56, "n_prior": 40}
{"config": "vol_base20_mult2.0", "net": 355.14, "worst_dd": 42.66, "combined_ratio": 8.32, "dual_pos": true, "n_recent": 80, "n_prior": 45}
{"config": "vol_base20_mult1.1", "net": 1236.77, "worst_dd": 153.97, "combined_ratio": 8.03, "dual_pos": true, "n_recent": 691, "n_prior": 711}
{"config": "no_volume_confirm", "net": 2032.71, "worst_dd": 260.87, "combined_ratio": 7.79, "dual_pos": true, "n_recent": 1205, "n_prior": 1355}
{"config": "vol_base40_mult1.1", "net": 1619.37, "worst_dd": 239.89, "combined_ratio": 6.75, "dual_pos": true, "n_recent": 732, "n_prior": 768}
{"config": "vol_base20_mult3.0", "net": 74.92, "worst_dd": 11.75, "combined_ratio": 6.38, "dual_pos": true, "n_recent": 6, "n_prior": 5}
{"config": "vol_base20_mult1.3", "net": 1037.05, "worst_dd": 171.81, "combined_ratio": 6.04, "dual_pos": true, "n_recent": 447, "n_prior": 380}
{"config": "vol_base40_mult1.5", "net": 748.58, "worst_dd": 144.83, "combined_ratio": 5.17, "dual_pos": true, "n_recent": 352, "n_prior": 269}
{"config": "vol_base40_mult2.0", "net": 291.16, "worst_dd": 71.28, "combined_ratio": 4.08, "dual_pos": true, "n_recent": 117, "n_prior": 64}
{"config": "vol_base10_mult1.5", "net": 305.67, "worst_dd": 82.06, "combined_ratio": 3.72, "dual_pos": true, "n_recent": 203, "n_prior": 171}
{"config": "vol_base40_mult1.3", "net": 750.86, "worst_dd": 211.69, "combined_ratio": 3.55, "dual_pos": true, "n_recent": 524, "n_prior": 493}
{"config": "vol_base20_mult1.5", "net": 474.73, "worst_dd": 156.32, "combined_ratio": 3.04, "dual_pos": true, "n_recent": 266, "n_prior": 205}
{"config": "vol_base10_mult3.0", "net": 37.69, "worst_dd": 13.82, "combined_ratio": 2.73, "dual_pos": true, "n_recent": 7, "n_prior": 7}
{"config": "vol_base10_mult1.3", "net": 395.38, "worst_dd": 192.84, "combined_ratio": 2.05, "dual_pos": false, "n_recent": 375, "n_prior": 334}
