{"config": "bins28_va0.45", "n": 1828, "net": 715.33, "dd": 144.46, "ratio": 4.95}
{"config": "bins28_va0.5", "n": 1793, "net": 706.55, "dd": 111.75, "ratio": 6.32}
{"config": "bins28_va0.55", "n": 1660, "net": 772.11, "dd": 118.71, "ratio": 6.5}
{"config": "bins28_va0.6", "n": 1541, "net": 773.96, "dd": 121.55, "ratio": 6.37}
{"config": "bins32_va0.45", "n": 1833, "net": 742.41, "dd": 141.92, "ratio": 5.23}
{"config": "bins32_va0.5", "n": 1743, "net": 767.27, "dd": 143.83, "ratio": 5.33}
{"config": "bins32_va0.55", "n": 1588, "net": 788.45, "dd": 117.67, "ratio": 6.7}
{"config": "bins32_va0.6", "n": 1505, "net": 861.35, "dd": 96.47, "ratio": 8.93}
{"config": "bins36_va0.45", "n": 1836, "net": 731.61, "dd": 115.06, "ratio": 6.36}
{"config": "bins36_va0.5", "n": 1755, "net": 689.59, "dd": 138.94, "ratio": 4.96}
{"config": "bins36_va0.55", "n": 1608, "net": 884.94, "dd": 115.16, "ratio": 7.68}
{"config": "bins36_va0.6", "n": 1524, "net": 789.29, "dd": 112.51, "ratio": 7.02}
{"config": "bins40_va0.45", "n": 1799, "net": 726.54, "dd": 135.72, "ratio": 5.35}
{"config": "bins40_va0.5", "n": 1771, "net": 769.23, "dd": 126.98, "ratio": 6.06}
{"config": "bins40_va0.55", "n": 1652, "net": 756.29, "dd": 127.91, "ratio": 5.91}
{"config": "bins40_va0.6", "n": 1477, "net": 695.76, "dd": 128.2, "ratio": 5.43}
{"config": "bins32_va0.6_acc1_buf0.2", "n": 2048, "net": 608.96, "dd": 137.69, "ratio": 4.42}
{"config": "bins32_va0.6_acc1_buf0.25", "n": 1973, "net": 748.63, "dd": 150.0, "ratio": 4.99}
{"config": "bins32_va0.6_acc1_buf0.3", "n": 1906, "net": 939.14, "dd": 145.75, "ratio": 6.44}
{"config": "bins32_va0.6_acc1_buf0.35", "n": 1860, "net": 831.05, "dd": 172.91, "ratio": 4.81}
{"config": "bins32_va0.6_acc2_buf0.2", "n": 1567, "net": 692.36, "dd": 144.57, "ratio": 4.79}
{"config": "bins32_va0.6_acc2_buf0.25", "n": 1505, "net": 861.35, "dd": 96.47, "ratio": 8.93}
{"config": "bins32_va0.6_acc2_buf0.3", "n": 1472, "net": 913.18, "dd": 167.37, "ratio": 5.46}
{"config": "bins32_va0.6_acc2_buf0.35", "n": 1413, "net": 942.8, "dd": 224.3, "ratio": 4.2}
{"config": "bins32_va0.6_acc3_buf0.2", "n": 1346, "net": 676.58, "dd": 198.64, "ratio": 3.41}
{"config": "bins32_va0.6_acc3_buf0.25", "n": 1303, "net": 566.26, "dd": 181.75, "ratio": 3.12}
{"config": "bins32_va0.6_acc3_buf0.3", "n": 1279, "net": 577.88, "dd": 158.32, "ratio": 3.65}
{"config": "bins32_va0.6_acc3_buf0.35", "n": 1252, "net": 472.42, "dd": 167.66, "ratio": 2.82}

=== sorted by ratio ===
{"config": "bins32_va0.6", "ratio": 8.93, "net": 861.35}
{"config": "bins32_va0.6_acc2_buf0.25", "ratio": 8.93, "net": 861.35}
{"config": "bins36_va0.55", "ratio": 7.68, "net": 884.94}
{"config": "bins36_va0.6", "ratio": 7.02, "net": 789.29}
{"config": "bins32_va0.55", "ratio": 6.7, "net": 788.45}
{"config": "bins28_va0.55", "ratio": 6.5, "net": 772.11}
{"config": "bins32_va0.6_acc1_buf0.3", "ratio": 6.44, "net": 939.14}
{"config": "bins28_va0.6", "ratio": 6.37, "net": 773.96}
{"config": "bins36_va0.45", "ratio": 6.36, "net": 731.61}
{"config": "bins28_va0.5", "ratio": 6.32, "net": 706.55}
{"config": "bins40_va0.5", "ratio": 6.06, "net": 769.23}
{"config": "bins40_va0.55", "ratio": 5.91, "net": 756.29}
{"config": "bins32_va0.6_acc2_buf0.3", "ratio": 5.46, "net": 913.18}
{"config": "bins40_va0.6", "ratio": 5.43, "net": 695.76}
{"config": "bins40_va0.45", "ratio": 5.35, "net": 726.54}
{"config": "bins32_va0.5", "ratio": 5.33, "net": 767.27}
{"config": "bins32_va0.45", "ratio": 5.23, "net": 742.41}
{"config": "bins32_va0.6_acc1_buf0.25", "ratio": 4.99, "net": 748.63}
{"config": "bins36_va0.5", "ratio": 4.96, "net": 689.59}
{"config": "bins28_va0.45", "ratio": 4.95, "net": 715.33}
{"config": "bins32_va0.6_acc1_buf0.35", "ratio": 4.81, "net": 831.05}
{"config": "bins32_va0.6_acc2_buf0.2", "ratio": 4.79, "net": 692.36}
{"config": "bins32_va0.6_acc1_buf0.2", "ratio": 4.42, "net": 608.96}
{"config": "bins32_va0.6_acc2_buf0.35", "ratio": 4.2, "net": 942.8}
{"config": "bins32_va0.6_acc3_buf0.3", "ratio": 3.65, "net": 577.88}
{"config": "bins32_va0.6_acc3_buf0.2", "ratio": 3.41, "net": 676.58}
{"config": "bins32_va0.6_acc3_buf0.25", "ratio": 3.12, "net": 566.26}
{"config": "bins32_va0.6_acc3_buf0.35", "ratio": 2.82, "net": 472.42}
