{"config": "sess0-24", "n": 1205, "net": 737.23, "dd": 99.88, "ratio": 7.38}
{"config": "sess15-23", "n": 511, "net": 386.73, "dd": 83.29, "ratio": 4.64}
{"config": "sess13-21", "n": 442, "net": 47.97, "dd": 110.77, "ratio": 0.43}
{"config": "sess17-23", "n": 441, "net": 364.9, "dd": 82.9, "ratio": 4.4}
{"config": "sess8-16", "n": 531, "net": 177.7, "dd": 175.87, "ratio": 1.01}
{"config": "sess4-12", "n": 514, "net": 328.54, "dd": 82.89, "ratio": 3.96}
{"config": "sess20-24", "n": 322, "net": 396.02, "dd": 81.5, "ratio": 4.86}
{"config": "sess0-8", "n": 351, "net": 328.79, "dd": 67.15, "ratio": 4.9}
{"config": "sess9-17", "n": 479, "net": -8.08, "dd": 150.63, "ratio": -0.05}
{"config": "sess14-22", "n": 469, "net": 131.2, "dd": 129.74, "ratio": 1.01}

=== sorted by ratio ===
{"config": "sess0-24", "ratio": 7.38, "net": 737.23}
{"config": "sess0-8", "ratio": 4.9, "net": 328.79}
{"config": "sess20-24", "ratio": 4.86, "net": 396.02}
{"config": "sess15-23", "ratio": 4.64, "net": 386.73}
{"config": "sess17-23", "ratio": 4.4, "net": 364.9}
{"config": "sess4-12", "ratio": 3.96, "net": 328.54}
{"config": "sess8-16", "ratio": 1.01, "net": 177.7}
{"config": "sess14-22", "ratio": 1.01, "net": 131.2}
{"config": "sess13-21", "ratio": 0.43, "net": 47.97}
{"config": "sess9-17", "ratio": -0.05, "net": -8.08}
