{"config": "M5_sess8h_lb96", "n": 1205, "wr": 5.6, "net": 737.23, "dd": 99.88, "ratio": 7.38}
{"config": "M5_sess16h_lb192", "n": 1251, "wr": 5.0, "net": 585.7, "dd": 162.83, "ratio": 3.6}
{"config": "M5_sess24h_lb288", "n": 1132, "wr": 4.9, "net": 407.34, "dd": 177.76, "ratio": 2.29}
{"config": "M15_sess8h_lb32", "n": 447, "wr": 6.3, "net": 674.24, "dd": 226.77, "ratio": 2.97}
{"config": "M15_sess16h_lb64", "n": 466, "wr": 4.9, "net": 531.89, "dd": 116.18, "ratio": 4.58}
{"config": "M15_sess24h_lb96", "n": 416, "wr": 6.0, "net": 638.3, "dd": 133.65, "ratio": 4.78}
{"config": "M30_sess8h_lb20", "n": 217, "wr": 5.1, "net": 209.35, "dd": 199.87, "ratio": 1.05}
{"config": "M30_sess16h_lb32", "n": 234, "wr": 3.0, "net": 74.02, "dd": 264.81, "ratio": 0.28}
{"config": "M30_sess24h_lb48", "n": 175, "wr": 5.1, "net": 430.14, "dd": 237.99, "ratio": 1.81}
{"config": "H1_sess8h_lb20", "n": 133, "wr": 3.0, "net": -161.81, "dd": 220.64, "ratio": -0.73}
{"config": "H1_sess16h_lb20", "n": 133, "wr": 3.0, "net": -161.81, "dd": 220.64, "ratio": -0.73}
{"config": "H1_sess24h_lb24", "n": 135, "wr": 3.0, "net": -175.99, "dd": 243.67, "ratio": -0.72}

=== sorted by ratio ===
{"config": "M5_sess8h_lb96", "tf": "M5", "ratio": 7.38, "net": 737.23}
{"config": "M15_sess24h_lb96", "tf": "M15", "ratio": 4.78, "net": 638.3}
{"config": "M15_sess16h_lb64", "tf": "M15", "ratio": 4.58, "net": 531.89}
{"config": "M5_sess16h_lb192", "tf": "M5", "ratio": 3.6, "net": 585.7}
{"config": "M15_sess8h_lb32", "tf": "M15", "ratio": 2.97, "net": 674.24}
{"config": "M5_sess24h_lb288", "tf": "M5", "ratio": 2.29, "net": 407.34}
{"config": "M30_sess24h_lb48", "tf": "M30", "ratio": 1.81, "net": 430.14}
{"config": "M30_sess8h_lb20", "tf": "M30", "ratio": 1.05, "net": 209.35}
{"config": "M30_sess16h_lb32", "tf": "M30", "ratio": 0.28, "net": 74.02}
{"config": "H1_sess24h_lb24", "tf": "H1", "ratio": -0.72, "net": -175.99}
{"config": "H1_sess8h_lb20", "tf": "H1", "ratio": -0.73, "net": -161.81}
{"config": "H1_sess16h_lb20", "tf": "H1", "ratio": -0.73, "net": -161.81}
