Symbol resolved: XAUUSD.iux
Running S99 30d ...
  -> S99 30d: {'closed': 5, 'wins': 4, 'win_rate': 80.0, 'net': 44.919999999999995, 'pf': 9.152450090744102, 'max_dd': 5.51}
Running S99 60d ...
  -> S99 60d: {'closed': 8, 'wins': 6, 'win_rate': 75.0, 'net': 72.26999999999998, 'pf': 5.428308823529412, 'max_dd': 16.32}
Running S99 90d ...
  -> S99 90d: {'closed': 10, 'wins': 8, 'win_rate': 80.0, 'net': 97.87, 'pf': 6.996936274509804, 'max_dd': 16.32}
Running S99 120d ...
  -> S99 120d: {'closed': 13, 'wins': 10, 'win_rate': 76.92307692307693, 'net': 150.82, 'pf': 6.548933038999265, 'max_dd': 16.320000000000007}
Running S99 150d ...
  -> S99 150d: {'closed': 16, 'wins': 12, 'win_rate': 75.0, 'net': 196.46000000000004, 'pf': 6.699448796054541, 'max_dd': 16.319999999999993}
Running S99 365d ...
  -> S99 365d: {'closed': 45, 'wins': 24, 'win_rate': 53.333333333333336, 'net': 173.26000000000002, 'pf': 2.0334625708320906, 'max_dd': 47.88}
Running S100 30d ...
  -> S100 30d: {'closed': 14, 'wins': 10, 'win_rate': 71.42857142857143, 'net': 141.82, 'pf': 4.057124380254366, 'max_dd': 33.06999999999999}
Running S100 60d ...
  -> S100 60d: {'closed': 22, 'wins': 15, 'win_rate': 68.18181818181817, 'net': 187.88, 'pf': 3.2134778510838826, 'max_dd': 33.06999999999999}
Running S100 90d ...
  -> S100 90d: {'closed': 27, 'wins': 20, 'win_rate': 74.07407407407408, 'net': 273.84, 'pf': 4.226201696512724, 'max_dd': 33.06999999999999}
Running S100 120d ...
  -> S100 120d: {'closed': 37, 'wins': 25, 'win_rate': 67.56756756756756, 'net': 381.71999999999997, 'pf': 3.389334001001503, 'max_dd': 62.98000000000002}
Running S100 150d ...
  -> S100 150d: {'closed': 46, 'wins': 30, 'win_rate': 65.21739130434783, 'net': 396.38999999999993, 'pf': 2.752000000000001, 'max_dd': 62.98000000000002}
Running S100 365d ...
Symbol resolved: XAUUSD.iux
S99 30d already done, skipping -> {'closed': 5, 'wins': 4, 'win_rate': 80.0, 'net': 44.919999999999995, 'pf': 9.152450090744102, 'max_dd': 5.51}
S99 60d already done, skipping -> {'closed': 8, 'wins': 6, 'win_rate': 75.0, 'net': 72.26999999999998, 'pf': 5.428308823529412, 'max_dd': 16.32}
S99 90d already done, skipping -> {'closed': 10, 'wins': 8, 'win_rate': 80.0, 'net': 97.87, 'pf': 6.996936274509804, 'max_dd': 16.32}
S99 120d already done, skipping -> {'closed': 13, 'wins': 10, 'win_rate': 76.92307692307693, 'net': 150.82, 'pf': 6.548933038999265, 'max_dd': 16.320000000000007}
S99 150d already done, skipping -> {'closed': 16, 'wins': 12, 'win_rate': 75.0, 'net': 196.46000000000004, 'pf': 6.699448796054541, 'max_dd': 16.319999999999993}
S99 365d already done, skipping -> {'closed': 45, 'wins': 24, 'win_rate': 53.333333333333336, 'net': 173.26000000000002, 'pf': 2.0334625708320906, 'max_dd': 47.88}
S100 30d already done, skipping -> {'closed': 14, 'wins': 10, 'win_rate': 71.42857142857143, 'net': 141.82, 'pf': 4.057124380254366, 'max_dd': 33.06999999999999}
S100 60d already done, skipping -> {'closed': 22, 'wins': 15, 'win_rate': 68.18181818181817, 'net': 187.88, 'pf': 3.2134778510838826, 'max_dd': 33.06999999999999}
S100 90d already done, skipping -> {'closed': 27, 'wins': 20, 'win_rate': 74.07407407407408, 'net': 273.84, 'pf': 4.226201696512724, 'max_dd': 33.06999999999999}
S100 120d already done, skipping -> {'closed': 37, 'wins': 25, 'win_rate': 67.56756756756756, 'net': 381.71999999999997, 'pf': 3.389334001001503, 'max_dd': 62.98000000000002}
S100 150d already done, skipping -> {'closed': 46, 'wins': 30, 'win_rate': 65.21739130434783, 'net': 396.38999999999993, 'pf': 2.752000000000001, 'max_dd': 62.98000000000002}
Running S100 365d ...
  -> S100 365d: {'closed': 139, 'wins': 77, 'win_rate': 55.39568345323741, 'net': 435.21, 'pf': 1.6497999283325366, 'max_dd': 167.34000000000003}
Running S101 30d ...
  -> S101 30d: {'closed': 19, 'wins': 13, 'win_rate': 68.42105263157895, 'net': 287.99, 'pf': 5.530281579361334, 'max_dd': 22.05000000000001}
Running S101 60d ...
  -> S101 60d: {'closed': 34, 'wins': 22, 'win_rate': 64.70588235294117, 'net': 345.63999999999993, 'pf': 3.5469014810994026, 'max_dd': 41.730000000000004}
Running S101 90d ...
  -> S101 90d: {'closed': 44, 'wins': 30, 'win_rate': 68.18181818181817, 'net': 455.53999999999996, 'pf': 3.685808619774777, 'max_dd': 41.73000000000002}
Running S101 120d ...
  -> S101 120d: {'closed': 55, 'wins': 36, 'win_rate': 65.45454545454545, 'net': 561.93, 'pf': 3.298376211706, 'max_dd': 62.98000000000002}
Running S101 150d ...
  -> S101 150d: {'closed': 66, 'wins': 42, 'win_rate': 63.63636363636363, 'net': 551.5899999999998, 'pf': 2.649590286500388, 'max_dd': 62.98000000000002}
Running S101 365d ...
  -> S101 365d: {'closed': 183, 'wins': 100, 'win_rate': 54.644808743169406, 'net': 581.4399999999999, 'pf': 1.6709826322774224, 'max_dd': 161.51}
Running S102 30d ...
  -> S102 30d: {'closed': 4, 'wins': 2, 'win_rate': 50.0, 'net': 0.2900000000000027, 'pf': 1.0034270857953203, 'max_dd': 84.61999999999999}
Running S102 60d ...
  -> S102 60d: {'closed': 9, 'wins': 4, 'win_rate': 44.44444444444444, 'net': -25.849999999999998, 'pf': 0.8200988238569141, 'max_dd': 84.61999999999999}
Running S102 90d ...
  -> S102 90d: {'closed': 10, 'wins': 5, 'win_rate': 50.0, 'net': -7.979999999999993, 'pf': 0.9444637761848425, 'max_dd': 84.61999999999999}
Running S102 120d ...
  -> S102 120d: {'closed': 12, 'wins': 7, 'win_rate': 58.333333333333336, 'net': 41.89000000000003, 'pf': 1.2915303778968614, 'max_dd': 84.61999999999999}
Running S102 150d ...
  -> S102 150d: {'closed': 19, 'wins': 13, 'win_rate': 68.42105263157895, 'net': 249.68000000000004, 'pf': 2.5650974738293737, 'max_dd': 84.61999999999998}
Running S102 365d ...
  -> S102 365d: {'closed': 33, 'wins': 20, 'win_rate': 60.60606060606061, 'net': 323.39, 'pf': 2.3780040906766664, 'max_dd': 84.62}
Running S105 30d ...
  -> S105 30d: {'closed': 10, 'wins': 6, 'win_rate': 60.0, 'net': 4.67, 'pf': 1.232453957192633, 'max_dd': 10.57}
Running S105 60d ...
  -> S105 60d: {'closed': 17, 'wins': 9, 'win_rate': 52.94117647058824, 'net': 2.8499999999999996, 'pf': 1.0684602450156135, 'max_dd': 19.560000000000002}
Running S105 90d ...
  -> S105 90d: {'closed': 23, 'wins': 11, 'win_rate': 47.82608695652174, 'net': 2.3199999999999985, 'pf': 1.0429868445432648, 'max_dd': 19.560000000000002}
Running S105 120d ...
  -> S105 120d: {'closed': 32, 'wins': 15, 'win_rate': 46.875, 'net': 10.589999999999996, 'pf': 1.1385944248135058, 'max_dd': 21.14}
Running S105 150d ...
  -> S105 150d: {'closed': 39, 'wins': 19, 'win_rate': 48.717948717948715, 'net': 64.21, 'pf': 1.6928139835994822, 'max_dd': 21.140000000000008}
Running S105 365d ...
  -> S105 365d: {'closed': 109, 'wins': 61, 'win_rate': 55.96330275229357, 'net': 266.3900000000001, 'pf': 2.3430977110013114, 'max_dd': 21.1399999999999}

=== COMBINED (S99+S100+S101+S102+S105) ===
  combined 30d: {'closed': 52, 'wins': 35, 'win_rate': 67.3076923076923, 'net': 479.6899999999998, 'pf': 3.178626578254156, 'max_dd': 95.19000000000005}
  combined 60d: {'closed': 90, 'wins': 56, 'win_rate': 62.22222222222222, 'net': 582.7899999999996, 'pf': 2.3802666792980127, 'max_dd': 97.01000000000022}
  combined 90d: {'closed': 114, 'wins': 74, 'win_rate': 64.91228070175438, 'net': 821.5899999999999, 'pf': 2.7537729203577603, 'max_dd': 97.54000000000019}
  combined 120d: {'closed': 149, 'wins': 93, 'win_rate': 62.41610738255034, 'net': 1146.9499999999991, 'pf': 2.7603947630960963, 'max_dd': 89.27000000000066}
  combined 150d: {'closed': 186, 'wins': 116, 'win_rate': 62.365591397849464, 'net': 1458.3299999999997, 'pf': 2.7211292207102473, 'max_dd': 84.62000000000012}
  combined 365d: {'closed': 509, 'wins': 282, 'win_rate': 55.40275049115914, 'net': 1779.689999999999, 'pf': 1.8328061095564772, 'max_dd': 167.34}
ALL DONE
Symbol resolved: XAUUSD.iux
S99 30d already done, skipping -> {'closed': 5, 'wins': 4, 'win_rate': 80.0, 'net': 44.919999999999995, 'pf': 9.152450090744102, 'max_dd': 5.51}
S99 60d already done, skipping -> {'closed': 8, 'wins': 6, 'win_rate': 75.0, 'net': 72.26999999999998, 'pf': 5.428308823529412, 'max_dd': 16.32}
S99 90d already done, skipping -> {'closed': 10, 'wins': 8, 'win_rate': 80.0, 'net': 97.87, 'pf': 6.996936274509804, 'max_dd': 16.32}
S99 120d already done, skipping -> {'closed': 13, 'wins': 10, 'win_rate': 76.92307692307693, 'net': 150.82, 'pf': 6.548933038999265, 'max_dd': 16.320000000000007}
S99 150d already done, skipping -> {'closed': 16, 'wins': 12, 'win_rate': 75.0, 'net': 196.46000000000004, 'pf': 6.699448796054541, 'max_dd': 16.319999999999993}
S99 365d already done, skipping -> {'closed': 45, 'wins': 24, 'win_rate': 53.333333333333336, 'net': 173.26000000000002, 'pf': 2.0334625708320906, 'max_dd': 47.88}
S100 30d already done, skipping -> {'closed': 14, 'wins': 10, 'win_rate': 71.42857142857143, 'net': 141.82, 'pf': 4.057124380254366, 'max_dd': 33.06999999999999}
S100 60d already done, skipping -> {'closed': 22, 'wins': 15, 'win_rate': 68.18181818181817, 'net': 187.88, 'pf': 3.2134778510838826, 'max_dd': 33.06999999999999}
S100 90d already done, skipping -> {'closed': 27, 'wins': 20, 'win_rate': 74.07407407407408, 'net': 273.84, 'pf': 4.226201696512724, 'max_dd': 33.06999999999999}
S100 120d already done, skipping -> {'closed': 37, 'wins': 25, 'win_rate': 67.56756756756756, 'net': 381.71999999999997, 'pf': 3.389334001001503, 'max_dd': 62.98000000000002}
S100 150d already done, skipping -> {'closed': 46, 'wins': 30, 'win_rate': 65.21739130434783, 'net': 396.38999999999993, 'pf': 2.752000000000001, 'max_dd': 62.98000000000002}
S100 365d already done, skipping -> {'closed': 139, 'wins': 77, 'win_rate': 55.39568345323741, 'net': 435.21, 'pf': 1.6497999283325366, 'max_dd': 167.34000000000003}
S101 30d already done, skipping -> {'closed': 19, 'wins': 13, 'win_rate': 68.42105263157895, 'net': 287.99, 'pf': 5.530281579361334, 'max_dd': 22.05000000000001}
S101 60d already done, skipping -> {'closed': 34, 'wins': 22, 'win_rate': 64.70588235294117, 'net': 345.63999999999993, 'pf': 3.5469014810994026, 'max_dd': 41.730000000000004}
S101 90d already done, skipping -> {'closed': 44, 'wins': 30, 'win_rate': 68.18181818181817, 'net': 455.53999999999996, 'pf': 3.685808619774777, 'max_dd': 41.73000000000002}
S101 120d already done, skipping -> {'closed': 55, 'wins': 36, 'win_rate': 65.45454545454545, 'net': 561.93, 'pf': 3.298376211706, 'max_dd': 62.98000000000002}
S101 150d already done, skipping -> {'closed': 66, 'wins': 42, 'win_rate': 63.63636363636363, 'net': 551.5899999999998, 'pf': 2.649590286500388, 'max_dd': 62.98000000000002}
S101 365d already done, skipping -> {'closed': 183, 'wins': 100, 'win_rate': 54.644808743169406, 'net': 581.4399999999999, 'pf': 1.6709826322774224, 'max_dd': 161.51}
S102 30d already done, skipping -> {'closed': 4, 'wins': 2, 'win_rate': 50.0, 'net': 0.2900000000000027, 'pf': 1.0034270857953203, 'max_dd': 84.61999999999999}
S102 60d already done, skipping -> {'closed': 9, 'wins': 4, 'win_rate': 44.44444444444444, 'net': -25.849999999999998, 'pf': 0.8200988238569141, 'max_dd': 84.61999999999999}
S102 90d already done, skipping -> {'closed': 10, 'wins': 5, 'win_rate': 50.0, 'net': -7.979999999999993, 'pf': 0.9444637761848425, 'max_dd': 84.61999999999999}
S102 120d already done, skipping -> {'closed': 12, 'wins': 7, 'win_rate': 58.333333333333336, 'net': 41.89000000000003, 'pf': 1.2915303778968614, 'max_dd': 84.61999999999999}
S102 150d already done, skipping -> {'closed': 19, 'wins': 13, 'win_rate': 68.42105263157895, 'net': 249.68000000000004, 'pf': 2.5650974738293737, 'max_dd': 84.61999999999998}
S102 365d already done, skipping -> {'closed': 33, 'wins': 20, 'win_rate': 60.60606060606061, 'net': 323.39, 'pf': 2.3780040906766664, 'max_dd': 84.62}
Running S103 30d ...
  -> S103 30d: {'closed': 18, 'wins': 14, 'win_rate': 77.77777777777779, 'net': 28.759999999999994, 'pf': 2.4878427315054323, 'max_dd': 19.330000000000002}
Running S103 60d ...
  -> S103 60d: {'closed': 28, 'wins': 21, 'win_rate': 75.0, 'net': 40.11000000000001, 'pf': 2.08905783328808, 'max_dd': 19.330000000000002}
Running S103 90d ...
  -> S103 90d: {'closed': 42, 'wins': 30, 'win_rate': 71.42857142857143, 'net': 40.6, 'pf': 1.4728077326190756, 'max_dd': 35.56}
Running S103 120d ...
  -> S103 120d: {'closed': 59, 'wins': 41, 'win_rate': 69.49152542372882, 'net': 79.64, 'pf': 1.58796603912883, 'max_dd': 39.13999999999999}
Running S103 150d ...
  -> S103 150d: {'closed': 72, 'wins': 48, 'win_rate': 66.66666666666666, 'net': 57.6, 'pf': 1.3046329595938226, 'max_dd': 39.14}
Running S103 365d ...
  -> S103 365d: {'closed': 138, 'wins': 95, 'win_rate': 68.84057971014492, 'net': 109.96, 'pf': 1.399346286544398, 'max_dd': 39.14}
Running S110 30d ...
  -> S110 30d: {'closed': 12, 'wins': 5, 'win_rate': 41.66666666666667, 'net': 30.07, 'pf': 1.3044138489572787, 'max_dd': 51.85}
Running S110 60d ...
  -> S110 60d: {'closed': 21, 'wins': 8, 'win_rate': 38.095238095238095, 'net': 92.99000000000001, 'pf': 1.5675312786084832, 'max_dd': 51.849999999999994}
Running S110 90d ...
  -> S110 90d: {'closed': 35, 'wins': 16, 'win_rate': 45.714285714285715, 'net': 205.66000000000005, 'pf': 1.9013059865018846, 'max_dd': 51.849999999999994}
Running S110 120d ...
  -> S110 120d: {'closed': 48, 'wins': 21, 'win_rate': 43.75, 'net': 231.19, 'pf': 1.5719976248206249, 'max_dd': 64.9}
Running S110 150d ...
  -> S110 150d: {'closed': 68, 'wins': 29, 'win_rate': 42.64705882352941, 'net': 336.69000000000005, 'pf': 1.4899304443991743, 'max_dd': 203.64}
Running S110 365d ...
Symbol resolved: XAUUSD.iux
S99 30d already done, skipping -> {'closed': 5, 'wins': 4, 'win_rate': 80.0, 'net': 44.919999999999995, 'pf': 9.152450090744102, 'max_dd': 5.51}
S99 60d already done, skipping -> {'closed': 8, 'wins': 6, 'win_rate': 75.0, 'net': 72.26999999999998, 'pf': 5.428308823529412, 'max_dd': 16.32}
S99 90d already done, skipping -> {'closed': 10, 'wins': 8, 'win_rate': 80.0, 'net': 97.87, 'pf': 6.996936274509804, 'max_dd': 16.32}
S99 120d already done, skipping -> {'closed': 13, 'wins': 10, 'win_rate': 76.92307692307693, 'net': 150.82, 'pf': 6.548933038999265, 'max_dd': 16.320000000000007}
S99 150d already done, skipping -> {'closed': 16, 'wins': 12, 'win_rate': 75.0, 'net': 196.46000000000004, 'pf': 6.699448796054541, 'max_dd': 16.319999999999993}
S99 365d already done, skipping -> {'closed': 45, 'wins': 24, 'win_rate': 53.333333333333336, 'net': 173.26000000000002, 'pf': 2.0334625708320906, 'max_dd': 47.88}
S100 30d already done, skipping -> {'closed': 14, 'wins': 10, 'win_rate': 71.42857142857143, 'net': 141.82, 'pf': 4.057124380254366, 'max_dd': 33.06999999999999}
S100 60d already done, skipping -> {'closed': 22, 'wins': 15, 'win_rate': 68.18181818181817, 'net': 187.88, 'pf': 3.2134778510838826, 'max_dd': 33.06999999999999}
S100 90d already done, skipping -> {'closed': 27, 'wins': 20, 'win_rate': 74.07407407407408, 'net': 273.84, 'pf': 4.226201696512724, 'max_dd': 33.06999999999999}
S100 120d already done, skipping -> {'closed': 37, 'wins': 25, 'win_rate': 67.56756756756756, 'net': 381.71999999999997, 'pf': 3.389334001001503, 'max_dd': 62.98000000000002}
S100 150d already done, skipping -> {'closed': 46, 'wins': 30, 'win_rate': 65.21739130434783, 'net': 396.38999999999993, 'pf': 2.752000000000001, 'max_dd': 62.98000000000002}
S100 365d already done, skipping -> {'closed': 139, 'wins': 77, 'win_rate': 55.39568345323741, 'net': 435.21, 'pf': 1.6497999283325366, 'max_dd': 167.34000000000003}
S101 30d already done, skipping -> {'closed': 19, 'wins': 13, 'win_rate': 68.42105263157895, 'net': 287.99, 'pf': 5.530281579361334, 'max_dd': 22.05000000000001}
S101 60d already done, skipping -> {'closed': 34, 'wins': 22, 'win_rate': 64.70588235294117, 'net': 345.63999999999993, 'pf': 3.5469014810994026, 'max_dd': 41.730000000000004}
S101 90d already done, skipping -> {'closed': 44, 'wins': 30, 'win_rate': 68.18181818181817, 'net': 455.53999999999996, 'pf': 3.685808619774777, 'max_dd': 41.73000000000002}
S101 120d already done, skipping -> {'closed': 55, 'wins': 36, 'win_rate': 65.45454545454545, 'net': 561.93, 'pf': 3.298376211706, 'max_dd': 62.98000000000002}
S101 150d already done, skipping -> {'closed': 66, 'wins': 42, 'win_rate': 63.63636363636363, 'net': 551.5899999999998, 'pf': 2.649590286500388, 'max_dd': 62.98000000000002}
S101 365d already done, skipping -> {'closed': 183, 'wins': 100, 'win_rate': 54.644808743169406, 'net': 581.4399999999999, 'pf': 1.6709826322774224, 'max_dd': 161.51}
S102 30d already done, skipping -> {'closed': 4, 'wins': 2, 'win_rate': 50.0, 'net': 0.2900000000000027, 'pf': 1.0034270857953203, 'max_dd': 84.61999999999999}
S102 60d already done, skipping -> {'closed': 9, 'wins': 4, 'win_rate': 44.44444444444444, 'net': -25.849999999999998, 'pf': 0.8200988238569141, 'max_dd': 84.61999999999999}
S102 90d already done, skipping -> {'closed': 10, 'wins': 5, 'win_rate': 50.0, 'net': -7.979999999999993, 'pf': 0.9444637761848425, 'max_dd': 84.61999999999999}
S102 120d already done, skipping -> {'closed': 12, 'wins': 7, 'win_rate': 58.333333333333336, 'net': 41.89000000000003, 'pf': 1.2915303778968614, 'max_dd': 84.61999999999999}
S102 150d already done, skipping -> {'closed': 19, 'wins': 13, 'win_rate': 68.42105263157895, 'net': 249.68000000000004, 'pf': 2.5650974738293737, 'max_dd': 84.61999999999998}
S102 365d already done, skipping -> {'closed': 33, 'wins': 20, 'win_rate': 60.60606060606061, 'net': 323.39, 'pf': 2.3780040906766664, 'max_dd': 84.62}
S103 30d already done, skipping -> {'closed': 18, 'wins': 14, 'win_rate': 77.77777777777779, 'net': 28.759999999999994, 'pf': 2.4878427315054323, 'max_dd': 19.330000000000002}
S103 60d already done, skipping -> {'closed': 28, 'wins': 21, 'win_rate': 75.0, 'net': 40.11000000000001, 'pf': 2.08905783328808, 'max_dd': 19.330000000000002}
S103 90d already done, skipping -> {'closed': 42, 'wins': 30, 'win_rate': 71.42857142857143, 'net': 40.6, 'pf': 1.4728077326190756, 'max_dd': 35.56}
S103 120d already done, skipping -> {'closed': 59, 'wins': 41, 'win_rate': 69.49152542372882, 'net': 79.64, 'pf': 1.58796603912883, 'max_dd': 39.13999999999999}
S103 150d already done, skipping -> {'closed': 72, 'wins': 48, 'win_rate': 66.66666666666666, 'net': 57.6, 'pf': 1.3046329595938226, 'max_dd': 39.14}
S103 365d already done, skipping -> {'closed': 138, 'wins': 95, 'win_rate': 68.84057971014492, 'net': 109.96, 'pf': 1.399346286544398, 'max_dd': 39.14}
S110 30d already done, skipping -> {'closed': 12, 'wins': 5, 'win_rate': 41.66666666666667, 'net': 30.07, 'pf': 1.3044138489572787, 'max_dd': 51.85}
S110 60d already done, skipping -> {'closed': 21, 'wins': 8, 'win_rate': 38.095238095238095, 'net': 92.99000000000001, 'pf': 1.5675312786084832, 'max_dd': 51.849999999999994}
S110 90d already done, skipping -> {'closed': 35, 'wins': 16, 'win_rate': 45.714285714285715, 'net': 205.66000000000005, 'pf': 1.9013059865018846, 'max_dd': 51.849999999999994}
S110 120d already done, skipping -> {'closed': 48, 'wins': 21, 'win_rate': 43.75, 'net': 231.19, 'pf': 1.5719976248206249, 'max_dd': 64.9}
S110 150d already done, skipping -> {'closed': 68, 'wins': 29, 'win_rate': 42.64705882352941, 'net': 336.69000000000005, 'pf': 1.4899304443991743, 'max_dd': 203.64}
Running S110 365d ...
Symbol resolved: XAUUSD.iux
S99 30d already done, skipping -> {'closed': 5, 'wins': 4, 'win_rate': 80.0, 'net': 44.919999999999995, 'pf': 9.152450090744102, 'max_dd': 5.51}
S99 60d already done, skipping -> {'closed': 8, 'wins': 6, 'win_rate': 75.0, 'net': 72.26999999999998, 'pf': 5.428308823529412, 'max_dd': 16.32}
S99 90d already done, skipping -> {'closed': 10, 'wins': 8, 'win_rate': 80.0, 'net': 97.87, 'pf': 6.996936274509804, 'max_dd': 16.32}
S99 120d already done, skipping -> {'closed': 13, 'wins': 10, 'win_rate': 76.92307692307693, 'net': 150.82, 'pf': 6.548933038999265, 'max_dd': 16.320000000000007}
S99 150d already done, skipping -> {'closed': 16, 'wins': 12, 'win_rate': 75.0, 'net': 196.46000000000004, 'pf': 6.699448796054541, 'max_dd': 16.319999999999993}
S99 365d already done, skipping -> {'closed': 45, 'wins': 24, 'win_rate': 53.333333333333336, 'net': 173.26000000000002, 'pf': 2.0334625708320906, 'max_dd': 47.88}
S100 30d already done, skipping -> {'closed': 14, 'wins': 10, 'win_rate': 71.42857142857143, 'net': 141.82, 'pf': 4.057124380254366, 'max_dd': 33.06999999999999}
S100 60d already done, skipping -> {'closed': 22, 'wins': 15, 'win_rate': 68.18181818181817, 'net': 187.88, 'pf': 3.2134778510838826, 'max_dd': 33.06999999999999}
S100 90d already done, skipping -> {'closed': 27, 'wins': 20, 'win_rate': 74.07407407407408, 'net': 273.84, 'pf': 4.226201696512724, 'max_dd': 33.06999999999999}
S100 120d already done, skipping -> {'closed': 37, 'wins': 25, 'win_rate': 67.56756756756756, 'net': 381.71999999999997, 'pf': 3.389334001001503, 'max_dd': 62.98000000000002}
S100 150d already done, skipping -> {'closed': 46, 'wins': 30, 'win_rate': 65.21739130434783, 'net': 396.38999999999993, 'pf': 2.752000000000001, 'max_dd': 62.98000000000002}
S100 365d already done, skipping -> {'closed': 139, 'wins': 77, 'win_rate': 55.39568345323741, 'net': 435.21, 'pf': 1.6497999283325366, 'max_dd': 167.34000000000003}
S101 30d already done, skipping -> {'closed': 19, 'wins': 13, 'win_rate': 68.42105263157895, 'net': 287.99, 'pf': 5.530281579361334, 'max_dd': 22.05000000000001}
S101 60d already done, skipping -> {'closed': 34, 'wins': 22, 'win_rate': 64.70588235294117, 'net': 345.63999999999993, 'pf': 3.5469014810994026, 'max_dd': 41.730000000000004}
S101 90d already done, skipping -> {'closed': 44, 'wins': 30, 'win_rate': 68.18181818181817, 'net': 455.53999999999996, 'pf': 3.685808619774777, 'max_dd': 41.73000000000002}
S101 120d already done, skipping -> {'closed': 55, 'wins': 36, 'win_rate': 65.45454545454545, 'net': 561.93, 'pf': 3.298376211706, 'max_dd': 62.98000000000002}
S101 150d already done, skipping -> {'closed': 66, 'wins': 42, 'win_rate': 63.63636363636363, 'net': 551.5899999999998, 'pf': 2.649590286500388, 'max_dd': 62.98000000000002}
S101 365d already done, skipping -> {'closed': 183, 'wins': 100, 'win_rate': 54.644808743169406, 'net': 581.4399999999999, 'pf': 1.6709826322774224, 'max_dd': 161.51}
S102 30d already done, skipping -> {'closed': 4, 'wins': 2, 'win_rate': 50.0, 'net': 0.2900000000000027, 'pf': 1.0034270857953203, 'max_dd': 84.61999999999999}
S102 60d already done, skipping -> {'closed': 9, 'wins': 4, 'win_rate': 44.44444444444444, 'net': -25.849999999999998, 'pf': 0.8200988238569141, 'max_dd': 84.61999999999999}
S102 90d already done, skipping -> {'closed': 10, 'wins': 5, 'win_rate': 50.0, 'net': -7.979999999999993, 'pf': 0.9444637761848425, 'max_dd': 84.61999999999999}
S102 120d already done, skipping -> {'closed': 12, 'wins': 7, 'win_rate': 58.333333333333336, 'net': 41.89000000000003, 'pf': 1.2915303778968614, 'max_dd': 84.61999999999999}
S102 150d already done, skipping -> {'closed': 19, 'wins': 13, 'win_rate': 68.42105263157895, 'net': 249.68000000000004, 'pf': 2.5650974738293737, 'max_dd': 84.61999999999998}
S102 365d already done, skipping -> {'closed': 33, 'wins': 20, 'win_rate': 60.60606060606061, 'net': 323.39, 'pf': 2.3780040906766664, 'max_dd': 84.62}
S103 30d already done, skipping -> {'closed': 18, 'wins': 14, 'win_rate': 77.77777777777779, 'net': 28.759999999999994, 'pf': 2.4878427315054323, 'max_dd': 19.330000000000002}
S103 60d already done, skipping -> {'closed': 28, 'wins': 21, 'win_rate': 75.0, 'net': 40.11000000000001, 'pf': 2.08905783328808, 'max_dd': 19.330000000000002}
S103 90d already done, skipping -> {'closed': 42, 'wins': 30, 'win_rate': 71.42857142857143, 'net': 40.6, 'pf': 1.4728077326190756, 'max_dd': 35.56}
S103 120d already done, skipping -> {'closed': 59, 'wins': 41, 'win_rate': 69.49152542372882, 'net': 79.64, 'pf': 1.58796603912883, 'max_dd': 39.13999999999999}
S103 150d already done, skipping -> {'closed': 72, 'wins': 48, 'win_rate': 66.66666666666666, 'net': 57.6, 'pf': 1.3046329595938226, 'max_dd': 39.14}
S103 365d already done, skipping -> {'closed': 138, 'wins': 95, 'win_rate': 68.84057971014492, 'net': 109.96, 'pf': 1.399346286544398, 'max_dd': 39.14}
S110 30d already done, skipping -> {'closed': 12, 'wins': 5, 'win_rate': 41.66666666666667, 'net': 30.07, 'pf': 1.3044138489572787, 'max_dd': 51.85}
S110 60d already done, skipping -> {'closed': 21, 'wins': 8, 'win_rate': 38.095238095238095, 'net': 92.99000000000001, 'pf': 1.5675312786084832, 'max_dd': 51.849999999999994}
S110 90d already done, skipping -> {'closed': 35, 'wins': 16, 'win_rate': 45.714285714285715, 'net': 205.66000000000005, 'pf': 1.9013059865018846, 'max_dd': 51.849999999999994}
S110 120d already done, skipping -> {'closed': 48, 'wins': 21, 'win_rate': 43.75, 'net': 231.19, 'pf': 1.5719976248206249, 'max_dd': 64.9}
S110 150d already done, skipping -> {'closed': 68, 'wins': 29, 'win_rate': 42.64705882352941, 'net': 336.69000000000005, 'pf': 1.4899304443991743, 'max_dd': 203.64}
Running S110 365d ...
