Symbol resolved: XAUUSD.iux
S99 30d already done, skipping -> {'closed': 5, 'wins': 4, 'win_rate': 80.0, 'net': 44.919999999999995, 'pf': 9.152450090744102, 'max_dd': 5.51}
S99 60d already done, skipping -> {'closed': 8, 'wins': 6, 'win_rate': 75.0, 'net': 72.26999999999998, 'pf': 5.428308823529412, 'max_dd': 16.32}
S99 90d already done, skipping -> {'closed': 10, 'wins': 8, 'win_rate': 80.0, 'net': 97.87, 'pf': 6.996936274509804, 'max_dd': 16.32}
S99 120d already done, skipping -> {'closed': 13, 'wins': 10, 'win_rate': 76.92307692307693, 'net': 150.82, 'pf': 6.548933038999265, 'max_dd': 16.320000000000007}
S99 150d already done, skipping -> {'closed': 16, 'wins': 12, 'win_rate': 75.0, 'net': 196.46000000000004, 'pf': 6.699448796054541, 'max_dd': 16.319999999999993}
S99 365d already done, skipping -> {'closed': 45, 'wins': 24, 'win_rate': 53.333333333333336, 'net': 173.26000000000002, 'pf': 2.0334625708320906, 'max_dd': 47.88}
S100 30d already done, skipping -> {'closed': 14, 'wins': 10, 'win_rate': 71.42857142857143, 'net': 141.82, 'pf': 4.057124380254366, 'max_dd': 33.06999999999999}
S100 60d already done, skipping -> {'closed': 22, 'wins': 15, 'win_rate': 68.18181818181817, 'net': 187.88, 'pf': 3.2134778510838826, 'max_dd': 33.06999999999999}
S100 90d already done, skipping -> {'closed': 27, 'wins': 20, 'win_rate': 74.07407407407408, 'net': 273.84, 'pf': 4.226201696512724, 'max_dd': 33.06999999999999}
S100 120d already done, skipping -> {'closed': 37, 'wins': 25, 'win_rate': 67.56756756756756, 'net': 381.71999999999997, 'pf': 3.389334001001503, 'max_dd': 62.98000000000002}
S100 150d already done, skipping -> {'closed': 46, 'wins': 30, 'win_rate': 65.21739130434783, 'net': 396.38999999999993, 'pf': 2.752000000000001, 'max_dd': 62.98000000000002}
S100 365d already done, skipping -> {'closed': 139, 'wins': 77, 'win_rate': 55.39568345323741, 'net': 435.21, 'pf': 1.6497999283325366, 'max_dd': 167.34000000000003}
S101 30d already done, skipping -> {'closed': 19, 'wins': 13, 'win_rate': 68.42105263157895, 'net': 287.99, 'pf': 5.530281579361334, 'max_dd': 22.05000000000001}
S101 60d already done, skipping -> {'closed': 34, 'wins': 22, 'win_rate': 64.70588235294117, 'net': 345.63999999999993, 'pf': 3.5469014810994026, 'max_dd': 41.730000000000004}
S101 90d already done, skipping -> {'closed': 44, 'wins': 30, 'win_rate': 68.18181818181817, 'net': 455.53999999999996, 'pf': 3.685808619774777, 'max_dd': 41.73000000000002}
S101 120d already done, skipping -> {'closed': 55, 'wins': 36, 'win_rate': 65.45454545454545, 'net': 561.93, 'pf': 3.298376211706, 'max_dd': 62.98000000000002}
S101 150d already done, skipping -> {'closed': 66, 'wins': 42, 'win_rate': 63.63636363636363, 'net': 551.5899999999998, 'pf': 2.649590286500388, 'max_dd': 62.98000000000002}
S101 365d already done, skipping -> {'closed': 183, 'wins': 100, 'win_rate': 54.644808743169406, 'net': 581.4399999999999, 'pf': 1.6709826322774224, 'max_dd': 161.51}
S102 30d already done, skipping -> {'closed': 4, 'wins': 2, 'win_rate': 50.0, 'net': 0.2900000000000027, 'pf': 1.0034270857953203, 'max_dd': 84.61999999999999}
S102 60d already done, skipping -> {'closed': 9, 'wins': 4, 'win_rate': 44.44444444444444, 'net': -25.849999999999998, 'pf': 0.8200988238569141, 'max_dd': 84.61999999999999}
S102 90d already done, skipping -> {'closed': 10, 'wins': 5, 'win_rate': 50.0, 'net': -7.979999999999993, 'pf': 0.9444637761848425, 'max_dd': 84.61999999999999}
S102 120d already done, skipping -> {'closed': 12, 'wins': 7, 'win_rate': 58.333333333333336, 'net': 41.89000000000003, 'pf': 1.2915303778968614, 'max_dd': 84.61999999999999}
S102 150d already done, skipping -> {'closed': 19, 'wins': 13, 'win_rate': 68.42105263157895, 'net': 249.68000000000004, 'pf': 2.5650974738293737, 'max_dd': 84.61999999999998}
S102 365d already done, skipping -> {'closed': 33, 'wins': 20, 'win_rate': 60.60606060606061, 'net': 323.39, 'pf': 2.3780040906766664, 'max_dd': 84.62}
Running S103 30d ...
  -> S103 30d: {'closed': 18, 'wins': 14, 'win_rate': 77.77777777777779, 'net': 28.759999999999994, 'pf': 2.4878427315054323, 'max_dd': 19.330000000000002}
Running S103 60d ...
  -> S103 60d: {'closed': 28, 'wins': 21, 'win_rate': 75.0, 'net': 40.11000000000001, 'pf': 2.08905783328808, 'max_dd': 19.330000000000002}
Running S103 90d ...
  -> S103 90d: {'closed': 42, 'wins': 30, 'win_rate': 71.42857142857143, 'net': 40.6, 'pf': 1.4728077326190756, 'max_dd': 35.56}
Running S103 120d ...
  -> S103 120d: {'closed': 59, 'wins': 41, 'win_rate': 69.49152542372882, 'net': 79.64, 'pf': 1.58796603912883, 'max_dd': 39.13999999999999}
Running S103 150d ...
  -> S103 150d: {'closed': 72, 'wins': 48, 'win_rate': 66.66666666666666, 'net': 57.6, 'pf': 1.3046329595938226, 'max_dd': 39.14}
Running S103 365d ...
  -> S103 365d: {'closed': 138, 'wins': 95, 'win_rate': 68.84057971014492, 'net': 109.96, 'pf': 1.399346286544398, 'max_dd': 39.14}
Running S110 30d ...
  -> S110 30d: {'closed': 12, 'wins': 5, 'win_rate': 41.66666666666667, 'net': 30.07, 'pf': 1.3044138489572787, 'max_dd': 51.85}
Running S110 60d ...
  -> S110 60d: {'closed': 21, 'wins': 8, 'win_rate': 38.095238095238095, 'net': 92.99000000000001, 'pf': 1.5675312786084832, 'max_dd': 51.849999999999994}
Running S110 90d ...
  -> S110 90d: {'closed': 35, 'wins': 16, 'win_rate': 45.714285714285715, 'net': 205.66000000000005, 'pf': 1.9013059865018846, 'max_dd': 51.849999999999994}
Running S110 120d ...
  -> S110 120d: {'closed': 48, 'wins': 21, 'win_rate': 43.75, 'net': 231.19, 'pf': 1.5719976248206249, 'max_dd': 64.9}
Running S110 150d ...
  -> S110 150d: {'closed': 68, 'wins': 29, 'win_rate': 42.64705882352941, 'net': 336.69000000000005, 'pf': 1.4899304443991743, 'max_dd': 203.64}
Running S110 365d ...
Traceback (most recent call last):
  File "D:\Project\Copter01_AI_Bot_2\wr_portfolio_runner.py", line 212, in <module>
    main()
  File "D:\Project\Copter01_AI_Bot_2\wr_portfolio_runner.py", line 179, in main
    trades, out, err = run_script_strat(sid, days)
                       ^^^^^^^^^^^^^^^^^^^^^^^^^^^
  File "D:\Project\Copter01_AI_Bot_2\wr_portfolio_runner.py", line 43, in run_script_strat
    r = subprocess.run(cmd, capture_output=True, text=True, timeout=900)
        ^^^^^^^^^^^^^^^^^^^^^^^^^^^^^^^^^^^^^^^^^^^^^^^^^^^^^^^^^^^^^^^^
  File "C:\Users\Copter\AppData\Roaming\uv\python\cpython-3.11-windows-x86_64-none\Lib\subprocess.py", line 550, in run
    stdout, stderr = process.communicate(input, timeout=timeout)
                     ^^^^^^^^^^^^^^^^^^^^^^^^^^^^^^^^^^^^^^^^^^^
  File "C:\Users\Copter\AppData\Roaming\uv\python\cpython-3.11-windows-x86_64-none\Lib\subprocess.py", line 1209, in communicate
    stdout, stderr = self._communicate(input, endtime, timeout)
                     ^^^^^^^^^^^^^^^^^^^^^^^^^^^^^^^^^^^^^^^^^^
  File "C:\Users\Copter\AppData\Roaming\uv\python\cpython-3.11-windows-x86_64-none\Lib\subprocess.py", line 1630, in _communicate
    raise TimeoutExpired(self.args, orig_timeout)
subprocess.TimeoutExpired: Command '['C:\\Users\\Copter\\AppData\\Local\\hermes\\hermes-agent\\venv\\Scripts\\python.exe', 'sim_s110_backtest.py', '--days', '365', '--out-prefix', 'wr_portfolio_trades\\s110_365d']' timed out after 900 seconds
