[2026-07-13 10:14:45] WARN: lock file ค้างจาก pid=5484 (ตายไปแล้ว) — เคลียร์แล้วรันต่อ
[2026-07-13 10:14:47] Supervisor started (profile='demo-iux-2101182461', stale=180 s, check=30 s, grace=90 s, python='C:\Users\Administrator\AppData\Local\Programs\Python\Python313\python.exe')
[2026-07-13 10:14:47] Launching: C:\Users\Administrator\AppData\Local\Programs\Python\Python313\python.exe main.py
[2026-07-13 10:14:47] main.py running (pid=3976)
[2026-07-13 17:55:08] STALL: heartbeat age=184s > 180s (loop hang) -> kill pid=3976 + restart
[2026-07-13 17:56:06] Restarting in 5 s ...
[2026-07-13 17:56:12] Launching: C:\Users\Administrator\AppData\Local\Programs\Python\Python313\python.exe main.py
[2026-07-13 17:56:19] main.py running (pid=4196)
[2026-07-13 20:01:49] STALL: heartbeat age=192s > 180s (loop hang) -> kill pid=4196 + restart
[2026-07-13 20:01:49] Restarting in 5 s ...
[2026-07-13 20:01:54] Launching: C:\Users\Administrator\AppData\Local\Programs\Python\Python313\python.exe main.py
[2026-07-13 20:01:54] main.py running (pid=5664)
[2026-07-14 18:15:07] WARN: lock file ค้างจาก pid=4396 (ตายไปแล้ว) — เคลียร์แล้วรันต่อ
[2026-07-14 18:15:44] Supervisor started (profile='demo-iux-2101182461', stale=180 s, check=30 s, grace=90 s, python='C:\Users\Administrator\AppData\Local\Programs\Python\Python313\python.exe')
[2026-07-14 18:15:51] Launching: C:\Users\Administrator\AppData\Local\Programs\Python\Python313\python.exe main.py
[2026-07-14 18:15:52] main.py running (pid=3608)
[2026-07-14 20:13:39] STALL: heartbeat age=181s > 180s (loop hang) -> kill pid=3608 + restart
[2026-07-14 20:15:03] Restarting in 5 s ...
[2026-07-14 20:15:39] Launching: C:\Users\Administrator\AppData\Local\Programs\Python\Python313\python.exe main.py
[2026-07-14 20:16:56] main.py running (pid=5792)
[2026-07-14 20:18:46] WARN: heartbeat missing/unreadable (up=110s) — wait next cycle
[2026-07-14 20:20:54] WARN: heartbeat missing/unreadable (up=238s) — wait next cycle
[2026-07-14 20:21:29] WARN: heartbeat missing/unreadable (up=273s) — wait next cycle
[2026-07-14 20:22:11] WARN: heartbeat missing/unreadable (up=315s) — wait next cycle
[2026-07-14 20:23:49] WARN: heartbeat missing/unreadable (up=414s) — wait next cycle
[2026-07-14 20:24:25] WARN: heartbeat missing/unreadable (up=449s) — wait next cycle
[2026-07-14 20:24:59] WARN: heartbeat missing/unreadable (up=484s) — wait next cycle
[2026-07-14 20:25:29] WARN: heartbeat missing/unreadable (up=514s) — wait next cycle
[2026-07-14 20:30:00] WARN: heartbeat missing/unreadable (up=784s) — wait next cycle
[2026-07-14 20:30:30] WARN: heartbeat missing/unreadable (up=814s) — wait next cycle
[2026-07-14 20:31:41] WARN: heartbeat missing/unreadable (up=885s) — wait next cycle
[2026-07-14 20:32:16] WARN: heartbeat missing/unreadable (up=921s) — wait next cycle
[2026-07-14 20:32:52] WARN: heartbeat missing/unreadable (up=956s) — wait next cycle
[2026-07-14 20:34:00] WARN: heartbeat missing/unreadable (up=1024s) — wait next cycle
[2026-07-14 20:34:35] WARN: heartbeat missing/unreadable (up=1060s) — wait next cycle
[2026-07-14 20:36:26] WARN: heartbeat missing/unreadable (up=1170s) — wait next cycle
[2026-07-14 20:37:33] WARN: heartbeat missing/unreadable (up=1238s) — wait next cycle
[2026-07-14 20:38:14] WARN: heartbeat missing/unreadable (up=1278s) — wait next cycle
[2026-07-14 20:38:54] WARN: heartbeat missing/unreadable (up=1318s) — wait next cycle
[2026-07-14 20:40:14] WARN: heartbeat missing/unreadable (up=1398s) — wait next cycle
[2026-07-14 20:42:17] WARN: heartbeat missing/unreadable (up=1428s) — wait next cycle
[2026-07-14 20:42:47] WARN: heartbeat missing/unreadable (up=1551s) — wait next cycle
[2026-07-14 20:43:18] WARN: heartbeat missing/unreadable (up=1582s) — wait next cycle
[2026-07-14 20:44:41] WARN: heartbeat missing/unreadable (up=1665s) — wait next cycle
[2026-07-14 20:45:56] WARN: heartbeat missing/unreadable (up=1740s) — wait next cycle
[2026-07-14 20:46:31] WARN: heartbeat missing/unreadable (up=1776s) — wait next cycle
[2026-07-14 20:47:45] main.py exited (code=) -> restart
[2026-07-14 20:48:32] Restarting in 5 s ...
[2026-07-14 20:49:13] Launching: C:\Users\Administrator\AppData\Local\Programs\Python\Python313\python.exe main.py
[2026-07-14 20:50:48] main.py running (pid=4944)
[2026-07-14 20:52:27] WARN: heartbeat missing/unreadable (up=95s) — wait next cycle
[2026-07-14 20:53:02] WARN: heartbeat missing/unreadable (up=134s) — wait next cycle
[2026-07-14 20:53:35] WARN: heartbeat missing/unreadable (up=168s) — wait next cycle
[2026-07-14 22:05:22] WARN: lock file ค้างจาก pid=5428 (ตายไปแล้ว) — เคลียร์แล้วรันต่อ
[2026-07-14 22:05:41] Supervisor started (profile='demo-iux-2101182461', stale=180 s, check=30 s, grace=90 s, python='C:\Users\Administrator\AppData\Local\Programs\Python\Python313\python.exe')
[2026-07-14 22:05:42] Launching: C:\Users\Administrator\AppData\Local\Programs\Python\Python313\python.exe main.py
[2026-07-14 22:05:42] main.py running (pid=4584)
[2026-07-14 22:10:39] STALL: heartbeat age=208s > 180s (loop hang) -> kill pid=4584 + restart
[2026-07-14 22:11:11] Restarting in 5 s ...
[2026-07-14 22:11:30] Launching: C:\Users\Administrator\AppData\Local\Programs\Python\Python313\python.exe main.py
[2026-07-14 22:11:40] main.py running (pid=752)
[2026-07-14 22:16:25] STALL: heartbeat age=210s > 180s (loop hang) -> kill pid=752 + restart
[2026-07-14 22:17:07] Restarting in 5 s ...
[2026-07-14 22:17:23] Launching: C:\Users\Administrator\AppData\Local\Programs\Python\Python313\python.exe main.py
[2026-07-14 22:17:28] main.py running (pid=648)
[2026-07-14 22:19:13] WARN: heartbeat missing/unreadable (up=100s) — wait next cycle
[2026-07-14 22:22:55] STALL: heartbeat age=182s > 180s (loop hang) -> kill pid=648 + restart
[2026-07-14 22:23:43] Restarting in 5 s ...
[2026-07-14 22:24:23] Launching: C:\Users\Administrator\AppData\Local\Programs\Python\Python313\python.exe main.py
[2026-07-14 22:24:41] main.py running (pid=4512)
[2026-07-14 22:29:31] STALL: heartbeat age=208s > 180s (loop hang) -> kill pid=4512 + restart
[2026-07-14 22:29:59] Restarting in 5 s ...
[2026-07-14 22:30:14] Launching: C:\Users\Administrator\AppData\Local\Programs\Python\Python313\python.exe main.py
[2026-07-14 22:30:49] main.py running (pid=768)
[2026-07-14 22:32:47] WARN: heartbeat missing/unreadable (up=119s) — wait next cycle
[2026-07-14 22:36:06] STALL: heartbeat age=188s > 180s (loop hang) -> kill pid=768 + restart
[2026-07-14 22:36:27] Restarting in 5 s ...
[2026-07-14 22:36:50] Launching: C:\Users\Administrator\AppData\Local\Programs\Python\Python313\python.exe main.py
[2026-07-14 22:37:14] main.py running (pid=4732)
[2026-07-14 22:39:02] WARN: heartbeat missing/unreadable (up=98s) — wait next cycle
[2026-07-14 22:39:52] WARN: heartbeat missing/unreadable (up=158s) — wait next cycle
[2026-07-14 22:43:38] STALL: heartbeat age=203s > 180s (loop hang) -> kill pid=4732 + restart
[2026-07-14 22:44:12] Restarting in 5 s ...
[2026-07-14 22:44:48] Launching: C:\Users\Administrator\AppData\Local\Programs\Python\Python313\python.exe main.py
[2026-07-14 22:45:10] main.py running (pid=4868)
[2026-07-14 22:46:58] WARN: heartbeat missing/unreadable (up=108s) — wait next cycle
[2026-07-14 22:51:14] STALL: heartbeat age=189s > 180s (loop hang) -> kill pid=4868 + restart
[2026-07-14 22:52:24] Restarting in 5 s ...
[2026-07-14 22:53:43] Launching: C:\Users\Administrator\AppData\Local\Programs\Python\Python313\python.exe main.py
[2026-07-14 22:54:26] main.py running (pid=3348)
[2026-07-14 22:56:04] WARN: heartbeat missing/unreadable (up=96s) — wait next cycle
[2026-07-14 22:56:52] WARN: heartbeat missing/unreadable (up=146s) — wait next cycle
[2026-07-14 23:02:12] STALL: heartbeat age=193s > 180s (loop hang) -> kill pid=3348 + restart
[2026-07-14 23:02:36] Restarting in 5 s ...
[2026-07-14 23:02:57] Launching: C:\Users\Administrator\AppData\Local\Programs\Python\Python313\python.exe main.py
[2026-07-14 23:03:30] main.py running (pid=5848)
[2026-07-14 23:05:03] WARN: heartbeat missing/unreadable (up=93s) — wait next cycle
[2026-07-14 23:05:45] WARN: heartbeat missing/unreadable (up=136s) — wait next cycle
[2026-07-14 23:06:16] WARN: heartbeat missing/unreadable (up=166s) — wait next cycle
[2026-07-14 23:09:53] STALL: heartbeat age=201s > 180s (loop hang) -> kill pid=5848 + restart
[2026-07-14 23:10:15] Restarting in 5 s ...
[2026-07-14 23:10:55] Launching: C:\Users\Administrator\AppData\Local\Programs\Python\Python313\python.exe main.py
[2026-07-14 23:10:57] main.py running (pid=1912)
[2026-07-14 23:12:51] WARN: heartbeat missing/unreadable (up=115s) — wait next cycle
[2026-07-14 23:16:50] STALL: heartbeat age=209s > 180s (loop hang) -> kill pid=1912 + restart
[2026-07-14 23:18:00] Restarting in 5 s ...
[2026-07-14 23:18:27] Launching: C:\Users\Administrator\AppData\Local\Programs\Python\Python313\python.exe main.py
[2026-07-14 23:18:30] main.py running (pid=3992)
[2026-07-14 23:20:04] WARN: heartbeat missing/unreadable (up=94s) — wait next cycle
[2026-07-14 23:26:07] STALL: heartbeat age=193s > 180s (loop hang) -> kill pid=3992 + restart
[2026-07-14 23:26:33] Restarting in 5 s ...
[2026-07-14 23:26:43] Launching: C:\Users\Administrator\AppData\Local\Programs\Python\Python313\python.exe main.py
[2026-07-14 23:26:50] main.py running (pid=3548)
[2026-07-14 23:30:44] STALL: heartbeat age=218s > 180s (loop hang) -> kill pid=3548 + restart
[2026-07-14 23:30:49] Restarting in 5 s ...
[2026-07-14 23:30:58] Launching: C:\Users\Administrator\AppData\Local\Programs\Python\Python313\python.exe main.py
[2026-07-14 23:31:01] main.py running (pid=4252)
[2026-07-14 23:34:56] STALL: heartbeat age=182s > 180s (loop hang) -> kill pid=4252 + restart
[2026-07-14 23:35:23] Restarting in 5 s ...
[2026-07-14 23:35:57] Launching: C:\Users\Administrator\AppData\Local\Programs\Python\Python313\python.exe main.py
[2026-07-14 23:36:10] main.py running (pid=784)
[2026-07-14 23:37:55] WARN: heartbeat missing/unreadable (up=107s) — wait next cycle
[2026-07-14 23:41:45] STALL: heartbeat age=210s > 180s (loop hang) -> kill pid=784 + restart
[2026-07-14 23:42:16] Restarting in 5 s ...
[2026-07-14 23:42:29] Launching: C:\Users\Administrator\AppData\Local\Programs\Python\Python313\python.exe main.py
[2026-07-14 23:42:40] main.py running (pid=3740)
[2026-07-14 23:44:19] WARN: heartbeat missing/unreadable (up=100s) — wait next cycle
[2026-07-14 23:48:22] STALL: heartbeat age=203s > 180s (loop hang) -> kill pid=3740 + restart
[2026-07-14 23:48:39] Restarting in 5 s ...
[2026-07-14 23:49:05] Launching: C:\Users\Administrator\AppData\Local\Programs\Python\Python313\python.exe main.py
[2026-07-14 23:49:05] main.py running (pid=1948)
[2026-07-14 23:33:30] WARN: lock file ค้างจาก pid=2328 (ตายไปแล้ว) — เคลียร์แล้วรันต่อ
[2026-07-14 23:33:39] Supervisor started (profile='demo-iux-2101182461', stale=180 s, check=30 s, grace=90 s, python='C:\Users\Administrator\AppData\Local\Programs\Python\Python313\python.exe')
[2026-07-14 23:33:39] Launching: C:\Users\Administrator\AppData\Local\Programs\Python\Python313\python.exe main.py
[2026-07-14 23:33:39] main.py running (pid=5668)
[2026-07-14 23:38:09] STALL: heartbeat age=192s > 180s (loop hang) -> kill pid=5668 + restart
[2026-07-14 23:38:34] Restarting in 5 s ...
[2026-07-14 23:38:40] Launching: C:\Users\Administrator\AppData\Local\Programs\Python\Python313\python.exe main.py
[2026-07-14 23:38:55] main.py running (pid=5944)
[2026-07-14 23:43:14] STALL: heartbeat age=207s > 180s (loop hang) -> kill pid=5944 + restart
[2026-07-14 23:43:27] Restarting in 5 s ...
[2026-07-14 23:43:34] Launching: C:\Users\Administrator\AppData\Local\Programs\Python\Python313\python.exe main.py
[2026-07-14 23:43:35] main.py running (pid=6120)
[2026-07-14 23:47:27] STALL: heartbeat age=194s > 180s (loop hang) -> kill pid=6120 + restart
[2026-07-14 23:47:30] Restarting in 5 s ...
[2026-07-14 23:47:50] Launching: C:\Users\Administrator\AppData\Local\Programs\Python\Python313\python.exe main.py
[2026-07-14 23:48:06] main.py running (pid=5472)
[2026-07-14 23:52:42] STALL: heartbeat age=189s > 180s (loop hang) -> kill pid=5472 + restart
[2026-07-14 23:52:54] Restarting in 5 s ...
[2026-07-14 23:52:59] Launching: C:\Users\Administrator\AppData\Local\Programs\Python\Python313\python.exe main.py
[2026-07-14 23:53:10] main.py running (pid=876)
[2026-07-15 00:07:32] STALL: heartbeat age=191s > 180s (loop hang) -> kill pid=876 + restart
[2026-07-15 00:07:45] Restarting in 5 s ...
[2026-07-15 00:07:50] Launching: C:\Users\Administrator\AppData\Local\Programs\Python\Python313\python.exe main.py
[2026-07-15 00:07:50] main.py running (pid=6284)
[2026-07-15 00:11:33] STALL: heartbeat age=189s > 180s (loop hang) -> kill pid=6284 + restart
[2026-07-15 00:11:40] Restarting in 5 s ...
[2026-07-15 00:11:45] Launching: C:\Users\Administrator\AppData\Local\Programs\Python\Python313\python.exe main.py
[2026-07-15 00:11:45] main.py running (pid=4356)
[2026-07-15 03:57:50] STALL: heartbeat age=205s > 180s (loop hang) -> kill pid=4356 + restart
[2026-07-15 03:58:15] Restarting in 5 s ...
[2026-07-15 03:58:33] Launching: C:\Users\Administrator\AppData\Local\Programs\Python\Python313\python.exe main.py
[2026-07-15 03:58:35] main.py running (pid=5596)
[2026-07-15 04:02:25] STALL: heartbeat age=187s > 180s (loop hang) -> kill pid=5596 + restart
[2026-07-15 04:02:25] Restarting in 5 s ...
[2026-07-15 04:02:31] Launching: C:\Users\Administrator\AppData\Local\Programs\Python\Python313\python.exe main.py
[2026-07-15 04:02:33] main.py running (pid=5860)
[2026-07-15 08:01:58] STALL: heartbeat age=203s > 180s (loop hang) -> kill pid=5860 + restart
[2026-07-15 08:02:09] Restarting in 5 s ...
[2026-07-15 08:02:15] Launching: C:\Users\Administrator\AppData\Local\Programs\Python\Python313\python.exe main.py
[2026-07-15 08:02:20] main.py running (pid=6788)
[2026-07-15 11:54:46] WARN: lock file ค้างจาก pid=3684 (ตายไปแล้ว) — เคลียร์แล้วรันต่อ
[2026-07-15 11:54:48] Supervisor started (profile='demo-iux-2101182461', stale=180 s, check=30 s, grace=90 s, python='C:\Users\Copter\AppData\Local\hermes\hermes-agent\venv\Scripts\python.exe')
[2026-07-15 11:54:48] Launching: C:\Users\Copter\AppData\Local\hermes\hermes-agent\venv\Scripts\python.exe main.py
[2026-07-15 11:54:48] main.py running (pid=40076)
[2026-07-15 14:23:32] WARN: lock file ค้างจาก pid=50704 (ตายไปแล้ว) — เคลียร์แล้วรันต่อ
[2026-07-15 14:23:32] Supervisor started (profile='demo-iux-2101182461', stale=180 s, check=30 s, grace=90 s, python='C:\Users\Copter\AppData\Local\hermes\hermes-agent\venv\Scripts\python.exe')
[2026-07-15 14:23:32] Launching: C:\Users\Copter\AppData\Local\hermes\hermes-agent\venv\Scripts\python.exe main.py
[2026-07-15 14:23:33] main.py running (pid=57380)
[2026-07-15 17:52:23] WARN: lock file ค้างจาก pid=14016 (ตายไปแล้ว) — เคลียร์แล้วรันต่อ
[2026-07-15 17:52:30] Supervisor started (profile='demo-iux-2101182461', stale=180 s, check=30 s, grace=90 s, python='C:\Users\Administrator\AppData\Local\Programs\Python\Python313\python.exe')
[2026-07-15 17:52:30] Launching: C:\Users\Administrator\AppData\Local\Programs\Python\Python313\python.exe main.py
[2026-07-15 17:52:30] main.py running (pid=5424)
[2026-07-15 17:55:56] STALL: heartbeat age=191s > 180s (loop hang) -> kill pid=5424 + restart
[2026-07-15 17:56:05] Restarting in 5 s ...
[2026-07-15 17:56:12] Launching: C:\Users\Administrator\AppData\Local\Programs\Python\Python313\python.exe main.py
[2026-07-15 17:56:18] main.py running (pid=5132)
[2026-07-15 18:21:20] WARN: lock file ค้างจาก pid=3660 (ตายไปแล้ว) — เคลียร์แล้วรันต่อ
[2026-07-15 18:21:33] Supervisor started (profile='demo-iux-2101182461', stale=180 s, check=30 s, grace=90 s, python='C:\Users\Administrator\AppData\Local\Programs\Python\Python313\python.exe')
[2026-07-15 18:21:35] Launching: C:\Users\Administrator\AppData\Local\Programs\Python\Python313\python.exe main.py
[2026-07-15 18:21:35] main.py running (pid=3824)
[2026-07-15 18:27:18] STALL: heartbeat age=196s > 180s (loop hang) -> kill pid=3824 + restart
[2026-07-15 18:27:46] Restarting in 5 s ...
[2026-07-15 18:27:58] Launching: C:\Users\Administrator\AppData\Local\Programs\Python\Python313\python.exe main.py
[2026-07-15 18:27:59] main.py running (pid=2252)
[2026-07-15 18:29:40] WARN: heartbeat missing/unreadable (up=98s) — wait next cycle
[2026-07-15 18:30:17] WARN: heartbeat missing/unreadable (up=136s) — wait next cycle
[2026-07-15 18:33:46] STALL: heartbeat age=193s > 180s (loop hang) -> kill pid=2252 + restart
[2026-07-15 18:34:26] Restarting in 5 s ...
[2026-07-15 18:34:33] Launching: C:\Users\Administrator\AppData\Local\Programs\Python\Python313\python.exe main.py
[2026-07-15 18:34:35] main.py running (pid=5228)
[2026-07-15 18:42:13] STALL: heartbeat age=208s > 180s (loop hang) -> kill pid=5228 + restart
[2026-07-15 18:42:25] Restarting in 5 s ...
[2026-07-15 18:42:33] Launching: C:\Users\Administrator\AppData\Local\Programs\Python\Python313\python.exe main.py
[2026-07-15 18:42:33] main.py running (pid=4764)
[2026-07-15 18:46:41] STALL: heartbeat age=198s > 180s (loop hang) -> kill pid=4764 + restart
[2026-07-15 18:47:13] Restarting in 5 s ...
[2026-07-15 18:47:38] Launching: C:\Users\Administrator\AppData\Local\Programs\Python\Python313\python.exe main.py
[2026-07-15 18:47:39] main.py running (pid=5412)
[2026-07-15 18:52:35] WARN: lock file ค้างจาก pid=5868 (ตายไปแล้ว) — เคลียร์แล้วรันต่อ
[2026-07-15 18:52:36] Supervisor started (profile='demo-iux-2101182461', stale=180 s, check=30 s, grace=90 s, python='C:\Users\Copter\AppData\Local\hermes\hermes-agent\venv\Scripts\python.exe')
[2026-07-15 18:52:36] Launching: C:\Users\Copter\AppData\Local\hermes\hermes-agent\venv\Scripts\python.exe main.py
[2026-07-15 18:52:36] main.py running (pid=45876)
[2026-07-16 16:42:40] WARN: lock file ค้างจาก pid=32056 (ตายไปแล้ว) — เคลียร์แล้วรันต่อ
[2026-07-16 16:42:42] Supervisor started (profile='demo-iux-2101182461', stale=180 s, check=30 s, grace=90 s, python='C:\Users\Copter\AppData\Local\hermes\hermes-agent\venv\Scripts\python.exe')
[2026-07-16 16:42:42] Launching: C:\Users\Copter\AppData\Local\hermes\hermes-agent\venv\Scripts\python.exe main.py
[2026-07-16 16:42:42] main.py running (pid=43572)
[2026-07-16 23:31:50] WARN: lock file ค้างจาก pid=7024 (ตายไปแล้ว) — เคลียร์แล้วรันต่อ
[2026-07-16 23:31:54] Supervisor started (profile='demo-iux-2101182461', stale=180 s, check=30 s, grace=90 s, python='C:\Users\Copter\AppData\Local\hermes\hermes-agent\venv\Scripts\python.exe')
[2026-07-16 23:31:54] Launching: C:\Users\Copter\AppData\Local\hermes\hermes-agent\venv\Scripts\python.exe main.py
[2026-07-16 23:31:54] main.py running (pid=2880)
[2026-07-17 09:09:33] WARN: lock file ค้างจาก pid=28412 (ตายไปแล้ว) — เคลียร์แล้วรันต่อ
[2026-07-17 09:09:34] Supervisor started (profile='demo-iux-2101182461', stale=180 s, check=30 s, grace=90 s, python='C:\Users\Copter\AppData\Local\hermes\hermes-agent\venv\Scripts\python.exe')
[2026-07-17 09:09:34] Launching: C:\Users\Copter\AppData\Local\hermes\hermes-agent\venv\Scripts\python.exe main.py
[2026-07-17 09:09:34] main.py running (pid=34304)
[2026-07-17 18:24:32] WARN: lock file ค้างจาก pid=33376 (ตายไปแล้ว) — เคลียร์แล้วรันต่อ
[2026-07-17 18:24:34] Supervisor started (profile='demo-iux-2101182461', stale=180 s, check=30 s, grace=90 s, python='C:\Users\Copter\AppData\Local\hermes\hermes-agent\venv\Scripts\python.exe')
[2026-07-17 18:24:34] Launching: C:\Users\Copter\AppData\Local\hermes\hermes-agent\venv\Scripts\python.exe main.py
[2026-07-17 18:24:34] main.py running (pid=57616)
[2026-07-17 18:26:03] WARN: lock file ค้างจาก pid=38712 (ตายไปแล้ว) — เคลียร์แล้วรันต่อ
[2026-07-17 18:26:05] Supervisor started (profile='demo-iux-2101182461', stale=180 s, check=30 s, grace=90 s, python='C:\Users\Copter\AppData\Local\hermes\hermes-agent\venv\Scripts\python.exe')
[2026-07-17 18:26:05] Launching: C:\Users\Copter\AppData\Local\hermes\hermes-agent\venv\Scripts\python.exe main.py
[2026-07-17 18:26:05] main.py running (pid=31916)
[2026-07-17 18:34:42] ERROR: พบ supervisor ตัวอื่นรันอยู่แล้ว (pid=41224) — เลิกรัน ตัวนี้เพื่อกัน main.py ซ้อน 2 instance (Telegram getUpdates Conflict)
[2026-07-17 18:39:37] Supervisor started (profile='demo-iux-2101182461', stale=180 s, check=30 s, grace=90 s, python='C:\Users\Copter\AppData\Local\hermes\hermes-agent\venv\Scripts\python.exe')
[2026-07-17 18:39:37] Launching: C:\Users\Copter\AppData\Local\hermes\hermes-agent\venv\Scripts\python.exe main.py
[2026-07-17 18:39:37] main.py running (pid=52192)
[2026-07-17 22:15:53] WARN: lock file ค้างจาก pid=17008 (ตายไปแล้ว) — เคลียร์แล้วรันต่อ
[2026-07-17 22:15:55] Supervisor started (profile='demo-iux-2101182461', stale=180 s, check=30 s, grace=90 s, python='C:\Users\Copter\AppData\Local\hermes\hermes-agent\venv\Scripts\python.exe')
[2026-07-17 22:15:55] Launching: C:\Users\Copter\AppData\Local\hermes\hermes-agent\venv\Scripts\python.exe main.py
[2026-07-17 22:15:55] main.py running (pid=28392)
[2026-07-19 23:27:41] WARN: lock file ค้างจาก pid=20336 (ตายไปแล้ว) — เคลียร์แล้วรันต่อ
[2026-07-19 23:27:44] Supervisor started (profile='demo-iux-2101182461', stale=180 s, check=30 s, grace=90 s, python='C:\Users\Copter\AppData\Local\hermes\hermes-agent\venv\Scripts\python.exe')
[2026-07-19 23:27:44] Launching: C:\Users\Copter\AppData\Local\hermes\hermes-agent\venv\Scripts\python.exe main.py
[2026-07-19 23:27:44] main.py running (pid=29132)
[2026-07-20 09:00:37] WARN: lock file ค้างจาก pid=22520 (ตายไปแล้ว) — เคลียร์แล้วรันต่อ
[2026-07-20 09:00:38] Supervisor started (profile='demo-iux-2101182461', stale=180 s, check=30 s, grace=90 s, python='C:\Users\Copter\AppData\Local\hermes\hermes-agent\venv\Scripts\python.exe')
[2026-07-20 09:00:38] Launching: C:\Users\Copter\AppData\Local\hermes\hermes-agent\venv\Scripts\python.exe main.py
[2026-07-20 09:00:38] main.py running (pid=25492)
[2026-07-20 09:38:05] WARN: lock file ค้างจาก pid=32332 (ตายไปแล้ว) — เคลียร์แล้วรันต่อ
[2026-07-20 09:38:09] Supervisor started (profile='demo-iux-2101182461', stale=180 s, check=30 s, grace=90 s, python='C:\Users\Copter\AppData\Local\hermes\hermes-agent\venv\Scripts\python.exe')
[2026-07-20 09:38:09] Launching: C:\Users\Copter\AppData\Local\hermes\hermes-agent\venv\Scripts\python.exe main.py
[2026-07-20 09:38:09] main.py running (pid=4936)
[2026-07-20 13:41:35] WARN: lock file ค้างจาก pid=30604 (ตายไปแล้ว) — เคลียร์แล้วรันต่อ
[2026-07-20 13:41:39] Supervisor started (profile='demo-iux-2101182461', stale=180 s, check=30 s, grace=90 s, python='C:\Users\Copter\AppData\Local\hermes\hermes-agent\venv\Scripts\python.exe')
[2026-07-20 13:41:39] Launching: C:\Users\Copter\AppData\Local\hermes\hermes-agent\venv\Scripts\python.exe main.py
[2026-07-20 13:41:39] main.py running (pid=31648)
[2026-07-20 16:52:14] WARN: lock file ค้างจาก pid=21728 (ตายไปแล้ว) — เคลียร์แล้วรันต่อ
[2026-07-20 16:52:17] Supervisor started (profile='demo-iux-2101182461', stale=180 s, check=30 s, grace=90 s, python='C:\Users\Copter\AppData\Local\hermes\hermes-agent\venv\Scripts\python.exe')
[2026-07-20 16:52:17] Launching: C:\Users\Copter\AppData\Local\hermes\hermes-agent\venv\Scripts\python.exe main.py
[2026-07-20 16:52:17] main.py running (pid=1868)
[2026-07-20 21:58:24] WARN: lock file ค้างจาก pid=39008 (ตายไปแล้ว) — เคลียร์แล้วรันต่อ
[2026-07-20 21:58:27] Supervisor started (profile='demo-iux-2101182461', stale=180 s, check=30 s, grace=90 s, python='C:\Users\Copter\AppData\Local\hermes\hermes-agent\venv\Scripts\python.exe')
[2026-07-20 21:58:27] Launching: C:\Users\Copter\AppData\Local\hermes\hermes-agent\venv\Scripts\python.exe main.py
[2026-07-20 21:58:28] main.py running (pid=29408)
[2026-07-21 09:02:36] WARN: lock file ค้างจาก pid=6464 (ตายไปแล้ว) — เคลียร์แล้วรันต่อ
[2026-07-21 09:02:37] Supervisor started (profile='demo-iux-2101182461', stale=180 s, check=30 s, grace=90 s, python='C:\Users\Copter\AppData\Local\hermes\hermes-agent\venv\Scripts\python.exe')
[2026-07-21 09:02:37] Launching: C:\Users\Copter\AppData\Local\hermes\hermes-agent\venv\Scripts\python.exe main.py
[2026-07-21 09:02:37] main.py running (pid=33988)
[2026-07-21 11:02:59] WARN: lock file ค้างจาก pid=29732 (ตายไปแล้ว) — เคลียร์แล้วรันต่อ
[2026-07-21 11:03:00] Supervisor started (profile='demo-iux-2101182461', stale=180 s, check=30 s, grace=90 s, python='C:\Users\Copter\AppData\Local\hermes\hermes-agent\venv\Scripts\python.exe')
[2026-07-21 11:03:00] Launching: C:\Users\Copter\AppData\Local\hermes\hermes-agent\venv\Scripts\python.exe main.py
[2026-07-21 11:03:00] main.py running (pid=18004)
[2026-07-21 13:16:30] WARN: lock file ค้างจาก pid=21192 (ตายไปแล้ว) — เคลียร์แล้วรันต่อ
[2026-07-21 13:16:31] Supervisor started (profile='demo-iux-2101182461', stale=180 s, check=30 s, grace=90 s, python='C:\Users\Copter\AppData\Local\hermes\hermes-agent\venv\Scripts\python.exe')
[2026-07-21 13:16:31] Launching: C:\Users\Copter\AppData\Local\hermes\hermes-agent\venv\Scripts\python.exe main.py
[2026-07-21 13:16:31] main.py running (pid=33864)
[2026-07-21 16:41:07] main.py exited (code=) -> restart
[2026-07-21 16:41:07] Restarting in 5 s ...
[2026-07-21 16:41:12] Launching: C:\Users\Copter\AppData\Local\hermes\hermes-agent\venv\Scripts\python.exe main.py
[2026-07-21 16:41:12] main.py running (pid=33708)
[2026-07-21 16:44:42] main.py exited (code=) -> restart
[2026-07-21 16:44:42] Restarting in 5 s ...
[2026-07-21 16:44:47] Launching: C:\Users\Copter\AppData\Local\hermes\hermes-agent\venv\Scripts\python.exe main.py
[2026-07-21 16:44:47] main.py running (pid=49672)
[2026-07-21 17:17:17] WARN: lock file ค้างจาก pid=1828 (ตายไปแล้ว) — เคลียร์แล้วรันต่อ
[2026-07-21 17:17:19] Supervisor started (profile='demo-iux-2101182461', stale=180 s, check=30 s, grace=90 s, python='C:\Users\Copter\AppData\Local\hermes\hermes-agent\venv\Scripts\python.exe')
[2026-07-21 17:17:19] Launching: C:\Users\Copter\AppData\Local\hermes\hermes-agent\venv\Scripts\python.exe main.py
[2026-07-21 17:17:19] main.py running (pid=52800)
[2026-07-21 18:14:46] WARN: lock file ค้างจาก pid=48540 (ตายไปแล้ว) — เคลียร์แล้วรันต่อ
[2026-07-21 18:14:47] Supervisor started (profile='demo-iux-2101182461', stale=180 s, check=30 s, grace=90 s, python='C:\Users\Copter\AppData\Local\hermes\hermes-agent\venv\Scripts\python.exe')
[2026-07-21 18:14:47] Launching: C:\Users\Copter\AppData\Local\hermes\hermes-agent\venv\Scripts\python.exe main.py
[2026-07-21 18:14:47] main.py running (pid=51268)
[2026-07-22 09:01:04] WARN: lock file ค้างจาก pid=32824 (ตายไปแล้ว) — เคลียร์แล้วรันต่อ
[2026-07-22 09:01:05] Supervisor started (profile='demo-iux-2101182461', stale=180 s, check=30 s, grace=90 s, python='C:\Users\Copter\AppData\Local\hermes\hermes-agent\venv\Scripts\python.exe')
[2026-07-22 09:01:05] Launching: C:\Users\Copter\AppData\Local\hermes\hermes-agent\venv\Scripts\python.exe main.py
[2026-07-22 09:01:05] main.py running (pid=34880)
[2026-07-22 10:15:56] WARN: lock file ค้างจาก pid=35484 (ตายไปแล้ว) — เคลียร์แล้วรันต่อ
[2026-07-22 10:15:57] Supervisor started (profile='demo-iux-2101182461', stale=180 s, check=30 s, grace=90 s, python='C:\Users\Copter\AppData\Local\hermes\hermes-agent\venv\Scripts\python.exe')
[2026-07-22 10:15:57] Launching: C:\Users\Copter\AppData\Local\hermes\hermes-agent\venv\Scripts\python.exe main.py
[2026-07-22 10:15:57] main.py running (pid=11632)
[2026-07-22 15:06:26] WARN: lock file ค้างจาก pid=34176 (ตายไปแล้ว) — เคลียร์แล้วรันต่อ
[2026-07-22 15:06:29] Supervisor started (profile='demo-iux-2101182461', stale=180 s, check=30 s, grace=90 s, python='C:\Users\Copter\AppData\Local\hermes\hermes-agent\venv\Scripts\python.exe')
[2026-07-22 15:06:29] Launching: C:\Users\Copter\AppData\Local\hermes\hermes-agent\venv\Scripts\python.exe main.py
[2026-07-22 15:06:29] main.py running (pid=52760)
[2026-07-22 16:16:28] WARN: lock file ค้างจาก pid=45024 (ตายไปแล้ว) — เคลียร์แล้วรันต่อ
[2026-07-22 16:16:30] Supervisor started (profile='demo-iux-2101182461', stale=180 s, check=30 s, grace=90 s, python='C:\Users\Copter\AppData\Local\hermes\hermes-agent\venv\Scripts\python.exe')
[2026-07-22 16:16:30] Launching: C:\Users\Copter\AppData\Local\hermes\hermes-agent\venv\Scripts\python.exe main.py
[2026-07-22 16:16:30] main.py running (pid=39388)
[2026-07-22 19:19:35] WARN: lock file ค้างจาก pid=44140 (ตายไปแล้ว) — เคลียร์แล้วรันต่อ
[2026-07-22 19:19:38] Supervisor started (profile='demo-iux-2101182461', stale=180 s, check=30 s, grace=90 s, python='C:\Users\Copter\AppData\Local\hermes\hermes-agent\venv\Scripts\python.exe')
[2026-07-22 19:19:38] Launching: C:\Users\Copter\AppData\Local\hermes\hermes-agent\venv\Scripts\python.exe main.py
[2026-07-22 19:19:38] main.py running (pid=18344)
[2026-07-23 09:03:32] WARN: lock file ค้างจาก pid=45608 (ตายไปแล้ว) — เคลียร์แล้วรันต่อ
[2026-07-23 09:03:33] Supervisor started (profile='demo-iux-2101182461', stale=180 s, check=30 s, grace=90 s, python='C:\Users\Copter\AppData\Local\hermes\hermes-agent\venv\Scripts\python.exe')
[2026-07-23 09:03:33] Launching: C:\Users\Copter\AppData\Local\hermes\hermes-agent\venv\Scripts\python.exe main.py
[2026-07-23 09:03:33] main.py running (pid=34644)
[2026-07-23 12:30:00] WARN: lock file ค้างจาก pid=33876 (ตายไปแล้ว) — เคลียร์แล้วรันต่อ
[2026-07-23 12:30:01] Supervisor started (profile='demo-iux-2101182461', stale=180 s, check=30 s, grace=90 s, python='C:\Users\Copter\AppData\Local\hermes\hermes-agent\venv\Scripts\python.exe')
[2026-07-23 12:30:01] Launching: C:\Users\Copter\AppData\Local\hermes\hermes-agent\venv\Scripts\python.exe main.py
[2026-07-23 12:30:01] main.py running (pid=44212)
[2026-07-23 16:32:46] WARN: lock file ค้างจาก pid=53572 (ตายไปแล้ว) — เคลียร์แล้วรันต่อ
[2026-07-23 16:32:48] Supervisor started (profile='demo-iux-2101182461', stale=180 s, check=30 s, grace=90 s, python='C:\Users\Copter\AppData\Local\hermes\hermes-agent\venv\Scripts\python.exe')
[2026-07-23 16:32:48] Launching: C:\Users\Copter\AppData\Local\hermes\hermes-agent\venv\Scripts\python.exe main.py
[2026-07-23 16:32:48] main.py running (pid=31176)
[2026-07-23 18:36:34] WARN: lock file ค้างจาก pid=33580 (ตายไปแล้ว) — เคลียร์แล้วรันต่อ
[2026-07-23 18:36:35] Supervisor started (profile='demo-iux-2101182461', stale=180 s, check=30 s, grace=90 s, python='C:\Users\Copter\AppData\Local\hermes\hermes-agent\venv\Scripts\python.exe')
[2026-07-23 18:36:35] Launching: C:\Users\Copter\AppData\Local\hermes\hermes-agent\venv\Scripts\python.exe main.py
[2026-07-23 18:36:35] main.py running (pid=2504)
[2026-07-23 18:42:37] WARN: lock file ค้างจาก pid=44580 (ตายไปแล้ว) — เคลียร์แล้วรันต่อ
[2026-07-23 18:42:38] Supervisor started (profile='demo-iux-2101182461', stale=180 s, check=30 s, grace=90 s, python='C:\Users\Copter\AppData\Local\hermes\hermes-agent\venv\Scripts\python.exe')
[2026-07-23 18:42:38] Launching: C:\Users\Copter\AppData\Local\hermes\hermes-agent\venv\Scripts\python.exe main.py
[2026-07-23 18:42:38] main.py running (pid=33240)
[2026-07-24 09:02:29] WARN: lock file ค้างจาก pid=46616 (ตายไปแล้ว) — เคลียร์แล้วรันต่อ
[2026-07-24 09:02:31] Supervisor started (profile='demo-iux-2101182461', stale=180 s, check=30 s, grace=90 s, python='C:\Users\Copter\AppData\Local\hermes\hermes-agent\venv\Scripts\python.exe')
[2026-07-24 09:02:31] Launching: C:\Users\Copter\AppData\Local\hermes\hermes-agent\venv\Scripts\python.exe main.py
[2026-07-24 09:02:31] main.py running (pid=33740)
[2026-07-24 15:56:44] WARN: lock file ค้างจาก pid=23344 (ตายไปแล้ว) — เคลียร์แล้วรันต่อ
[2026-07-24 15:56:45] Supervisor started (profile='demo-iux-2101182461', stale=180 s, check=30 s, grace=90 s, python='C:\Users\Copter\AppData\Local\hermes\hermes-agent\venv\Scripts\python.exe')
[2026-07-24 15:56:45] Launching: C:\Users\Copter\AppData\Local\hermes\hermes-agent\venv\Scripts\python.exe main.py
[2026-07-24 15:56:45] main.py running (pid=4900)
[2026-07-27 17:46:41] WARN: lock file ค้างจาก pid=19504 (ตายไปแล้ว) — เคลียร์แล้วรันต่อ
[2026-07-27 17:46:43] Supervisor started (profile='demo-iux-2101182461', stale=180 s, check=30 s, grace=90 s, python='C:\Users\Copter\AppData\Local\hermes\hermes-agent\venv\Scripts\python.exe')
[2026-07-27 17:46:43] Launching: C:\Users\Copter\AppData\Local\hermes\hermes-agent\venv\Scripts\python.exe main.py
[2026-07-27 17:46:43] main.py running (pid=33360)
[2026-07-27 21:12:54] WARN: lock file ค้างจาก pid=42208 (ตายไปแล้ว) — เคลียร์แล้วรันต่อ
[2026-07-27 21:12:57] Supervisor started (profile='demo-iux-2101182461', stale=180 s, check=30 s, grace=90 s, python='C:\Users\Copter\AppData\Local\hermes\hermes-agent\venv\Scripts\python.exe')
[2026-07-27 21:12:57] Launching: C:\Users\Copter\AppData\Local\hermes\hermes-agent\venv\Scripts\python.exe main.py
[2026-07-27 21:12:57] main.py running (pid=23804)
[2026-07-27 22:55:48] WARN: lock file ค้างจาก pid=57116 (ตายไปแล้ว) — เคลียร์แล้วรันต่อ
[2026-07-27 22:55:51] Supervisor started (profile='demo-iux-2101182461', stale=180 s, check=30 s, grace=90 s, python='C:\Users\Copter\AppData\Local\hermes\hermes-agent\venv\Scripts\python.exe')
[2026-07-27 22:55:52] Launching: C:\Users\Copter\AppData\Local\hermes\hermes-agent\venv\Scripts\python.exe main.py
[2026-07-27 22:55:52] main.py running (pid=26004)
[2026-07-28 11:40:41] WARN: lock file ค้างจาก pid=22636 (ตายไปแล้ว) — เคลียร์แล้วรันต่อ
[2026-07-28 11:40:44] Supervisor started (profile='demo-iux-2101182461', stale=180 s, check=30 s, grace=90 s, python='C:\Users\Copter\AppData\Local\hermes\hermes-agent\venv\Scripts\python.exe')
[2026-07-28 11:40:44] Launching: C:\Users\Copter\AppData\Local\hermes\hermes-agent\venv\Scripts\python.exe main.py
[2026-07-28 11:40:44] main.py running (pid=29572)
[2026-07-28 14:22:17] WARN: lock file ค้างจาก pid=27928 (ตายไปแล้ว) — เคลียร์แล้วรันต่อ
[2026-07-28 14:22:21] Supervisor started (profile='demo-iux-2101182461', stale=180 s, check=30 s, grace=90 s, python='C:\Users\Copter\AppData\Local\hermes\hermes-agent\venv\Scripts\python.exe')
[2026-07-28 14:22:21] Launching: C:\Users\Copter\AppData\Local\hermes\hermes-agent\venv\Scripts\python.exe main.py
[2026-07-28 14:22:21] main.py running (pid=6228)
[2026-07-28 16:34:01] WARN: lock file ค้างจาก pid=3192 (ตายไปแล้ว) — เคลียร์แล้วรันต่อ
[2026-07-28 16:34:05] Supervisor started (profile='demo-iux-2101182461', stale=180 s, check=30 s, grace=90 s, python='C:\Users\Copter\AppData\Local\hermes\hermes-agent\venv\Scripts\python.exe')
[2026-07-28 16:34:05] Launching: C:\Users\Copter\AppData\Local\hermes\hermes-agent\venv\Scripts\python.exe main.py
[2026-07-28 16:34:05] main.py running (pid=30784)
[2026-07-28 18:57:30] ERROR: พบ supervisor ตัวอื่นรันอยู่แล้ว (pid=15876) — เลิกรัน ตัวนี้เพื่อกัน main.py ซ้อน 2 instance (Telegram getUpdates Conflict)
[2026-07-28 19:21:54] WARN: lock file ค้างจาก pid=15876 (ตายไปแล้ว) — เคลียร์แล้วรันต่อ
[2026-07-28 19:21:58] Supervisor started (profile='demo-iux-2101182461', stale=180 s, check=30 s, grace=90 s, python='C:\Users\Copter\AppData\Local\hermes\hermes-agent\venv\Scripts\python.exe')
[2026-07-28 19:21:58] Launching: C:\Users\Copter\AppData\Local\hermes\hermes-agent\venv\Scripts\python.exe main.py
[2026-07-28 19:21:58] main.py running (pid=19752)
[2026-07-28 19:36:07] ERROR: พบ supervisor ตัวอื่นรันอยู่แล้ว (pid=29396) — เลิกรัน ตัวนี้เพื่อกัน main.py ซ้อน 2 instance (Telegram getUpdates Conflict)
[2026-07-28 20:06:06] WARN: lock file ค้างจาก pid=29396 (ตายไปแล้ว) — เคลียร์แล้วรันต่อ
[2026-07-28 20:06:12] Supervisor started (profile='demo-iux-2101182461', stale=180 s, check=30 s, grace=90 s, python='C:\Users\Copter\AppData\Local\hermes\hermes-agent\venv\Scripts\python.exe')
[2026-07-28 20:06:12] Launching: C:\Users\Copter\AppData\Local\hermes\hermes-agent\venv\Scripts\python.exe main.py
[2026-07-28 20:06:12] main.py running (pid=32924)
[2026-07-28 20:44:49] WARN: lock file ค้างจาก pid=27640 (ตายไปแล้ว) — เคลียร์แล้วรันต่อ
[2026-07-28 20:44:52] Supervisor started (profile='demo-iux-2101182461', stale=180 s, check=30 s, grace=90 s, python='C:\Users\Copter\AppData\Local\hermes\hermes-agent\venv\Scripts\python.exe')
[2026-07-28 20:44:52] Launching: C:\Users\Copter\AppData\Local\hermes\hermes-agent\venv\Scripts\python.exe main.py
[2026-07-28 20:44:52] main.py running (pid=31580)
[2026-07-28 20:51:07] ERROR: พบ supervisor ตัวอื่นรันอยู่แล้ว (pid=33276) — เลิกรัน ตัวนี้เพื่อกัน main.py ซ้อน 2 instance (Telegram getUpdates Conflict)
[2026-07-28 21:06:55] WARN: lock file ค้างจาก pid=33276 (ตายไปแล้ว) — เคลียร์แล้วรันต่อ
[2026-07-28 21:06:59] Supervisor started (profile='demo-iux-2101182461', stale=180 s, check=30 s, grace=90 s, python='C:\Users\Copter\AppData\Local\hermes\hermes-agent\venv\Scripts\python.exe')
[2026-07-28 21:06:59] Launching: C:\Users\Copter\AppData\Local\hermes\hermes-agent\venv\Scripts\python.exe main.py
[2026-07-28 21:06:59] main.py running (pid=16824)
[2026-07-28 21:36:07] WARN: lock file ค้างจาก pid=3504 (ตายไปแล้ว) — เคลียร์แล้วรันต่อ
[2026-07-28 21:36:10] Supervisor started (profile='demo-iux-2101182461', stale=180 s, check=30 s, grace=90 s, python='C:\Users\Copter\AppData\Local\hermes\hermes-agent\venv\Scripts\python.exe')
[2026-07-28 21:36:10] Launching: C:\Users\Copter\AppData\Local\hermes\hermes-agent\venv\Scripts\python.exe main.py
[2026-07-28 21:36:11] main.py running (pid=9616)
[2026-07-28 21:42:28] WARN: lock file ค้างจาก pid=16836 (ตายไปแล้ว) — เคลียร์แล้วรันต่อ
[2026-07-28 21:42:33] Supervisor started (profile='demo-iux-2101182461', stale=180 s, check=30 s, grace=90 s, python='C:\Users\Copter\AppData\Local\hermes\hermes-agent\venv\Scripts\python.exe')
[2026-07-28 21:42:33] Launching: C:\Users\Copter\AppData\Local\hermes\hermes-agent\venv\Scripts\python.exe main.py
[2026-07-28 21:42:33] main.py running (pid=29096)
[2026-07-28 22:09:35] WARN: lock file ค้างจาก pid=23040 (ตายไปแล้ว) — เคลียร์แล้วรันต่อ
[2026-07-28 22:09:39] Supervisor started (profile='demo-iux-2101182461', stale=180 s, check=30 s, grace=90 s, python='C:\Users\Copter\AppData\Local\hermes\hermes-agent\venv\Scripts\python.exe')
[2026-07-28 22:09:39] Launching: C:\Users\Copter\AppData\Local\hermes\hermes-agent\venv\Scripts\python.exe main.py
[2026-07-28 22:09:39] main.py running (pid=23012)
[2026-07-28 22:13:55] WARN: lock file ค้างจาก pid=25360 (ตายไปแล้ว) — เคลียร์แล้วรันต่อ
[2026-07-28 22:13:58] Supervisor started (profile='demo-iux-2101182461', stale=180 s, check=30 s, grace=90 s, python='C:\Users\Copter\AppData\Local\hermes\hermes-agent\venv\Scripts\python.exe')
[2026-07-28 22:13:58] Launching: C:\Users\Copter\AppData\Local\hermes\hermes-agent\venv\Scripts\python.exe main.py
[2026-07-28 22:13:58] main.py running (pid=15128)
[2026-07-28 22:19:12] WARN: lock file ค้างจาก pid=35508 (ตายไปแล้ว) — เคลียร์แล้วรันต่อ
[2026-07-28 22:19:16] Supervisor started (profile='demo-iux-2101182461', stale=180 s, check=30 s, grace=90 s, python='C:\Users\Copter\AppData\Local\hermes\hermes-agent\venv\Scripts\python.exe')
[2026-07-28 22:19:16] Launching: C:\Users\Copter\AppData\Local\hermes\hermes-agent\venv\Scripts\python.exe main.py
[2026-07-28 22:19:16] main.py running (pid=33672)
[2026-07-28 22:25:37] WARN: lock file ค้างจาก pid=14500 (ตายไปแล้ว) — เคลียร์แล้วรันต่อ
[2026-07-28 22:25:40] Supervisor started (profile='demo-iux-2101182461', stale=180 s, check=30 s, grace=90 s, python='C:\Users\Copter\AppData\Local\hermes\hermes-agent\venv\Scripts\python.exe')
[2026-07-28 22:25:40] Launching: C:\Users\Copter\AppData\Local\hermes\hermes-agent\venv\Scripts\python.exe main.py
[2026-07-28 22:25:40] main.py running (pid=22736)
[2026-07-28 22:28:01] WARN: lock file ค้างจาก pid=15772 (ตายไปแล้ว) — เคลียร์แล้วรันต่อ
[2026-07-28 22:28:04] Supervisor started (profile='demo-iux-2101182461', stale=180 s, check=30 s, grace=90 s, python='C:\Users\Copter\AppData\Local\hermes\hermes-agent\venv\Scripts\python.exe')
[2026-07-28 22:28:04] Launching: C:\Users\Copter\AppData\Local\hermes\hermes-agent\venv\Scripts\python.exe main.py
[2026-07-28 22:28:04] main.py running (pid=29832)
[2026-07-29 20:23:33] WARN: lock file ค้างจาก pid=13792 (ตายไปแล้ว) — เคลียร์แล้วรันต่อ
[2026-07-29 20:23:39] Supervisor started (profile='demo-iux-2101182461', stale=180 s, check=30 s, grace=90 s, python='C:\Users\Copter\AppData\Local\hermes\hermes-agent\venv\Scripts\python.exe')
[2026-07-29 20:23:39] Launching: C:\Users\Copter\AppData\Local\hermes\hermes-agent\venv\Scripts\python.exe main.py
[2026-07-29 20:23:39] main.py running (pid=22468)
[2026-07-29 20:24:39] main.py exited (code=) -> restart
[2026-07-29 20:24:39] Restarting in 5 s ...
[2026-07-29 20:24:44] Launching: C:\Users\Copter\AppData\Local\hermes\hermes-agent\venv\Scripts\python.exe main.py
[2026-07-29 20:24:44] main.py running (pid=5616)
[2026-07-29 20:25:14] main.py exited (code=) -> restart
[2026-07-29 20:25:14] Restarting in 5 s ...
[2026-07-29 20:25:19] Launching: C:\Users\Copter\AppData\Local\hermes\hermes-agent\venv\Scripts\python.exe main.py
[2026-07-29 20:25:19] main.py running (pid=14504)
[2026-07-29 20:25:49] main.py exited (code=) -> restart
[2026-07-29 20:25:49] Restarting in 5 s ...
[2026-07-29 20:25:54] Launching: C:\Users\Copter\AppData\Local\hermes\hermes-agent\venv\Scripts\python.exe main.py
[2026-07-29 20:25:54] main.py running (pid=14976)
[2026-07-29 20:26:24] main.py exited (code=) -> restart
[2026-07-29 20:26:24] Restarting in 5 s ...
[2026-07-29 20:26:29] Launching: C:\Users\Copter\AppData\Local\hermes\hermes-agent\venv\Scripts\python.exe main.py
[2026-07-29 20:26:29] main.py running (pid=8392)
[2026-07-29 20:26:59] main.py exited (code=) -> restart
[2026-07-29 20:26:59] Restarting in 5 s ...
[2026-07-29 20:27:04] Launching: C:\Users\Copter\AppData\Local\hermes\hermes-agent\venv\Scripts\python.exe main.py
[2026-07-29 20:27:04] main.py running (pid=19132)
[2026-07-29 20:27:34] main.py exited (code=) -> restart
[2026-07-29 20:27:34] Restarting in 5 s ...
[2026-07-29 20:27:39] Launching: C:\Users\Copter\AppData\Local\hermes\hermes-agent\venv\Scripts\python.exe main.py
[2026-07-29 20:27:39] main.py running (pid=11532)
[2026-07-29 20:58:39] WARN: lock file ค้างจาก pid=27288 (ตายไปแล้ว) — เคลียร์แล้วรันต่อ
[2026-07-29 20:58:47] Supervisor started (profile='demo-iux-2101182461', stale=180 s, check=30 s, grace=90 s, python='C:\Users\Copter\AppData\Local\hermes\hermes-agent\venv\Scripts\python.exe')
[2026-07-29 20:58:47] Launching: C:\Users\Copter\AppData\Local\hermes\hermes-agent\venv\Scripts\python.exe main.py
[2026-07-29 20:58:47] main.py running (pid=29664)
[2026-07-30 09:02:30] WARN: lock file ค้างจาก pid=26392 (ตายไปแล้ว) — เคลียร์แล้วรันต่อ
[2026-07-30 09:02:31] Supervisor started (profile='demo-iux-2101182461', stale=180 s, check=30 s, grace=90 s, python='C:\Users\Copter\AppData\Local\hermes\hermes-agent\venv\Scripts\python.exe')
[2026-07-30 09:02:31] Launching: C:\Users\Copter\AppData\Local\hermes\hermes-agent\venv\Scripts\python.exe main.py
[2026-07-30 09:02:31] main.py running (pid=28868)
[2026-07-31 09:04:39] WARN: lock file ค้างจาก pid=28456 (ตายไปแล้ว) — เคลียร์แล้วรันต่อ
[2026-07-31 09:04:45] Supervisor started (profile='demo-iux-2101182461', stale=180 s, check=30 s, grace=90 s, python='C:\Users\Copter\AppData\Local\hermes\hermes-agent\venv\Scripts\python.exe')
[2026-07-31 09:04:45] Launching: C:\Users\Copter\AppData\Local\hermes\hermes-agent\venv\Scripts\python.exe main.py
[2026-07-31 09:04:45] main.py running (pid=31036)
[2026-07-31 17:50:45] main.py exited (code=) -> restart
[2026-07-31 17:50:45] Restarting in 5 s ...
[2026-07-31 17:50:50] Launching: C:\Users\Copter\AppData\Local\hermes\hermes-agent\venv\Scripts\python.exe main.py
[2026-07-31 17:50:50] main.py running (pid=33208)
[2026-07-31 23:09:14] WARN: lock file ค้างจาก pid=28128 (ตายไปแล้ว) — เคลียร์แล้วรันต่อ
[2026-07-31 23:09:15] Supervisor started (profile='demo-iux-2101182461', stale=180 s, check=30 s, grace=90 s, python='C:\Users\Copter\AppData\Local\hermes\hermes-agent\venv\Scripts\python.exe')
[2026-07-31 23:09:15] Launching: C:\Users\Copter\AppData\Local\hermes\hermes-agent\venv\Scripts\python.exe main.py
[2026-07-31 23:09:15] main.py running (pid=45848)
[2026-08-03 00:05:07] WARN: lock file ค้างจาก pid=18248 (ตายไปแล้ว) — เคลียร์แล้วรันต่อ
[2026-08-03 00:05:11] Supervisor started (profile='demo-iux-2101182461', stale=180 s, check=30 s, grace=90 s, python='C:\Users\Copter\AppData\Local\hermes\hermes-agent\venv\Scripts\python.exe')
[2026-08-03 00:05:11] Launching: C:\Users\Copter\AppData\Local\hermes\hermes-agent\venv\Scripts\python.exe main.py
[2026-08-03 00:05:11] main.py running (pid=33860)
[2026-08-03 09:05:36] WARN: lock file ค้างจาก pid=36584 (ตายไปแล้ว) — เคลียร์แล้วรันต่อ
[2026-08-03 09:05:37] Supervisor started (profile='demo-iux-2101182461', stale=180 s, check=30 s, grace=90 s, python='C:\Users\Copter\AppData\Local\hermes\hermes-agent\venv\Scripts\python.exe')
[2026-08-03 09:05:37] Launching: C:\Users\Copter\AppData\Local\hermes\hermes-agent\venv\Scripts\python.exe main.py
[2026-08-03 09:05:37] main.py running (pid=34344)
[2026-08-03 14:42:52] WARN: lock file ค้างจาก pid=32228 (ตายไปแล้ว) — เคลียร์แล้วรันต่อ
[2026-08-03 14:43:04] Supervisor started (profile='demo-iux-2101182461', stale=180 s, check=30 s, grace=90 s, python='C:\Users\Copter\AppData\Local\hermes\hermes-agent\venv\Scripts\python.exe')
[2026-08-03 14:43:04] Launching: C:\Users\Copter\AppData\Local\hermes\hermes-agent\venv\Scripts\python.exe main.py
[2026-08-03 14:43:04] main.py running (pid=9344)
[2026-08-03 14:44:35] WARN: heartbeat missing/unreadable (up=90s) — wait next cycle
[2026-08-03 14:45:05] WARN: heartbeat missing/unreadable (up=120s) — wait next cycle
[2026-08-03 14:45:35] WARN: heartbeat missing/unreadable (up=150s) — wait next cycle
[2026-08-03 14:46:05] WARN: heartbeat missing/unreadable (up=180s) — wait next cycle
[2026-08-03 15:36:06] WARN: lock file ค้างจาก pid=31936 (ตายไปแล้ว) — เคลียร์แล้วรันต่อ
[2026-08-03 15:36:06] ERROR: พบ supervisor ตัวอื่นรันอยู่แล้ว (pid=31296) — เลิกรัน ตัวนี้เพื่อกัน main.py ซ้อน 2 instance (Telegram getUpdates Conflict)
[2026-08-03 15:36:07] Supervisor started (profile='demo-iux-2101182461', stale=180 s, check=30 s, grace=90 s, python='C:\Users\Copter\AppData\Local\hermes\hermes-agent\venv\Scripts\python.exe')
[2026-08-03 15:36:07] Launching: C:\Users\Copter\AppData\Local\hermes\hermes-agent\venv\Scripts\python.exe main.py
[2026-08-03 15:36:07] main.py running (pid=19344)
[2026-08-03 15:36:45] WARN: lock file ค้างจาก pid=31296 (ตายไปแล้ว) — เคลียร์แล้วรันต่อ
[2026-08-03 15:36:46] Supervisor started (profile='demo-iux-2101182461', stale=180 s, check=30 s, grace=90 s, python='C:\Users\Copter\AppData\Local\hermes\hermes-agent\venv\Scripts\python.exe')
[2026-08-03 15:36:46] Launching: C:\Users\Copter\AppData\Local\hermes\hermes-agent\venv\Scripts\python.exe main.py
[2026-08-03 15:36:47] main.py running (pid=34380)
[2026-08-03 17:35:44] WARN: lock file ค้างจาก pid=17888 (ตายไปแล้ว) — เคลียร์แล้วรันต่อ
[2026-08-03 17:35:45] Supervisor started (profile='demo-iux-2101182461', stale=180 s, check=30 s, grace=90 s, python='C:\Users\Copter\AppData\Local\hermes\hermes-agent\venv\Scripts\python.exe')
[2026-08-03 17:35:45] Launching: C:\Users\Copter\AppData\Local\hermes\hermes-agent\venv\Scripts\python.exe main.py
[2026-08-03 17:35:45] main.py running (pid=35172)
[2026-08-03 20:55:37] WARN: lock file ค้างจาก pid=31064 (ตายไปแล้ว) — เคลียร์แล้วรันต่อ
[2026-08-03 20:55:38] Supervisor started (profile='demo-iux-2101182461', stale=180 s, check=30 s, grace=90 s, python='C:\Users\Copter\AppData\Local\hermes\hermes-agent\venv\Scripts\python.exe')
[2026-08-03 20:55:38] Launching: C:\Users\Copter\AppData\Local\hermes\hermes-agent\venv\Scripts\python.exe main.py
[2026-08-03 20:55:38] main.py running (pid=17480)
[2026-08-04 08:41:28] WARN: lock file ค้างจาก pid=14848 (ตายไปแล้ว) — เคลียร์แล้วรันต่อ
[2026-08-04 08:41:29] Supervisor started (profile='demo-iux-2101182461', stale=180 s, check=30 s, grace=90 s, python='C:\Users\Copter\AppData\Local\hermes\hermes-agent\venv\Scripts\python.exe')
[2026-08-04 08:41:29] Launching: C:\Users\Copter\AppData\Local\hermes\hermes-agent\venv\Scripts\python.exe main.py
[2026-08-04 08:41:29] main.py running (pid=28092)
[2026-08-04 17:16:10] WARN: lock file ค้างจาก pid=34404 (ตายไปแล้ว) — เคลียร์แล้วรันต่อ
[2026-08-04 17:16:12] Supervisor started (profile='demo-iux-2101182461', stale=180 s, check=30 s, grace=90 s, python='C:\Users\Copter\AppData\Local\hermes\hermes-agent\venv\Scripts\python.exe')
[2026-08-04 17:16:12] Launching: C:\Users\Copter\AppData\Local\hermes\hermes-agent\venv\Scripts\python.exe main.py
[2026-08-04 17:16:12] main.py running (pid=97180)
[2026-08-04 21:33:03] WARN: lock file ค้างจาก pid=27320 (ตายไปแล้ว) — เคลียร์แล้วรันต่อ
[2026-08-04 21:33:05] Supervisor started (profile='demo-iux-2101182461', stale=180 s, check=30 s, grace=90 s, python='C:\Users\Copter\AppData\Local\hermes\hermes-agent\venv\Scripts\python.exe')
[2026-08-04 21:33:05] Launching: C:\Users\Copter\AppData\Local\hermes\hermes-agent\venv\Scripts\python.exe main.py
[2026-08-04 21:33:05] main.py running (pid=62960)
[2026-08-05 09:05:30] WARN: lock file ค้างจาก pid=8812 (ตายไปแล้ว) — เคลียร์แล้วรันต่อ
[2026-08-05 09:05:31] Supervisor started (profile='demo-iux-2101182461', stale=180 s, check=30 s, grace=90 s, python='C:\Users\Copter\AppData\Local\hermes\hermes-agent\venv\Scripts\python.exe')
[2026-08-05 09:05:31] Launching: C:\Users\Copter\AppData\Local\hermes\hermes-agent\venv\Scripts\python.exe main.py
[2026-08-05 09:05:31] main.py running (pid=33136)
[2026-08-05 18:27:04] WARN: lock file ค้างจาก pid=33376 (ตายไปแล้ว) — เคลียร์แล้วรันต่อ
[2026-08-05 18:27:08] Supervisor started (profile='demo-iux-2101182461', stale=180 s, check=30 s, grace=90 s, python='C:\Users\Copter\AppData\Local\hermes\hermes-agent\venv\Scripts\python.exe')
[2026-08-05 18:27:08] Launching: C:\Users\Copter\AppData\Local\hermes\hermes-agent\venv\Scripts\python.exe main.py
[2026-08-05 18:27:08] main.py running (pid=30680)
[2026-08-06 09:10:53] WARN: lock file ค้างจาก pid=5828 (ตายไปแล้ว) — เคลียร์แล้วรันต่อ
[2026-08-06 09:10:54] Supervisor started (profile='demo-iux-2101182461', stale=180 s, check=30 s, grace=90 s, python='C:\Users\Copter\AppData\Local\hermes\hermes-agent\venv\Scripts\python.exe')
[2026-08-06 09:10:54] Launching: C:\Users\Copter\AppData\Local\hermes\hermes-agent\venv\Scripts\python.exe main.py
[2026-08-06 09:10:54] main.py running (pid=30004)
[2026-08-07 08:54:35] WARN: lock file ค้างจาก pid=29140 (ตายไปแล้ว) — เคลียร์แล้วรันต่อ
[2026-08-07 08:54:39] Supervisor started (profile='demo-iux-2101182461', stale=180 s, check=30 s, grace=90 s, python='C:\Users\Copter\AppData\Local\hermes\hermes-agent\venv\Scripts\python.exe')
[2026-08-07 08:54:39] Launching: C:\Users\Copter\AppData\Local\hermes\hermes-agent\venv\Scripts\python.exe main.py
[2026-08-07 08:54:40] main.py running (pid=10900)
[2026-08-07 17:03:56] ERROR: พบ supervisor ตัวอื่นรันอยู่แล้ว (pid=12952) — เลิกรัน ตัวนี้เพื่อกัน main.py ซ้อน 2 instance (Telegram getUpdates Conflict)
[2026-08-07 17:08:59] WARN: lock file ค้างจาก pid=12952 (ตายไปแล้ว) — เคลียร์แล้วรันต่อ
[2026-08-07 17:09:00] Supervisor started (profile='demo-iux-2101182461', stale=180 s, check=30 s, grace=90 s, python='C:\Users\Copter\AppData\Local\hermes\hermes-agent\venv\Scripts\python.exe')
[2026-08-07 17:09:00] Launching: C:\Users\Copter\AppData\Local\hermes\hermes-agent\venv\Scripts\python.exe main.py
[2026-08-07 17:09:00] main.py running (pid=47640)
[2026-08-10 09:01:06] WARN: lock file ค้างจาก pid=45400 (ตายไปแล้ว) — เคลียร์แล้วรันต่อ
[2026-08-10 09:01:07] Supervisor started (profile='demo-iux-2101182461', stale=180 s, check=30 s, grace=90 s, python='C:\Users\Copter\AppData\Local\hermes\hermes-agent\venv\Scripts\python.exe')
[2026-08-10 09:01:07] Launching: C:\Users\Copter\AppData\Local\hermes\hermes-agent\venv\Scripts\python.exe main.py
[2026-08-10 09:01:07] main.py running (pid=23408)
[2026-08-10 12:26:57] WARN: lock file ค้างจาก pid=16796 (ตายไปแล้ว) — เคลียร์แล้วรันต่อ
[2026-08-10 12:26:58] Supervisor started (profile='demo-iux-2101182461', stale=180 s, check=30 s, grace=90 s, python='C:\Users\Copter\AppData\Local\hermes\hermes-agent\venv\Scripts\python.exe')
[2026-08-10 12:26:58] Launching: C:\Users\Copter\AppData\Local\hermes\hermes-agent\venv\Scripts\python.exe main.py
[2026-08-10 12:26:58] main.py running (pid=13356)
[2026-08-10 19:48:58] WARN: lock file ค้างจาก pid=27988 (ตายไปแล้ว) — เคลียร์แล้วรันต่อ
[2026-08-10 19:49:02] Supervisor started (profile='demo-iux-2101182461', stale=180 s, check=30 s, grace=90 s, python='C:\Users\Copter\AppData\Local\hermes\hermes-agent\venv\Scripts\python.exe')
[2026-08-10 19:49:02] Launching: C:\Users\Copter\AppData\Local\hermes\hermes-agent\venv\Scripts\python.exe main.py
[2026-08-10 19:49:02] main.py running (pid=37224)
[2026-08-11 08:58:17] WARN: lock file ค้างจาก pid=46868 (ตายไปแล้ว) — เคลียร์แล้วรันต่อ
[2026-08-11 08:58:19] Supervisor started (profile='demo-iux-2101182461', stale=180 s, check=30 s, grace=90 s, python='C:\Users\Copter\AppData\Local\hermes\hermes-agent\venv\Scripts\python.exe')
[2026-08-11 08:58:19] Launching: C:\Users\Copter\AppData\Local\hermes\hermes-agent\venv\Scripts\python.exe main.py
[2026-08-11 08:58:20] main.py running (pid=32748)
[2026-08-11 13:50:53] WARN: lock file ค้างจาก pid=31192 (ตายไปแล้ว) — เคลียร์แล้วรันต่อ
[2026-08-11 13:50:54] Supervisor started (profile='demo-iux-2101182461', stale=180 s, check=30 s, grace=90 s, python='C:\Users\Copter\AppData\Local\hermes\hermes-agent\venv\Scripts\python.exe')
[2026-08-11 13:50:54] Launching: C:\Users\Copter\AppData\Local\hermes\hermes-agent\venv\Scripts\python.exe main.py
[2026-08-11 13:50:54] main.py running (pid=40564)
[2026-08-12 15:15:34] WARN: lock file ค้างจาก pid=23508 (ตายไปแล้ว) — เคลียร์แล้วรันต่อ
[2026-08-12 15:15:36] Supervisor started (profile='demo-iux-2101182461', stale=180 s, check=30 s, grace=90 s, python='C:\Users\Copter\AppData\Local\hermes\hermes-agent\venv\Scripts\python.exe')
[2026-08-12 15:15:36] Launching: C:\Users\Copter\AppData\Local\hermes\hermes-agent\venv\Scripts\python.exe main.py
[2026-08-12 15:15:36] main.py running (pid=9860)
[2026-08-13 15:45:07] WARN: lock file ค้างจาก pid=29472 (ตายไปแล้ว) — เคลียร์แล้วรันต่อ
[2026-08-13 15:45:08] Supervisor started (profile='demo-iux-2101182461', stale=180 s, check=30 s, grace=90 s, python='C:\Users\Copter\AppData\Local\hermes\hermes-agent\venv\Scripts\python.exe')
[2026-08-13 15:45:08] Launching: C:\Users\Copter\AppData\Local\hermes\hermes-agent\venv\Scripts\python.exe main.py
[2026-08-13 15:45:08] main.py running (pid=31472)
[2026-08-14 09:03:33] WARN: lock file ค้างจาก pid=30108 (ตายไปแล้ว) — เคลียร์แล้วรันต่อ
[2026-08-14 09:03:35] Supervisor started (profile='demo-iux-2101182461', stale=180 s, check=30 s, grace=90 s, python='C:\Users\Copter\AppData\Local\hermes\hermes-agent\venv\Scripts\python.exe')
[2026-08-14 09:03:35] Launching: C:\Users\Copter\AppData\Local\hermes\hermes-agent\venv\Scripts\python.exe main.py
[2026-08-14 09:03:35] main.py running (pid=32948)
[2026-08-14 15:44:57] WARN: lock file ค้างจาก pid=32644 (ตายไปแล้ว) — เคลียร์แล้วรันต่อ
[2026-08-14 15:44:59] Supervisor started (profile='demo-iux-2101182461', stale=180 s, check=30 s, grace=90 s, python='C:\Users\Copter\AppData\Local\hermes\hermes-agent\venv\Scripts\python.exe')
[2026-08-14 15:44:59] Launching: C:\Users\Copter\AppData\Local\hermes\hermes-agent\venv\Scripts\python.exe main.py
[2026-08-14 15:44:59] main.py running (pid=48008)
[2026-08-16 23:52:20] WARN: lock file ค้างจาก pid=44556 (ตายไปแล้ว) — เคลียร์แล้วรันต่อ
[2026-08-16 23:52:22] Supervisor started (profile='demo-iux-2101182461', stale=180 s, check=30 s, grace=90 s, python='C:\Users\Copter\AppData\Local\hermes\hermes-agent\venv\Scripts\python.exe')
[2026-08-16 23:52:22] Launching: C:\Users\Copter\AppData\Local\hermes\hermes-agent\venv\Scripts\python.exe main.py
[2026-08-16 23:52:22] main.py running (pid=29676)
[2026-08-17 09:36:19] WARN: lock file ค้างจาก pid=12624 (ตายไปแล้ว) — เคลียร์แล้วรันต่อ
[2026-08-17 09:36:20] Supervisor started (profile='demo-iux-2101182461', stale=180 s, check=30 s, grace=90 s, python='C:\Users\Copter\AppData\Local\hermes\hermes-agent\venv\Scripts\python.exe')
[2026-08-17 09:36:20] Launching: C:\Users\Copter\AppData\Local\hermes\hermes-agent\venv\Scripts\python.exe main.py
[2026-08-17 09:36:20] main.py running (pid=27312)
[2026-08-17 16:03:33] WARN: lock file ค้างจาก pid=7924 (ตายไปแล้ว) — เคลียร์แล้วรันต่อ
[2026-08-17 16:03:34] Supervisor started (profile='demo-iux-2101182461', stale=180 s, check=30 s, grace=90 s, python='C:\Users\Copter\AppData\Local\hermes\hermes-agent\venv\Scripts\python.exe')
[2026-08-17 16:03:34] Launching: C:\Users\Copter\AppData\Local\hermes\hermes-agent\venv\Scripts\python.exe main.py
[2026-08-17 16:03:34] main.py running (pid=15036)
[2026-08-18 09:05:41] WARN: lock file ค้างจาก pid=43744 (ตายไปแล้ว) — เคลียร์แล้วรันต่อ
[2026-08-18 09:05:43] Supervisor started (profile='demo-iux-2101182461', stale=180 s, check=30 s, grace=90 s, python='C:\Users\Copter\AppData\Local\hermes\hermes-agent\venv\Scripts\python.exe')
[2026-08-18 09:05:43] Launching: C:\Users\Copter\AppData\Local\hermes\hermes-agent\venv\Scripts\python.exe main.py
[2026-08-18 09:05:43] main.py running (pid=37000)
[2026-08-18 10:02:30] WARN: lock file ค้างจาก pid=36516 (ตายไปแล้ว) — เคลียร์แล้วรันต่อ
[2026-08-18 10:02:32] Supervisor started (profile='demo-iux-2101182461', stale=180 s, check=30 s, grace=90 s, python='C:\Users\Copter\AppData\Local\hermes\hermes-agent\venv\Scripts\python.exe')
[2026-08-18 10:02:32] Launching: C:\Users\Copter\AppData\Local\hermes\hermes-agent\venv\Scripts\python.exe main.py
[2026-08-18 10:02:32] main.py running (pid=48524)
[2026-08-19 08:57:52] WARN: lock file ค้างจาก pid=36372 (ตายไปแล้ว) — เคลียร์แล้วรันต่อ
[2026-08-19 08:57:53] Supervisor started (profile='demo-iux-2101182461', stale=180 s, check=30 s, grace=90 s, python='C:\Users\Copter\AppData\Local\hermes\hermes-agent\venv\Scripts\python.exe')
[2026-08-19 08:57:53] Launching: C:\Users\Copter\AppData\Local\hermes\hermes-agent\venv\Scripts\python.exe main.py
[2026-08-19 08:57:53] main.py running (pid=36828)
[2026-08-19 13:54:34] WARN: lock file ค้างจาก pid=17952 (ตายไปแล้ว) — เคลียร์แล้วรันต่อ
[2026-08-19 13:54:37] Supervisor started (profile='demo-iux-2101182461', stale=180 s, check=30 s, grace=90 s, python='C:\Users\Copter\AppData\Local\hermes\hermes-agent\venv\Scripts\python.exe')
[2026-08-19 13:54:37] Launching: C:\Users\Copter\AppData\Local\hermes\hermes-agent\venv\Scripts\python.exe main.py
[2026-08-19 13:54:37] main.py running (pid=3332)
[2026-08-19 14:18:15] WARN: lock file ค้างจาก pid=33804 (ตายไปแล้ว) — เคลียร์แล้วรันต่อ
[2026-08-19 14:18:16] Supervisor started (profile='demo-iux-2101182461', stale=180 s, check=30 s, grace=90 s, python='C:\Users\Copter\AppData\Local\hermes\hermes-agent\venv\Scripts\python.exe')
[2026-08-19 14:18:16] Launching: C:\Users\Copter\AppData\Local\hermes\hermes-agent\venv\Scripts\python.exe main.py
[2026-08-19 14:18:16] main.py running (pid=49088)
[2026-08-20 09:04:40] WARN: lock file ค้างจาก pid=9976 (ตายไปแล้ว) — เคลียร์แล้วรันต่อ
[2026-08-20 09:04:41] Supervisor started (profile='demo-iux-2101182461', stale=180 s, check=30 s, grace=90 s, python='C:\Users\Copter\AppData\Local\hermes\hermes-agent\venv\Scripts\python.exe')
[2026-08-20 09:04:41] Launching: C:\Users\Copter\AppData\Local\hermes\hermes-agent\venv\Scripts\python.exe main.py
[2026-08-20 09:04:41] main.py running (pid=36700)
[2026-08-20 14:23:13] WARN: lock file ค้างจาก pid=35860 (ตายไปแล้ว) — เคลียร์แล้วรันต่อ
[2026-08-20 14:23:14] Supervisor started (profile='demo-iux-2101182461', stale=180 s, check=30 s, grace=90 s, python='C:\Users\Copter\AppData\Local\hermes\hermes-agent\venv\Scripts\python.exe')
[2026-08-20 14:23:14] Launching: C:\Users\Copter\AppData\Local\hermes\hermes-agent\venv\Scripts\python.exe main.py
[2026-08-20 14:23:14] main.py running (pid=28644)
[2026-08-20 20:57:02] WARN: lock file ค้างจาก pid=39488 (ตายไปแล้ว) — เคลียร์แล้วรันต่อ
[2026-08-20 20:57:03] Supervisor started (profile='demo-iux-2101182461', stale=180 s, check=30 s, grace=90 s, python='C:\Users\Copter\AppData\Local\hermes\hermes-agent\venv\Scripts\python.exe')
[2026-08-20 20:57:03] Launching: C:\Users\Copter\AppData\Local\hermes\hermes-agent\venv\Scripts\python.exe main.py
[2026-08-20 20:57:03] main.py running (pid=51184)
[2026-08-20 21:46:35] WARN: lock file ค้างจาก pid=55268 (ตายไปแล้ว) — เคลียร์แล้วรันต่อ
[2026-08-20 21:46:37] Supervisor started (profile='demo-iux-2101182461', stale=180 s, check=30 s, grace=90 s, python='C:\Users\Copter\AppData\Local\hermes\hermes-agent\venv\Scripts\python.exe')
[2026-08-20 21:46:37] Launching: C:\Users\Copter\AppData\Local\hermes\hermes-agent\venv\Scripts\python.exe main.py
[2026-08-20 21:46:37] main.py running (pid=49972)
[2026-08-20 23:22:50] WARN: lock file ค้างจาก pid=53500 (ตายไปแล้ว) — เคลียร์แล้วรันต่อ
[2026-08-20 23:22:51] Supervisor started (profile='demo-iux-2101182461', stale=180 s, check=30 s, grace=90 s, python='C:\Users\Copter\AppData\Local\hermes\hermes-agent\venv\Scripts\python.exe')
[2026-08-20 23:22:51] Launching: C:\Users\Copter\AppData\Local\hermes\hermes-agent\venv\Scripts\python.exe main.py
[2026-08-20 23:22:51] main.py running (pid=45012)
[2026-08-21 09:01:12] WARN: lock file ค้างจาก pid=26564 (ตายไปแล้ว) — เคลียร์แล้วรันต่อ
[2026-08-21 09:01:14] Supervisor started (profile='demo-iux-2101182461', stale=180 s, check=30 s, grace=90 s, python='C:\Users\Copter\AppData\Local\hermes\hermes-agent\venv\Scripts\python.exe')
[2026-08-21 09:01:14] Launching: C:\Users\Copter\AppData\Local\hermes\hermes-agent\venv\Scripts\python.exe main.py
[2026-08-21 09:01:14] main.py running (pid=17472)
[2026-08-21 16:40:37] main.py exited (code=) -> restart
[2026-08-21 16:40:37] Restarting in 5 s ...
[2026-08-21 16:40:42] Launching: C:\Users\Copter\AppData\Local\hermes\hermes-agent\venv\Scripts\python.exe main.py
[2026-08-21 16:40:42] main.py running (pid=38532)
[2026-08-21 16:41:42] main.py exited (code=) -> restart
[2026-08-21 16:41:42] Restarting in 5 s ...
[2026-08-21 16:41:47] Launching: C:\Users\Copter\AppData\Local\hermes\hermes-agent\venv\Scripts\python.exe main.py
[2026-08-21 16:41:47] main.py running (pid=32936)
[2026-08-22 00:44:58] main.py exited (code=) -> restart
[2026-08-22 00:44:58] Restarting in 5 s ...
[2026-08-22 00:45:03] Launching: C:\Users\Copter\AppData\Local\hermes\hermes-agent\venv\Scripts\python.exe main.py
[2026-08-22 00:45:03] main.py running (pid=46892)
[2026-08-22 01:26:34] main.py exited (code=) -> restart
[2026-08-22 01:26:34] Restarting in 5 s ...
[2026-08-22 01:26:39] Launching: C:\Users\Copter\AppData\Local\hermes\hermes-agent\venv\Scripts\python.exe main.py
[2026-08-22 01:26:39] main.py running (pid=43396)
[2026-08-22 03:30:41] main.py exited (code=) -> restart
[2026-08-22 03:30:41] Restarting in 5 s ...
[2026-08-22 03:30:46] Launching: C:\Users\Copter\AppData\Local\hermes\hermes-agent\venv\Scripts\python.exe main.py
[2026-08-22 03:30:47] main.py running (pid=34108)
[2026-08-24 09:14:37] WARN: lock file ค้างจาก pid=35284 (ตายไปแล้ว) — เคลียร์แล้วรันต่อ
[2026-08-24 09:14:38] Supervisor started (profile='demo-iux-2101182461', stale=180 s, check=30 s, grace=90 s, python='C:\Users\Copter\AppData\Local\hermes\hermes-agent\venv\Scripts\python.exe')
[2026-08-24 09:14:38] Launching: C:\Users\Copter\AppData\Local\hermes\hermes-agent\venv\Scripts\python.exe main.py
[2026-08-24 09:14:38] main.py running (pid=44304)
[2026-08-24 11:53:53] WARN: lock file ค้างจาก pid=48800 (ตายไปแล้ว) — เคลียร์แล้วรันต่อ
[2026-08-24 11:53:55] Supervisor started (profile='demo-iux-2101182461', stale=180 s, check=30 s, grace=90 s, python='C:\Users\Copter\AppData\Local\hermes\hermes-agent\venv\Scripts\python.exe')
[2026-08-24 11:53:55] Launching: C:\Users\Copter\AppData\Local\hermes\hermes-agent\venv\Scripts\python.exe main.py
[2026-08-24 11:53:55] main.py running (pid=7496)
[2026-08-24 21:59:23] WARN: lock file ค้างจาก pid=31040 (ตายไปแล้ว) — เคลียร์แล้วรันต่อ
[2026-08-24 21:59:24] Supervisor started (profile='demo-iux-2101182461', stale=180 s, check=30 s, grace=90 s, python='C:\Users\Copter\AppData\Local\hermes\hermes-agent\venv\Scripts\python.exe')
[2026-08-24 21:59:24] Launching: C:\Users\Copter\AppData\Local\hermes\hermes-agent\venv\Scripts\python.exe main.py
[2026-08-24 21:59:24] main.py running (pid=30596)
[2026-08-24 21:59:28] ERROR: พบ supervisor ตัวอื่นรันอยู่แล้ว (pid=30012) — เลิกรัน ตัวนี้เพื่อกัน main.py ซ้อน 2 instance (Telegram getUpdates Conflict)
[2026-08-24 23:04:28] WARN: lock file ค้างจาก pid=30012 (ตายไปแล้ว) — เคลียร์แล้วรันต่อ
[2026-08-24 23:04:29] Supervisor started (profile='demo-iux-2101182461', stale=180 s, check=30 s, grace=90 s, python='C:\Users\Copter\AppData\Local\hermes\hermes-agent\venv\Scripts\python.exe')
[2026-08-24 23:04:29] Launching: C:\Users\Copter\AppData\Local\hermes\hermes-agent\venv\Scripts\python.exe main.py
[2026-08-24 23:04:29] main.py running (pid=18980)
[2026-08-25 09:00:27] WARN: lock file ค้างจาก pid=18440 (ตายไปแล้ว) — เคลียร์แล้วรันต่อ
[2026-08-25 09:00:29] Supervisor started (profile='demo-iux-2101182461', stale=180 s, check=30 s, grace=90 s, python='C:\Users\Copter\AppData\Local\hermes\hermes-agent\venv\Scripts\python.exe')
[2026-08-25 09:00:29] Launching: C:\Users\Copter\AppData\Local\hermes\hermes-agent\venv\Scripts\python.exe main.py
[2026-08-25 09:00:29] main.py running (pid=31336)
[2026-08-25 22:27:58] WARN: lock file ค้างจาก pid=22628 (ตายไปแล้ว) — เคลียร์แล้วรันต่อ
[2026-08-25 22:27:59] Supervisor started (profile='demo-iux-2101182461', stale=180 s, check=30 s, grace=90 s, python='C:\Users\Copter\AppData\Local\hermes\hermes-agent\venv\Scripts\python.exe')
[2026-08-25 22:27:59] Launching: C:\Users\Copter\AppData\Local\hermes\hermes-agent\venv\Scripts\python.exe main.py
[2026-08-25 22:27:59] main.py running (pid=32312)
[2026-08-26 08:55:33] WARN: lock file ค้างจาก pid=3052 (ตายไปแล้ว) — เคลียร์แล้วรันต่อ
[2026-08-26 08:55:37] Supervisor started (profile='demo-iux-2101182461', stale=180 s, check=30 s, grace=90 s, python='C:\Users\Copter\AppData\Local\hermes\hermes-agent\venv\Scripts\python.exe')
[2026-08-26 08:55:37] Launching: C:\Users\Copter\AppData\Local\hermes\hermes-agent\venv\Scripts\python.exe main.py
[2026-08-26 08:55:37] main.py running (pid=3920)
[2026-08-26 14:28:32] WARN: lock file ค้างจาก pid=31024 (ตายไปแล้ว) — เคลียร์แล้วรันต่อ
[2026-08-26 14:28:33] Supervisor started (profile='demo-iux-2101182461', stale=180 s, check=30 s, grace=90 s, python='C:\Users\Copter\AppData\Local\hermes\hermes-agent\venv\Scripts\python.exe')
[2026-08-26 14:28:33] Launching: C:\Users\Copter\AppData\Local\hermes\hermes-agent\venv\Scripts\python.exe main.py
[2026-08-26 14:28:33] main.py running (pid=42228)
[2026-08-26 16:36:16] WARN: lock file ค้างจาก pid=11660 (ตายไปแล้ว) — เคลียร์แล้วรันต่อ
[2026-08-26 16:36:18] Supervisor started (profile='demo-iux-2101182461', stale=180 s, check=30 s, grace=90 s, python='C:\Users\Copter\AppData\Local\hermes\hermes-agent\venv\Scripts\python.exe')
[2026-08-26 16:36:18] Launching: C:\Users\Copter\AppData\Local\hermes\hermes-agent\venv\Scripts\python.exe main.py
[2026-08-26 16:36:18] main.py running (pid=33392)
[2026-08-26 20:07:28] WARN: lock file ค้างจาก pid=49516 (ตายไปแล้ว) — เคลียร์แล้วรันต่อ
[2026-08-26 20:07:29] Supervisor started (profile='demo-iux-2101182461', stale=180 s, check=30 s, grace=90 s, python='C:\Users\Copter\AppData\Local\hermes\hermes-agent\venv\Scripts\python.exe')
[2026-08-26 20:07:29] Launching: C:\Users\Copter\AppData\Local\hermes\hermes-agent\venv\Scripts\python.exe main.py
[2026-08-26 20:07:29] main.py running (pid=40072)
[2026-08-26 20:21:21] WARN: lock file ค้างจาก pid=29232 (ตายไปแล้ว) — เคลียร์แล้วรันต่อ
[2026-08-26 20:21:22] Supervisor started (profile='demo-iux-2101182461', stale=180 s, check=30 s, grace=90 s, python='C:\Users\Copter\AppData\Local\hermes\hermes-agent\venv\Scripts\python.exe')
[2026-08-26 20:21:22] Launching: C:\Users\Copter\AppData\Local\hermes\hermes-agent\venv\Scripts\python.exe main.py
[2026-08-26 20:21:22] main.py running (pid=8592)
[2026-08-26 20:42:47] WARN: lock file ค้างจาก pid=41844 (ตายไปแล้ว) — เคลียร์แล้วรันต่อ
[2026-08-26 20:42:48] Supervisor started (profile='demo-iux-2101182461', stale=180 s, check=30 s, grace=90 s, python='C:\Users\Copter\AppData\Local\hermes\hermes-agent\venv\Scripts\python.exe')
[2026-08-26 20:42:48] Launching: C:\Users\Copter\AppData\Local\hermes\hermes-agent\venv\Scripts\python.exe main.py
[2026-08-26 20:42:48] main.py running (pid=39768)
[2026-08-27 08:56:44] WARN: lock file ค้างจาก pid=22972 (ตายไปแล้ว) — เคลียร์แล้วรันต่อ
[2026-08-27 08:56:45] Supervisor started (profile='demo-iux-2101182461', stale=180 s, check=30 s, grace=90 s, python='C:\Users\Copter\AppData\Local\hermes\hermes-agent\venv\Scripts\python.exe')
[2026-08-27 08:56:45] Launching: C:\Users\Copter\AppData\Local\hermes\hermes-agent\venv\Scripts\python.exe main.py
[2026-08-27 08:56:45] main.py running (pid=18240)
[2026-08-27 10:16:29] WARN: lock file ค้างจาก pid=31724 (ตายไปแล้ว) — เคลียร์แล้วรันต่อ
[2026-08-27 10:16:32] Supervisor started (profile='demo-iux-2101182461', stale=180 s, check=30 s, grace=90 s, python='C:\Users\Copter\AppData\Local\hermes\hermes-agent\venv\Scripts\python.exe')
[2026-08-27 10:16:32] Launching: C:\Users\Copter\AppData\Local\hermes\hermes-agent\venv\Scripts\python.exe main.py
[2026-08-27 10:16:32] main.py running (pid=33980)
[2026-08-27 11:19:41] WARN: lock file ค้างจาก pid=34852 (ตายไปแล้ว) — เคลียร์แล้วรันต่อ
[2026-08-27 11:19:42] Supervisor started (profile='demo-iux-2101182461', stale=180 s, check=30 s, grace=90 s, python='C:\Users\Copter\AppData\Local\hermes\hermes-agent\venv\Scripts\python.exe')
[2026-08-27 11:19:42] Launching: C:\Users\Copter\AppData\Local\hermes\hermes-agent\venv\Scripts\python.exe main.py
[2026-08-27 11:19:42] main.py running (pid=44376)
[2026-08-28 09:00:11] WARN: lock file ค้างจาก pid=24028 (ตายไปแล้ว) — เคลียร์แล้วรันต่อ
[2026-08-28 09:00:14] Supervisor started (profile='demo-iux-2101182461', stale=180 s, check=30 s, grace=90 s, python='C:\Users\Copter\AppData\Local\hermes\hermes-agent\venv\Scripts\python.exe')
[2026-08-28 09:00:14] Launching: C:\Users\Copter\AppData\Local\hermes\hermes-agent\venv\Scripts\python.exe main.py
[2026-08-28 09:00:14] main.py running (pid=32588)
[2026-08-28 13:40:21] WARN: lock file ค้างจาก pid=31948 (ตายไปแล้ว) — เคลียร์แล้วรันต่อ
[2026-08-28 13:40:22] Supervisor started (profile='demo-iux-2101182461', stale=180 s, check=30 s, grace=90 s, python='C:\Users\Copter\AppData\Local\hermes\hermes-agent\venv\Scripts\python.exe')
[2026-08-28 13:40:22] Launching: C:\Users\Copter\AppData\Local\hermes\hermes-agent\venv\Scripts\python.exe main.py
[2026-08-28 13:40:22] main.py running (pid=28400)
[2026-08-28 22:38:00] WARN: lock file ค้างจาก pid=32448 (ตายไปแล้ว) — เคลียร์แล้วรันต่อ
[2026-08-28 22:38:01] Supervisor started (profile='demo-iux-2101182461', stale=180 s, check=30 s, grace=90 s, python='C:\Users\Copter\AppData\Local\hermes\hermes-agent\venv\Scripts\python.exe')
[2026-08-28 22:38:01] Launching: C:\Users\Copter\AppData\Local\hermes\hermes-agent\venv\Scripts\python.exe main.py
[2026-08-28 22:38:01] main.py running (pid=47852)
[2026-08-29 01:34:41] WARN: lock file ค้างจาก pid=30672 (ตายไปแล้ว) — เคลียร์แล้วรันต่อ
[2026-08-29 01:34:44] Supervisor started (profile='demo-iux-2101182461', stale=180 s, check=30 s, grace=90 s, python='C:\Users\Copter\AppData\Local\hermes\hermes-agent\venv\Scripts\python.exe')
[2026-08-29 01:34:44] Launching: C:\Users\Copter\AppData\Local\hermes\hermes-agent\venv\Scripts\python.exe main.py
[2026-08-29 01:34:44] main.py running (pid=31600)
[2026-08-30 20:53:12] WARN: lock file ค้างจาก pid=30264 (ตายไปแล้ว) — เคลียร์แล้วรันต่อ
[2026-08-30 20:53:13] Supervisor started (profile='demo-iux-2101182461', stale=180 s, check=30 s, grace=90 s, python='C:\Users\Copter\AppData\Local\hermes\hermes-agent\venv\Scripts\python.exe')
[2026-08-30 20:53:13] Launching: C:\Users\Copter\AppData\Local\hermes\hermes-agent\venv\Scripts\python.exe main.py
[2026-08-30 20:53:13] main.py running (pid=30168)
[2026-08-30 21:09:29] WARN: lock file ค้างจาก pid=30644 (ตายไปแล้ว) — เคลียร์แล้วรันต่อ
[2026-08-30 21:09:30] Supervisor started (profile='demo-iux-2101182461', stale=180 s, check=30 s, grace=90 s, python='C:\Users\Copter\AppData\Local\hermes\hermes-agent\venv\Scripts\python.exe')
[2026-08-30 21:09:30] Launching: C:\Users\Copter\AppData\Local\hermes\hermes-agent\venv\Scripts\python.exe main.py
[2026-08-30 21:09:30] main.py running (pid=31388)
[2026-08-30 23:14:19] WARN: lock file ค้างจาก pid=33512 (ตายไปแล้ว) — เคลียร์แล้วรันต่อ
[2026-08-30 23:14:20] Supervisor started (profile='demo-iux-2101182461', stale=180 s, check=30 s, grace=90 s, python='C:\Users\Copter\AppData\Local\hermes\hermes-agent\venv\Scripts\python.exe')
[2026-08-30 23:14:20] Launching: C:\Users\Copter\AppData\Local\hermes\hermes-agent\venv\Scripts\python.exe main.py
[2026-08-30 23:14:20] main.py running (pid=29772)
[2026-08-31 08:59:58] WARN: lock file ค้างจาก pid=4020 (ตายไปแล้ว) — เคลียร์แล้วรันต่อ
[2026-08-31 08:59:59] Supervisor started (profile='demo-iux-2101182461', stale=180 s, check=30 s, grace=90 s, python='C:\Users\Copter\AppData\Local\hermes\hermes-agent\venv\Scripts\python.exe')
[2026-08-31 08:59:59] Launching: C:\Users\Copter\AppData\Local\hermes\hermes-agent\venv\Scripts\python.exe main.py
[2026-08-31 08:59:59] main.py running (pid=29448)
[2026-08-31 09:29:11] WARN: lock file ค้างจาก pid=28712 (ตายไปแล้ว) — เคลียร์แล้วรันต่อ
[2026-08-31 09:29:12] Supervisor started (profile='demo-iux-2101182461', stale=180 s, check=30 s, grace=90 s, python='C:\Users\Copter\AppData\Local\hermes\hermes-agent\venv\Scripts\python.exe')
[2026-08-31 09:29:12] Launching: C:\Users\Copter\AppData\Local\hermes\hermes-agent\venv\Scripts\python.exe main.py
[2026-08-31 09:29:12] main.py running (pid=27036)
[2026-08-31 09:39:03] WARN: lock file ค้างจาก pid=13980 (ตายไปแล้ว) — เคลียร์แล้วรันต่อ
[2026-08-31 09:39:04] Supervisor started (profile='demo-iux-2101182461', stale=180 s, check=30 s, grace=90 s, python='C:\Users\Copter\AppData\Local\hermes\hermes-agent\venv\Scripts\python.exe')
[2026-08-31 09:39:04] Launching: C:\Users\Copter\AppData\Local\hermes\hermes-agent\venv\Scripts\python.exe main.py
[2026-08-31 09:39:04] main.py running (pid=29316)
[2026-08-31 17:26:20] WARN: lock file ค้างจาก pid=29680 (ตายไปแล้ว) — เคลียร์แล้วรันต่อ
[2026-08-31 17:26:21] Supervisor started (profile='demo-iux-2101182461', stale=180 s, check=30 s, grace=90 s, python='C:\Users\Copter\AppData\Local\hermes\hermes-agent\venv\Scripts\python.exe')
[2026-08-31 17:26:21] Launching: C:\Users\Copter\AppData\Local\hermes\hermes-agent\venv\Scripts\python.exe main.py
[2026-08-31 17:26:21] main.py running (pid=30580)
[2026-08-31 17:41:21] WARN: lock file ค้างจาก pid=31020 (ตายไปแล้ว) — เคลียร์แล้วรันต่อ
[2026-08-31 17:41:22] Supervisor started (profile='demo-iux-2101182461', stale=180 s, check=30 s, grace=90 s, python='C:\Users\Copter\AppData\Local\hermes\hermes-agent\venv\Scripts\python.exe')
[2026-08-31 17:41:22] Launching: C:\Users\Copter\AppData\Local\hermes\hermes-agent\venv\Scripts\python.exe main.py
[2026-08-31 17:41:22] main.py running (pid=47780)
[2026-08-31 22:19:29] WARN: lock file ค้างจาก pid=26216 (ตายไปแล้ว) — เคลียร์แล้วรันต่อ
[2026-08-31 22:19:30] Supervisor started (profile='demo-iux-2101182461', stale=180 s, check=30 s, grace=90 s, python='C:\Users\Copter\AppData\Local\hermes\hermes-agent\venv\Scripts\python.exe')
[2026-08-31 22:19:30] Launching: C:\Users\Copter\AppData\Local\hermes\hermes-agent\venv\Scripts\python.exe main.py
[2026-08-31 22:19:30] main.py running (pid=47568)
[2026-08-31 22:29:17] WARN: lock file ค้างจาก pid=28004 (ตายไปแล้ว) — เคลียร์แล้วรันต่อ
[2026-08-31 22:29:18] Supervisor started (profile='demo-iux-2101182461', stale=180 s, check=30 s, grace=90 s, python='C:\Users\Copter\AppData\Local\hermes\hermes-agent\venv\Scripts\python.exe')
[2026-08-31 22:29:18] Launching: C:\Users\Copter\AppData\Local\hermes\hermes-agent\venv\Scripts\python.exe main.py
[2026-08-31 22:29:18] main.py running (pid=47748)
[2026-09-01 08:57:31] WARN: lock file ค้างจาก pid=30028 (ตายไปแล้ว) — เคลียร์แล้วรันต่อ
[2026-09-01 08:57:32] Supervisor started (profile='demo-iux-2101182461', stale=180 s, check=30 s, grace=90 s, python='C:\Users\Copter\AppData\Local\hermes\hermes-agent\venv\Scripts\python.exe')
[2026-09-01 08:57:32] Launching: C:\Users\Copter\AppData\Local\hermes\hermes-agent\venv\Scripts\python.exe main.py
[2026-09-01 08:57:32] main.py running (pid=33380)
[2026-09-01 18:02:13] WARN: lock file ค้างจาก pid=34048 (ตายไปแล้ว) — เคลียร์แล้วรันต่อ
[2026-09-01 18:02:15] Supervisor started (profile='demo-iux-2101182461', stale=180 s, check=30 s, grace=90 s, python='C:\Users\Copter\AppData\Local\hermes\hermes-agent\venv\Scripts\python.exe')
[2026-09-01 18:02:15] Launching: C:\Users\Copter\AppData\Local\hermes\hermes-agent\venv\Scripts\python.exe main.py
[2026-09-01 18:02:15] main.py running (pid=36148)
[2026-09-01 20:12:44] WARN: lock file ค้างจาก pid=34912 (ตายไปแล้ว) — เคลียร์แล้วรันต่อ
[2026-09-01 20:12:45] Supervisor started (profile='demo-iux-2101182461', stale=180 s, check=30 s, grace=90 s, python='C:\Users\Copter\AppData\Local\hermes\hermes-agent\venv\Scripts\python.exe')
[2026-09-01 20:12:45] Launching: C:\Users\Copter\AppData\Local\hermes\hermes-agent\venv\Scripts\python.exe main.py
[2026-09-01 20:12:45] main.py running (pid=43916)
[2026-09-01 20:26:39] WARN: lock file ค้างจาก pid=49496 (ตายไปแล้ว) — เคลียร์แล้วรันต่อ
[2026-09-01 20:26:40] Supervisor started (profile='demo-iux-2101182461', stale=180 s, check=30 s, grace=90 s, python='C:\Users\Copter\AppData\Local\hermes\hermes-agent\venv\Scripts\python.exe')
[2026-09-01 20:26:40] Launching: C:\Users\Copter\AppData\Local\hermes\hermes-agent\venv\Scripts\python.exe main.py
[2026-09-01 20:26:40] main.py running (pid=17520)
[2026-09-01 22:02:12] WARN: lock file ค้างจาก pid=3900 (ตายไปแล้ว) — เคลียร์แล้วรันต่อ
[2026-09-01 22:02:13] Supervisor started (profile='demo-iux-2101182461', stale=180 s, check=30 s, grace=90 s, python='C:\Users\Copter\AppData\Local\hermes\hermes-agent\venv\Scripts\python.exe')
[2026-09-01 22:02:13] Launching: C:\Users\Copter\AppData\Local\hermes\hermes-agent\venv\Scripts\python.exe main.py
[2026-09-01 22:02:13] main.py running (pid=38672)
[2026-09-02 08:58:28] WARN: lock file ค้างจาก pid=36596 (ตายไปแล้ว) — เคลียร์แล้วรันต่อ
[2026-09-02 08:58:33] Supervisor started (profile='demo-iux-2101182461', stale=180 s, check=30 s, grace=90 s, python='C:\Users\Copter\AppData\Local\hermes\hermes-agent\venv\Scripts\python.exe')
[2026-09-02 08:58:33] Launching: C:\Users\Copter\AppData\Local\hermes\hermes-agent\venv\Scripts\python.exe main.py
[2026-09-02 08:58:34] main.py running (pid=32252)
[2026-09-02 10:58:35] WARN: lock file ค้างจาก pid=31556 (ตายไปแล้ว) — เคลียร์แล้วรันต่อ
[2026-09-02 10:58:37] Supervisor started (profile='demo-iux-2101182461', stale=180 s, check=30 s, grace=90 s, python='C:\Users\Copter\AppData\Local\hermes\hermes-agent\venv\Scripts\python.exe')
[2026-09-02 10:58:37] Launching: C:\Users\Copter\AppData\Local\hermes\hermes-agent\venv\Scripts\python.exe main.py
[2026-09-02 10:58:37] main.py running (pid=32424)
[2026-09-02 14:41:35] WARN: lock file ค้างจาก pid=40344 (ตายไปแล้ว) — เคลียร์แล้วรันต่อ
[2026-09-02 14:41:35] Supervisor started (profile='demo-iux-2101182461', stale=180 s, check=30 s, grace=90 s, python='C:\Users\Copter\AppData\Local\hermes\hermes-agent\venv\Scripts\python.exe')
[2026-09-02 14:41:35] Launching: C:\Users\Copter\AppData\Local\hermes\hermes-agent\venv\Scripts\python.exe main.py
[2026-09-02 14:41:36] main.py running (pid=11292)
[2026-09-03 09:07:48] WARN: lock file ค้างจาก pid=23460 (ตายไปแล้ว) — เคลียร์แล้วรันต่อ
[2026-09-03 09:07:49] Supervisor started (profile='demo-iux-2101182461', stale=180 s, check=30 s, grace=90 s, python='C:\Users\Copter\AppData\Local\hermes\hermes-agent\venv\Scripts\python.exe')
[2026-09-03 09:07:49] Launching: C:\Users\Copter\AppData\Local\hermes\hermes-agent\venv\Scripts\python.exe main.py
[2026-09-03 09:07:49] main.py running (pid=33048)
[2026-09-04 08:57:06] WARN: lock file ค้างจาก pid=32480 (ตายไปแล้ว) — เคลียร์แล้วรันต่อ
[2026-09-04 08:57:08] Supervisor started (profile='demo-iux-2101182461', stale=180 s, check=30 s, grace=90 s, python='C:\Users\Copter\AppData\Local\hermes\hermes-agent\venv\Scripts\python.exe')
[2026-09-04 08:57:08] Launching: C:\Users\Copter\AppData\Local\hermes\hermes-agent\venv\Scripts\python.exe main.py
[2026-09-04 08:57:08] main.py running (pid=7828)
[2026-09-04 12:51:01] WARN: lock file ค้างจาก pid=27376 (ตายไปแล้ว) — เคลียร์แล้วรันต่อ
[2026-09-04 12:51:03] Supervisor started (profile='demo-iux-2101182461', stale=180 s, check=30 s, grace=90 s, python='C:\Users\Copter\AppData\Local\hermes\hermes-agent\venv\Scripts\python.exe')
[2026-09-04 12:51:03] Launching: C:\Users\Copter\AppData\Local\hermes\hermes-agent\venv\Scripts\python.exe main.py
[2026-09-04 12:51:03] main.py running (pid=42920)
[2026-09-04 13:21:04] main.py exited (code=) -> restart
[2026-09-04 13:21:04] Restarting in 5 s ...
[2026-09-04 13:21:09] Launching: C:\Users\Copter\AppData\Local\hermes\hermes-agent\venv\Scripts\python.exe main.py
[2026-09-04 13:21:09] main.py running (pid=41728)
[2026-09-04 13:37:39] main.py exited (code=) -> restart
[2026-09-04 13:37:39] Restarting in 5 s ...
[2026-09-04 13:37:44] Launching: C:\Users\Copter\AppData\Local\hermes\hermes-agent\venv\Scripts\python.exe main.py
[2026-09-04 13:37:44] main.py running (pid=27188)
[2026-09-04 17:21:50] WARN: lock file ค้างจาก pid=45016 (ตายไปแล้ว) — เคลียร์แล้วรันต่อ
[2026-09-04 17:21:51] Supervisor started (profile='demo-iux-2101182461', stale=180 s, check=30 s, grace=90 s, python='C:\Users\Copter\AppData\Local\hermes\hermes-agent\venv\Scripts\python.exe')
[2026-09-04 17:21:51] Launching: C:\Users\Copter\AppData\Local\hermes\hermes-agent\venv\Scripts\python.exe main.py
[2026-09-04 17:21:51] main.py running (pid=5208)
[2026-09-04 18:03:49] WARN: lock file ค้างจาก pid=44224 (ตายไปแล้ว) — เคลียร์แล้วรันต่อ
[2026-09-04 18:03:50] Supervisor started (profile='demo-iux-2101182461', stale=180 s, check=30 s, grace=90 s, python='C:\Users\Copter\AppData\Local\hermes\hermes-agent\venv\Scripts\python.exe')
[2026-09-04 18:03:50] Launching: C:\Users\Copter\AppData\Local\hermes\hermes-agent\venv\Scripts\python.exe main.py
[2026-09-04 18:03:50] main.py running (pid=15084)
[2026-09-04 20:19:03] WARN: lock file ค้างจาก pid=48844 (ตายไปแล้ว) — เคลียร์แล้วรันต่อ
[2026-09-04 20:19:05] Supervisor started (profile='demo-iux-2101182461', stale=180 s, check=30 s, grace=90 s, python='C:\Users\Copter\AppData\Local\hermes\hermes-agent\venv\Scripts\python.exe')
[2026-09-04 20:19:05] Launching: C:\Users\Copter\AppData\Local\hermes\hermes-agent\venv\Scripts\python.exe main.py
[2026-09-04 20:19:05] main.py running (pid=17632)
[2026-09-06 22:33:47] WARN: lock file ค้างจาก pid=21384 (ตายไปแล้ว) — เคลียร์แล้วรันต่อ
[2026-09-06 22:33:48] Supervisor started (profile='demo-iux-2101182461', stale=180 s, check=30 s, grace=90 s, python='C:\Users\Copter\AppData\Local\hermes\hermes-agent\venv\Scripts\python.exe')
[2026-09-06 22:33:48] Launching: C:\Users\Copter\AppData\Local\hermes\hermes-agent\venv\Scripts\python.exe main.py
[2026-09-06 22:33:48] main.py running (pid=3440)
[2026-09-07 09:02:53] WARN: lock file ค้างจาก pid=27680 (ตายไปแล้ว) — เคลียร์แล้วรันต่อ
[2026-09-07 09:02:54] Supervisor started (profile='demo-iux-2101182461', stale=180 s, check=30 s, grace=90 s, python='C:\Users\Copter\AppData\Local\hermes\hermes-agent\venv\Scripts\python.exe')
[2026-09-07 09:02:54] Launching: C:\Users\Copter\AppData\Local\hermes\hermes-agent\venv\Scripts\python.exe main.py
[2026-09-07 09:02:54] main.py running (pid=33000)
[2026-09-08 08:59:42] WARN: lock file ค้างจาก pid=32148 (ตายไปแล้ว) — เคลียร์แล้วรันต่อ
[2026-09-08 08:59:44] Supervisor started (profile='demo-iux-2101182461', stale=180 s, check=30 s, grace=90 s, python='C:\Users\Copter\AppData\Local\hermes\hermes-agent\venv\Scripts\python.exe')
[2026-09-08 08:59:44] Launching: C:\Users\Copter\AppData\Local\hermes\hermes-agent\venv\Scripts\python.exe main.py
[2026-09-08 08:59:44] main.py running (pid=31572)
[2026-09-08 17:40:22] WARN: lock file ค้างจาก pid=30744 (ตายไปแล้ว) — เคลียร์แล้วรันต่อ
[2026-09-08 17:40:23] Supervisor started (profile='demo-iux-2101182461', stale=180 s, check=30 s, grace=90 s, python='C:\Users\Copter\AppData\Local\hermes\hermes-agent\venv\Scripts\python.exe')
[2026-09-08 17:40:23] Launching: C:\Users\Copter\AppData\Local\hermes\hermes-agent\venv\Scripts\python.exe main.py
[2026-09-08 17:40:23] main.py running (pid=31976)
[2026-09-08 18:15:02] WARN: lock file ค้างจาก pid=49740 (ตายไปแล้ว) — เคลียร์แล้วรันต่อ
[2026-09-08 18:15:02] Supervisor started (profile='demo-iux-2101182461', stale=180 s, check=30 s, grace=90 s, python='C:\Users\Copter\AppData\Local\hermes\hermes-agent\venv\Scripts\python.exe')
[2026-09-08 18:15:02] Launching: C:\Users\Copter\AppData\Local\hermes\hermes-agent\venv\Scripts\python.exe main.py
[2026-09-08 18:15:02] main.py running (pid=48972)
[2026-09-08 22:36:39] WARN: lock file ค้างจาก pid=33176 (ตายไปแล้ว) — เคลียร์แล้วรันต่อ
[2026-09-08 22:36:43] Supervisor started (profile='demo-iux-2101182461', stale=180 s, check=30 s, grace=90 s, python='C:\Users\Copter\AppData\Local\hermes\hermes-agent\venv\Scripts\python.exe')
[2026-09-08 22:36:43] Launching: C:\Users\Copter\AppData\Local\hermes\hermes-agent\venv\Scripts\python.exe main.py
[2026-09-08 22:36:43] main.py running (pid=32464)
[2026-09-08 23:18:27] WARN: lock file ค้างจาก pid=44224 (ตายไปแล้ว) — เคลียร์แล้วรันต่อ
[2026-09-08 23:18:28] Supervisor started (profile='demo-iux-2101182461', stale=180 s, check=30 s, grace=90 s, python='C:\Users\Copter\AppData\Local\hermes\hermes-agent\venv\Scripts\python.exe')
[2026-09-08 23:18:28] Launching: C:\Users\Copter\AppData\Local\hermes\hermes-agent\venv\Scripts\python.exe main.py
[2026-09-08 23:18:28] main.py running (pid=11272)
[2026-09-09 02:35:44] STALL: heartbeat age=4076s > 180s (loop hang) -> kill pid=11272 + restart
[2026-09-09 02:35:45] killed pid=34168 (python)
[2026-09-09 02:35:45] kill error pid=11272: Cannot find a process with the process identifier 11272.
[2026-09-09 02:35:45] Restarting in 5 s ...
[2026-09-09 09:00:23] Supervisor started (profile='demo-iux-2101182461', stale=180 s, check=30 s, grace=90 s, python='C:\Users\Copter\AppData\Local\hermes\hermes-agent\venv\Scripts\python.exe')
[2026-09-09 09:00:23] Launching: C:\Users\Copter\AppData\Local\hermes\hermes-agent\venv\Scripts\python.exe main.py
[2026-09-09 09:00:23] main.py running (pid=19528)
[2026-09-09 14:13:08] WARN: lock file ค้างจาก pid=27964 (ตายไปแล้ว) — เคลียร์แล้วรันต่อ
[2026-09-09 14:13:10] Supervisor started (profile='demo-iux-2101182461', stale=180 s, check=30 s, grace=90 s, python='C:\Users\Copter\AppData\Local\hermes\hermes-agent\venv\Scripts\python.exe')
[2026-09-09 14:13:10] Launching: C:\Users\Copter\AppData\Local\hermes\hermes-agent\venv\Scripts\python.exe main.py
[2026-09-09 14:13:10] main.py running (pid=39764)
[2026-09-09 15:03:40] WARN: lock file ค้างจาก pid=31096 (ตายไปแล้ว) — เคลียร์แล้วรันต่อ
[2026-09-09 15:03:41] Supervisor started (profile='demo-iux-2101182461', stale=180 s, check=30 s, grace=90 s, python='C:\Users\Copter\AppData\Local\hermes\hermes-agent\venv\Scripts\python.exe')
[2026-09-09 15:03:41] Launching: C:\Users\Copter\AppData\Local\hermes\hermes-agent\venv\Scripts\python.exe main.py
[2026-09-09 15:03:41] main.py running (pid=38680)
[2026-09-10 08:58:01] WARN: lock file ค้างจาก pid=8612 (ตายไปแล้ว) — เคลียร์แล้วรันต่อ
[2026-09-10 08:58:02] Supervisor started (profile='demo-iux-2101182461', stale=180 s, check=30 s, grace=90 s, python='C:\Users\Copter\AppData\Local\hermes\hermes-agent\venv\Scripts\python.exe')
[2026-09-10 08:58:02] Launching: C:\Users\Copter\AppData\Local\hermes\hermes-agent\venv\Scripts\python.exe main.py
[2026-09-10 08:58:02] main.py running (pid=34496)
[2026-09-10 10:56:37] WARN: lock file ค้างจาก pid=31520 (ตายไปแล้ว) — เคลียร์แล้วรันต่อ
[2026-09-10 10:56:40] Supervisor started (profile='demo-iux-2101182461', stale=180 s, check=30 s, grace=90 s, python='C:\Users\Copter\AppData\Local\hermes\hermes-agent\venv\Scripts\python.exe')
[2026-09-10 10:56:40] Launching: C:\Users\Copter\AppData\Local\hermes\hermes-agent\venv\Scripts\python.exe main.py
[2026-09-10 10:56:40] main.py running (pid=42548)
[2026-09-10 17:35:06] WARN: lock file ค้างจาก pid=26352 (ตายไปแล้ว) — เคลียร์แล้วรันต่อ
[2026-09-10 17:35:08] Supervisor started (profile='demo-iux-2101182461', stale=180 s, check=30 s, grace=90 s, python='C:\Users\Copter\AppData\Local\hermes\hermes-agent\venv\Scripts\python.exe')
[2026-09-10 17:35:08] Launching: C:\Users\Copter\AppData\Local\hermes\hermes-agent\venv\Scripts\python.exe main.py
[2026-09-10 17:35:08] main.py running (pid=34732)
[2026-09-11 08:24:03] WARN: lock file ค้างจาก pid=34080 (ตายไปแล้ว) — เคลียร์แล้วรันต่อ
[2026-09-11 08:24:04] Supervisor started (profile='demo-iux-2101182461', stale=180 s, check=30 s, grace=90 s, python='C:\Users\Copter\AppData\Local\hermes\hermes-agent\venv\Scripts\python.exe')
[2026-09-11 08:24:04] Launching: C:\Users\Copter\AppData\Local\hermes\hermes-agent\venv\Scripts\python.exe main.py
[2026-09-11 08:24:04] main.py running (pid=26148)
[2026-09-13 23:09:23] WARN: lock file ค้างจาก pid=30220 (ตายไปแล้ว) — เคลียร์แล้วรันต่อ
[2026-09-13 23:09:24] Supervisor started (profile='demo-iux-2101182461', stale=180 s, check=30 s, grace=90 s, python='C:\Users\Copter\AppData\Local\hermes\hermes-agent\venv\Scripts\python.exe')
[2026-09-13 23:09:24] Launching: C:\Users\Copter\AppData\Local\hermes\hermes-agent\venv\Scripts\python.exe main.py
[2026-09-13 23:09:24] main.py running (pid=35244)
[2026-09-14 08:59:02] WARN: lock file ค้างจาก pid=31936 (ตายไปแล้ว) — เคลียร์แล้วรันต่อ
[2026-09-14 08:59:03] Supervisor started (profile='demo-iux-2101182461', stale=180 s, check=30 s, grace=90 s, python='C:\Users\Copter\AppData\Local\hermes\hermes-agent\venv\Scripts\python.exe')
[2026-09-14 08:59:03] Launching: C:\Users\Copter\AppData\Local\hermes\hermes-agent\venv\Scripts\python.exe main.py
[2026-09-14 08:59:03] main.py running (pid=29408)
[2026-09-14 17:57:03] WARN: lock file ค้างจาก pid=28720 (ตายไปแล้ว) — เคลียร์แล้วรันต่อ
[2026-09-14 17:57:13] Supervisor started (profile='demo-iux-2101182461', stale=180 s, check=30 s, grace=90 s, python='C:\Users\Copter\AppData\Local\hermes\hermes-agent\venv\Scripts\python.exe')
[2026-09-14 17:57:13] Launching: C:\Users\Copter\AppData\Local\hermes\hermes-agent\venv\Scripts\python.exe main.py
[2026-09-14 17:57:14] main.py running (pid=56424)
[2026-09-14 17:58:44] WARN: heartbeat missing/unreadable (up=90s) — wait next cycle
[2026-09-14 22:05:23] WARN: lock file ค้างจาก pid=76372 (ตายไปแล้ว) — เคลียร์แล้วรันต่อ
[2026-09-14 22:05:25] Supervisor started (profile='demo-iux-2101182461', stale=180 s, check=30 s, grace=90 s, python='C:\Users\Copter\AppData\Local\hermes\hermes-agent\venv\Scripts\python.exe')
[2026-09-14 22:05:25] Launching: C:\Users\Copter\AppData\Local\hermes\hermes-agent\venv\Scripts\python.exe main.py
[2026-09-14 22:05:25] main.py running (pid=30964)
[2026-09-15 09:07:58] WARN: lock file ค้างจาก pid=51328 (ตายไปแล้ว) — เคลียร์แล้วรันต่อ
[2026-09-15 09:07:58] Supervisor started (profile='demo-iux-2101182461', stale=180 s, check=30 s, grace=90 s, python='C:\Users\Copter\AppData\Local\hermes\hermes-agent\venv\Scripts\python.exe')
[2026-09-15 09:07:58] Launching: C:\Users\Copter\AppData\Local\hermes\hermes-agent\venv\Scripts\python.exe main.py
[2026-09-15 09:07:58] main.py running (pid=35728)
[2026-09-15 10:42:12] WARN: lock file ค้างจาก pid=35052 (ตายไปแล้ว) — เคลียร์แล้วรันต่อ
[2026-09-15 10:42:13] Supervisor started (profile='demo-iux-2101182461', stale=180 s, check=30 s, grace=90 s, python='C:\Users\Copter\AppData\Local\hermes\hermes-agent\venv\Scripts\python.exe')
[2026-09-15 10:42:13] Launching: C:\Users\Copter\AppData\Local\hermes\hermes-agent\venv\Scripts\python.exe main.py
[2026-09-15 10:42:13] main.py running (pid=46576)
[2026-09-15 12:05:36] WARN: lock file ค้างจาก pid=46064 (ตายไปแล้ว) — เคลียร์แล้วรันต่อ
[2026-09-15 12:05:38] Supervisor started (profile='demo-iux-2101182461', stale=180 s, check=30 s, grace=90 s, python='C:\Users\Copter\AppData\Local\hermes\hermes-agent\venv\Scripts\python.exe')
[2026-09-15 12:05:38] Launching: C:\Users\Copter\AppData\Local\hermes\hermes-agent\venv\Scripts\python.exe main.py
[2026-09-15 12:05:38] main.py running (pid=52580)
[2026-09-15 14:42:14] WARN: lock file ค้างจาก pid=41364 (ตายไปแล้ว) — เคลียร์แล้วรันต่อ
[2026-09-15 14:42:15] Supervisor started (profile='demo-iux-2101182461', stale=180 s, check=30 s, grace=90 s, python='C:\Users\Copter\AppData\Local\hermes\hermes-agent\venv\Scripts\python.exe')
[2026-09-15 14:42:15] Launching: C:\Users\Copter\AppData\Local\hermes\hermes-agent\venv\Scripts\python.exe main.py
[2026-09-15 14:42:15] main.py running (pid=48980)
[2026-09-15 16:31:53] WARN: lock file ค้างจาก pid=19584 (ตายไปแล้ว) — เคลียร์แล้วรันต่อ
[2026-09-15 16:31:55] Supervisor started (profile='demo-iux-2101182461', stale=180 s, check=30 s, grace=90 s, python='C:\Users\Copter\AppData\Local\hermes\hermes-agent\venv\Scripts\python.exe')
[2026-09-15 16:31:55] Launching: C:\Users\Copter\AppData\Local\hermes\hermes-agent\venv\Scripts\python.exe main.py
[2026-09-15 16:31:55] main.py running (pid=62236)
[2026-09-15 20:39:42] WARN: lock file ค้างจาก pid=69312 (ตายไปแล้ว) — เคลียร์แล้วรันต่อ
[2026-09-15 20:39:43] Supervisor started (profile='demo-iux-2101182461', stale=180 s, check=30 s, grace=90 s, python='C:\Users\Copter\AppData\Local\hermes\hermes-agent\venv\Scripts\python.exe')
[2026-09-15 20:39:43] Launching: C:\Users\Copter\AppData\Local\hermes\hermes-agent\venv\Scripts\python.exe main.py
[2026-09-15 20:39:43] main.py running (pid=54232)
[2026-09-16 08:52:08] WARN: lock file ค้างจาก pid=66792 (ตายไปแล้ว) — เคลียร์แล้วรันต่อ
[2026-09-16 08:52:09] Supervisor started (profile='demo-iux-2101182461', stale=180 s, check=30 s, grace=90 s, python='C:\Users\Copter\AppData\Local\hermes\hermes-agent\venv\Scripts\python.exe')
[2026-09-16 08:52:09] Launching: C:\Users\Copter\AppData\Local\hermes\hermes-agent\venv\Scripts\python.exe main.py
[2026-09-16 08:52:09] main.py running (pid=33184)
[2026-09-16 10:25:38] WARN: lock file ค้างจาก pid=32764 (ตายไปแล้ว) — เคลียร์แล้วรันต่อ
[2026-09-16 10:25:39] Supervisor started (profile='demo-iux-2101182461', stale=180 s, check=30 s, grace=90 s, python='C:\Users\Copter\AppData\Local\hermes\hermes-agent\venv\Scripts\python.exe')
[2026-09-16 10:25:39] Launching: C:\Users\Copter\AppData\Local\hermes\hermes-agent\venv\Scripts\python.exe main.py
[2026-09-16 10:25:39] main.py running (pid=34284)
[2026-09-16 11:17:31] WARN: lock file ค้างจาก pid=44832 (ตายไปแล้ว) — เคลียร์แล้วรันต่อ
[2026-09-16 11:17:32] Supervisor started (profile='demo-iux-2101182461', stale=180 s, check=30 s, grace=90 s, python='C:\Users\Copter\AppData\Local\hermes\hermes-agent\venv\Scripts\python.exe')
[2026-09-16 11:17:32] Launching: C:\Users\Copter\AppData\Local\hermes\hermes-agent\venv\Scripts\python.exe main.py
[2026-09-16 11:17:32] main.py running (pid=32580)
[2026-09-16 20:39:29] WARN: lock file ค้างจาก pid=41260 (ตายไปแล้ว) — เคลียร์แล้วรันต่อ
[2026-09-16 20:39:31] Supervisor started (profile='demo-iux-2101182461', stale=180 s, check=30 s, grace=90 s, python='C:\Users\Copter\AppData\Local\hermes\hermes-agent\venv\Scripts\python.exe')
[2026-09-16 20:39:31] Launching: C:\Users\Copter\AppData\Local\hermes\hermes-agent\venv\Scripts\python.exe main.py
[2026-09-16 20:39:31] main.py running (pid=54692)
[2026-09-16 21:05:45] WARN: lock file ค้างจาก pid=44012 (ตายไปแล้ว) — เคลียร์แล้วรันต่อ
[2026-09-16 21:05:46] Supervisor started (profile='demo-iux-2101182461', stale=180 s, check=30 s, grace=90 s, python='C:\Users\Copter\AppData\Local\hermes\hermes-agent\venv\Scripts\python.exe')
[2026-09-16 21:05:46] Launching: C:\Users\Copter\AppData\Local\hermes\hermes-agent\venv\Scripts\python.exe main.py
[2026-09-16 21:05:46] main.py running (pid=35108)
[2026-09-17 08:55:51] WARN: lock file ค้างจาก pid=2312 (ตายไปแล้ว) — เคลียร์แล้วรันต่อ
[2026-09-17 08:55:52] Supervisor started (profile='demo-iux-2101182461', stale=180 s, check=30 s, grace=90 s, python='C:\Users\Copter\AppData\Local\hermes\hermes-agent\venv\Scripts\python.exe')
[2026-09-17 08:55:52] Launching: C:\Users\Copter\AppData\Local\hermes\hermes-agent\venv\Scripts\python.exe main.py
[2026-09-17 08:55:52] main.py running (pid=35424)
[2026-09-17 10:04:37] WARN: lock file ค้างจาก pid=34944 (ตายไปแล้ว) — เคลียร์แล้วรันต่อ
[2026-09-17 10:04:38] Supervisor started (profile='demo-iux-2101182461', stale=180 s, check=30 s, grace=90 s, python='C:\Users\Copter\AppData\Local\hermes\hermes-agent\venv\Scripts\python.exe')
[2026-09-17 10:04:38] Launching: C:\Users\Copter\AppData\Local\hermes\hermes-agent\venv\Scripts\python.exe main.py
[2026-09-17 10:04:38] main.py running (pid=30400)
[2026-09-17 10:36:29] WARN: lock file ค้างจาก pid=44312 (ตายไปแล้ว) — เคลียร์แล้วรันต่อ
[2026-09-17 10:36:30] Supervisor started (profile='demo-iux-2101182461', stale=180 s, check=30 s, grace=90 s, python='C:\Users\Copter\AppData\Local\hermes\hermes-agent\venv\Scripts\python.exe')
[2026-09-17 10:36:30] Launching: C:\Users\Copter\AppData\Local\hermes\hermes-agent\venv\Scripts\python.exe main.py
[2026-09-17 10:36:30] main.py running (pid=35864)
[2026-09-17 15:51:14] WARN: lock file ค้างจาก pid=52480 (ตายไปแล้ว) — เคลียร์แล้วรันต่อ
[2026-09-17 15:51:15] Supervisor started (profile='demo-iux-2101182461', stale=180 s, check=30 s, grace=90 s, python='C:\Users\Copter\AppData\Local\hermes\hermes-agent\venv\Scripts\python.exe')
[2026-09-17 15:51:15] Launching: C:\Users\Copter\AppData\Local\hermes\hermes-agent\venv\Scripts\python.exe main.py
[2026-09-17 15:51:15] main.py running (pid=58884)
[2026-09-17 17:26:31] WARN: lock file ค้างจาก pid=15720 (ตายไปแล้ว) — เคลียร์แล้วรันต่อ
[2026-09-17 17:26:32] Supervisor started (profile='demo-iux-2101182461', stale=180 s, check=30 s, grace=90 s, python='C:\Users\Copter\AppData\Local\hermes\hermes-agent\venv\Scripts\python.exe')
[2026-09-17 17:26:32] Launching: C:\Users\Copter\AppData\Local\hermes\hermes-agent\venv\Scripts\python.exe main.py
[2026-09-17 17:26:32] main.py running (pid=57572)
[2026-09-17 22:40:32] WARN: lock file ค้างจาก pid=48548 (ตายไปแล้ว) — เคลียร์แล้วรันต่อ
[2026-09-17 22:40:33] Supervisor started (profile='demo-iux-2101182461', stale=180 s, check=30 s, grace=90 s, python='C:\Users\Copter\AppData\Local\hermes\hermes-agent\venv\Scripts\python.exe')
[2026-09-17 22:40:33] Launching: C:\Users\Copter\AppData\Local\hermes\hermes-agent\venv\Scripts\python.exe main.py
[2026-09-17 22:40:33] main.py running (pid=58004)
[2026-09-18 08:50:52] WARN: lock file ค้างจาก pid=49184 (ตายไปแล้ว) — เคลียร์แล้วรันต่อ
[2026-09-18 08:50:53] Supervisor started (profile='demo-iux-2101182461', stale=180 s, check=30 s, grace=90 s, python='C:\Users\Copter\AppData\Local\hermes\hermes-agent\venv\Scripts\python.exe')
[2026-09-18 08:50:53] Launching: C:\Users\Copter\AppData\Local\hermes\hermes-agent\venv\Scripts\python.exe main.py
[2026-09-18 08:50:53] main.py running (pid=33836)
[2026-09-18 10:26:21] WARN: lock file ค้างจาก pid=23968 (ตายไปแล้ว) — เคลียร์แล้วรันต่อ
[2026-09-18 10:26:22] Supervisor started (profile='demo-iux-2101182461', stale=180 s, check=30 s, grace=90 s, python='C:\Users\Copter\AppData\Local\hermes\hermes-agent\venv\Scripts\python.exe')
[2026-09-18 10:26:22] Launching: C:\Users\Copter\AppData\Local\hermes\hermes-agent\venv\Scripts\python.exe main.py
[2026-09-18 10:26:22] main.py running (pid=45692)
