[2026-08-26 14:28:46] Supervisor started (profile='demo-exness-414252716', stale=180 s, check=30 s, grace=90 s, python='C:\Users\Copter\AppData\Local\hermes\hermes-agent\venv\Scripts\python.exe')
[2026-08-26 14:28:46] Launching: C:\Users\Copter\AppData\Local\hermes\hermes-agent\venv\Scripts\python.exe main.py
[2026-08-26 14:28:46] main.py running (pid=17916)
[2026-08-26 16:36:25] WARN: lock file ค้างจาก pid=45748 (ตายไปแล้ว) — เคลียร์แล้วรันต่อ
[2026-08-26 16:36:26] Supervisor started (profile='demo-exness-414252716', stale=180 s, check=30 s, grace=90 s, python='C:\Users\Copter\AppData\Local\hermes\hermes-agent\venv\Scripts\python.exe')
[2026-08-26 16:36:26] Launching: C:\Users\Copter\AppData\Local\hermes\hermes-agent\venv\Scripts\python.exe main.py
[2026-08-26 16:36:26] main.py running (pid=47744)
[2026-08-26 20:07:37] WARN: lock file ค้างจาก pid=50372 (ตายไปแล้ว) — เคลียร์แล้วรันต่อ
[2026-08-26 20:07:38] Supervisor started (profile='demo-exness-414252716', stale=180 s, check=30 s, grace=90 s, python='C:\Users\Copter\AppData\Local\hermes\hermes-agent\venv\Scripts\python.exe')
[2026-08-26 20:07:38] Launching: C:\Users\Copter\AppData\Local\hermes\hermes-agent\venv\Scripts\python.exe main.py
[2026-08-26 20:07:38] main.py running (pid=8012)
[2026-08-26 20:09:08] WARN: heartbeat missing/unreadable (up=90s) — wait next cycle
[2026-08-26 20:09:38] WARN: heartbeat missing/unreadable (up=120s) — wait next cycle
[2026-08-26 20:10:08] WARN: heartbeat missing/unreadable (up=150s) — wait next cycle
[2026-08-26 20:10:38] WARN: heartbeat missing/unreadable (up=180s) — wait next cycle
[2026-08-26 20:11:08] WARN: heartbeat missing/unreadable (up=210s) — wait next cycle
[2026-08-26 20:11:38] WARN: heartbeat missing/unreadable (up=240s) — wait next cycle
[2026-08-26 20:12:08] WARN: heartbeat missing/unreadable (up=270s) — wait next cycle
[2026-08-26 20:12:38] WARN: heartbeat missing/unreadable (up=300s) — wait next cycle
[2026-08-26 20:13:08] WARN: heartbeat missing/unreadable (up=330s) — wait next cycle
[2026-08-26 20:13:38] WARN: heartbeat missing/unreadable (up=360s) — wait next cycle
[2026-08-26 20:14:08] WARN: heartbeat missing/unreadable (up=390s) — wait next cycle
[2026-08-26 20:14:38] WARN: heartbeat missing/unreadable (up=420s) — wait next cycle
[2026-08-26 20:15:08] WARN: heartbeat missing/unreadable (up=450s) — wait next cycle
[2026-08-26 20:15:38] WARN: heartbeat missing/unreadable (up=480s) — wait next cycle
[2026-08-26 20:16:08] WARN: heartbeat missing/unreadable (up=510s) — wait next cycle
[2026-08-26 20:16:39] WARN: heartbeat missing/unreadable (up=540s) — wait next cycle
[2026-08-26 20:17:09] WARN: heartbeat missing/unreadable (up=570s) — wait next cycle
[2026-08-26 20:17:39] WARN: heartbeat missing/unreadable (up=600s) — wait next cycle
[2026-08-26 20:18:09] WARN: heartbeat missing/unreadable (up=630s) — wait next cycle
[2026-08-26 20:18:39] WARN: heartbeat missing/unreadable (up=660s) — wait next cycle
[2026-08-26 20:19:09] WARN: heartbeat missing/unreadable (up=690s) — wait next cycle
[2026-08-26 20:21:31] WARN: lock file ค้างจาก pid=50572 (ตายไปแล้ว) — เคลียร์แล้วรันต่อ
[2026-08-26 20:21:32] Supervisor started (profile='demo-exness-414252716', stale=180 s, check=30 s, grace=90 s, python='C:\Users\Copter\AppData\Local\hermes\hermes-agent\venv\Scripts\python.exe')
[2026-08-26 20:21:32] Launching: C:\Users\Copter\AppData\Local\hermes\hermes-agent\venv\Scripts\python.exe main.py
[2026-08-26 20:21:32] main.py running (pid=40748)
[2026-08-26 20:42:55] WARN: lock file ค้างจาก pid=25408 (ตายไปแล้ว) — เคลียร์แล้วรันต่อ
[2026-08-26 20:42:56] Supervisor started (profile='demo-exness-414252716', stale=180 s, check=30 s, grace=90 s, python='C:\Users\Copter\AppData\Local\hermes\hermes-agent\venv\Scripts\python.exe')
[2026-08-26 20:42:56] Launching: C:\Users\Copter\AppData\Local\hermes\hermes-agent\venv\Scripts\python.exe main.py
[2026-08-26 20:42:56] main.py running (pid=52312)
[2026-08-27 08:56:52] WARN: lock file ค้างจาก pid=11132 (ตายไปแล้ว) — เคลียร์แล้วรันต่อ
[2026-08-27 08:56:53] Supervisor started (profile='demo-exness-414252716', stale=180 s, check=30 s, grace=90 s, python='C:\Users\Copter\AppData\Local\hermes\hermes-agent\venv\Scripts\python.exe')
[2026-08-27 08:56:53] Launching: C:\Users\Copter\AppData\Local\hermes\hermes-agent\venv\Scripts\python.exe main.py
[2026-08-27 08:56:53] main.py running (pid=33964)
[2026-08-27 10:16:37] WARN: lock file ค้างจาก pid=33812 (ตายไปแล้ว) — เคลียร์แล้วรันต่อ
[2026-08-27 10:16:40] Supervisor started (profile='demo-exness-414252716', stale=180 s, check=30 s, grace=90 s, python='C:\Users\Copter\AppData\Local\hermes\hermes-agent\venv\Scripts\python.exe')
[2026-08-27 10:16:40] Launching: C:\Users\Copter\AppData\Local\hermes\hermes-agent\venv\Scripts\python.exe main.py
[2026-08-27 10:16:41] main.py running (pid=29420)
[2026-08-27 11:19:49] WARN: lock file ค้างจาก pid=44412 (ตายไปแล้ว) — เคลียร์แล้วรันต่อ
[2026-08-27 11:19:50] Supervisor started (profile='demo-exness-414252716', stale=180 s, check=30 s, grace=90 s, python='C:\Users\Copter\AppData\Local\hermes\hermes-agent\venv\Scripts\python.exe')
[2026-08-27 11:19:50] Launching: C:\Users\Copter\AppData\Local\hermes\hermes-agent\venv\Scripts\python.exe main.py
[2026-08-27 11:19:50] main.py running (pid=12652)
[2026-08-28 09:00:21] WARN: lock file ค้างจาก pid=26684 (ตายไปแล้ว) — เคลียร์แล้วรันต่อ
[2026-08-28 09:00:24] Supervisor started (profile='demo-exness-414252716', stale=180 s, check=30 s, grace=90 s, python='C:\Users\Copter\AppData\Local\hermes\hermes-agent\venv\Scripts\python.exe')
[2026-08-28 09:00:24] Launching: C:\Users\Copter\AppData\Local\hermes\hermes-agent\venv\Scripts\python.exe main.py
[2026-08-28 09:00:25] main.py running (pid=18628)
[2026-08-28 13:40:29] WARN: lock file ค้างจาก pid=33496 (ตายไปแล้ว) — เคลียร์แล้วรันต่อ
[2026-08-28 13:40:30] Supervisor started (profile='demo-exness-414252716', stale=180 s, check=30 s, grace=90 s, python='C:\Users\Copter\AppData\Local\hermes\hermes-agent\venv\Scripts\python.exe')
[2026-08-28 13:40:30] Launching: C:\Users\Copter\AppData\Local\hermes\hermes-agent\venv\Scripts\python.exe main.py
[2026-08-28 13:40:30] main.py running (pid=23456)
[2026-08-28 22:38:09] WARN: lock file ค้างจาก pid=37864 (ตายไปแล้ว) — เคลียร์แล้วรันต่อ
[2026-08-28 22:38:10] Supervisor started (profile='demo-exness-414252716', stale=180 s, check=30 s, grace=90 s, python='C:\Users\Copter\AppData\Local\hermes\hermes-agent\venv\Scripts\python.exe')
[2026-08-28 22:38:10] Launching: C:\Users\Copter\AppData\Local\hermes\hermes-agent\venv\Scripts\python.exe main.py
[2026-08-28 22:38:10] main.py running (pid=34648)
[2026-08-30 20:53:21] WARN: lock file ค้างจาก pid=29308 (ตายไปแล้ว) — เคลียร์แล้วรันต่อ
[2026-08-30 20:53:22] Supervisor started (profile='demo-exness-414252716', stale=180 s, check=30 s, grace=90 s, python='C:\Users\Copter\AppData\Local\hermes\hermes-agent\venv\Scripts\python.exe')
[2026-08-30 20:53:22] Launching: C:\Users\Copter\AppData\Local\hermes\hermes-agent\venv\Scripts\python.exe main.py
[2026-08-30 20:53:22] main.py running (pid=33324)
[2026-08-30 21:09:38] WARN: lock file ค้างจาก pid=32680 (ตายไปแล้ว) — เคลียร์แล้วรันต่อ
[2026-08-30 21:09:38] Supervisor started (profile='demo-exness-414252716', stale=180 s, check=30 s, grace=90 s, python='C:\Users\Copter\AppData\Local\hermes\hermes-agent\venv\Scripts\python.exe')
[2026-08-30 21:09:38] Launching: C:\Users\Copter\AppData\Local\hermes\hermes-agent\venv\Scripts\python.exe main.py
[2026-08-30 21:09:39] main.py running (pid=8508)
[2026-08-30 23:14:27] WARN: lock file ค้างจาก pid=12248 (ตายไปแล้ว) — เคลียร์แล้วรันต่อ
[2026-08-30 23:14:29] Supervisor started (profile='demo-exness-414252716', stale=180 s, check=30 s, grace=90 s, python='C:\Users\Copter\AppData\Local\hermes\hermes-agent\venv\Scripts\python.exe')
[2026-08-30 23:14:29] Launching: C:\Users\Copter\AppData\Local\hermes\hermes-agent\venv\Scripts\python.exe main.py
[2026-08-30 23:14:29] main.py running (pid=30128)
[2026-08-31 09:00:07] WARN: lock file ค้างจาก pid=10556 (ตายไปแล้ว) — เคลียร์แล้วรันต่อ
[2026-08-31 09:00:08] Supervisor started (profile='demo-exness-414252716', stale=180 s, check=30 s, grace=90 s, python='C:\Users\Copter\AppData\Local\hermes\hermes-agent\venv\Scripts\python.exe')
[2026-08-31 09:00:08] Launching: C:\Users\Copter\AppData\Local\hermes\hermes-agent\venv\Scripts\python.exe main.py
[2026-08-31 09:00:08] main.py running (pid=31708)
[2026-08-31 09:29:19] WARN: lock file ค้างจาก pid=30524 (ตายไปแล้ว) — เคลียร์แล้วรันต่อ
[2026-08-31 09:29:20] Supervisor started (profile='demo-exness-414252716', stale=180 s, check=30 s, grace=90 s, python='C:\Users\Copter\AppData\Local\hermes\hermes-agent\venv\Scripts\python.exe')
[2026-08-31 09:29:20] Launching: C:\Users\Copter\AppData\Local\hermes\hermes-agent\venv\Scripts\python.exe main.py
[2026-08-31 09:29:20] main.py running (pid=16512)
[2026-08-31 09:39:04] WARN: lock file ค้างจาก pid=25560 (ตายไปแล้ว) — เคลียร์แล้วรันต่อ
[2026-08-31 09:39:05] Supervisor started (profile='demo-exness-414252716', stale=180 s, check=30 s, grace=90 s, python='C:\Users\Copter\AppData\Local\hermes\hermes-agent\venv\Scripts\python.exe')
[2026-08-31 09:39:05] Launching: C:\Users\Copter\AppData\Local\hermes\hermes-agent\venv\Scripts\python.exe main.py
[2026-08-31 09:39:05] main.py running (pid=23136)
[2026-08-31 17:26:28] WARN: lock file ค้างจาก pid=27584 (ตายไปแล้ว) — เคลียร์แล้วรันต่อ
[2026-08-31 17:26:29] Supervisor started (profile='demo-exness-414252716', stale=180 s, check=30 s, grace=90 s, python='C:\Users\Copter\AppData\Local\hermes\hermes-agent\venv\Scripts\python.exe')
[2026-08-31 17:26:29] Launching: C:\Users\Copter\AppData\Local\hermes\hermes-agent\venv\Scripts\python.exe main.py
[2026-08-31 17:26:29] main.py running (pid=26932)
[2026-08-31 17:41:29] WARN: lock file ค้างจาก pid=48404 (ตายไปแล้ว) — เคลียร์แล้วรันต่อ
[2026-08-31 17:41:31] Supervisor started (profile='demo-exness-414252716', stale=180 s, check=30 s, grace=90 s, python='C:\Users\Copter\AppData\Local\hermes\hermes-agent\venv\Scripts\python.exe')
[2026-08-31 17:41:31] Launching: C:\Users\Copter\AppData\Local\hermes\hermes-agent\venv\Scripts\python.exe main.py
[2026-08-31 17:41:31] main.py running (pid=9272)
[2026-08-31 22:19:37] WARN: lock file ค้างจาก pid=43836 (ตายไปแล้ว) — เคลียร์แล้วรันต่อ
[2026-08-31 22:19:38] Supervisor started (profile='demo-exness-414252716', stale=180 s, check=30 s, grace=90 s, python='C:\Users\Copter\AppData\Local\hermes\hermes-agent\venv\Scripts\python.exe')
[2026-08-31 22:19:38] Launching: C:\Users\Copter\AppData\Local\hermes\hermes-agent\venv\Scripts\python.exe main.py
[2026-08-31 22:19:39] main.py running (pid=43116)
[2026-08-31 22:29:25] WARN: lock file ค้างจาก pid=49664 (ตายไปแล้ว) — เคลียร์แล้วรันต่อ
[2026-08-31 22:29:26] Supervisor started (profile='demo-exness-414252716', stale=180 s, check=30 s, grace=90 s, python='C:\Users\Copter\AppData\Local\hermes\hermes-agent\venv\Scripts\python.exe')
[2026-08-31 22:29:26] Launching: C:\Users\Copter\AppData\Local\hermes\hermes-agent\venv\Scripts\python.exe main.py
[2026-08-31 22:29:26] main.py running (pid=40640)
[2026-09-01 08:57:40] WARN: lock file ค้างจาก pid=35272 (ตายไปแล้ว) — เคลียร์แล้วรันต่อ
[2026-09-01 08:57:41] Supervisor started (profile='demo-exness-414252716', stale=180 s, check=30 s, grace=90 s, python='C:\Users\Copter\AppData\Local\hermes\hermes-agent\venv\Scripts\python.exe')
[2026-09-01 08:57:41] Launching: C:\Users\Copter\AppData\Local\hermes\hermes-agent\venv\Scripts\python.exe main.py
[2026-09-01 08:57:41] main.py running (pid=36304)
[2026-09-01 18:02:22] WARN: lock file ค้างจาก pid=11672 (ตายไปแล้ว) — เคลียร์แล้วรันต่อ
[2026-09-01 18:02:23] Supervisor started (profile='demo-exness-414252716', stale=180 s, check=30 s, grace=90 s, python='C:\Users\Copter\AppData\Local\hermes\hermes-agent\venv\Scripts\python.exe')
[2026-09-01 18:02:23] Launching: C:\Users\Copter\AppData\Local\hermes\hermes-agent\venv\Scripts\python.exe main.py
[2026-09-01 18:02:23] main.py running (pid=34152)
[2026-09-01 20:12:53] WARN: lock file ค้างจาก pid=20808 (ตายไปแล้ว) — เคลียร์แล้วรันต่อ
[2026-09-01 20:12:53] Supervisor started (profile='demo-exness-414252716', stale=180 s, check=30 s, grace=90 s, python='C:\Users\Copter\AppData\Local\hermes\hermes-agent\venv\Scripts\python.exe')
[2026-09-01 20:12:53] Launching: C:\Users\Copter\AppData\Local\hermes\hermes-agent\venv\Scripts\python.exe main.py
[2026-09-01 20:12:54] main.py running (pid=43768)
[2026-09-01 20:26:57] WARN: lock file ค้างจาก pid=21020 (ตายไปแล้ว) — เคลียร์แล้วรันต่อ
[2026-09-01 20:26:58] Supervisor started (profile='demo-exness-414252716', stale=180 s, check=30 s, grace=90 s, python='C:\Users\Copter\AppData\Local\hermes\hermes-agent\venv\Scripts\python.exe')
[2026-09-01 20:26:58] Launching: C:\Users\Copter\AppData\Local\hermes\hermes-agent\venv\Scripts\python.exe main.py
[2026-09-01 20:26:58] main.py running (pid=32948)
[2026-09-01 22:02:30] WARN: lock file ค้างจาก pid=46760 (ตายไปแล้ว) — เคลียร์แล้วรันต่อ
[2026-09-01 22:02:32] Supervisor started (profile='demo-exness-414252716', stale=180 s, check=30 s, grace=90 s, python='C:\Users\Copter\AppData\Local\hermes\hermes-agent\venv\Scripts\python.exe')
[2026-09-01 22:02:32] Launching: C:\Users\Copter\AppData\Local\hermes\hermes-agent\venv\Scripts\python.exe main.py
[2026-09-01 22:02:32] main.py running (pid=32940)
[2026-09-02 08:58:27] WARN: lock file ค้างจาก pid=35644 (ตายไปแล้ว) — เคลียร์แล้วรันต่อ
[2026-09-02 08:58:31] Supervisor started (profile='demo-exness-414252716', stale=180 s, check=30 s, grace=90 s, python='C:\Users\Copter\AppData\Local\hermes\hermes-agent\venv\Scripts\python.exe')
[2026-09-02 08:58:31] Launching: C:\Users\Copter\AppData\Local\hermes\hermes-agent\venv\Scripts\python.exe main.py
[2026-09-02 08:58:31] main.py running (pid=32356)
[2026-09-02 10:58:43] WARN: lock file ค้างจาก pid=30796 (ตายไปแล้ว) — เคลียร์แล้วรันต่อ
[2026-09-02 10:58:46] Supervisor started (profile='demo-exness-414252716', stale=180 s, check=30 s, grace=90 s, python='C:\Users\Copter\AppData\Local\hermes\hermes-agent\venv\Scripts\python.exe')
[2026-09-02 10:58:46] Launching: C:\Users\Copter\AppData\Local\hermes\hermes-agent\venv\Scripts\python.exe main.py
[2026-09-02 10:58:46] main.py running (pid=38632)
[2026-09-02 14:41:42] WARN: lock file ค้างจาก pid=35304 (ตายไปแล้ว) — เคลียร์แล้วรันต่อ
[2026-09-02 14:41:43] Supervisor started (profile='demo-exness-414252716', stale=180 s, check=30 s, grace=90 s, python='C:\Users\Copter\AppData\Local\hermes\hermes-agent\venv\Scripts\python.exe')
[2026-09-02 14:41:43] Launching: C:\Users\Copter\AppData\Local\hermes\hermes-agent\venv\Scripts\python.exe main.py
[2026-09-02 14:41:43] main.py running (pid=2772)
[2026-09-03 09:07:56] WARN: lock file ค้างจาก pid=42116 (ตายไปแล้ว) — เคลียร์แล้วรันต่อ
[2026-09-03 09:07:58] Supervisor started (profile='demo-exness-414252716', stale=180 s, check=30 s, grace=90 s, python='C:\Users\Copter\AppData\Local\hermes\hermes-agent\venv\Scripts\python.exe')
[2026-09-03 09:07:58] Launching: C:\Users\Copter\AppData\Local\hermes\hermes-agent\venv\Scripts\python.exe main.py
[2026-09-03 09:07:58] main.py running (pid=35656)
[2026-09-04 08:57:15] WARN: lock file ค้างจาก pid=33252 (ตายไปแล้ว) — เคลียร์แล้วรันต่อ
[2026-09-04 08:57:16] Supervisor started (profile='demo-exness-414252716', stale=180 s, check=30 s, grace=90 s, python='C:\Users\Copter\AppData\Local\hermes\hermes-agent\venv\Scripts\python.exe')
[2026-09-04 08:57:16] Launching: C:\Users\Copter\AppData\Local\hermes\hermes-agent\venv\Scripts\python.exe main.py
[2026-09-04 08:57:16] main.py running (pid=31212)
[2026-09-04 12:51:10] WARN: lock file ค้างจาก pid=1828 (ตายไปแล้ว) — เคลียร์แล้วรันต่อ
[2026-09-04 12:51:11] Supervisor started (profile='demo-exness-414252716', stale=180 s, check=30 s, grace=90 s, python='C:\Users\Copter\AppData\Local\hermes\hermes-agent\venv\Scripts\python.exe')
[2026-09-04 12:51:11] Launching: C:\Users\Copter\AppData\Local\hermes\hermes-agent\venv\Scripts\python.exe main.py
[2026-09-04 12:51:11] main.py running (pid=31708)
[2026-09-04 13:21:12] main.py exited (code=) -> restart
[2026-09-04 13:21:12] Restarting in 5 s ...
[2026-09-04 13:21:17] Launching: C:\Users\Copter\AppData\Local\hermes\hermes-agent\venv\Scripts\python.exe main.py
[2026-09-04 13:21:17] main.py running (pid=11340)
[2026-09-04 13:37:48] main.py exited (code=) -> restart
[2026-09-04 13:37:48] Restarting in 5 s ...
[2026-09-04 13:37:53] Launching: C:\Users\Copter\AppData\Local\hermes\hermes-agent\venv\Scripts\python.exe main.py
[2026-09-04 13:37:53] main.py running (pid=38960)
[2026-09-04 17:21:58] WARN: lock file ค้างจาก pid=36592 (ตายไปแล้ว) — เคลียร์แล้วรันต่อ
[2026-09-04 17:22:00] Supervisor started (profile='demo-exness-414252716', stale=180 s, check=30 s, grace=90 s, python='C:\Users\Copter\AppData\Local\hermes\hermes-agent\venv\Scripts\python.exe')
[2026-09-04 17:22:00] Launching: C:\Users\Copter\AppData\Local\hermes\hermes-agent\venv\Scripts\python.exe main.py
[2026-09-04 17:22:00] main.py running (pid=45172)
[2026-09-04 18:03:59] WARN: lock file ค้างจาก pid=34844 (ตายไปแล้ว) — เคลียร์แล้วรันต่อ
[2026-09-04 18:04:00] Supervisor started (profile='demo-exness-414252716', stale=180 s, check=30 s, grace=90 s, python='C:\Users\Copter\AppData\Local\hermes\hermes-agent\venv\Scripts\python.exe')
[2026-09-04 18:04:00] Launching: C:\Users\Copter\AppData\Local\hermes\hermes-agent\venv\Scripts\python.exe main.py
[2026-09-04 18:04:00] main.py running (pid=49260)
[2026-09-04 20:19:11] WARN: lock file ค้างจาก pid=44548 (ตายไปแล้ว) — เคลียร์แล้วรันต่อ
[2026-09-04 20:19:13] Supervisor started (profile='demo-exness-414252716', stale=180 s, check=30 s, grace=90 s, python='C:\Users\Copter\AppData\Local\hermes\hermes-agent\venv\Scripts\python.exe')
[2026-09-04 20:19:13] Launching: C:\Users\Copter\AppData\Local\hermes\hermes-agent\venv\Scripts\python.exe main.py
[2026-09-04 20:19:13] main.py running (pid=26476)
[2026-09-06 22:33:56] WARN: lock file ค้างจาก pid=39800 (ตายไปแล้ว) — เคลียร์แล้วรันต่อ
[2026-09-06 22:33:57] Supervisor started (profile='demo-exness-414252716', stale=180 s, check=30 s, grace=90 s, python='C:\Users\Copter\AppData\Local\hermes\hermes-agent\venv\Scripts\python.exe')
[2026-09-06 22:33:57] Launching: C:\Users\Copter\AppData\Local\hermes\hermes-agent\venv\Scripts\python.exe main.py
[2026-09-06 22:33:57] main.py running (pid=33172)
[2026-09-07 09:03:00] WARN: lock file ค้างจาก pid=32660 (ตายไปแล้ว) — เคลียร์แล้วรันต่อ
[2026-09-07 09:03:01] Supervisor started (profile='demo-exness-414252716', stale=180 s, check=30 s, grace=90 s, python='C:\Users\Copter\AppData\Local\hermes\hermes-agent\venv\Scripts\python.exe')
[2026-09-07 09:03:01] Launching: C:\Users\Copter\AppData\Local\hermes\hermes-agent\venv\Scripts\python.exe main.py
[2026-09-07 09:03:01] main.py running (pid=35660)
[2026-09-08 08:59:51] WARN: lock file ค้างจาก pid=19580 (ตายไปแล้ว) — เคลียร์แล้วรันต่อ
[2026-09-08 08:59:52] Supervisor started (profile='demo-exness-414252716', stale=180 s, check=30 s, grace=90 s, python='C:\Users\Copter\AppData\Local\hermes\hermes-agent\venv\Scripts\python.exe')
[2026-09-08 08:59:52] Launching: C:\Users\Copter\AppData\Local\hermes\hermes-agent\venv\Scripts\python.exe main.py
[2026-09-08 08:59:52] main.py running (pid=33248)
[2026-09-08 17:40:31] WARN: lock file ค้างจาก pid=33360 (ตายไปแล้ว) — เคลียร์แล้วรันต่อ
[2026-09-08 17:40:32] Supervisor started (profile='demo-exness-414252716', stale=180 s, check=30 s, grace=90 s, python='C:\Users\Copter\AppData\Local\hermes\hermes-agent\venv\Scripts\python.exe')
[2026-09-08 17:40:32] Launching: C:\Users\Copter\AppData\Local\hermes\hermes-agent\venv\Scripts\python.exe main.py
[2026-09-08 17:40:32] main.py running (pid=1912)
[2026-09-08 18:15:09] WARN: lock file ค้างจาก pid=30416 (ตายไปแล้ว) — เคลียร์แล้วรันต่อ
[2026-09-08 18:15:10] Supervisor started (profile='demo-exness-414252716', stale=180 s, check=30 s, grace=90 s, python='C:\Users\Copter\AppData\Local\hermes\hermes-agent\venv\Scripts\python.exe')
[2026-09-08 18:15:10] Launching: C:\Users\Copter\AppData\Local\hermes\hermes-agent\venv\Scripts\python.exe main.py
[2026-09-08 18:15:10] main.py running (pid=39188)
[2026-09-08 22:36:48] WARN: lock file ค้างจาก pid=48856 (ตายไปแล้ว) — เคลียร์แล้วรันต่อ
[2026-09-08 22:36:52] Supervisor started (profile='demo-exness-414252716', stale=180 s, check=30 s, grace=90 s, python='C:\Users\Copter\AppData\Local\hermes\hermes-agent\venv\Scripts\python.exe')
[2026-09-08 22:36:52] Launching: C:\Users\Copter\AppData\Local\hermes\hermes-agent\venv\Scripts\python.exe main.py
[2026-09-08 22:36:52] main.py running (pid=42092)
[2026-09-08 23:18:35] WARN: lock file ค้างจาก pid=42772 (ตายไปแล้ว) — เคลียร์แล้วรันต่อ
[2026-09-08 23:18:36] Supervisor started (profile='demo-exness-414252716', stale=180 s, check=30 s, grace=90 s, python='C:\Users\Copter\AppData\Local\hermes\hermes-agent\venv\Scripts\python.exe')
[2026-09-08 23:18:36] Launching: C:\Users\Copter\AppData\Local\hermes\hermes-agent\venv\Scripts\python.exe main.py
[2026-09-08 23:18:36] main.py running (pid=44352)
[2026-09-09 09:00:32] WARN: lock file ค้างจาก pid=28676 (ตายไปแล้ว) — เคลียร์แล้วรันต่อ
[2026-09-09 09:00:34] Supervisor started (profile='demo-exness-414252716', stale=180 s, check=30 s, grace=90 s, python='C:\Users\Copter\AppData\Local\hermes\hermes-agent\venv\Scripts\python.exe')
[2026-09-09 09:00:34] Launching: C:\Users\Copter\AppData\Local\hermes\hermes-agent\venv\Scripts\python.exe main.py
[2026-09-09 09:00:34] main.py running (pid=32376)
[2026-09-09 14:13:16] WARN: lock file ค้างจาก pid=30948 (ตายไปแล้ว) — เคลียร์แล้วรันต่อ
[2026-09-09 14:13:17] Supervisor started (profile='demo-exness-414252716', stale=180 s, check=30 s, grace=90 s, python='C:\Users\Copter\AppData\Local\hermes\hermes-agent\venv\Scripts\python.exe')
[2026-09-09 14:13:17] Launching: C:\Users\Copter\AppData\Local\hermes\hermes-agent\venv\Scripts\python.exe main.py
[2026-09-09 14:13:17] main.py running (pid=32368)
[2026-09-09 15:03:48] WARN: lock file ค้างจาก pid=9240 (ตายไปแล้ว) — เคลียร์แล้วรันต่อ
[2026-09-09 15:03:49] Supervisor started (profile='demo-exness-414252716', stale=180 s, check=30 s, grace=90 s, python='C:\Users\Copter\AppData\Local\hermes\hermes-agent\venv\Scripts\python.exe')
[2026-09-09 15:03:49] Launching: C:\Users\Copter\AppData\Local\hermes\hermes-agent\venv\Scripts\python.exe main.py
[2026-09-09 15:03:50] main.py running (pid=36644)
[2026-09-10 08:57:58] WARN: lock file ค้างจาก pid=49652 (ตายไปแล้ว) — เคลียร์แล้วรันต่อ
[2026-09-10 08:58:00] Supervisor started (profile='demo-exness-414252716', stale=180 s, check=30 s, grace=90 s, python='C:\Users\Copter\AppData\Local\hermes\hermes-agent\venv\Scripts\python.exe')
[2026-09-10 08:58:00] Launching: C:\Users\Copter\AppData\Local\hermes\hermes-agent\venv\Scripts\python.exe main.py
[2026-09-10 08:58:00] main.py running (pid=30136)
[2026-09-10 10:56:43] WARN: lock file ค้างจาก pid=33376 (ตายไปแล้ว) — เคลียร์แล้วรันต่อ
[2026-09-10 10:56:45] Supervisor started (profile='demo-exness-414252716', stale=180 s, check=30 s, grace=90 s, python='C:\Users\Copter\AppData\Local\hermes\hermes-agent\venv\Scripts\python.exe')
[2026-09-10 10:56:45] Launching: C:\Users\Copter\AppData\Local\hermes\hermes-agent\venv\Scripts\python.exe main.py
[2026-09-10 10:56:45] main.py running (pid=27940)
[2026-09-10 17:35:14] WARN: lock file ค้างจาก pid=24488 (ตายไปแล้ว) — เคลียร์แล้วรันต่อ
[2026-09-10 17:35:17] Supervisor started (profile='demo-exness-414252716', stale=180 s, check=30 s, grace=90 s, python='C:\Users\Copter\AppData\Local\hermes\hermes-agent\venv\Scripts\python.exe')
[2026-09-10 17:35:17] Launching: C:\Users\Copter\AppData\Local\hermes\hermes-agent\venv\Scripts\python.exe main.py
[2026-09-10 17:35:17] main.py running (pid=37416)
[2026-09-11 08:23:51] WARN: lock file ค้างจาก pid=20728 (ตายไปแล้ว) — เคลียร์แล้วรันต่อ
[2026-09-11 08:23:52] Supervisor started (profile='demo-exness-414252716', stale=180 s, check=30 s, grace=90 s, python='C:\Users\Copter\AppData\Local\hermes\hermes-agent\venv\Scripts\python.exe')
[2026-09-11 08:23:52] Launching: C:\Users\Copter\AppData\Local\hermes\hermes-agent\venv\Scripts\python.exe main.py
[2026-09-11 08:23:52] main.py running (pid=30636)
[2026-09-13 23:09:31] WARN: lock file ค้างจาก pid=31460 (ตายไปแล้ว) — เคลียร์แล้วรันต่อ
[2026-09-13 23:09:33] Supervisor started (profile='demo-exness-414252716', stale=180 s, check=30 s, grace=90 s, python='C:\Users\Copter\AppData\Local\hermes\hermes-agent\venv\Scripts\python.exe')
[2026-09-13 23:09:33] Launching: C:\Users\Copter\AppData\Local\hermes\hermes-agent\venv\Scripts\python.exe main.py
[2026-09-13 23:09:33] main.py running (pid=34100)
[2026-09-14 08:59:12] WARN: lock file ค้างจาก pid=31780 (ตายไปแล้ว) — เคลียร์แล้วรันต่อ
[2026-09-14 08:59:13] Supervisor started (profile='demo-exness-414252716', stale=180 s, check=30 s, grace=90 s, python='C:\Users\Copter\AppData\Local\hermes\hermes-agent\venv\Scripts\python.exe')
[2026-09-14 08:59:13] Launching: C:\Users\Copter\AppData\Local\hermes\hermes-agent\venv\Scripts\python.exe main.py
[2026-09-14 08:59:13] main.py running (pid=27212)
[2026-09-14 17:57:12] WARN: lock file ค้างจาก pid=32348 (ตายไปแล้ว) — เคลียร์แล้วรันต่อ
[2026-09-14 17:57:15] Supervisor started (profile='demo-exness-414252716', stale=180 s, check=30 s, grace=90 s, python='C:\Users\Copter\AppData\Local\hermes\hermes-agent\venv\Scripts\python.exe')
[2026-09-14 17:57:15] Launching: C:\Users\Copter\AppData\Local\hermes\hermes-agent\venv\Scripts\python.exe main.py
[2026-09-14 17:57:15] main.py running (pid=85764)
[2026-09-14 22:05:31] WARN: lock file ค้างจาก pid=73020 (ตายไปแล้ว) — เคลียร์แล้วรันต่อ
[2026-09-14 22:05:33] Supervisor started (profile='demo-exness-414252716', stale=180 s, check=30 s, grace=90 s, python='C:\Users\Copter\AppData\Local\hermes\hermes-agent\venv\Scripts\python.exe')
[2026-09-14 22:05:33] Launching: C:\Users\Copter\AppData\Local\hermes\hermes-agent\venv\Scripts\python.exe main.py
[2026-09-14 22:05:33] main.py running (pid=54908)
[2026-09-15 09:08:06] WARN: lock file ค้างจาก pid=60432 (ตายไปแล้ว) — เคลียร์แล้วรันต่อ
[2026-09-15 09:08:07] Supervisor started (profile='demo-exness-414252716', stale=180 s, check=30 s, grace=90 s, python='C:\Users\Copter\AppData\Local\hermes\hermes-agent\venv\Scripts\python.exe')
[2026-09-15 09:08:07] Launching: C:\Users\Copter\AppData\Local\hermes\hermes-agent\venv\Scripts\python.exe main.py
[2026-09-15 09:08:07] main.py running (pid=37636)
[2026-09-15 10:42:20] WARN: lock file ค้างจาก pid=37088 (ตายไปแล้ว) — เคลียร์แล้วรันต่อ
[2026-09-15 10:42:21] Supervisor started (profile='demo-exness-414252716', stale=180 s, check=30 s, grace=90 s, python='C:\Users\Copter\AppData\Local\hermes\hermes-agent\venv\Scripts\python.exe')
[2026-09-15 10:42:21] Launching: C:\Users\Copter\AppData\Local\hermes\hermes-agent\venv\Scripts\python.exe main.py
[2026-09-15 10:42:21] main.py running (pid=42924)
[2026-09-15 12:05:46] WARN: lock file ค้างจาก pid=5044 (ตายไปแล้ว) — เคลียร์แล้วรันต่อ
[2026-09-15 12:05:48] Supervisor started (profile='demo-exness-414252716', stale=180 s, check=30 s, grace=90 s, python='C:\Users\Copter\AppData\Local\hermes\hermes-agent\venv\Scripts\python.exe')
[2026-09-15 12:05:48] Launching: C:\Users\Copter\AppData\Local\hermes\hermes-agent\venv\Scripts\python.exe main.py
[2026-09-15 12:05:48] main.py running (pid=34740)
[2026-09-15 14:42:22] WARN: lock file ค้างจาก pid=22144 (ตายไปแล้ว) — เคลียร์แล้วรันต่อ
[2026-09-15 14:42:24] Supervisor started (profile='demo-exness-414252716', stale=180 s, check=30 s, grace=90 s, python='C:\Users\Copter\AppData\Local\hermes\hermes-agent\venv\Scripts\python.exe')
[2026-09-15 14:42:24] Launching: C:\Users\Copter\AppData\Local\hermes\hermes-agent\venv\Scripts\python.exe main.py
[2026-09-15 14:42:24] main.py running (pid=39844)
[2026-09-15 16:32:01] WARN: lock file ค้างจาก pid=48332 (ตายไปแล้ว) — เคลียร์แล้วรันต่อ
[2026-09-15 16:32:04] Supervisor started (profile='demo-exness-414252716', stale=180 s, check=30 s, grace=90 s, python='C:\Users\Copter\AppData\Local\hermes\hermes-agent\venv\Scripts\python.exe')
[2026-09-15 16:32:04] Launching: C:\Users\Copter\AppData\Local\hermes\hermes-agent\venv\Scripts\python.exe main.py
[2026-09-15 16:32:04] main.py running (pid=69512)
[2026-09-15 20:39:51] WARN: lock file ค้างจาก pid=56536 (ตายไปแล้ว) — เคลียร์แล้วรันต่อ
[2026-09-15 20:39:52] Supervisor started (profile='demo-exness-414252716', stale=180 s, check=30 s, grace=90 s, python='C:\Users\Copter\AppData\Local\hermes\hermes-agent\venv\Scripts\python.exe')
[2026-09-15 20:39:52] Launching: C:\Users\Copter\AppData\Local\hermes\hermes-agent\venv\Scripts\python.exe main.py
[2026-09-15 20:39:52] main.py running (pid=46784)
[2026-09-16 08:52:16] WARN: lock file ค้างจาก pid=47236 (ตายไปแล้ว) — เคลียร์แล้วรันต่อ
[2026-09-16 08:52:18] Supervisor started (profile='demo-exness-414252716', stale=180 s, check=30 s, grace=90 s, python='C:\Users\Copter\AppData\Local\hermes\hermes-agent\venv\Scripts\python.exe')
[2026-09-16 08:52:18] Launching: C:\Users\Copter\AppData\Local\hermes\hermes-agent\venv\Scripts\python.exe main.py
[2026-09-16 08:52:18] main.py running (pid=36064)
[2026-09-16 10:25:47] WARN: lock file ค้างจาก pid=21384 (ตายไปแล้ว) — เคลียร์แล้วรันต่อ
[2026-09-16 10:25:48] Supervisor started (profile='demo-exness-414252716', stale=180 s, check=30 s, grace=90 s, python='C:\Users\Copter\AppData\Local\hermes\hermes-agent\venv\Scripts\python.exe')
[2026-09-16 10:25:48] Launching: C:\Users\Copter\AppData\Local\hermes\hermes-agent\venv\Scripts\python.exe main.py
[2026-09-16 10:25:48] main.py running (pid=35632)
[2026-09-16 11:17:39] WARN: lock file ค้างจาก pid=42768 (ตายไปแล้ว) — เคลียร์แล้วรันต่อ
[2026-09-16 11:17:40] Supervisor started (profile='demo-exness-414252716', stale=180 s, check=30 s, grace=90 s, python='C:\Users\Copter\AppData\Local\hermes\hermes-agent\venv\Scripts\python.exe')
[2026-09-16 11:17:40] Launching: C:\Users\Copter\AppData\Local\hermes\hermes-agent\venv\Scripts\python.exe main.py
[2026-09-16 11:17:40] main.py running (pid=40004)
[2026-09-16 20:39:38] WARN: lock file ค้างจาก pid=47744 (ตายไปแล้ว) — เคลียร์แล้วรันต่อ
[2026-09-16 20:39:39] Supervisor started (profile='demo-exness-414252716', stale=180 s, check=30 s, grace=90 s, python='C:\Users\Copter\AppData\Local\hermes\hermes-agent\venv\Scripts\python.exe')
[2026-09-16 20:39:39] Launching: C:\Users\Copter\AppData\Local\hermes\hermes-agent\venv\Scripts\python.exe main.py
[2026-09-16 20:39:39] main.py running (pid=18724)
[2026-09-16 21:05:50] WARN: lock file ค้างจาก pid=59996 (ตายไปแล้ว) — เคลียร์แล้วรันต่อ
[2026-09-16 21:05:52] Supervisor started (profile='demo-exness-414252716', stale=180 s, check=30 s, grace=90 s, python='C:\Users\Copter\AppData\Local\hermes\hermes-agent\venv\Scripts\python.exe')
[2026-09-16 21:05:52] Launching: C:\Users\Copter\AppData\Local\hermes\hermes-agent\venv\Scripts\python.exe main.py
[2026-09-16 21:05:52] main.py running (pid=58460)
[2026-09-17 08:55:57] WARN: lock file ค้างจาก pid=41348 (ตายไปแล้ว) — เคลียร์แล้วรันต่อ
[2026-09-17 08:55:59] Supervisor started (profile='demo-exness-414252716', stale=180 s, check=30 s, grace=90 s, python='C:\Users\Copter\AppData\Local\hermes\hermes-agent\venv\Scripts\python.exe')
[2026-09-17 08:55:59] Launching: C:\Users\Copter\AppData\Local\hermes\hermes-agent\venv\Scripts\python.exe main.py
[2026-09-17 08:55:59] main.py running (pid=37296)
[2026-09-17 10:04:43] WARN: lock file ค้างจาก pid=36756 (ตายไปแล้ว) — เคลียร์แล้วรันต่อ
[2026-09-17 10:04:45] Supervisor started (profile='demo-exness-414252716', stale=180 s, check=30 s, grace=90 s, python='C:\Users\Copter\AppData\Local\hermes\hermes-agent\venv\Scripts\python.exe')
[2026-09-17 10:04:45] Launching: C:\Users\Copter\AppData\Local\hermes\hermes-agent\venv\Scripts\python.exe main.py
[2026-09-17 10:04:45] main.py running (pid=8456)
[2026-09-17 10:36:35] WARN: lock file ค้างจาก pid=49008 (ตายไปแล้ว) — เคลียร์แล้วรันต่อ
[2026-09-17 10:36:37] Supervisor started (profile='demo-exness-414252716', stale=180 s, check=30 s, grace=90 s, python='C:\Users\Copter\AppData\Local\hermes\hermes-agent\venv\Scripts\python.exe')
[2026-09-17 10:36:37] Launching: C:\Users\Copter\AppData\Local\hermes\hermes-agent\venv\Scripts\python.exe main.py
[2026-09-17 10:36:37] main.py running (pid=37612)
[2026-09-17 15:51:20] WARN: lock file ค้างจาก pid=52412 (ตายไปแล้ว) — เคลียร์แล้วรันต่อ
[2026-09-17 15:51:22] Supervisor started (profile='demo-exness-414252716', stale=180 s, check=30 s, grace=90 s, python='C:\Users\Copter\AppData\Local\hermes\hermes-agent\venv\Scripts\python.exe')
[2026-09-17 15:51:22] Launching: C:\Users\Copter\AppData\Local\hermes\hermes-agent\venv\Scripts\python.exe main.py
[2026-09-17 15:51:22] main.py running (pid=17396)
[2026-09-17 17:26:37] WARN: lock file ค้างจาก pid=42588 (ตายไปแล้ว) — เคลียร์แล้วรันต่อ
[2026-09-17 17:26:39] Supervisor started (profile='demo-exness-414252716', stale=180 s, check=30 s, grace=90 s, python='C:\Users\Copter\AppData\Local\hermes\hermes-agent\venv\Scripts\python.exe')
[2026-09-17 17:26:39] Launching: C:\Users\Copter\AppData\Local\hermes\hermes-agent\venv\Scripts\python.exe main.py
[2026-09-17 17:26:39] main.py running (pid=32476)
