[2026-07-13 09:30:29] WARN: lock file ค้างจาก pid=3952 (ตายไปแล้ว) — เคลียร์แล้วรันต่อ
[2026-07-13 09:30:37] Supervisor started (profile='demo-iux-2101182459', stale=180 s, check=30 s, grace=90 s, python='C:\Users\Administrator\AppData\Local\Programs\Python\Python313\python.exe')
[2026-07-13 09:30:42] Launching: C:\Users\Administrator\AppData\Local\Programs\Python\Python313\python.exe main.py
[2026-07-13 09:30:43] main.py running (pid=5220)
[2026-07-13 09:34:26] STALL: heartbeat age=199s > 180s (loop hang) -> kill pid=5220 + restart
[2026-07-13 09:34:35] Restarting in 5 s ...
[2026-07-13 09:34:42] Launching: C:\Users\Administrator\AppData\Local\Programs\Python\Python313\python.exe main.py
[2026-07-13 09:34:45] main.py running (pid=5552)
[2026-07-13 09:38:26] STALL: heartbeat age=196s > 180s (loop hang) -> kill pid=5552 + restart
[2026-07-13 09:38:40] Restarting in 5 s ...
[2026-07-13 09:38:45] Launching: C:\Users\Administrator\AppData\Local\Programs\Python\Python313\python.exe main.py
[2026-07-13 09:38:45] main.py running (pid=5244)
[2026-07-13 09:46:54] STALL: heartbeat age=210s > 180s (loop hang) -> kill pid=5244 + restart
[2026-07-13 09:47:56] Restarting in 5 s ...
[2026-07-13 10:03:22] WARN: lock file ค้างจาก pid=5640 (ตายไปแล้ว) — เคลียร์แล้วรันต่อ
[2026-07-13 10:03:29] Supervisor started (profile='demo-iux-2101182459', stale=180 s, check=30 s, grace=90 s, python='C:\Users\Administrator\AppData\Local\Programs\Python\Python313\python.exe')
[2026-07-13 10:03:29] Launching: C:\Users\Administrator\AppData\Local\Programs\Python\Python313\python.exe main.py
[2026-07-13 10:03:29] main.py running (pid=1056)
[2026-07-13 18:25:13] WARN: lock file ค้างจาก pid=2144 (ตายไปแล้ว) — เคลียร์แล้วรันต่อ
[2026-07-13 18:25:14] Supervisor started (profile='demo-iux-2101182459', stale=180 s, check=30 s, grace=90 s, python='C:\Users\Administrator\AppData\Local\Programs\Python\Python313\python.exe')
[2026-07-13 18:25:14] Launching: C:\Users\Administrator\AppData\Local\Programs\Python\Python313\python.exe main.py
[2026-07-13 18:25:14] main.py running (pid=2208)
[2026-07-13 18:44:13] WARN: lock file ค้างจาก pid=2704 (ตายไปแล้ว) — เคลียร์แล้วรันต่อ
[2026-07-13 18:44:15] Supervisor started (profile='demo-iux-2101182459', stale=180 s, check=30 s, grace=90 s, python='C:\Users\Administrator\AppData\Local\Programs\Python\Python313\python.exe')
[2026-07-13 18:44:15] Launching: C:\Users\Administrator\AppData\Local\Programs\Python\Python313\python.exe main.py
[2026-07-13 18:44:18] main.py running (pid=1164)
[2026-07-14 18:13:56] WARN: lock file ค้างจาก pid=4468 (ตายไปแล้ว) — เคลียร์แล้วรันต่อ
[2026-07-14 18:13:57] Supervisor started (profile='demo-iux-2101182459', stale=180 s, check=30 s, grace=90 s, python='C:\Users\Administrator\AppData\Local\Programs\Python\Python313\python.exe')
[2026-07-14 18:13:57] Launching: C:\Users\Administrator\AppData\Local\Programs\Python\Python313\python.exe main.py
[2026-07-14 18:13:57] main.py running (pid=5212)
[2026-07-14 20:13:58] STALL: heartbeat age=208s > 180s (loop hang) -> kill pid=5212 + restart
[2026-07-14 20:15:03] Restarting in 5 s ...
[2026-07-14 20:15:13] Launching: C:\Users\Administrator\AppData\Local\Programs\Python\Python313\python.exe main.py
[2026-07-14 20:19:21] main.py running (pid=3164)
[2026-07-14 20:22:19] WARN: heartbeat missing/unreadable (up=178s) — wait next cycle
[2026-07-14 20:22:58] WARN: heartbeat missing/unreadable (up=218s) — wait next cycle
[2026-07-14 20:23:28] WARN: heartbeat missing/unreadable (up=248s) — wait next cycle
[2026-07-14 20:28:16] WARN: heartbeat missing/unreadable (up=536s) — wait next cycle
[2026-07-14 20:28:52] WARN: heartbeat missing/unreadable (up=571s) — wait next cycle
[2026-07-14 20:29:28] WARN: heartbeat missing/unreadable (up=607s) — wait next cycle
[2026-07-14 20:30:03] WARN: heartbeat missing/unreadable (up=643s) — wait next cycle
[2026-07-14 20:30:39] WARN: heartbeat missing/unreadable (up=678s) — wait next cycle
[2026-07-14 20:31:15] WARN: heartbeat missing/unreadable (up=714s) — wait next cycle
[2026-07-14 20:31:50] WARN: heartbeat missing/unreadable (up=750s) — wait next cycle
[2026-07-14 20:32:26] WARN: heartbeat missing/unreadable (up=785s) — wait next cycle
[2026-07-14 20:33:44] WARN: heartbeat missing/unreadable (up=864s) — wait next cycle
[2026-07-14 20:34:20] WARN: heartbeat missing/unreadable (up=899s) — wait next cycle
[2026-07-14 20:34:55] WARN: heartbeat missing/unreadable (up=935s) — wait next cycle
[2026-07-14 20:36:41] WARN: heartbeat missing/unreadable (up=1041s) — wait next cycle
[2026-07-14 20:37:17] WARN: heartbeat missing/unreadable (up=1076s) — wait next cycle
[2026-07-14 20:37:52] WARN: heartbeat missing/unreadable (up=1112s) — wait next cycle
[2026-07-14 20:38:28] WARN: heartbeat missing/unreadable (up=1147s) — wait next cycle
[2026-07-14 20:40:10] WARN: heartbeat missing/unreadable (up=1250s) — wait next cycle
[2026-07-14 20:41:44] WARN: heartbeat missing/unreadable (up=1343s) — wait next cycle
[2026-07-14 20:42:54] WARN: heartbeat missing/unreadable (up=1413s) — wait next cycle
[2026-07-14 20:43:30] WARN: heartbeat missing/unreadable (up=1449s) — wait next cycle
[2026-07-14 20:44:52] WARN: heartbeat missing/unreadable (up=1531s) — wait next cycle
[2026-07-14 20:46:12] main.py exited (code=) -> restart
[2026-07-14 20:46:56] Restarting in 5 s ...
[2026-07-14 20:47:52] Launching: C:\Users\Administrator\AppData\Local\Programs\Python\Python313\python.exe main.py
[2026-07-14 20:48:02] main.py running (pid=3660)
[2026-07-14 20:51:47] WARN: heartbeat missing/unreadable (up=224s) — wait next cycle
[2026-07-14 20:53:46] WARN: heartbeat missing/unreadable (up=343s) — wait next cycle
[2026-07-14 20:54:22] WARN: heartbeat missing/unreadable (up=379s) — wait next cycle
[2026-07-14 20:54:57] WARN: heartbeat missing/unreadable (up=415s) — wait next cycle
[2026-07-14 20:55:33] WARN: heartbeat missing/unreadable (up=450s) — wait next cycle
[2026-07-14 20:56:09] WARN: heartbeat missing/unreadable (up=486s) — wait next cycle
[2026-07-14 22:04:10] WARN: lock file ค้างจาก pid=4992 (ตายไปแล้ว) — เคลียร์แล้วรันต่อ
[2026-07-14 22:04:10] WARN: lock file ค้างจาก pid=4992 (ตายไปแล้ว) — เคลียร์แล้วรันต่อ
[2026-07-14 22:04:41] Supervisor started (profile='demo-iux-2101182459', stale=180 s, check=30 s, grace=90 s, python='C:\Users\Administrator\AppData\Local\Programs\Python\Python313\python.exe')
[2026-07-14 22:04:41] Supervisor started (profile='demo-iux-2101182459', stale=180 s, check=30 s, grace=90 s, python='C:\Users\Administrator\AppData\Local\Programs\Python\Python313\python.exe')
[2026-07-14 22:04:41] Launching: C:\Users\Administrator\AppData\Local\Programs\Python\Python313\python.exe main.py
[2026-07-14 22:04:46] Launching: C:\Users\Administrator\AppData\Local\Programs\Python\Python313\python.exe main.py
[2026-07-14 22:04:53] main.py running (pid=5488)
[2026-07-14 22:04:57] main.py running (pid=2368)
[2026-07-14 22:10:03] STALL: heartbeat age=198s > 180s (loop hang) -> kill pid=5488 + restart
[2026-07-14 22:10:48] Restarting in 5 s ...
[2026-07-14 22:11:09] Launching: C:\Users\Administrator\AppData\Local\Programs\Python\Python313\python.exe main.py
[2026-07-14 22:10:14] STALL: heartbeat age=209s > 180s (loop hang) -> kill pid=2368 + restart
[2026-07-14 22:11:11] main.py running (pid=2388)
[2026-07-14 22:11:20] Restarting in 5 s ...
[2026-07-14 22:11:45] Launching: C:\Users\Administrator\AppData\Local\Programs\Python\Python313\python.exe main.py
[2026-07-14 22:11:58] main.py running (pid=4624)
[2026-07-14 22:17:25] STALL: heartbeat age=193s > 180s (loop hang) -> kill pid=4624 + restart
[2026-07-14 22:17:42] Restarting in 5 s ...
[2026-07-14 22:17:44] STALL: heartbeat age=212s > 180s (loop hang) -> kill pid=2388 + restart
[2026-07-14 22:17:55] Launching: C:\Users\Administrator\AppData\Local\Programs\Python\Python313\python.exe main.py
[2026-07-14 22:18:10] Restarting in 5 s ...
[2026-07-14 22:18:15] main.py running (pid=912)
[2026-07-14 22:18:29] Launching: C:\Users\Administrator\AppData\Local\Programs\Python\Python313\python.exe main.py
[2026-07-14 22:19:09] main.py running (pid=2768)
[2026-07-14 22:20:13] WARN: heartbeat missing/unreadable (up=117s) — wait next cycle
[2026-07-14 22:20:56] WARN: heartbeat missing/unreadable (up=106s) — wait next cycle
[2026-07-14 22:24:20] STALL: heartbeat age=185s > 180s (loop hang) -> kill pid=2768 + restart
[2026-07-14 22:24:42] STALL: heartbeat age=207s > 180s (loop hang) -> kill pid=912 + restart
[2026-07-14 22:24:46] Restarting in 5 s ...
[2026-07-14 22:24:54] Launching: C:\Users\Administrator\AppData\Local\Programs\Python\Python313\python.exe main.py
[2026-07-14 22:25:30] main.py running (pid=5456)
[2026-07-14 22:24:58] Restarting in 5 s ...
[2026-07-14 22:25:53] Launching: C:\Users\Administrator\AppData\Local\Programs\Python\Python313\python.exe main.py
[2026-07-14 22:26:06] main.py running (pid=1468)
[2026-07-14 22:32:57] STALL: heartbeat age=182s > 180s (loop hang) -> kill pid=5456 + restart
[2026-07-14 22:33:23] Restarting in 5 s ...
[2026-07-14 22:33:23] STALL: heartbeat age=208s > 180s (loop hang) -> kill pid=1468 + restart
[2026-07-14 22:33:34] Launching: C:\Users\Administrator\AppData\Local\Programs\Python\Python313\python.exe main.py
[2026-07-14 22:33:38] Restarting in 5 s ...
[2026-07-14 22:33:53] main.py running (pid=5124)
[2026-07-14 22:34:06] Launching: C:\Users\Administrator\AppData\Local\Programs\Python\Python313\python.exe main.py
[2026-07-14 22:34:18] main.py running (pid=2480)
[2026-07-14 22:35:48] WARN: heartbeat missing/unreadable (up=115s) — wait next cycle
[2026-07-14 22:36:15] WARN: heartbeat missing/unreadable (up=117s) — wait next cycle
[2026-07-14 22:40:21] STALL: heartbeat age=204s > 180s (loop hang) -> kill pid=5124 + restart
[2026-07-14 22:40:07] STALL: heartbeat age=190s > 180s (loop hang) -> kill pid=2480 + restart
[2026-07-14 22:40:35] Restarting in 5 s ...
[2026-07-14 22:40:41] Restarting in 5 s ...
[2026-07-14 22:40:54] Launching: C:\Users\Administrator\AppData\Local\Programs\Python\Python313\python.exe main.py
[2026-07-14 22:41:10] main.py running (pid=4824)
[2026-07-14 22:41:04] Launching: C:\Users\Administrator\AppData\Local\Programs\Python\Python313\python.exe main.py
[2026-07-14 22:41:28] main.py running (pid=5860)
[2026-07-14 22:42:53] WARN: heartbeat missing/unreadable (up=104s) — wait next cycle
[2026-07-14 22:43:19] WARN: heartbeat missing/unreadable (up=112s) — wait next cycle
[2026-07-14 22:43:53] WARN: heartbeat missing/unreadable (up=164s) — wait next cycle
[2026-07-14 22:44:48] WARN: heartbeat missing/unreadable (up=201s) — wait next cycle
[2026-07-14 22:48:04] STALL: heartbeat age=185s > 180s (loop hang) -> kill pid=5860 + restart
[2026-07-14 22:48:16] STALL: heartbeat age=197s > 180s (loop hang) -> kill pid=4824 + restart
[2026-07-14 22:48:10] Restarting in 5 s ...
[2026-07-14 22:48:31] Restarting in 5 s ...
[2026-07-14 22:48:33] Launching: C:\Users\Administrator\AppData\Local\Programs\Python\Python313\python.exe main.py
[2026-07-14 22:48:36] Launching: C:\Users\Administrator\AppData\Local\Programs\Python\Python313\python.exe main.py
[2026-07-14 22:48:39] main.py running (pid=2180)
[2026-07-14 22:48:35] main.py running (pid=5536)
[2026-07-14 22:50:33] WARN: heartbeat missing/unreadable (up=118s) — wait next cycle
[2026-07-14 22:50:30] WARN: heartbeat missing/unreadable (up=111s) — wait next cycle
[2026-07-14 22:58:08] STALL: heartbeat age=203s > 180s (loop hang) -> kill pid=2180 + restart
[2026-07-14 22:58:29] Restarting in 5 s ...
[2026-07-14 22:57:56] STALL: heartbeat age=189s > 180s (loop hang) -> kill pid=5536 + restart
[2026-07-14 22:58:57] Launching: C:\Users\Administrator\AppData\Local\Programs\Python\Python313\python.exe main.py
[2026-07-14 22:58:57] Restarting in 5 s ...
[2026-07-14 22:59:00] main.py running (pid=3992)
[2026-07-14 22:59:10] Launching: C:\Users\Administrator\AppData\Local\Programs\Python\Python313\python.exe main.py
[2026-07-14 22:59:20] main.py running (pid=4060)
[2026-07-14 23:04:35] STALL: heartbeat age=186s > 180s (loop hang) -> kill pid=4060 + restart
[2026-07-14 23:04:34] STALL: heartbeat age=185s > 180s (loop hang) -> kill pid=3992 + restart
[2026-07-14 23:04:51] Restarting in 5 s ...
[2026-07-14 23:04:56] Launching: C:\Users\Administrator\AppData\Local\Programs\Python\Python313\python.exe main.py
[2026-07-14 23:05:04] Restarting in 5 s ...
[2026-07-14 23:05:16] main.py running (pid=4212)
[2026-07-14 23:05:20] Launching: C:\Users\Administrator\AppData\Local\Programs\Python\Python313\python.exe main.py
[2026-07-14 23:05:46] main.py running (pid=4176)
[2026-07-14 23:06:46] WARN: heartbeat missing/unreadable (up=90s) — wait next cycle
[2026-07-14 23:07:29] WARN: heartbeat missing/unreadable (up=103s) — wait next cycle
[2026-07-14 23:11:00] STALL: heartbeat age=194s > 180s (loop hang) -> kill pid=4212 + restart
[2026-07-14 23:11:13] STALL: heartbeat age=207s > 180s (loop hang) -> kill pid=4176 + restart
[2026-07-14 23:11:54] Restarting in 5 s ...
[2026-07-14 23:12:03] Restarting in 5 s ...
[2026-07-14 23:12:31] Launching: C:\Users\Administrator\AppData\Local\Programs\Python\Python313\python.exe main.py
[2026-07-14 23:12:33] Launching: C:\Users\Administrator\AppData\Local\Programs\Python\Python313\python.exe main.py
[2026-07-14 23:12:53] main.py running (pid=5700)
[2026-07-14 23:12:55] main.py running (pid=5664)
[2026-07-14 23:14:30] WARN: heartbeat missing/unreadable (up=95s) — wait next cycle
[2026-07-14 23:14:54] WARN: heartbeat missing/unreadable (up=121s) — wait next cycle
[2026-07-14 23:15:12] WARN: heartbeat missing/unreadable (up=137s) — wait next cycle
[2026-07-14 23:16:45] main.py exited (code=) -> restart
[2026-07-14 23:17:23] Restarting in 5 s ...
[2026-07-14 23:17:58] WARN: heartbeat missing/unreadable (up=305s) — wait next cycle
[2026-07-14 23:17:55] Launching: C:\Users\Administrator\AppData\Local\Programs\Python\Python313\python.exe main.py
[2026-07-14 23:18:41] WARN: heartbeat missing/unreadable (up=348s) — wait next cycle
[2026-07-14 23:18:22] main.py running (pid=948)
[2026-07-14 23:19:45] WARN: heartbeat missing/unreadable (up=412s) — wait next cycle
[2026-07-14 23:20:27] WARN: heartbeat missing/unreadable (up=121s) — wait next cycle
[2026-07-14 23:25:50] STALL: heartbeat age=185s > 180s (loop hang) -> kill pid=948 + restart
[2026-07-14 23:26:07] STALL: heartbeat age=202s > 180s (loop hang) -> kill pid=5700 + restart
[2026-07-14 23:26:35] Restarting in 5 s ...
[2026-07-14 23:26:35] Restarting in 5 s ...
[2026-07-14 23:26:44] Launching: C:\Users\Administrator\AppData\Local\Programs\Python\Python313\python.exe main.py
[2026-07-14 23:26:44] Launching: C:\Users\Administrator\AppData\Local\Programs\Python\Python313\python.exe main.py
[2026-07-14 23:26:50] main.py running (pid=4292)
[2026-07-14 23:26:51] main.py running (pid=4760)
[2026-07-14 23:30:11] STALL: heartbeat age=182s > 180s (loop hang) -> kill pid=4292 + restart
[2026-07-14 23:30:12] STALL: heartbeat age=183s > 180s (loop hang) -> kill pid=4760 + restart
[2026-07-14 23:30:31] Restarting in 5 s ...
[2026-07-14 23:30:49] Restarting in 5 s ...
[2026-07-14 23:30:54] Launching: C:\Users\Administrator\AppData\Local\Programs\Python\Python313\python.exe main.py
[2026-07-14 23:30:55] main.py running (pid=2640)
[2026-07-14 23:30:58] Launching: C:\Users\Administrator\AppData\Local\Programs\Python\Python313\python.exe main.py
[2026-07-14 23:31:01] main.py running (pid=3232)
[2026-07-14 23:34:56] STALL: heartbeat age=182s > 180s (loop hang) -> kill pid=3232 + restart
[2026-07-14 23:35:23] Restarting in 5 s ...
[2026-07-14 23:35:33] Launching: C:\Users\Administrator\AppData\Local\Programs\Python\Python313\python.exe main.py
[2026-07-14 23:35:17] STALL: heartbeat age=203s > 180s (loop hang) -> kill pid=2640 + restart
[2026-07-14 23:35:48] main.py running (pid=3244)
[2026-07-14 23:35:51] Restarting in 5 s ...
[2026-07-14 23:36:09] Launching: C:\Users\Administrator\AppData\Local\Programs\Python\Python313\python.exe main.py
[2026-07-14 23:37:12] main.py running (pid=2076)
[2026-07-14 23:40:39] STALL: heartbeat age=189s > 180s (loop hang) -> kill pid=2076 + restart
[2026-07-14 23:41:04] Restarting in 5 s ...
[2026-07-14 23:41:14] Launching: C:\Users\Administrator\AppData\Local\Programs\Python\Python313\python.exe main.py
[2026-07-14 23:41:24] WARN: heartbeat missing/unreadable (up=336s) — wait next cycle
[2026-07-14 23:41:27] main.py running (pid=1188)
[2026-07-14 23:41:59] WARN: heartbeat missing/unreadable (up=371s) — wait next cycle
[2026-07-14 23:42:41] WARN: heartbeat missing/unreadable (up=413s) — wait next cycle
[2026-07-14 23:43:02] WARN: heartbeat missing/unreadable (up=96s) — wait next cycle
[2026-07-14 23:43:18] WARN: heartbeat missing/unreadable (up=450s) — wait next cycle
[2026-07-14 23:47:27] STALL: heartbeat age=187s > 180s (loop hang) -> kill pid=1188 + restart
[2026-07-14 23:47:34] STALL: heartbeat age=194s > 180s (loop hang) -> kill pid=3244 + restart
[2026-07-14 23:47:51] Restarting in 5 s ...
[2026-07-14 23:47:58] Restarting in 5 s ...
[2026-07-14 23:48:15] Launching: C:\Users\Administrator\AppData\Local\Programs\Python\Python313\python.exe main.py
[2026-07-14 23:48:15] Launching: C:\Users\Administrator\AppData\Local\Programs\Python\Python313\python.exe main.py
[2026-07-14 23:48:38] main.py running (pid=4088)
[2026-07-14 23:48:46] main.py running (pid=4832)
[2026-07-14 23:53:14] STALL: heartbeat age=197s > 180s (loop hang) -> kill pid=4832 + restart
[2026-07-14 23:19:41] WARN: lock file ค้างจาก pid=4556 (ตายไปแล้ว) — เคลียร์แล้วรันต่อ
[2026-07-14 23:19:42] Supervisor started (profile='demo-iux-2101182459', stale=180 s, check=30 s, grace=90 s, python='C:\Users\Administrator\AppData\Local\Programs\Python\Python313\python.exe')
[2026-07-14 23:19:42] Launching: C:\Users\Administrator\AppData\Local\Programs\Python\Python313\python.exe main.py
[2026-07-14 23:19:43] main.py running (pid=4364)
[2026-07-14 23:33:24] WARN: lock file ค้างจาก pid=2532 (ตายไปแล้ว) — เคลียร์แล้วรันต่อ
[2026-07-14 23:33:28] Supervisor started (profile='demo-iux-2101182459', stale=180 s, check=30 s, grace=90 s, python='C:\Users\Administrator\AppData\Local\Programs\Python\Python313\python.exe')
[2026-07-14 23:33:28] Launching: C:\Users\Administrator\AppData\Local\Programs\Python\Python313\python.exe main.py
[2026-07-14 23:33:29] main.py running (pid=5156)
[2026-07-14 23:38:03] STALL: heartbeat age=212s > 180s (loop hang) -> kill pid=5156 + restart
[2026-07-14 23:38:31] Restarting in 5 s ...
[2026-07-14 23:38:39] Launching: C:\Users\Administrator\AppData\Local\Programs\Python\Python313\python.exe main.py
[2026-07-14 23:38:39] main.py running (pid=5224)
[2026-07-14 23:42:28] STALL: heartbeat age=196s > 180s (loop hang) -> kill pid=5224 + restart
[2026-07-14 23:43:15] Restarting in 5 s ...
[2026-07-14 23:43:30] Launching: C:\Users\Administrator\AppData\Local\Programs\Python\Python313\python.exe main.py
[2026-07-14 23:43:30] main.py running (pid=2260)
[2026-07-14 23:57:42] STALL: heartbeat age=186s > 180s (loop hang) -> kill pid=2260 + restart
[2026-07-14 23:58:05] Restarting in 5 s ...
[2026-07-14 23:58:15] Launching: C:\Users\Administrator\AppData\Local\Programs\Python\Python313\python.exe main.py
[2026-07-14 23:58:46] main.py running (pid=3096)
[2026-07-15 00:03:31] STALL: heartbeat age=196s > 180s (loop hang) -> kill pid=3096 + restart
[2026-07-15 00:03:45] Restarting in 5 s ...
[2026-07-15 00:04:00] Launching: C:\Users\Administrator\AppData\Local\Programs\Python\Python313\python.exe main.py
[2026-07-15 00:04:00] main.py running (pid=6888)
[2026-07-15 00:07:43] STALL: heartbeat age=203s > 180s (loop hang) -> kill pid=6888 + restart
[2026-07-15 00:07:45] Restarting in 5 s ...
[2026-07-15 00:07:50] Launching: C:\Users\Administrator\AppData\Local\Programs\Python\Python313\python.exe main.py
[2026-07-15 00:07:50] main.py running (pid=6124)
[2026-07-15 00:11:33] STALL: heartbeat age=193s > 180s (loop hang) -> kill pid=6124 + restart
[2026-07-15 00:11:40] Restarting in 5 s ...
[2026-07-15 00:11:45] Launching: C:\Users\Administrator\AppData\Local\Programs\Python\Python313\python.exe main.py
[2026-07-15 00:11:45] main.py running (pid=4436)
[2026-07-15 03:53:51] STALL: heartbeat age=191s > 180s (loop hang) -> kill pid=4436 + restart
[2026-07-15 03:54:05] Restarting in 5 s ...
[2026-07-15 03:54:10] Launching: C:\Users\Administrator\AppData\Local\Programs\Python\Python313\python.exe main.py
[2026-07-15 03:54:19] main.py running (pid=6804)
[2026-07-15 03:57:58] STALL: heartbeat age=193s > 180s (loop hang) -> kill pid=6804 + restart
[2026-07-15 03:58:21] Restarting in 5 s ...
[2026-07-15 03:58:39] Launching: C:\Users\Administrator\AppData\Local\Programs\Python\Python313\python.exe main.py
[2026-07-15 03:58:55] main.py running (pid=5164)
[2026-07-15 08:01:58] STALL: heartbeat age=188s > 180s (loop hang) -> kill pid=5164 + restart
[2026-07-15 08:02:09] Restarting in 5 s ...
[2026-07-15 08:02:15] Launching: C:\Users\Administrator\AppData\Local\Programs\Python\Python313\python.exe main.py
[2026-07-15 08:02:20] main.py running (pid=5404)
[2026-07-15 11:54:42] WARN: lock file ค้างจาก pid=1484 (ตายไปแล้ว) — เคลียร์แล้วรันต่อ
[2026-07-15 11:54:44] Supervisor started (profile='demo-iux-2101182459', stale=180 s, check=30 s, grace=90 s, python='C:\Users\Copter\AppData\Local\hermes\hermes-agent\venv\Scripts\python.exe')
[2026-07-15 11:54:45] Launching: C:\Users\Copter\AppData\Local\hermes\hermes-agent\venv\Scripts\python.exe main.py
[2026-07-15 11:54:45] main.py running (pid=33184)
[2026-07-15 14:06:18] STALL: heartbeat age=210s > 180s (loop hang) -> kill pid=33184 + restart
[2026-07-15 14:06:18] Restarting in 5 s ...
[2026-07-15 14:06:23] Launching: C:\Users\Copter\AppData\Local\hermes\hermes-agent\venv\Scripts\python.exe main.py
[2026-07-15 14:06:23] main.py running (pid=24804)
[2026-07-15 14:09:53] STALL: heartbeat age=208s > 180s (loop hang) -> kill pid=24804 + restart
[2026-07-15 14:09:53] Restarting in 5 s ...
[2026-07-15 14:09:58] Launching: C:\Users\Copter\AppData\Local\hermes\hermes-agent\venv\Scripts\python.exe main.py
[2026-07-15 14:09:58] main.py running (pid=37548)
[2026-07-15 14:13:28] STALL: heartbeat age=208s > 180s (loop hang) -> kill pid=37548 + restart
[2026-07-15 14:13:28] Restarting in 5 s ...
[2026-07-15 14:13:33] Launching: C:\Users\Copter\AppData\Local\hermes\hermes-agent\venv\Scripts\python.exe main.py
[2026-07-15 14:13:33] main.py running (pid=43152)
[2026-07-15 14:16:27] WARN: lock file ค้างจาก pid=13172 (ตายไปแล้ว) — เคลียร์แล้วรันต่อ
[2026-07-15 14:16:28] Supervisor started (profile='demo-iux-2101182459', stale=180 s, check=30 s, grace=90 s, python='C:\Users\Copter\AppData\Local\hermes\hermes-agent\venv\Scripts\python.exe')
[2026-07-15 14:16:28] Launching: C:\Users\Copter\AppData\Local\hermes\hermes-agent\venv\Scripts\python.exe main.py
[2026-07-15 14:16:28] main.py running (pid=44728)
[2026-07-15 14:21:29] STALL: heartbeat age=195s > 180s (loop hang) -> kill pid=44728 + restart
[2026-07-15 14:21:29] Restarting in 5 s ...
[2026-07-15 14:21:34] Launching: C:\Users\Copter\AppData\Local\hermes\hermes-agent\venv\Scripts\python.exe main.py
[2026-07-15 14:21:34] main.py running (pid=49552)
[2026-07-15 14:23:27] WARN: lock file ค้างจาก pid=37616 (ตายไปแล้ว) — เคลียร์แล้วรันต่อ
[2026-07-15 14:23:28] Supervisor started (profile='demo-iux-2101182459', stale=180 s, check=30 s, grace=90 s, python='C:\Users\Copter\AppData\Local\hermes\hermes-agent\venv\Scripts\python.exe')
[2026-07-15 14:23:28] Launching: C:\Users\Copter\AppData\Local\hermes\hermes-agent\venv\Scripts\python.exe main.py
[2026-07-15 14:23:28] main.py running (pid=4856)
[2026-07-15 14:26:37] WARN: lock file ค้างจาก pid=8776 (ตายไปแล้ว) — เคลียร์แล้วรันต่อ
[2026-07-15 14:26:37] Supervisor started (profile='demo-iux-2101182459', stale=180 s, check=30 s, grace=90 s, python='C:\Users\Copter\AppData\Local\hermes\hermes-agent\venv\Scripts\python.exe')
[2026-07-15 14:26:37] Launching: C:\Users\Copter\AppData\Local\hermes\hermes-agent\venv\Scripts\python.exe main.py
[2026-07-15 14:26:37] main.py running (pid=49832)
[2026-07-15 17:52:06] WARN: lock file ค้างจาก pid=26512 (ตายไปแล้ว) — เคลียร์แล้วรันต่อ
[2026-07-15 17:52:10] Supervisor started (profile='demo-iux-2101182459', stale=180 s, check=30 s, grace=90 s, python='C:\Users\Administrator\AppData\Local\Programs\Python\Python313\python.exe')
[2026-07-15 17:52:10] Launching: C:\Users\Administrator\AppData\Local\Programs\Python\Python313\python.exe main.py
[2026-07-15 17:52:13] main.py running (pid=2708)
[2026-07-15 17:55:27] STALL: heartbeat age=183s > 180s (loop hang) -> kill pid=2708 + restart
[2026-07-15 17:55:35] Restarting in 5 s ...
[2026-07-15 17:55:46] Launching: C:\Users\Administrator\AppData\Local\Programs\Python\Python313\python.exe main.py
[2026-07-15 17:55:51] main.py running (pid=4952)
[2026-07-15 18:20:57] WARN: lock file ค้างจาก pid=1520 (ตายไปแล้ว) — เคลียร์แล้วรันต่อ
[2026-07-15 18:21:13] Supervisor started (profile='demo-iux-2101182459', stale=180 s, check=30 s, grace=90 s, python='C:\Users\Administrator\AppData\Local\Programs\Python\Python313\python.exe')
[2026-07-15 18:21:17] Launching: C:\Users\Administrator\AppData\Local\Programs\Python\Python313\python.exe main.py
[2026-07-15 18:21:18] main.py running (pid=4144)
[2026-07-15 18:26:05] STALL: heartbeat age=184s > 180s (loop hang) -> kill pid=4144 + restart
[2026-07-15 18:26:16] Restarting in 5 s ...
[2026-07-15 18:26:24] Launching: C:\Users\Administrator\AppData\Local\Programs\Python\Python313\python.exe main.py
[2026-07-15 18:26:27] main.py running (pid=7064)
[2026-07-15 18:28:12] WARN: heartbeat missing/unreadable (up=103s) — wait next cycle
[2026-07-15 18:31:47] STALL: heartbeat age=192s > 180s (loop hang) -> kill pid=7064 + restart
[2026-07-15 18:31:52] Restarting in 5 s ...
[2026-07-15 18:31:58] Launching: C:\Users\Administrator\AppData\Local\Programs\Python\Python313\python.exe main.py
[2026-07-15 18:32:00] main.py running (pid=6420)
[2026-07-15 18:41:55] STALL: heartbeat age=182s > 180s (loop hang) -> kill pid=6420 + restart
[2026-07-15 18:42:25] Restarting in 5 s ...
[2026-07-15 18:42:31] Launching: C:\Users\Administrator\AppData\Local\Programs\Python\Python313\python.exe main.py
[2026-07-15 18:42:32] main.py running (pid=4072)
[2026-07-15 18:46:46] STALL: heartbeat age=201s > 180s (loop hang) -> kill pid=4072 + restart
[2026-07-15 18:47:33] Restarting in 5 s ...
[2026-07-15 18:47:45] Launching: C:\Users\Administrator\AppData\Local\Programs\Python\Python313\python.exe main.py
[2026-07-15 18:47:47] main.py running (pid=3740)
[2026-07-15 18:52:31] WARN: lock file ค้างจาก pid=4344 (ตายไปแล้ว) — เคลียร์แล้วรันต่อ
[2026-07-15 18:52:32] Supervisor started (profile='demo-iux-2101182459', stale=180 s, check=30 s, grace=90 s, python='C:\Users\Copter\AppData\Local\hermes\hermes-agent\venv\Scripts\python.exe')
[2026-07-15 18:52:32] Launching: C:\Users\Copter\AppData\Local\hermes\hermes-agent\venv\Scripts\python.exe main.py
[2026-07-15 18:52:32] main.py running (pid=48988)
[2026-07-16 16:42:35] WARN: lock file ค้างจาก pid=16892 (ตายไปแล้ว) — เคลียร์แล้วรันต่อ
[2026-07-16 16:42:36] Supervisor started (profile='demo-iux-2101182459', stale=180 s, check=30 s, grace=90 s, python='C:\Users\Copter\AppData\Local\hermes\hermes-agent\venv\Scripts\python.exe')
[2026-07-16 16:42:36] Launching: C:\Users\Copter\AppData\Local\hermes\hermes-agent\venv\Scripts\python.exe main.py
[2026-07-16 16:42:36] main.py running (pid=16052)
[2026-07-16 23:31:44] WARN: lock file ค้างจาก pid=41792 (ตายไปแล้ว) — เคลียร์แล้วรันต่อ
[2026-07-16 23:31:50] Supervisor started (profile='demo-iux-2101182459', stale=180 s, check=30 s, grace=90 s, python='C:\Users\Copter\AppData\Local\hermes\hermes-agent\venv\Scripts\python.exe')
[2026-07-16 23:31:50] Launching: C:\Users\Copter\AppData\Local\hermes\hermes-agent\venv\Scripts\python.exe main.py
[2026-07-16 23:31:50] main.py running (pid=24148)
[2026-07-17 09:09:28] WARN: lock file ค้างจาก pid=18264 (ตายไปแล้ว) — เคลียร์แล้วรันต่อ
[2026-07-17 09:09:29] Supervisor started (profile='demo-iux-2101182459', stale=180 s, check=30 s, grace=90 s, python='C:\Users\Copter\AppData\Local\hermes\hermes-agent\venv\Scripts\python.exe')
[2026-07-17 09:09:29] Launching: C:\Users\Copter\AppData\Local\hermes\hermes-agent\venv\Scripts\python.exe main.py
[2026-07-17 09:09:29] main.py running (pid=33196)
[2026-07-17 18:24:31] WARN: lock file ค้างจาก pid=32656 (ตายไปแล้ว) — เคลียร์แล้วรันต่อ
[2026-07-17 18:24:33] Supervisor started (profile='demo-iux-2101182459', stale=180 s, check=30 s, grace=90 s, python='C:\Users\Copter\AppData\Local\hermes\hermes-agent\venv\Scripts\python.exe')
[2026-07-17 18:24:33] Launching: C:\Users\Copter\AppData\Local\hermes\hermes-agent\venv\Scripts\python.exe main.py
[2026-07-17 18:24:33] main.py running (pid=15080)
[2026-07-17 18:26:03] WARN: lock file ค้างจาก pid=40072 (ตายไปแล้ว) — เคลียร์แล้วรันต่อ
[2026-07-17 18:26:05] Supervisor started (profile='demo-iux-2101182459', stale=180 s, check=30 s, grace=90 s, python='C:\Users\Copter\AppData\Local\hermes\hermes-agent\venv\Scripts\python.exe')
[2026-07-17 18:26:05] Launching: C:\Users\Copter\AppData\Local\hermes\hermes-agent\venv\Scripts\python.exe main.py
[2026-07-17 18:26:05] main.py running (pid=61160)
[2026-07-17 18:34:36] ERROR: พบ supervisor ตัวอื่นรันอยู่แล้ว (pid=42024) — เลิกรัน ตัวนี้เพื่อกัน main.py ซ้อน 2 instance (Telegram getUpdates Conflict)
[2026-07-17 18:39:33] Supervisor started (profile='demo-iux-2101182459', stale=180 s, check=30 s, grace=90 s, python='C:\Users\Copter\AppData\Local\hermes\hermes-agent\venv\Scripts\python.exe')
[2026-07-17 18:39:33] Launching: C:\Users\Copter\AppData\Local\hermes\hermes-agent\venv\Scripts\python.exe main.py
[2026-07-17 18:39:33] main.py running (pid=56380)
[2026-07-17 22:15:49] WARN: lock file ค้างจาก pid=51128 (ตายไปแล้ว) — เคลียร์แล้วรันต่อ
[2026-07-17 22:15:50] Supervisor started (profile='demo-iux-2101182459', stale=180 s, check=30 s, grace=90 s, python='C:\Users\Copter\AppData\Local\hermes\hermes-agent\venv\Scripts\python.exe')
[2026-07-17 22:15:50] Launching: C:\Users\Copter\AppData\Local\hermes\hermes-agent\venv\Scripts\python.exe main.py
[2026-07-17 22:15:50] main.py running (pid=27788)
[2026-07-19 23:27:37] WARN: lock file ค้างจาก pid=19024 (ตายไปแล้ว) — เคลียร์แล้วรันต่อ
[2026-07-19 23:27:39] Supervisor started (profile='demo-iux-2101182459', stale=180 s, check=30 s, grace=90 s, python='C:\Users\Copter\AppData\Local\hermes\hermes-agent\venv\Scripts\python.exe')
[2026-07-19 23:27:39] Launching: C:\Users\Copter\AppData\Local\hermes\hermes-agent\venv\Scripts\python.exe main.py
[2026-07-19 23:27:39] main.py running (pid=28632)
[2026-07-20 09:00:33] WARN: lock file ค้างจาก pid=25780 (ตายไปแล้ว) — เคลียร์แล้วรันต่อ
[2026-07-20 09:00:34] Supervisor started (profile='demo-iux-2101182459', stale=180 s, check=30 s, grace=90 s, python='C:\Users\Copter\AppData\Local\hermes\hermes-agent\venv\Scripts\python.exe')
[2026-07-20 09:00:34] Launching: C:\Users\Copter\AppData\Local\hermes\hermes-agent\venv\Scripts\python.exe main.py
[2026-07-20 09:00:34] main.py running (pid=16188)
[2026-07-20 09:38:04] WARN: lock file ค้างจาก pid=32368 (ตายไปแล้ว) — เคลียร์แล้วรันต่อ
[2026-07-20 09:38:07] Supervisor started (profile='demo-iux-2101182459', stale=180 s, check=30 s, grace=90 s, python='C:\Users\Copter\AppData\Local\hermes\hermes-agent\venv\Scripts\python.exe')
[2026-07-20 09:38:07] Launching: C:\Users\Copter\AppData\Local\hermes\hermes-agent\venv\Scripts\python.exe main.py
[2026-07-20 09:38:07] main.py running (pid=33216)
[2026-07-20 13:41:31] WARN: lock file ค้างจาก pid=12592 (ตายไปแล้ว) — เคลียร์แล้วรันต่อ
[2026-07-20 13:41:34] Supervisor started (profile='demo-iux-2101182459', stale=180 s, check=30 s, grace=90 s, python='C:\Users\Copter\AppData\Local\hermes\hermes-agent\venv\Scripts\python.exe')
[2026-07-20 13:41:35] Launching: C:\Users\Copter\AppData\Local\hermes\hermes-agent\venv\Scripts\python.exe main.py
[2026-07-20 13:41:36] main.py running (pid=50952)
[2026-07-20 16:52:10] WARN: lock file ค้างจาก pid=49576 (ตายไปแล้ว) — เคลียร์แล้วรันต่อ
[2026-07-20 16:52:12] Supervisor started (profile='demo-iux-2101182459', stale=180 s, check=30 s, grace=90 s, python='C:\Users\Copter\AppData\Local\hermes\hermes-agent\venv\Scripts\python.exe')
[2026-07-20 16:52:12] Launching: C:\Users\Copter\AppData\Local\hermes\hermes-agent\venv\Scripts\python.exe main.py
[2026-07-20 16:52:12] main.py running (pid=24688)
[2026-07-20 21:58:21] WARN: lock file ค้างจาก pid=32656 (ตายไปแล้ว) — เคลียร์แล้วรันต่อ
[2026-07-20 21:58:24] Supervisor started (profile='demo-iux-2101182459', stale=180 s, check=30 s, grace=90 s, python='C:\Users\Copter\AppData\Local\hermes\hermes-agent\venv\Scripts\python.exe')
[2026-07-20 21:58:24] Launching: C:\Users\Copter\AppData\Local\hermes\hermes-agent\venv\Scripts\python.exe main.py
[2026-07-20 21:58:24] main.py running (pid=41008)
[2026-07-21 09:02:32] WARN: lock file ค้างจาก pid=2952 (ตายไปแล้ว) — เคลียร์แล้วรันต่อ
[2026-07-21 09:02:33] Supervisor started (profile='demo-iux-2101182459', stale=180 s, check=30 s, grace=90 s, python='C:\Users\Copter\AppData\Local\hermes\hermes-agent\venv\Scripts\python.exe')
[2026-07-21 09:02:33] Launching: C:\Users\Copter\AppData\Local\hermes\hermes-agent\venv\Scripts\python.exe main.py
[2026-07-21 09:02:33] main.py running (pid=15220)
[2026-07-21 11:02:54] WARN: lock file ค้างจาก pid=6528 (ตายไปแล้ว) — เคลียร์แล้วรันต่อ
[2026-07-21 11:02:56] Supervisor started (profile='demo-iux-2101182459', stale=180 s, check=30 s, grace=90 s, python='C:\Users\Copter\AppData\Local\hermes\hermes-agent\venv\Scripts\python.exe')
[2026-07-21 11:02:56] Launching: C:\Users\Copter\AppData\Local\hermes\hermes-agent\venv\Scripts\python.exe main.py
[2026-07-21 11:02:56] main.py running (pid=38160)
[2026-07-21 13:16:26] WARN: lock file ค้างจาก pid=18748 (ตายไปแล้ว) — เคลียร์แล้วรันต่อ
[2026-07-21 13:16:27] Supervisor started (profile='demo-iux-2101182459', stale=180 s, check=30 s, grace=90 s, python='C:\Users\Copter\AppData\Local\hermes\hermes-agent\venv\Scripts\python.exe')
[2026-07-21 13:16:27] Launching: C:\Users\Copter\AppData\Local\hermes\hermes-agent\venv\Scripts\python.exe main.py
[2026-07-21 13:16:27] main.py running (pid=41164)
[2026-07-21 16:41:03] main.py exited (code=) -> restart
[2026-07-21 16:41:03] Restarting in 5 s ...
[2026-07-21 16:41:08] Launching: C:\Users\Copter\AppData\Local\hermes\hermes-agent\venv\Scripts\python.exe main.py
[2026-07-21 16:41:08] main.py running (pid=2584)
[2026-07-21 16:44:38] main.py exited (code=) -> restart
[2026-07-21 16:44:38] Restarting in 5 s ...
[2026-07-21 16:44:43] Launching: C:\Users\Copter\AppData\Local\hermes\hermes-agent\venv\Scripts\python.exe main.py
[2026-07-21 16:44:43] main.py running (pid=40968)
[2026-07-21 17:17:13] WARN: lock file ค้างจาก pid=1848 (ตายไปแล้ว) — เคลียร์แล้วรันต่อ
[2026-07-21 17:17:15] Supervisor started (profile='demo-iux-2101182459', stale=180 s, check=30 s, grace=90 s, python='C:\Users\Copter\AppData\Local\hermes\hermes-agent\venv\Scripts\python.exe')
[2026-07-21 17:17:15] Launching: C:\Users\Copter\AppData\Local\hermes\hermes-agent\venv\Scripts\python.exe main.py
[2026-07-21 17:17:15] main.py running (pid=41828)
[2026-07-21 17:33:46] main.py exited (code=) -> restart
[2026-07-21 17:33:46] Restarting in 5 s ...
[2026-07-21 17:33:51] Launching: C:\Users\Copter\AppData\Local\hermes\hermes-agent\venv\Scripts\python.exe main.py
[2026-07-21 17:33:51] main.py running (pid=50740)
[2026-07-21 18:14:42] WARN: lock file ค้างจาก pid=43748 (ตายไปแล้ว) — เคลียร์แล้วรันต่อ
[2026-07-21 18:14:44] Supervisor started (profile='demo-iux-2101182459', stale=180 s, check=30 s, grace=90 s, python='C:\Users\Copter\AppData\Local\hermes\hermes-agent\venv\Scripts\python.exe')
[2026-07-21 18:14:44] Launching: C:\Users\Copter\AppData\Local\hermes\hermes-agent\venv\Scripts\python.exe main.py
[2026-07-21 18:14:44] main.py running (pid=35992)
[2026-07-22 09:00:59] WARN: lock file ค้างจาก pid=33476 (ตายไปแล้ว) — เคลียร์แล้วรันต่อ
[2026-07-22 09:01:00] Supervisor started (profile='demo-iux-2101182459', stale=180 s, check=30 s, grace=90 s, python='C:\Users\Copter\AppData\Local\hermes\hermes-agent\venv\Scripts\python.exe')
[2026-07-22 09:01:00] Launching: C:\Users\Copter\AppData\Local\hermes\hermes-agent\venv\Scripts\python.exe main.py
[2026-07-22 09:01:00] main.py running (pid=34072)
[2026-07-22 10:15:52] WARN: lock file ค้างจาก pid=34760 (ตายไปแล้ว) — เคลียร์แล้วรันต่อ
[2026-07-22 10:15:53] Supervisor started (profile='demo-iux-2101182459', stale=180 s, check=30 s, grace=90 s, python='C:\Users\Copter\AppData\Local\hermes\hermes-agent\venv\Scripts\python.exe')
[2026-07-22 10:15:53] Launching: C:\Users\Copter\AppData\Local\hermes\hermes-agent\venv\Scripts\python.exe main.py
[2026-07-22 10:15:53] main.py running (pid=10940)
[2026-07-22 15:06:22] WARN: lock file ค้างจาก pid=39656 (ตายไปแล้ว) — เคลียร์แล้วรันต่อ
[2026-07-22 15:06:24] Supervisor started (profile='demo-iux-2101182459', stale=180 s, check=30 s, grace=90 s, python='C:\Users\Copter\AppData\Local\hermes\hermes-agent\venv\Scripts\python.exe')
[2026-07-22 15:06:24] Launching: C:\Users\Copter\AppData\Local\hermes\hermes-agent\venv\Scripts\python.exe main.py
[2026-07-22 15:06:24] main.py running (pid=33912)
[2026-07-22 16:16:23] WARN: lock file ค้างจาก pid=33756 (ตายไปแล้ว) — เคลียร์แล้วรันต่อ
[2026-07-22 16:16:24] Supervisor started (profile='demo-iux-2101182459', stale=180 s, check=30 s, grace=90 s, python='C:\Users\Copter\AppData\Local\hermes\hermes-agent\venv\Scripts\python.exe')
[2026-07-22 16:16:24] Launching: C:\Users\Copter\AppData\Local\hermes\hermes-agent\venv\Scripts\python.exe main.py
[2026-07-22 16:16:24] main.py running (pid=29988)
[2026-07-22 19:19:31] WARN: lock file ค้างจาก pid=14924 (ตายไปแล้ว) — เคลียร์แล้วรันต่อ
[2026-07-22 19:19:33] Supervisor started (profile='demo-iux-2101182459', stale=180 s, check=30 s, grace=90 s, python='C:\Users\Copter\AppData\Local\hermes\hermes-agent\venv\Scripts\python.exe')
[2026-07-22 19:19:33] Launching: C:\Users\Copter\AppData\Local\hermes\hermes-agent\venv\Scripts\python.exe main.py
[2026-07-22 19:19:33] main.py running (pid=3464)
[2026-07-23 09:03:27] WARN: lock file ค้างจาก pid=35172 (ตายไปแล้ว) — เคลียร์แล้วรันต่อ
[2026-07-23 09:03:28] Supervisor started (profile='demo-iux-2101182459', stale=180 s, check=30 s, grace=90 s, python='C:\Users\Copter\AppData\Local\hermes\hermes-agent\venv\Scripts\python.exe')
[2026-07-23 09:03:28] Launching: C:\Users\Copter\AppData\Local\hermes\hermes-agent\venv\Scripts\python.exe main.py
[2026-07-23 09:03:28] main.py running (pid=33460)
[2026-07-23 12:28:51] STALL: heartbeat age=231s > 180s (loop hang) -> kill pid=33460 + restart
[2026-07-23 12:28:57] killed pid=33620 (terminal64)
[2026-07-23 12:28:58] killed pid=33480 (python)
[2026-07-23 12:28:58] Restarting in 5 s ...
[2026-07-23 12:29:03] Launching: C:\Users\Copter\AppData\Local\hermes\hermes-agent\venv\Scripts\python.exe main.py
[2026-07-23 12:29:03] main.py running (pid=51360)
[2026-07-23 12:29:56] WARN: lock file ค้างจาก pid=32948 (ตายไปแล้ว) — เคลียร์แล้วรันต่อ
[2026-07-23 12:29:57] Supervisor started (profile='demo-iux-2101182459', stale=180 s, check=30 s, grace=90 s, python='C:\Users\Copter\AppData\Local\hermes\hermes-agent\venv\Scripts\python.exe')
[2026-07-23 12:29:57] Launching: C:\Users\Copter\AppData\Local\hermes\hermes-agent\venv\Scripts\python.exe main.py
[2026-07-23 12:29:57] main.py running (pid=10116)
[2026-07-23 16:32:42] WARN: lock file ค้างจาก pid=31140 (ตายไปแล้ว) — เคลียร์แล้วรันต่อ
[2026-07-23 16:32:44] Supervisor started (profile='demo-iux-2101182459', stale=180 s, check=30 s, grace=90 s, python='C:\Users\Copter\AppData\Local\hermes\hermes-agent\venv\Scripts\python.exe')
[2026-07-23 16:32:44] Launching: C:\Users\Copter\AppData\Local\hermes\hermes-agent\venv\Scripts\python.exe main.py
[2026-07-23 16:32:44] main.py running (pid=34672)
[2026-07-23 18:31:22] main.py exited (code=) -> restart
[2026-07-23 18:31:22] Restarting in 5 s ...
[2026-07-23 18:31:27] Launching: C:\Users\Copter\AppData\Local\hermes\hermes-agent\venv\Scripts\python.exe main.py
[2026-07-23 18:31:27] main.py running (pid=39332)
[2026-07-23 18:36:30] WARN: lock file ค้างจาก pid=20768 (ตายไปแล้ว) — เคลียร์แล้วรันต่อ
[2026-07-23 18:36:31] Supervisor started (profile='demo-iux-2101182459', stale=180 s, check=30 s, grace=90 s, python='C:\Users\Copter\AppData\Local\hermes\hermes-agent\venv\Scripts\python.exe')
[2026-07-23 18:36:31] Launching: C:\Users\Copter\AppData\Local\hermes\hermes-agent\venv\Scripts\python.exe main.py
[2026-07-23 18:36:31] main.py running (pid=51736)
[2026-07-23 18:41:45] WARN: lock file ค้างจาก pid=47132 (ตายไปแล้ว) — เคลียร์แล้วรันต่อ
[2026-07-23 18:41:45] Supervisor started (profile='demo-iux-2101182459', stale=180 s, check=30 s, grace=90 s, python='C:\Users\Copter\AppData\Local\hermes\hermes-agent\venv\Scripts\python.exe')
[2026-07-23 18:41:45] Launching: C:\Users\Copter\AppData\Local\hermes\hermes-agent\venv\Scripts\python.exe main.py
[2026-07-23 18:41:45] main.py running (pid=33156)
[2026-07-23 18:41:59] WARN: lock file ค้างจาก pid=47316 (ตายไปแล้ว) — เคลียร์แล้วรันต่อ
[2026-07-23 18:42:00] Supervisor started (profile='demo-iux-2101182459', stale=180 s, check=30 s, grace=90 s, python='C:\Users\Copter\AppData\Local\hermes\hermes-agent\venv\Scripts\python.exe')
[2026-07-23 18:42:00] Launching: C:\Users\Copter\AppData\Local\hermes\hermes-agent\venv\Scripts\python.exe main.py
[2026-07-23 18:42:00] main.py running (pid=32804)
[2026-07-23 18:42:33] WARN: lock file ค้างจาก pid=12476 (ตายไปแล้ว) — เคลียร์แล้วรันต่อ
[2026-07-23 18:42:34] Supervisor started (profile='demo-iux-2101182459', stale=180 s, check=30 s, grace=90 s, python='C:\Users\Copter\AppData\Local\hermes\hermes-agent\venv\Scripts\python.exe')
[2026-07-23 18:42:34] Launching: C:\Users\Copter\AppData\Local\hermes\hermes-agent\venv\Scripts\python.exe main.py
[2026-07-23 18:42:34] main.py running (pid=44716)
[2026-07-24 09:02:25] WARN: lock file ค้างจาก pid=52208 (ตายไปแล้ว) — เคลียร์แล้วรันต่อ
[2026-07-24 09:02:25] Supervisor started (profile='demo-iux-2101182459', stale=180 s, check=30 s, grace=90 s, python='C:\Users\Copter\AppData\Local\hermes\hermes-agent\venv\Scripts\python.exe')
[2026-07-24 09:02:25] Launching: C:\Users\Copter\AppData\Local\hermes\hermes-agent\venv\Scripts\python.exe main.py
[2026-07-24 09:02:25] main.py running (pid=23636)
[2026-07-24 15:56:40] WARN: lock file ค้างจาก pid=10528 (ตายไปแล้ว) — เคลียร์แล้วรันต่อ
[2026-07-24 15:56:41] Supervisor started (profile='demo-iux-2101182459', stale=180 s, check=30 s, grace=90 s, python='C:\Users\Copter\AppData\Local\hermes\hermes-agent\venv\Scripts\python.exe')
[2026-07-24 15:56:41] Launching: C:\Users\Copter\AppData\Local\hermes\hermes-agent\venv\Scripts\python.exe main.py
[2026-07-24 15:56:41] main.py running (pid=35804)
[2026-07-27 17:46:36] WARN: lock file ค้างจาก pid=3928 (ตายไปแล้ว) — เคลียร์แล้วรันต่อ
[2026-07-27 17:46:39] Supervisor started (profile='demo-iux-2101182459', stale=180 s, check=30 s, grace=90 s, python='C:\Users\Copter\AppData\Local\hermes\hermes-agent\venv\Scripts\python.exe')
[2026-07-27 17:46:39] Launching: C:\Users\Copter\AppData\Local\hermes\hermes-agent\venv\Scripts\python.exe main.py
[2026-07-27 17:46:39] main.py running (pid=61664)
[2026-07-27 21:12:50] WARN: lock file ค้างจาก pid=9448 (ตายไปแล้ว) — เคลียร์แล้วรันต่อ
[2026-07-27 21:12:54] Supervisor started (profile='demo-iux-2101182459', stale=180 s, check=30 s, grace=90 s, python='C:\Users\Copter\AppData\Local\hermes\hermes-agent\venv\Scripts\python.exe')
[2026-07-27 21:12:54] Launching: C:\Users\Copter\AppData\Local\hermes\hermes-agent\venv\Scripts\python.exe main.py
[2026-07-27 21:12:54] main.py running (pid=27604)
[2026-07-27 22:55:43] WARN: lock file ค้างจาก pid=47500 (ตายไปแล้ว) — เคลียร์แล้วรันต่อ
[2026-07-27 22:55:46] Supervisor started (profile='demo-iux-2101182459', stale=180 s, check=30 s, grace=90 s, python='C:\Users\Copter\AppData\Local\hermes\hermes-agent\venv\Scripts\python.exe')
[2026-07-27 22:55:46] Launching: C:\Users\Copter\AppData\Local\hermes\hermes-agent\venv\Scripts\python.exe main.py
[2026-07-27 22:55:47] main.py running (pid=26272)
[2026-07-28 11:40:37] WARN: lock file ค้างจาก pid=26592 (ตายไปแล้ว) — เคลียร์แล้วรันต่อ
[2026-07-28 11:40:40] Supervisor started (profile='demo-iux-2101182459', stale=180 s, check=30 s, grace=90 s, python='C:\Users\Copter\AppData\Local\hermes\hermes-agent\venv\Scripts\python.exe')
[2026-07-28 11:40:40] Launching: C:\Users\Copter\AppData\Local\hermes\hermes-agent\venv\Scripts\python.exe main.py
[2026-07-28 11:40:40] main.py running (pid=27772)
[2026-07-28 14:22:18] WARN: lock file ค้างจาก pid=15352 (ตายไปแล้ว) — เคลียร์แล้วรันต่อ
[2026-07-28 14:22:21] Supervisor started (profile='demo-iux-2101182459', stale=180 s, check=30 s, grace=90 s, python='C:\Users\Copter\AppData\Local\hermes\hermes-agent\venv\Scripts\python.exe')
[2026-07-28 14:22:21] Launching: C:\Users\Copter\AppData\Local\hermes\hermes-agent\venv\Scripts\python.exe main.py
[2026-07-28 14:22:21] main.py running (pid=23776)
[2026-07-28 16:33:57] WARN: lock file ค้างจาก pid=10712 (ตายไปแล้ว) — เคลียร์แล้วรันต่อ
[2026-07-28 16:33:59] Supervisor started (profile='demo-iux-2101182459', stale=180 s, check=30 s, grace=90 s, python='C:\Users\Copter\AppData\Local\hermes\hermes-agent\venv\Scripts\python.exe')
[2026-07-28 16:33:59] Launching: C:\Users\Copter\AppData\Local\hermes\hermes-agent\venv\Scripts\python.exe main.py
[2026-07-28 16:33:59] main.py running (pid=31196)
[2026-07-28 18:57:24] ERROR: พบ supervisor ตัวอื่นรันอยู่แล้ว (pid=14936) — เลิกรัน ตัวนี้เพื่อกัน main.py ซ้อน 2 instance (Telegram getUpdates Conflict)
[2026-07-28 19:21:50] WARN: lock file ค้างจาก pid=14936 (ตายไปแล้ว) — เคลียร์แล้วรันต่อ
[2026-07-28 19:21:55] Supervisor started (profile='demo-iux-2101182459', stale=180 s, check=30 s, grace=90 s, python='C:\Users\Copter\AppData\Local\hermes\hermes-agent\venv\Scripts\python.exe')
[2026-07-28 19:21:55] Launching: C:\Users\Copter\AppData\Local\hermes\hermes-agent\venv\Scripts\python.exe main.py
[2026-07-28 19:21:55] main.py running (pid=21600)
[2026-07-28 19:36:03] ERROR: พบ supervisor ตัวอื่นรันอยู่แล้ว (pid=29448) — เลิกรัน ตัวนี้เพื่อกัน main.py ซ้อน 2 instance (Telegram getUpdates Conflict)
[2026-07-28 20:06:03] WARN: lock file ค้างจาก pid=29448 (ตายไปแล้ว) — เคลียร์แล้วรันต่อ
[2026-07-28 20:06:06] Supervisor started (profile='demo-iux-2101182459', stale=180 s, check=30 s, grace=90 s, python='C:\Users\Copter\AppData\Local\hermes\hermes-agent\venv\Scripts\python.exe')
[2026-07-28 20:06:06] Launching: C:\Users\Copter\AppData\Local\hermes\hermes-agent\venv\Scripts\python.exe main.py
[2026-07-28 20:06:06] main.py running (pid=13956)
[2026-07-28 20:44:45] WARN: lock file ค้างจาก pid=11564 (ตายไปแล้ว) — เคลียร์แล้วรันต่อ
[2026-07-28 20:44:48] Supervisor started (profile='demo-iux-2101182459', stale=180 s, check=30 s, grace=90 s, python='C:\Users\Copter\AppData\Local\hermes\hermes-agent\venv\Scripts\python.exe')
[2026-07-28 20:44:48] Launching: C:\Users\Copter\AppData\Local\hermes\hermes-agent\venv\Scripts\python.exe main.py
[2026-07-28 20:44:48] main.py running (pid=3304)
[2026-07-28 20:51:02] ERROR: พบ supervisor ตัวอื่นรันอยู่แล้ว (pid=33508) — เลิกรัน ตัวนี้เพื่อกัน main.py ซ้อน 2 instance (Telegram getUpdates Conflict)
[2026-07-28 21:06:50] WARN: lock file ค้างจาก pid=33508 (ตายไปแล้ว) — เคลียร์แล้วรันต่อ
[2026-07-28 21:06:54] Supervisor started (profile='demo-iux-2101182459', stale=180 s, check=30 s, grace=90 s, python='C:\Users\Copter\AppData\Local\hermes\hermes-agent\venv\Scripts\python.exe')
[2026-07-28 21:06:54] Launching: C:\Users\Copter\AppData\Local\hermes\hermes-agent\venv\Scripts\python.exe main.py
[2026-07-28 21:06:54] main.py running (pid=5108)
[2026-07-28 21:36:04] WARN: lock file ค้างจาก pid=34428 (ตายไปแล้ว) — เคลียร์แล้วรันต่อ
[2026-07-28 21:36:07] Supervisor started (profile='demo-iux-2101182459', stale=180 s, check=30 s, grace=90 s, python='C:\Users\Copter\AppData\Local\hermes\hermes-agent\venv\Scripts\python.exe')
[2026-07-28 21:36:07] Launching: C:\Users\Copter\AppData\Local\hermes\hermes-agent\venv\Scripts\python.exe main.py
[2026-07-28 21:36:07] main.py running (pid=5256)
[2026-07-28 21:42:23] WARN: lock file ค้างจาก pid=28708 (ตายไปแล้ว) — เคลียร์แล้วรันต่อ
[2026-07-28 21:42:28] Supervisor started (profile='demo-iux-2101182459', stale=180 s, check=30 s, grace=90 s, python='C:\Users\Copter\AppData\Local\hermes\hermes-agent\venv\Scripts\python.exe')
[2026-07-28 21:42:28] Launching: C:\Users\Copter\AppData\Local\hermes\hermes-agent\venv\Scripts\python.exe main.py
[2026-07-28 21:42:28] main.py running (pid=21336)
[2026-07-28 22:09:31] WARN: lock file ค้างจาก pid=32716 (ตายไปแล้ว) — เคลียร์แล้วรันต่อ
[2026-07-28 22:09:34] Supervisor started (profile='demo-iux-2101182459', stale=180 s, check=30 s, grace=90 s, python='C:\Users\Copter\AppData\Local\hermes\hermes-agent\venv\Scripts\python.exe')
[2026-07-28 22:09:34] Launching: C:\Users\Copter\AppData\Local\hermes\hermes-agent\venv\Scripts\python.exe main.py
[2026-07-28 22:09:34] main.py running (pid=7492)
[2026-07-28 22:13:51] WARN: lock file ค้างจาก pid=34236 (ตายไปแล้ว) — เคลียร์แล้วรันต่อ
[2026-07-28 22:13:54] Supervisor started (profile='demo-iux-2101182459', stale=180 s, check=30 s, grace=90 s, python='C:\Users\Copter\AppData\Local\hermes\hermes-agent\venv\Scripts\python.exe')
[2026-07-28 22:13:54] Launching: C:\Users\Copter\AppData\Local\hermes\hermes-agent\venv\Scripts\python.exe main.py
[2026-07-28 22:13:54] main.py running (pid=7816)
[2026-07-28 22:19:08] WARN: lock file ค้างจาก pid=9548 (ตายไปแล้ว) — เคลียร์แล้วรันต่อ
[2026-07-28 22:19:11] Supervisor started (profile='demo-iux-2101182459', stale=180 s, check=30 s, grace=90 s, python='C:\Users\Copter\AppData\Local\hermes\hermes-agent\venv\Scripts\python.exe')
[2026-07-28 22:19:11] Launching: C:\Users\Copter\AppData\Local\hermes\hermes-agent\venv\Scripts\python.exe main.py
[2026-07-28 22:19:11] main.py running (pid=35560)
[2026-07-28 22:25:33] WARN: lock file ค้างจาก pid=30248 (ตายไปแล้ว) — เคลียร์แล้วรันต่อ
[2026-07-28 22:25:36] Supervisor started (profile='demo-iux-2101182459', stale=180 s, check=30 s, grace=90 s, python='C:\Users\Copter\AppData\Local\hermes\hermes-agent\venv\Scripts\python.exe')
[2026-07-28 22:25:36] Launching: C:\Users\Copter\AppData\Local\hermes\hermes-agent\venv\Scripts\python.exe main.py
[2026-07-28 22:25:36] main.py running (pid=30380)
[2026-07-28 22:27:56] WARN: lock file ค้างจาก pid=27272 (ตายไปแล้ว) — เคลียร์แล้วรันต่อ
[2026-07-28 22:28:00] Supervisor started (profile='demo-iux-2101182459', stale=180 s, check=30 s, grace=90 s, python='C:\Users\Copter\AppData\Local\hermes\hermes-agent\venv\Scripts\python.exe')
[2026-07-28 22:28:00] Launching: C:\Users\Copter\AppData\Local\hermes\hermes-agent\venv\Scripts\python.exe main.py
[2026-07-28 22:28:00] main.py running (pid=33724)
