Timeout (0:02:30)!
Thread 0x0000d494 (most recent call first):
  File "C:\Users\Copter\AppData\Roaming\uv\python\cpython-3.11-windows-x86_64-none\Lib\concurrent\futures\thread.py", line 81 in _worker
  File "C:\Users\Copter\AppData\Roaming\uv\python\cpython-3.11-windows-x86_64-none\Lib\threading.py", line 982 in run
  File "C:\Users\Copter\AppData\Roaming\uv\python\cpython-3.11-windows-x86_64-none\Lib\threading.py", line 1045 in _bootstrap_inner
  File "C:\Users\Copter\AppData\Roaming\uv\python\cpython-3.11-windows-x86_64-none\Lib\threading.py", line 1002 in _bootstrap

Thread 0x0000d238 (most recent call first):
  File "C:\Users\Copter\AppData\Roaming\uv\python\cpython-3.11-windows-x86_64-none\Lib\concurrent\futures\thread.py", line 81 in _worker
  File "C:\Users\Copter\AppData\Roaming\uv\python\cpython-3.11-windows-x86_64-none\Lib\threading.py", line 982 in run
  File "C:\Users\Copter\AppData\Roaming\uv\python\cpython-3.11-windows-x86_64-none\Lib\threading.py", line 1045 in _bootstrap_inner
  File "C:\Users\Copter\AppData\Roaming\uv\python\cpython-3.11-windows-x86_64-none\Lib\threading.py", line 1002 in _bootstrap

Thread 0x0000b900 (most recent call first):
  File "C:\Users\Copter\AppData\Roaming\uv\python\cpython-3.11-windows-x86_64-none\Lib\concurrent\futures\thread.py", line 81 in _worker
  File "C:\Users\Copter\AppData\Roaming\uv\python\cpython-3.11-windows-x86_64-none\Lib\threading.py", line 982 in run
  File "C:\Users\Copter\AppData\Roaming\uv\python\cpython-3.11-windows-x86_64-none\Lib\threading.py", line 1045 in _bootstrap_inner
  File "C:\Users\Copter\AppData\Roaming\uv\python\cpython-3.11-windows-x86_64-none\Lib\threading.py", line 1002 in _bootstrap

Thread 0x0000b010 (most recent call first):
  File "C:\Users\Copter\AppData\Roaming\uv\python\cpython-3.11-windows-x86_64-none\Lib\threading.py", line 327 in wait
  File "C:\Users\Copter\AppData\Roaming\uv\python\cpython-3.11-windows-x86_64-none\Lib\queue.py", line 171 in get
  File "D:\Project\Copter01_AI_Bot_2\mt5_worker.py", line 55 in _worker_loop
  File "C:\Users\Copter\AppData\Roaming\uv\python\cpython-3.11-windows-x86_64-none\Lib\threading.py", line 982 in run
  File "C:\Users\Copter\AppData\Roaming\uv\python\cpython-3.11-windows-x86_64-none\Lib\threading.py", line 1045 in _bootstrap_inner
  File "C:\Users\Copter\AppData\Roaming\uv\python\cpython-3.11-windows-x86_64-none\Lib\threading.py", line 1002 in _bootstrap

Thread 0x0000cff4 (most recent call first):
  File "D:\Project\Copter01_AI_Bot_2\strategy9.py", line 11 in _applied_price_from_bar
  File "D:\Project\Copter01_AI_Bot_2\strategy9.py", line 29 in <listcomp>
  File "D:\Project\Copter01_AI_Bot_2\strategy9.py", line 29 in _calc_rsi_values
  File "D:\Project\Copter01_AI_Bot_2\strategy14.py", line 1576 in strategy_14
  File "D:\Project\Copter01_AI_Bot_2\scanner.py", line 2920 in scan_one_tf
  File "D:\Project\Copter01_AI_Bot_2\scanner.py", line 2162 in _timed_scan_one_tf
  File "C:\Users\Copter\AppData\Roaming\uv\python\cpython-3.11-windows-x86_64-none\Lib\asyncio\events.py", line 84 in _run
  File "C:\Users\Copter\AppData\Roaming\uv\python\cpython-3.11-windows-x86_64-none\Lib\asyncio\base_events.py", line 1936 in _run_once
  File "C:\Users\Copter\AppData\Roaming\uv\python\cpython-3.11-windows-x86_64-none\Lib\asyncio\base_events.py", line 608 in run_forever
  File "C:\Users\Copter\AppData\Roaming\uv\python\cpython-3.11-windows-x86_64-none\Lib\asyncio\windows_events.py", line 321 in run_forever
  File "C:\Users\Copter\AppData\Local\hermes\hermes-agent\venv\Lib\site-packages\telegram\ext\_application.py", line 1062 in __run
  File "C:\Users\Copter\AppData\Local\hermes\hermes-agent\venv\Lib\site-packages\telegram\ext\_application.py", line 839 in run_polling
  File "D:\Project\Copter01_AI_Bot_2\main.py", line 825 in main
  File "D:\Project\Copter01_AI_Bot_2\main.py", line 833 in <module>
Timeout (0:02:30)!
Thread 0x0000d5d0 (most recent call first):
  File "C:\Users\Copter\AppData\Roaming\uv\python\cpython-3.11-windows-x86_64-none\Lib\concurrent\futures\thread.py", line 81 in _worker
  File "C:\Users\Copter\AppData\Roaming\uv\python\cpython-3.11-windows-x86_64-none\Lib\threading.py", line 982 in run
  File "C:\Users\Copter\AppData\Roaming\uv\python\cpython-3.11-windows-x86_64-none\Lib\threading.py", line 1045 in _bootstrap_inner
  File "C:\Users\Copter\AppData\Roaming\uv\python\cpython-3.11-windows-x86_64-none\Lib\threading.py", line 1002 in _bootstrap

Thread 0x00008e84 (most recent call first):
  File "C:\Users\Copter\AppData\Roaming\uv\python\cpython-3.11-windows-x86_64-none\Lib\concurrent\futures\thread.py", line 81 in _worker
  File "C:\Users\Copter\AppData\Roaming\uv\python\cpython-3.11-windows-x86_64-none\Lib\threading.py", line 982 in run
  File "C:\Users\Copter\AppData\Roaming\uv\python\cpython-3.11-windows-x86_64-none\Lib\threading.py", line 1045 in _bootstrap_inner
  File "C:\Users\Copter\AppData\Roaming\uv\python\cpython-3.11-windows-x86_64-none\Lib\threading.py", line 1002 in _bootstrap

Thread 0x00009740 (most recent call first):
  File "C:\Users\Copter\AppData\Roaming\uv\python\cpython-3.11-windows-x86_64-none\Lib\threading.py", line 327 in wait
  File "C:\Users\Copter\AppData\Roaming\uv\python\cpython-3.11-windows-x86_64-none\Lib\queue.py", line 171 in get
  File "D:\Project\Copter01_AI_Bot_2\mt5_worker.py", line 55 in _worker_loop
  File "C:\Users\Copter\AppData\Roaming\uv\python\cpython-3.11-windows-x86_64-none\Lib\threading.py", line 982 in run
  File "C:\Users\Copter\AppData\Roaming\uv\python\cpython-3.11-windows-x86_64-none\Lib\threading.py", line 1045 in _bootstrap_inner
  File "C:\Users\Copter\AppData\Roaming\uv\python\cpython-3.11-windows-x86_64-none\Lib\threading.py", line 1002 in _bootstrap

Thread 0x0000b974 (most recent call first):
  File "D:\Project\Copter01_AI_Bot_2\strategy_af.py", line 334 in _cfg_for_ladder_leg
  File "D:\Project\Copter01_AI_Bot_2\strategy_lts.py", line 73 in _load_lts_weights
  File "D:\Project\Copter01_AI_Bot_2\strategy_lts.py", line 161 in <module>
  File "<frozen importlib._bootstrap>", line 241 in _call_with_frames_removed
  File "<frozen importlib._bootstrap_external>", line 940 in exec_module
  File "<frozen importlib._bootstrap>", line 690 in _load_unlocked
  File "<frozen importlib._bootstrap>", line 1147 in _find_and_load_unlocked
  File "<frozen importlib._bootstrap>", line 1176 in _find_and_load
  File "D:\Project\Copter01_AI_Bot_2\demo_portfolio.py", line 68 in <module>
  File "<frozen importlib._bootstrap>", line 241 in _call_with_frames_removed
  File "<frozen importlib._bootstrap_external>", line 940 in exec_module
  File "<frozen importlib._bootstrap>", line 690 in _load_unlocked
  File "<frozen importlib._bootstrap>", line 1147 in _find_and_load_unlocked
  File "<frozen importlib._bootstrap>", line 1176 in _find_and_load
  File "D:\Project\Copter01_AI_Bot_2\main.py", line 433 in run_position_check
  File "C:\Users\Copter\AppData\Local\hermes\hermes-agent\venv\Lib\site-packages\apscheduler\executors\base.py", line 181 in run_coroutine_job
  File "C:\Users\Copter\AppData\Roaming\uv\python\cpython-3.11-windows-x86_64-none\Lib\asyncio\events.py", line 84 in _run
  File "C:\Users\Copter\AppData\Roaming\uv\python\cpython-3.11-windows-x86_64-none\Lib\asyncio\base_events.py", line 1936 in _run_once
  File "C:\Users\Copter\AppData\Roaming\uv\python\cpython-3.11-windows-x86_64-none\Lib\asyncio\base_events.py", line 608 in run_forever
  File "C:\Users\Copter\AppData\Roaming\uv\python\cpython-3.11-windows-x86_64-none\Lib\asyncio\windows_events.py", line 321 in run_forever
  File "C:\Users\Copter\AppData\Local\hermes\hermes-agent\venv\Lib\site-packages\telegram\ext\_application.py", line 1062 in __run
  File "C:\Users\Copter\AppData\Local\hermes\hermes-agent\venv\Lib\site-packages\telegram\ext\_application.py", line 839 in run_polling
  File "D:\Project\Copter01_AI_Bot_2\main.py", line 825 in main
  File "D:\Project\Copter01_AI_Bot_2\main.py", line 833 in <module>
Timeout (0:02:30)!
Thread 0x0000b678 (most recent call first):
  File "C:\Users\Copter\AppData\Roaming\uv\python\cpython-3.11-windows-x86_64-none\Lib\concurrent\futures\thread.py", line 81 in _worker
  File "C:\Users\Copter\AppData\Roaming\uv\python\cpython-3.11-windows-x86_64-none\Lib\threading.py", line 982 in run
  File "C:\Users\Copter\AppData\Roaming\uv\python\cpython-3.11-windows-x86_64-none\Lib\threading.py", line 1045 in _bootstrap_inner
  File "C:\Users\Copter\AppData\Roaming\uv\python\cpython-3.11-windows-x86_64-none\Lib\threading.py", line 1002 in _bootstrap

Thread 0x0000cd58 (most recent call first):
  File "C:\Users\Copter\AppData\Roaming\uv\python\cpython-3.11-windows-x86_64-none\Lib\concurrent\futures\thread.py", line 81 in _worker
  File "C:\Users\Copter\AppData\Roaming\uv\python\cpython-3.11-windows-x86_64-none\Lib\threading.py", line 982 in run
  File "C:\Users\Copter\AppData\Roaming\uv\python\cpython-3.11-windows-x86_64-none\Lib\threading.py", line 1045 in _bootstrap_inner
  File "C:\Users\Copter\AppData\Roaming\uv\python\cpython-3.11-windows-x86_64-none\Lib\threading.py", line 1002 in _bootstrap

Thread 0x0000c9c0 (most recent call first):
  File "C:\Users\Copter\AppData\Roaming\uv\python\cpython-3.11-windows-x86_64-none\Lib\concurrent\futures\thread.py", line 81 in _worker
  File "C:\Users\Copter\AppData\Roaming\uv\python\cpython-3.11-windows-x86_64-none\Lib\threading.py", line 982 in run
  File "C:\Users\Copter\AppData\Roaming\uv\python\cpython-3.11-windows-x86_64-none\Lib\threading.py", line 1045 in _bootstrap_inner
  File "C:\Users\Copter\AppData\Roaming\uv\python\cpython-3.11-windows-x86_64-none\Lib\threading.py", line 1002 in _bootstrap

Thread 0x0000da1c (most recent call first):
  File "C:\Users\Copter\AppData\Roaming\uv\python\cpython-3.11-windows-x86_64-none\Lib\threading.py", line 327 in wait
  File "C:\Users\Copter\AppData\Roaming\uv\python\cpython-3.11-windows-x86_64-none\Lib\queue.py", line 171 in get
  File "D:\Project\Copter01_AI_Bot_2\mt5_worker.py", line 55 in _worker_loop
  File "C:\Users\Copter\AppData\Roaming\uv\python\cpython-3.11-windows-x86_64-none\Lib\threading.py", line 982 in run
  File "C:\Users\Copter\AppData\Roaming\uv\python\cpython-3.11-windows-x86_64-none\Lib\threading.py", line 1045 in _bootstrap_inner
  File "C:\Users\Copter\AppData\Roaming\uv\python\cpython-3.11-windows-x86_64-none\Lib\threading.py", line 1002 in _bootstrap

Thread 0x00009c84 (most recent call first):
  File "<frozen importlib._bootstrap_external>", line 1130 in get_data
  File "<frozen importlib._bootstrap_external>", line 1032 in get_code
  File "<frozen importlib._bootstrap_external>", line 936 in exec_module
  File "<frozen importlib._bootstrap>", line 690 in _load_unlocked
  File "<frozen importlib._bootstrap>", line 1147 in _find_and_load_unlocked
  File "<frozen importlib._bootstrap>", line 1176 in _find_and_load
  File "C:\Users\Copter\AppData\Local\hermes\hermes-agent\venv\Lib\site-packages\scipy\interpolate\_rgi.py", line 17 in <module>
  File "<frozen importlib._bootstrap>", line 241 in _call_with_frames_removed
  File "<frozen importlib._bootstrap_external>", line 940 in exec_module
  File "<frozen importlib._bootstrap>", line 690 in _load_unlocked
  File "<frozen importlib._bootstrap>", line 1147 in _find_and_load_unlocked
  File "<frozen importlib._bootstrap>", line 1176 in _find_and_load
  File "C:\Users\Copter\AppData\Local\hermes\hermes-agent\venv\Lib\site-packages\scipy\interpolate\__init__.py", line 212 in <module>
  File "<frozen importlib._bootstrap>", line 241 in _call_with_frames_removed
  File "<frozen importlib._bootstrap_external>", line 940 in exec_module
  File "<frozen importlib._bootstrap>", line 690 in _load_unlocked
  File "<frozen importlib._bootstrap>", line 1147 in _find_and_load_unlocked
  File "<frozen importlib._bootstrap>", line 1176 in _find_and_load
  File "C:\Users\Copter\AppData\Local\hermes\hermes-agent\venv\Lib\site-packages\scipy\stats\_continuous_distns.py", line 13 in <module>
  File "<frozen importlib._bootstrap>", line 241 in _call_with_frames_removed
  File "<frozen importlib._bootstrap_external>", line 940 in exec_module
  File "<frozen importlib._bootstrap>", line 690 in _load_unlocked
  File "<frozen importlib._bootstrap>", line 1147 in _find_and_load_unlocked
  File "<frozen importlib._bootstrap>", line 1176 in _find_and_load
  File "<frozen importlib._bootstrap>", line 241 in _call_with_frames_removed
  File "<frozen importlib._bootstrap>", line 1232 in _handle_fromlist
  File "C:\Users\Copter\AppData\Local\hermes\hermes-agent\venv\Lib\site-packages\scipy\stats\distributions.py", line 10 in <module>
  File "<frozen importlib._bootstrap>", line 241 in _call_with_frames_removed
  File "<frozen importlib._bootstrap_external>", line 940 in exec_module
  File "<frozen importlib._bootstrap>", line 690 in _load_unlocked
  File "<frozen importlib._bootstrap>", line 1147 in _find_and_load_unlocked
  File "<frozen importlib._bootstrap>", line 1176 in _find_and_load
  File "<frozen importlib._bootstrap>", line 241 in _call_with_frames_removed
  File "<frozen importlib._bootstrap>", line 1232 in _handle_fromlist
  File "C:\Users\Copter\AppData\Local\hermes\hermes-agent\venv\Lib\site-packages\scipy\stats\_stats_py.py", line 49 in <module>
  File "<frozen importlib._bootstrap>", line 241 in _call_with_frames_removed
  File "<frozen importlib._bootstrap_external>", line 940 in exec_module
  File "<frozen importlib._bootstrap>", line 690 in _load_unlocked
  File "<frozen importlib._bootstrap>", line 1147 in _find_and_load_unlocked
  File "<frozen importlib._bootstrap>", line 1176 in _find_and_load
  File "C:\Users\Copter\AppData\Local\hermes\hermes-agent\venv\Lib\site-packages\scipy\stats\__init__.py", line 628 in <module>
  File "<frozen importlib._bootstrap>", line 241 in _call_with_frames_removed
  File "<frozen importlib._bootstrap_external>", line 940 in exec_module
  File "<frozen importlib._bootstrap>", line 690 in _load_unlocked
  File "<frozen importlib._bootstrap>", line 1147 in _find_and_load_unlocked
  File "<frozen importlib._bootstrap>", line 1176 in _find_and_load
  File "C:\Users\Copter\AppData\Local\hermes\hermes-agent\venv\Lib\site-packages\sklearn\utils\fixes.py", line 16 in <module>
  File "<frozen importlib._bootstrap>", line 241 in _call_with_frames_removed
  File "<frozen importlib._bootstrap_external>", line 940 in exec_module
  File "<frozen importlib._bootstrap>", line 690 in _load_unlocked
  File "<frozen importlib._bootstrap>", line 1147 in _find_and_load_unlocked
  File "<frozen importlib._bootstrap>", line 1176 in _find_and_load
  File "C:\Users\Copter\AppData\Local\hermes\hermes-agent\venv\Lib\site-packages\sklearn\utils\_array_api.py", line 23 in <module>
  File "<frozen importlib._bootstrap>", line 241 in _call_with_frames_removed
  File "<frozen importlib._bootstrap_external>", line 940 in exec_module
  File "<frozen importlib._bootstrap>", line 690 in _load_unlocked
  File "<frozen importlib._bootstrap>", line 1147 in _find_and_load_unlocked
  File "<frozen importlib._bootstrap>", line 1176 in _find_and_load
  File "C:\Users\Copter\AppData\Local\hermes\hermes-agent\venv\Lib\site-packages\sklearn\utils\validation.py", line 24 in <module>
  File "<frozen importlib._bootstrap>", line 241 in _call_with_frames_removed
  File "<frozen importlib._bootstrap_external>", line 940 in exec_module
  File "<frozen importlib._bootstrap>", line 690 in _load_unlocked
  File "<frozen importlib._bootstrap>", line 1147 in _find_and_load_unlocked
  File "<frozen importlib._bootstrap>", line 1176 in _find_and_load
  File "C:\Users\Copter\AppData\Local\hermes\hermes-agent\venv\Lib\site-packages\sklearn\utils\_param_validation.py", line 17 in <module>
  File "<frozen importlib._bootstrap>", line 241 in _call_with_frames_removed
  File "<frozen importlib._bootstrap_external>", line 940 in exec_module
  File "<frozen importlib._bootstrap>", line 690 in _load_unlocked
  File "<frozen importlib._bootstrap>", line 1147 in _find_and_load_unlocked
  File "<frozen importlib._bootstrap>", line 1176 in _find_and_load
  File "C:\Users\Copter\AppData\Local\hermes\hermes-agent\venv\Lib\site-packages\sklearn\utils\_chunking.py", line 11 in <module>
  File "<frozen importlib._bootstrap>", line 241 in _call_with_frames_removed
  File "<frozen importlib._bootstrap_external>", line 940 in exec_module
  File "<frozen importlib._bootstrap>", line 690 in _load_unlocked
  File "<frozen importlib._bootstrap>", line 1147 in _find_and_load_unlocked
  File "<frozen importlib._bootstrap>", line 1176 in _find_and_load
  File "C:\Users\Copter\AppData\Local\hermes\hermes-agent\venv\Lib\site-packages\sklearn\utils\__init__.py", line 9 in <module>
  File "<frozen importlib._bootstrap>", line 241 in _call_with_frames_removed
  File "<frozen importlib._bootstrap_external>", line 940 in exec_module
  File "<frozen importlib._bootstrap>", line 690 in _load_unlocked
  File "<frozen importlib._bootstrap>", line 1147 in _find_and_load_unlocked
  File "<frozen importlib._bootstrap>", line 1176 in _find_and_load
  File "<frozen importlib._bootstrap>", line 241 in _call_with_frames_removed
  File "<frozen importlib._bootstrap>", line 1126 in _find_and_load_unlocked
  File "<frozen importlib._bootstrap>", line 1176 in _find_and_load
  File "C:\Users\Copter\AppData\Local\hermes\hermes-agent\venv\Lib\site-packages\sklearn\base.py", line 20 in <module>
  File "<frozen importlib._bootstrap>", line 241 in _call_with_frames_removed
  File "<frozen importlib._bootstrap_external>", line 940 in exec_module
  File "<frozen importlib._bootstrap>", line 690 in _load_unlocked
  File "<frozen importlib._bootstrap>", line 1147 in _find_and_load_unlocked
  File "<frozen importlib._bootstrap>", line 1176 in _find_and_load
  File "C:\Users\Copter\AppData\Local\hermes\hermes-agent\venv\Lib\site-packages\sklearn\__init__.py", line 70 in <module>
  File "<frozen importlib._bootstrap>", line 241 in _call_with_frames_removed
  File "<frozen importlib._bootstrap_external>", line 940 in exec_module
  File "<frozen importlib._bootstrap>", line 690 in _load_unlocked
  File "<frozen importlib._bootstrap>", line 1147 in _find_and_load_unlocked
  File "<frozen importlib._bootstrap>", line 1176 in _find_and_load
  File "<frozen importlib._bootstrap>", line 241 in _call_with_frames_removed
  File "<frozen importlib._bootstrap>", line 1126 in _find_and_load_unlocked
  File "<frozen importlib._bootstrap>", line 1176 in _find_and_load
  ...
Timeout (0:02:30)!
Thread 0x000095cc (most recent call first):
  File "C:\Users\Copter\AppData\Roaming\uv\python\cpython-3.11-windows-x86_64-none\Lib\concurrent\futures\thread.py", line 81 in _worker
  File "C:\Users\Copter\AppData\Roaming\uv\python\cpython-3.11-windows-x86_64-none\Lib\threading.py", line 982 in run
  File "C:\Users\Copter\AppData\Roaming\uv\python\cpython-3.11-windows-x86_64-none\Lib\threading.py", line 1045 in _bootstrap_inner
  File "C:\Users\Copter\AppData\Roaming\uv\python\cpython-3.11-windows-x86_64-none\Lib\threading.py", line 1002 in _bootstrap

Thread 0x0000c260 (most recent call first):
  File "C:\Users\Copter\AppData\Roaming\uv\python\cpython-3.11-windows-x86_64-none\Lib\concurrent\futures\thread.py", line 81 in _worker
  File "C:\Users\Copter\AppData\Roaming\uv\python\cpython-3.11-windows-x86_64-none\Lib\threading.py", line 982 in run
  File "C:\Users\Copter\AppData\Roaming\uv\python\cpython-3.11-windows-x86_64-none\Lib\threading.py", line 1045 in _bootstrap_inner
  File "C:\Users\Copter\AppData\Roaming\uv\python\cpython-3.11-windows-x86_64-none\Lib\threading.py", line 1002 in _bootstrap

Thread 0x0000a5f0 (most recent call first):
  File "C:\Users\Copter\AppData\Roaming\uv\python\cpython-3.11-windows-x86_64-none\Lib\threading.py", line ??? in notify
  File Windows fatal exception: access violation

Thread 0x000095cc (most recent call first):
  File "C:\Users\Copter\AppData\Roaming\uv\python\cpython-3.11-windows-x86_64-none\Lib\concurrent\futures\thread.py", line 81 in _worker
  File "C:\Users\Copter\AppData\Roaming\uv\python\cpython-3.11-windows-x86_64-none\Lib\threading.py", line 982 in run
  File "C:\Users\Copter\AppData\Roaming\uv\python\cpython-3.11-windows-x86_64-none\Lib\threading.py", line 1045 in _bootstrap_inner
  File "C:\Users\Copter\AppData\Roaming\uv\python\cpython-3.11-windows-x86_64-none\Lib\threading.py", line 1002 in _bootstrap

Thread 0x0000c260 (most recent call first):
  File "C:\Users\Copter\AppData\Roaming\uv\python\cpython-3.11-windows-x86_64-none\Lib\concurrent\futures\thread.py", line 81 in _worker
  File "C:\Users\Copter\AppData\Roaming\uv\python\cpython-3.11-windows-x86_64-none\Lib\threading.py", line 982 in run
  File "C:\Users\Copter\AppData\Roaming\uv\python\cpython-3.11-windows-x86_64-none\Lib\threading.py", line 1045 in _bootstrap_inner
  File "C:\Users\Copter\AppData\Roaming\uv\python\cpython-3.11-windows-x86_64-none\Lib\threading.py", line 1002 in _bootstrap

Thread 0x0000a5f0 (most recent call first):
  File "C:\Users\Copter\AppData\Roaming\uv\python\cpython-3.11-windows-x86_64-none\Lib\threading.py", line 327 in wait
  File "C:\Users\Copter\AppData\Roaming\uv\python\cpython-3.11-windows-x86_64-none\Lib\queue.py", line 171 in get
  File "D:\Project\Copter01_AI_Bot_2\mt5_worker.py", line 55 in _worker_loop
  File "C:\Users\Copter\AppData\Roaming\uv\python\cpython-3.11-windows-x86_64-none\Lib\threading.py", line 982 in run
  File "C:\Users\Copter\AppData\Roaming\uv\python\cpython-3.11-windows-x86_64-none\Lib\threading.py", line 1045 in _bootstrap_inner
  File "C:\Users\Copter\AppData\Roaming\uv\python\cpython-3.11-windows-x86_64-none\Lib\threading.py", line 1002 in _bootstrap

Thread 0x0000dedc (most recent call first):
  File "C:\Users\Copter\AppData\Roaming\uv\python\cpython-3.11-windows-x86_64-none\Lib\threading.py", line 382 in notify
  File "C:\Users\Copter\AppData\Roaming\uv\python\cpython-3.11-windows-x86_64-none\Lib\queue.py", line 451 in put
  File "D:\Project\Copter01_AI_Bot_2\mt5_worker.py", line 92 in _call
  File "D:\Project\Copter01_AI_Bot_2\mt5_worker.py", line 163 in copy_rates_from_pos
  File "D:\Project\Copter01_AI_Bot_2\trailing.py", line 7522 in check_cancel_pending_orders
  File "D:\Project\Copter01_AI_Bot_2\main.py", line 469 in run_position_check
  File "C:\Users\Copter\AppData\Local\hermes\hermes-agent\venv\Lib\site-packages\apscheduler\executors\base.py", line 181 in run_coroutine_job
  File "C:\Users\Copter\AppData\Roaming\uv\python\cpython-3.11-windows-x86_64-none\Lib\asyncio\events.py", line 84 in _run
  File "C:\Users\Copter\AppData\Roaming\uv\python\cpython-3.11-windows-x86_64-none\Lib\asyncio\base_events.py", line 1936 in _run_once
  File "C:\Users\Copter\AppData\Roaming\uv\python\cpython-3.11-windows-x86_64-none\Lib\asyncio\base_events.py", line 608 in run_forever
  File "C:\Users\Copter\AppData\Roaming\uv\python\cpython-3.11-windows-x86_64-none\Lib\asyncio\windows_events.py", line 321 in run_forever
  File "C:\Users\Copter\AppData\Local\hermes\hermes-agent\venv\Lib\site-packages\telegram\ext\_application.py", line 1062 in __run
  File "C:\Users\Copter\AppData\Local\hermes\hermes-agent\venv\Lib\site-packages\telegram\ext\_application.py", line 839 in run_polling
  File "D:\Project\Copter01_AI_Bot_2\main.py", line 851 in main
  File "D:\Project\Copter01_AI_Bot_2\main.py", line 859 in <module>
Timeout (0:02:30)!
Thread 0x00009210 (most recent call first):
  File "C:\Users\Copter\AppData\Roaming\uv\python\cpython-3.11-windows-x86_64-none\Lib\concurrent\futures\thread.py", line 81 in _worker
  File "C:\Users\Copter\AppData\Roaming\uv\python\cpython-3.11-windows-x86_64-none\Lib\threading.py", line 982 in run
  File "C:\Users\Copter\AppData\Roaming\uv\python\cpython-3.11-windows-x86_64-none\Lib\threading.py", line 1045 in _bootstrap_inner
  File "C:\Users\Copter\AppData\Roaming\uv\python\cpython-3.11-windows-x86_64-none\Lib\threading.py", line 1002 in _bootstrap

Thread 0x00006e60 (most recent call first):
  File "C:\Users\Copter\AppData\Roaming\uv\python\cpython-3.11-windows-x86_64-none\Lib\threading.py", line 327 in wait
  File "C:\Users\Copter\AppData\Roaming\uv\python\cpython-3.11-windows-x86_64-none\Lib\queue.py", line 171 in get
  File "D:\Project\Copter01_AI_Bot_2\mt5_worker.py", line 55 in _worker_loop
  File "C:\Users\Copter\AppData\Roaming\uv\python\cpython-3.11-windows-x86_64-none\Lib\threading.py", line 982 in run
  File "C:\Users\Copter\AppData\Roaming\uv\python\cpython-3.11-windows-x86_64-none\Lib\threading.py", line 1045 in _bootstrap_inner
  File "C:\Users\Copter\AppData\Roaming\uv\python\cpython-3.11-windows-x86_64-none\Lib\threading.py", line 1002 in _bootstrap

Thread 0x0000ebd4 (most recent call first):
  File "D:\Project\Copter01_AI_Bot_2\strategy_af.py", line 334 in _cfg_for_ladder_leg
  File "D:\Project\Copter01_AI_Bot_2\strategy_lts.py", line 73 in _load_lts_weights
  File "D:\Project\Copter01_AI_Bot_2\strategy_lts.py", line 160 in <module>
  File "<frozen importlib._bootstrap>", line 241 in _call_with_frames_removed
  File "<frozen importlib._bootstrap_external>", line 940 in exec_module
  File "<frozen importlib._bootstrap>", line 690 in _load_unlocked
  File "<frozen importlib._bootstrap>", line 1147 in _find_and_load_unlocked
  File "<frozen importlib._bootstrap>", line 1176 in _find_and_load
  File "D:\Project\Copter01_AI_Bot_2\demo_portfolio.py", line 68 in <module>
  File "<frozen importlib._bootstrap>", line 241 in _call_with_frames_removed
  File "<frozen importlib._bootstrap_external>", line 940 in exec_module
  File "<frozen importlib._bootstrap>", line 690 in _load_unlocked
  File "<frozen importlib._bootstrap>", line 1147 in _find_and_load_unlocked
  File "<frozen importlib._bootstrap>", line 1176 in _find_and_load
  File "D:\Project\Copter01_AI_Bot_2\main.py", line 223 in run_lts_aus_fast_scan
  File "C:\Users\Copter\AppData\Local\hermes\hermes-agent\venv\Lib\site-packages\apscheduler\executors\base.py", line 181 in run_coroutine_job
  File "C:\Users\Copter\AppData\Roaming\uv\python\cpython-3.11-windows-x86_64-none\Lib\asyncio\events.py", line 84 in _run
  File "C:\Users\Copter\AppData\Roaming\uv\python\cpython-3.11-windows-x86_64-none\Lib\asyncio\base_events.py", line 1936 in _run_once
  File "C:\Users\Copter\AppData\Roaming\uv\python\cpython-3.11-windows-x86_64-none\Lib\asyncio\base_events.py", line 608 in run_forever
  File "C:\Users\Copter\AppData\Roaming\uv\python\cpython-3.11-windows-x86_64-none\Lib\asyncio\windows_events.py", line 321 in run_forever
  File "C:\Users\Copter\AppData\Roaming\uv\python\cpython-3.11-windows-x86_64-none\Lib\asyncio\base_events.py", line 641 in run_until_complete
  File "C:\Users\Copter\AppData\Local\hermes\hermes-agent\venv\Lib\site-packages\telegram\ext\_application.py", line 1060 in __run
  File "C:\Users\Copter\AppData\Local\hermes\hermes-agent\venv\Lib\site-packages\telegram\ext\_application.py", line 839 in run_polling
  File "D:\Project\Copter01_AI_Bot_2\main.py", line 851 in main
  File "D:\Project\Copter01_AI_Bot_2\main.py", line 859 in <module>
Timeout (0:02:30)!
Thread 0x0000d8b8 (most recent call first):
  File "C:\Users\Copter\AppData\Roaming\uv\python\cpython-3.11-windows-x86_64-none\Lib\concurrent\futures\thread.py", line 81 in _worker
  File "C:\Users\Copter\AppData\Roaming\uv\python\cpython-3.11-windows-x86_64-none\Lib\threading.py", line 982 in run
  File "C:\Users\Copter\AppData\Roaming\uv\python\cpython-3.11-windows-x86_64-none\Lib\threading.py", line 1045 in _bootstrap_inner
  File "C:\Users\Copter\AppData\Roaming\uv\python\cpython-3.11-windows-x86_64-none\Lib\threading.py", line 1002 in _bootstrap

Thread 0x0000be9c (most recent call first):
  File "C:\Users\Copter\AppData\Roaming\uv\python\cpython-3.11-windows-x86_64-none\Lib\concurrent\futures\thread.py", line 81 in _worker
  File "C:\Users\Copter\AppData\Roaming\uv\python\cpython-3.11-windows-x86_64-none\Lib\threading.py", line 982 in run
  File "C:\Users\Copter\AppData\Roaming\uv\python\cpython-3.11-windows-x86_64-none\Lib\threading.py", line 1045 in _bootstrap_inner
  File "C:\Users\Copter\AppData\Roaming\uv\python\cpython-3.11-windows-x86_64-none\Lib\threading.py", line 1002 in _bootstrap

Thread 0x0000c168 (most recent call first):
  File "C:\Users\Copter\AppData\Roaming\uv\python\cpython-3.11-windows-x86_64-none\Lib\concurrent\futures\thread.py", line 81 in _worker
  File "C:\Users\Copter\AppData\Roaming\uv\python\cpython-3.11-windows-x86_64-none\Lib\threading.py", line 982 in run
  File "C:\Users\Copter\AppData\Roaming\uv\python\cpython-3.11-windows-x86_64-none\Lib\threading.py", line 1045 in _bootstrap_inner
  File "C:\Users\Copter\AppData\Roaming\uv\python\cpython-3.11-windows-x86_64-none\Lib\threading.py", line 1002 in _bootstrap

Thread 0x0000b368 (most recent call first):
  File "C:\Users\Copter\AppData\Roaming\uv\python\cpython-3.11-windows-x86_64-none\Lib\threading.py", line 327 in wait
  File "C:\Users\Copter\AppData\Roaming\uv\python\cpython-3.11-windows-x86_64-none\Lib\queue.py", line 171 in get
  File "D:\Project\Copter01_AI_Bot_2\mt5_worker.py", line 55 in _worker_loop
  File "C:\Users\Copter\AppData\Roaming\uv\python\cpython-3.11-windows-x86_64-none\Lib\threading.py", line 982 in run
  File "C:\Users\Copter\AppData\Roaming\uv\python\cpython-3.11-windows-x86_64-none\Lib\threading.py", line 1045 in _bootstrap_inner
  File "C:\Users\Copter\AppData\Roaming\uv\python\cpython-3.11-windows-x86_64-none\Lib\threading.py", line 1002 in _bootstrap

Thread 0x0000c33c (most recent call first):
  File "<frozen importlib._bootstrap_external>"Windows fatal exception: access violation

Thread 0x0000d8b8 (most recent call first):
  File "C:\Users\Copter\AppData\Roaming\uv\python\cpython-3.11-windows-x86_64-none\Lib\concurrent\futures\thread.py", line 81 in _worker
  File "C:\Users\Copter\AppData\Roaming\uv\python\cpython-3.11-windows-x86_64-none\Lib\threading.py", line 982 in run
  File "C:\Users\Copter\AppData\Roaming\uv\python\cpython-3.11-windows-x86_64-none\Lib\threading.py", line 1045 in _bootstrap_inner
  File "C:\Users\Copter\AppData\Roaming\uv\python\cpython-3.11-windows-x86_64-none\Lib\threading.py", line 1002 in _bootstrap

Thread 0x0000be9c (most recent call first):
  File "C:\Users\Copter\AppData\Roaming\uv\python\cpython-3.11-windows-x86_64-none\Lib\concurrent\futures\thread.py", line 81 in _worker
  File "C:\Users\Copter\AppData\Roaming\uv\python\cpython-3.11-windows-x86_64-none\Lib\threading.py", line 982 in run
  File "C:\Users\Copter\AppData\Roaming\uv\python\cpython-3.11-windows-x86_64-none\Lib\threading.py", line 1045 in _bootstrap_inner
  File "C:\Users\Copter\AppData\Roaming\uv\python\cpython-3.11-windows-x86_64-none\Lib\threading.py", line 1002 in _bootstrap

Thread 0x0000c168 (most recent call first):
  File "C:\Users\Copter\AppData\Roaming\uv\python\cpython-3.11-windows-x86_64-none\Lib\concurrent\futures\thread.py", line 81 in _worker
  File "C:\Users\Copter\AppData\Roaming\uv\python\cpython-3.11-windows-x86_64-none\Lib\threading.py", line 982 in run
  File "C:\Users\Copter\AppData\Roaming\uv\python\cpython-3.11-windows-x86_64-none\Lib\threading.py", line 1045 in _bootstrap_inner
  File "C:\Users\Copter\AppData\Roaming\uv\python\cpython-3.11-windows-x86_64-none\Lib\threading.py", line 1002 in _bootstrap

Thread 0x0000b368 (most recent call first):
  File "C:\Users\Copter\AppData\Roaming\uv\python\cpython-3.11-windows-x86_64-none\Lib\threading.py", line 327 in wait
  File "C:\Users\Copter\AppData\Roaming\uv\python\cpython-3.11-windows-x86_64-none\Lib\queue.py", line 171 in get
  File "D:\Project\Copter01_AI_Bot_2\mt5_worker.py", line 55 in _worker_loop
  File "C:\Users\Copter\AppData\Roaming\uv\python\cpython-3.11-windows-x86_64-none\Lib\threading.py", line 982 in run
  File "C:\Users\Copter\AppData\Roaming\uv\python\cpython-3.11-windows-x86_64-none\Lib\threading.py", line 1045 in _bootstrap_inner
  File "C:\Users\Copter\AppData\Roaming\uv\python\cpython-3.11-windows-x86_64-none\Lib\threading.py", line 1002 in _bootstrap

Thread 0x0000c33c (most recent call first):
  File "<frozen importlib._bootstrap_external>", line 1130 in get_data
  File "<frozen importlib._bootstrap_external>", line 1032 in get_code
  File "<frozen importlib._bootstrap_external>", line 936 in exec_module
  File "<frozen importlib._bootstrap>", line 690 in _load_unlocked
  File "<frozen importlib._bootstrap>", line 1147 in _find_and_load_unlocked
  File "<frozen importlib._bootstrap>", line 1176 in _find_and_load
  File "C:\Users\Copter\AppData\Local\hermes\hermes-agent\venv\Lib\site-packages\joblib\externals\loky\backend\resource_tracker.py", line 47 in <module>
  File "<frozen importlib._bootstrap>", line 241 in _call_with_frames_removed
  File "<frozen importlib._bootstrap_external>", line 940 in exec_module
  File "<frozen importlib._bootstrap>", line 690 in _load_unlocked
  File "<frozen importlib._bootstrap>", line 1147 in _find_and_load_unlocked
  File "<frozen importlib._bootstrap>", line 1176 in _find_and_load
  File "<frozen importlib._bootstrap>", line 241 in _call_with_frames_removed
  File "<frozen importlib._bootstrap>", line 1232 in _handle_fromlist
  File "C:\Users\Copter\AppData\Local\hermes\hermes-agent\venv\Lib\site-packages\joblib\_memmapping_reducer.py", line 35 in <module>
  File "<frozen importlib._bootstrap>", line 241 in _call_with_frames_removed
  File "<frozen importlib._bootstrap_external>", line 940 in exec_module
  File "<frozen importlib._bootstrap>", line 690 in _load_unlocked
  File "<frozen importlib._bootstrap>", line 1147 in _find_and_load_unlocked
  File "<frozen importlib._bootstrap>", line 1176 in _find_and_load
  File "C:\Users\Copter\AppData\Local\hermes\hermes-agent\venv\Lib\site-packages\joblib\executor.py", line 11 in <module>
  File "<frozen importlib._bootstrap>", line 241 in _call_with_frames_removed
  File "<frozen importlib._bootstrap_external>", line 940 in exec_module
  File "<frozen importlib._bootstrap>", line 690 in _load_unlocked
  File "<frozen importlib._bootstrap>", line 1147 in _find_and_load_unlocked
  File "<frozen importlib._bootstrap>", line 1176 in _find_and_load
  File "C:\Users\Copter\AppData\Local\hermes\hermes-agent\venv\Lib\site-packages\joblib\_parallel_backends.py", line 21 in <module>
  File "<frozen importlib._bootstrap>", line 241 in _call_with_frames_removed
  File "<frozen importlib._bootstrap_external>", line 940 in exec_module
  File "<frozen importlib._bootstrap>", line 690 in _load_unlocked
  File "<frozen importlib._bootstrap>", line 1147 in _find_and_load_unlocked
  File "<frozen importlib._bootstrap>", line 1176 in _find_and_load
  File "C:\Users\Copter\AppData\Local\hermes\hermes-agent\venv\Lib\site-packages\joblib\__init__.py", line 115 in <module>
  File "<frozen importlib._bootstrap>", line 241 in _call_with_frames_removed
  File "<frozen importlib._bootstrap_external>", line 940 in exec_module
  File "<frozen importlib._bootstrap>", line 690 in _load_unlocked
  File "<frozen importlib._bootstrap>", line 1147 in _find_and_load_unlocked
  File "<frozen importlib._bootstrap>", line 1176 in _find_and_load
  File "C:\Users\Copter\AppData\Local\hermes\hermes-agent\venv\Lib\site-packages\sklearn\utils\validation.py", line 13 in <module>
  File "<frozen importlib._bootstrap>", line 241 in _call_with_frames_removed
  File "<frozen importlib._bootstrap_external>", line 940 in exec_module
  File "<frozen importlib._bootstrap>", line 690 in _load_unlocked
  File "<frozen importlib._bootstrap>", line 1147 in _find_and_load_unlocked
  File "<frozen importlib._bootstrap>", line 1176 in _find_and_load
  File "C:\Users\Copter\AppData\Local\hermes\hermes-agent\venv\Lib\site-packages\sklearn\utils\_param_validation.py", line 17 in <module>
  File "<frozen importlib._bootstrap>", line 241 in _call_with_frames_removed
  File "<frozen importlib._bootstrap_external>", line 940 in exec_module
  File "<frozen importlib._bootstrap>", line 690 in _load_unlocked
  File "<frozen importlib._bootstrap>", line 1147 in _find_and_load_unlocked
  File "<frozen importlib._bootstrap>", line 1176 in _find_and_load
  File "C:\Users\Copter\AppData\Local\hermes\hermes-agent\venv\Lib\site-packages\sklearn\utils\_chunking.py", line 11 in <module>
  File "<frozen importlib._bootstrap>", line 241 in _call_with_frames_removed
  File "<frozen importlib._bootstrap_external>", line 940 in exec_module
  File "<frozen importlib._bootstrap>", line 690 in _load_unlocked
  File "<frozen importlib._bootstrap>", line 1147 in _find_and_load_unlocked
  File "<frozen importlib._bootstrap>", line 1176 in _find_and_load
  File "C:\Users\Copter\AppData\Local\hermes\hermes-agent\venv\Lib\site-packages\sklearn\utils\__init__.py", line 9 in <module>
  File "<frozen importlib._bootstrap>", line 241 in _call_with_frames_removed
  File "<frozen importlib._bootstrap_external>", line 940 in exec_module
  File "<frozen importlib._bootstrap>", line 690 in _load_unlocked
  File "<frozen importlib._bootstrap>", line 1147 in _find_and_load_unlocked
  File "<frozen importlib._bootstrap>", line 1176 in _find_and_load
  File "<frozen importlib._bootstrap>", line 241 in _call_with_frames_removed
  File "<frozen importlib._bootstrap>", line 1126 in _find_and_load_unlocked
  File "<frozen importlib._bootstrap>", line 1176 in _find_and_load
  File "C:\Users\Copter\AppData\Local\hermes\hermes-agent\venv\Lib\site-packages\sklearn\base.py", line 20 in <module>
  File "<frozen importlib._bootstrap>", line 241 in _call_with_frames_removed
  File "<frozen importlib._bootstrap_external>", line 940 in exec_module
  File "<frozen importlib._bootstrap>", line 690 in _load_unlocked
  File "<frozen importlib._bootstrap>", line 1147 in _find_and_load_unlocked
  File "<frozen importlib._bootstrap>", line 1176 in _find_and_load
  File "C:\Users\Copter\AppData\Local\hermes\hermes-agent\venv\Lib\site-packages\sklearn\__init__.py", line 70 in <module>
  File "<frozen importlib._bootstrap>", line 241 in _call_with_frames_removed
  File "<frozen importlib._bootstrap_external>", line 940 in exec_module
  File "<frozen importlib._bootstrap>", line 690 in _load_unlocked
  File "<frozen importlib._bootstrap>", line 1147 in _find_and_load_unlocked
  File "<frozen importlib._bootstrap>", line 1176 in _find_and_load
  File "<frozen importlib._bootstrap>", line 241 in _call_with_frames_removed
  File "<frozen importlib._bootstrap>", line 1126 in _find_and_load_unlocked
  File "<frozen importlib._bootstrap>", line 1176 in _find_and_load
  File "D:\Project\Copter01_AI_Bot_2\ml_scoring.py", line 7 in <module>
  File "<frozen importlib._bootstrap>", line 241 in _call_with_frames_removed
  File "<frozen importlib._bootstrap_external>", line 940 in exec_module
  File "<frozen importlib._bootstrap>", line 690 in _load_unlocked
  File "<frozen importlib._bootstrap>", line 1147 in _find_and_load_unlocked
  File "<frozen importlib._bootstrap>", line 1176 in _find_and_load
  File "D:\Project\Copter01_AI_Bot_2\quant_engine.py", line 6 in <module>
  File "<frozen importlib._bootstrap>", line 241 in _call_with_frames_removed
  File "<frozen importlib._bootstrap_external>", line 940 in exec_module
  File "<frozen importlib._bootstrap>", line 690 in _load_unlocked
  File "<frozen importlib._bootstrap>", line 1147 in _find_and_load_unlocked
  File "<frozen importlib._bootstrap>", line 1176 in _find_and_load
  File "D:\Project\Copter01_AI_Bot_2\scanner.py", line 3670 in scan_one_tf
  File "D:\Project\Copter01_AI_Bot_2\scanner.py", line 2162 in _timed_scan_one_tf
  File "C:\Users\Copter\AppData\Roaming\uv\python\cpython-3.11-windows-x86_64-none\Lib\asyncio\events.py", line 84 in _run
  File "C:\Users\Copter\AppData\Roaming\uv\python\cpython-3.11-windows-x86_64-none\Lib\asyncio\base_events.py", line 1936 in _run_once
  File "C:\Users\Copter\AppData\Roaming\uv\python\cpython-3.11-windows-x86_64-none\Lib\asyncio\base_events.py", line 608 in run_forever
  File "C:\Users\Copter\AppData\Roaming\uv\python\cpython-3.11-windows-x86_64-none\Lib\asyncio\windows_events.py", line 321 in run_forever
  File "C:\Users\Copter\AppData\Roaming\uv\python\cpython-3.11-windows-x86_64-none\Lib\asyncio\base_events.py", line 641 in run_until_complete
  File "C:\Users\Copter\AppData\Local\hermes\hermes-agent\venv\Lib\site-packages\telegram\ext\_application.py", line 1060 in __run
  ...
Timeout (0:02:30)!
Thread 0x0000cc90 (most recent call first):
  File "C:\Users\Copter\AppData\Roaming\uv\python\cpython-3.11-windows-x86_64-none\Lib\concurrent\futures\thread.py", line 81 in _worker
  File "C:\Users\Copter\AppData\Roaming\uv\python\cpython-3.11-windows-x86_64-none\Lib\threading.py", line 982 in run
  File "C:\Users\Copter\AppData\Roaming\uv\python\cpython-3.11-windows-x86_64-none\Lib\threading.py", line 1045 in _bootstrap_inner
  File "C:\Users\Copter\AppData\Roaming\uv\python\cpython-3.11-windows-x86_64-none\Lib\threading.py", line 1002 in _bootstrap

Thread 0x00003260 (most recent call first):
  File "C:\Users\Copter\AppData\Roaming\uv\python\cpython-3.11-windows-x86_64-none\Lib\concurrent\futures\thread.py", line 81 in _worker
  File "C:\Users\Copter\AppData\Roaming\uv\python\cpython-3.11-windows-x86_64-none\Lib\threading.py", line 982 in run
  File "C:\Users\Copter\AppData\Roaming\uv\python\cpython-3.11-windows-x86_64-none\Lib\threading.py", line 1045 in _bootstrap_inner
  File "C:\Users\Copter\AppData\Roaming\uv\python\cpython-3.11-windows-x86_64-none\Lib\threading.py", line 1002 in _bootstrap

Thread 0x0000e5b0 (most recent call first):
  File "C:\Users\Copter\AppData\Roaming\uv\python\cpython-3.11-windows-x86_64-none\Lib\threading.py", line 327 in wait
  File "C:\Users\Copter\AppData\Roaming\uv\python\cpython-3.11-windows-x86_64-none\Lib\queue.py", line 171 in get
  File "D:\Project\Copter01_AI_Bot_2\mt5_worker.py", line 55 in _worker_loop
  File "C:\Users\Copter\AppData\Roaming\uv\python\cpython-3.11-windows-x86_64-none\Lib\threading.py", line 982 in run
  File "C:\Users\Copter\AppData\Roaming\uv\python\cpython-3.11-windows-x86_64-none\Lib\threading.py", line 1045 in _bootstrap_inner
  File "C:\Users\Copter\AppData\Roaming\uv\python\cpython-3.11-windows-x86_64-none\Lib\threading.py", line 1002 in _bootstrap

Thread 0x0000ec2c (most recent call first):
  File "D:\Project\Copter01_AI_Bot_2\sweep_filter.py", line 313 in get_ref_high_list
  File "D:\Project\Copter01_AI_Bot_2\sweep_filter.py", line 492 in _detect_both
  File "D:\Project\Copter01_AI_Bot_2\sweep_filter.py", line 713 in check_and_update
  File "D:\Project\Copter01_AI_Bot_2\scanner.py", line 2837 in scan_one_tf
  File "D:\Project\Copter01_AI_Bot_2\scanner.py", line 2162 in _timed_scan_one_tf
  File "C:\Users\Copter\AppData\Roaming\uv\python\cpython-3.11-windows-x86_64-none\Lib\asyncio\events.py", line 84 in _run
  File "C:\Users\Copter\AppData\Roaming\uv\python\cpython-3.11-windows-x86_64-none\Lib\asyncio\base_events.py", line 1936 in _run_once
  File "C:\Users\Copter\AppData\Roaming\uv\python\cpython-3.11-windows-x86_64-none\Lib\asyncio\base_events.py", line 608 in run_forever
  File "C:\Users\Copter\AppData\Roaming\uv\python\cpython-3.11-windows-x86_64-none\Lib\asyncio\windows_events.py", line 321 in run_forever
  File "C:\Users\Copter\AppData\Local\hermes\hermes-agent\venv\Lib\site-packages\telegram\ext\_application.py", line 1062 in __run
  File "C:\Users\Copter\AppData\Local\hermes\hermes-agent\venv\Lib\site-packages\telegram\ext\_application.py", line 839 in run_polling
  File "D:\Project\Copter01_AI_Bot_2\main.py", line 851 in main
  File "D:\Project\Copter01_AI_Bot_2\main.py", line 859 in <module>
