
===== simulate leg M1 =====
MT5 account: login=2101114448 server=IUXMarkets-Demo name=Arin Meetaem balance=1060.87 USD
เวลาปัจจุบันของ broker (raw MT5): 2026-08-15 04:57:57  |  เวลาจริง BKK (แก้ตาม MT5 Timezone Rule): 2026-08-15 03:57:57
M1: 1290 ไม้ปิด, ใช้เวลา 33080s

===== simulate leg M5 =====
MT5 account: login=2101114448 server=IUXMarkets-Demo name=Arin Meetaem balance=1060.87 USD
เวลาปัจจุบันของ broker (raw MT5): 2026-08-15 04:57:57  |  เวลาจริง BKK (แก้ตาม MT5 Timezone Rule): 2026-08-15 03:57:57
M5: 387 ไม้ปิด, ใช้เวลา 1334s

===== simulate leg M15 =====
MT5 account: login=2101114448 server=IUXMarkets-Demo name=Arin Meetaem balance=1061.85 USD
เวลาปัจจุบันของ broker (raw MT5): 2026-08-15 04:57:57  |  เวลาจริง BKK (แก้ตาม MT5 Timezone Rule): 2026-08-15 03:57:57
M15: 285 ไม้ปิด, ใช้เวลา 146s

===== simulate leg M30 =====
MT5 account: login=2101114448 server=IUXMarkets-Demo name=Arin Meetaem balance=1062.83 USD
เวลาปัจจุบันของ broker (raw MT5): 2026-08-15 04:57:57  |  เวลาจริง BKK (แก้ตาม MT5 Timezone Rule): 2026-08-15 03:57:57
M30: 241 ไม้ปิด, ใช้เวลา 38s

===== simulate leg H1 =====
MT5 account: login=2101114448 server=IUXMarkets-Demo name=Arin Meetaem balance=1062.83 USD
เวลาปัจจุบันของ broker (raw MT5): 2026-08-15 04:57:57  |  เวลาจริง BKK (แก้ตาม MT5 Timezone Rule): 2026-08-15 03:57:57
H1: 236 ไม้ปิด, ใช้เวลา 10s


===== สรุปพอร์ต S420 ทั้ง 5 TF พร้อมกัน (MAX_POS_PER_LEG=1, lot=0.01 ต่อไม้) =====
ช่วง: 2025-08-16 14:53:44 - 2026-08-16 14:53:44
ไม้ปิดทั้งหมด: 2439
Net P&L: 34156.09 USD | Max Drawdown: 1538.69 USD
จำนวนไม้เปิดพร้อมกันสูงสุด (รวมทุก TF/leg): 5 ไม้ (ตอน 2025-08-19 12:02:00+07:00)
จำนวนไม้ทิศเดียวกันที่เปิดพร้อมกันสูงสุด: 5 ไม้ (ตอน 2025-08-19 12:02:00+07:00)

เขียน 2439 ไม้ลง s420_portfolio_trades_365d_cap1.csv
