[2026-07-13 09:29:45] WARN: lock file ค้างจาก pid=5428 (ตายไปแล้ว) — เคลียร์แล้วรันต่อ
[2026-07-13 09:29:47] Supervisor started (profile='demo-iux-2101183586', stale=180 s, check=30 s, grace=90 s, python='C:\Users\Administrator\AppData\Local\Programs\Python\Python313\python.exe')
[2026-07-13 09:29:47] Launching: C:\Users\Administrator\AppData\Local\Programs\Python\Python313\python.exe main.py
[2026-07-13 09:29:47] main.py running (pid=4124)
[2026-07-13 09:33:51] STALL: heartbeat age=196s > 180s (loop hang) -> kill pid=4124 + restart
[2026-07-13 09:34:08] Restarting in 5 s ...
[2026-07-13 09:34:32] Launching: C:\Users\Administrator\AppData\Local\Programs\Python\Python313\python.exe main.py
[2026-07-13 09:34:34] main.py running (pid=5020)
[2026-07-13 09:38:14] STALL: heartbeat age=181s > 180s (loop hang) -> kill pid=5020 + restart
[2026-07-13 09:38:40] Restarting in 5 s ...
[2026-07-13 09:38:45] Launching: C:\Users\Administrator\AppData\Local\Programs\Python\Python313\python.exe main.py
[2026-07-13 09:38:45] main.py running (pid=3180)
[2026-07-13 09:51:23] STALL: heartbeat age=188s > 180s (loop hang) -> kill pid=3180 + restart
[2026-07-13 09:51:34] Restarting in 5 s ...
[2026-07-13 09:51:39] Launching: C:\Users\Administrator\AppData\Local\Programs\Python\Python313\python.exe main.py
[2026-07-13 09:51:39] main.py running (pid=1772)
[2026-07-13 10:15:27] WARN: lock file ค้างจาก pid=5032 (ตายไปแล้ว) — เคลียร์แล้วรันต่อ
[2026-07-13 10:15:28] Supervisor started (profile='demo-iux-2101183586', stale=180 s, check=30 s, grace=90 s, python='C:\Users\Administrator\AppData\Local\Programs\Python\Python313\python.exe')
[2026-07-13 10:15:28] Launching: C:\Users\Administrator\AppData\Local\Programs\Python\Python313\python.exe main.py
[2026-07-13 10:15:28] main.py running (pid=5620)
[2026-07-13 17:54:24] STALL: heartbeat age=189s > 180s (loop hang) -> kill pid=5620 + restart
[2026-07-13 17:55:12] Restarting in 5 s ...
[2026-07-13 17:55:33] Launching: C:\Users\Administrator\AppData\Local\Programs\Python\Python313\python.exe main.py
[2026-07-13 17:56:01] main.py running (pid=5156)
[2026-07-13 18:22:18] WARN: lock file ค้างจาก pid=5508 (ตายไปแล้ว) — เคลียร์แล้วรันต่อ
[2026-07-13 18:22:25] Supervisor started (profile='demo-iux-2101183586', stale=180 s, check=30 s, grace=90 s, python='C:\Users\Administrator\AppData\Local\Programs\Python\Python313\python.exe')
[2026-07-13 18:22:30] Launching: C:\Users\Administrator\AppData\Local\Programs\Python\Python313\python.exe main.py
[2026-07-13 18:22:30] main.py running (pid=4468)
[2026-07-13 18:27:12] WARN: lock file ค้างจาก pid=2784 (ตายไปแล้ว) — เคลียร์แล้วรันต่อ
[2026-07-13 18:27:14] Supervisor started (profile='demo-iux-2101183586', stale=180 s, check=30 s, grace=90 s, python='C:\Users\Administrator\AppData\Local\Programs\Python\Python313\python.exe')
[2026-07-13 18:27:14] Launching: C:\Users\Administrator\AppData\Local\Programs\Python\Python313\python.exe main.py
[2026-07-13 18:27:14] main.py running (pid=4996)
[2026-07-14 18:15:17] WARN: lock file ค้างจาก pid=3480 (ตายไปแล้ว) — เคลียร์แล้วรันต่อ
[2026-07-14 18:16:03] Supervisor started (profile='demo-iux-2101183586', stale=180 s, check=30 s, grace=90 s, python='C:\Users\Administrator\AppData\Local\Programs\Python\Python313\python.exe')
[2026-07-14 18:16:05] Launching: C:\Users\Administrator\AppData\Local\Programs\Python\Python313\python.exe main.py
[2026-07-14 18:16:14] main.py running (pid=6164)
[2026-07-14 18:21:29] STALL: heartbeat age=209s > 180s (loop hang) -> kill pid=6164 + restart
[2026-07-14 18:21:30] Restarting in 5 s ...
[2026-07-14 18:21:35] Launching: C:\Users\Administrator\AppData\Local\Programs\Python\Python313\python.exe main.py
[2026-07-14 18:21:35] main.py running (pid=4832)
[2026-07-14 18:25:05] STALL: heartbeat age=201s > 180s (loop hang) -> kill pid=4832 + restart
[2026-07-14 18:25:05] Restarting in 5 s ...
[2026-07-14 18:25:10] Launching: C:\Users\Administrator\AppData\Local\Programs\Python\Python313\python.exe main.py
[2026-07-14 18:25:10] main.py running (pid=4820)
[2026-07-14 20:14:18] STALL: heartbeat age=184s > 180s (loop hang) -> kill pid=4820 + restart
[2026-07-14 20:15:03] Restarting in 5 s ...
[2026-07-14 20:15:29] Launching: C:\Users\Administrator\AppData\Local\Programs\Python\Python313\python.exe main.py
[2026-07-14 20:17:43] main.py running (pid=7068)
[2026-07-14 20:20:44] WARN: heartbeat missing/unreadable (up=95s) — wait next cycle
[2026-07-14 20:23:12] WARN: heartbeat missing/unreadable (up=329s) — wait next cycle
[2026-07-14 20:23:48] WARN: heartbeat missing/unreadable (up=365s) — wait next cycle
[2026-07-14 20:24:24] WARN: heartbeat missing/unreadable (up=401s) — wait next cycle
[2026-07-14 20:24:59] WARN: heartbeat missing/unreadable (up=436s) — wait next cycle
[2026-07-14 20:28:11] WARN: heartbeat missing/unreadable (up=627s) — wait next cycle
[2026-07-14 20:30:11] WARN: heartbeat missing/unreadable (up=748s) — wait next cycle
[2026-07-14 20:30:41] WARN: heartbeat missing/unreadable (up=778s) — wait next cycle
[2026-07-14 20:31:17] WARN: heartbeat missing/unreadable (up=814s) — wait next cycle
[2026-07-14 20:33:21] WARN: heartbeat missing/unreadable (up=844s) — wait next cycle
[2026-07-14 20:33:51] WARN: heartbeat missing/unreadable (up=968s) — wait next cycle
[2026-07-14 20:36:04] WARN: heartbeat missing/unreadable (up=1101s) — wait next cycle
[2026-07-14 20:36:40] WARN: heartbeat missing/unreadable (up=1137s) — wait next cycle
[2026-07-14 20:37:16] WARN: heartbeat missing/unreadable (up=1172s) — wait next cycle
[2026-07-14 20:38:51] WARN: heartbeat missing/unreadable (up=1267s) — wait next cycle
[2026-07-14 20:40:14] WARN: heartbeat missing/unreadable (up=1351s) — wait next cycle
[2026-07-14 20:40:44] WARN: heartbeat missing/unreadable (up=1381s) — wait next cycle
[2026-07-14 20:42:28] WARN: heartbeat missing/unreadable (up=1484s) — wait next cycle
[2026-07-14 20:43:26] WARN: heartbeat missing/unreadable (up=1543s) — wait next cycle
[2026-07-14 20:45:01] main.py exited (code=) -> restart
[2026-07-14 20:45:08] Restarting in 5 s ...
[2026-07-14 20:45:57] Launching: C:\Users\Administrator\AppData\Local\Programs\Python\Python313\python.exe main.py
[2026-07-14 20:46:09] main.py running (pid=5416)
[2026-07-14 20:47:43] WARN: heartbeat missing/unreadable (up=95s) — wait next cycle
[2026-07-14 20:48:30] WARN: heartbeat missing/unreadable (up=142s) — wait next cycle
[2026-07-14 20:49:37] WARN: heartbeat missing/unreadable (up=208s) — wait next cycle
[2026-07-14 20:50:16] WARN: heartbeat missing/unreadable (up=247s) — wait next cycle
[2026-07-14 20:52:18] WARN: heartbeat missing/unreadable (up=369s) — wait next cycle
[2026-07-14 20:54:46] WARN: heartbeat missing/unreadable (up=518s) — wait next cycle
[2026-07-14 22:05:56] WARN: lock file ค้างจาก pid=988 (ตายไปแล้ว) — เคลียร์แล้วรันต่อ
[2026-07-14 22:06:04] Supervisor started (profile='demo-iux-2101183586', stale=180 s, check=30 s, grace=90 s, python='C:\Users\Administrator\AppData\Local\Programs\Python\Python313\python.exe')
[2026-07-14 22:06:04] Launching: C:\Users\Administrator\AppData\Local\Programs\Python\Python313\python.exe main.py
[2026-07-14 22:06:06] main.py running (pid=6104)
[2026-07-14 22:11:57] STALL: heartbeat age=182s > 180s (loop hang) -> kill pid=6104 + restart
[2026-07-14 22:12:41] Restarting in 5 s ...
[2026-07-14 22:12:50] Launching: C:\Users\Administrator\AppData\Local\Programs\Python\Python313\python.exe main.py
[2026-07-14 22:12:55] main.py running (pid=2852)
[2026-07-14 22:14:50] WARN: heartbeat missing/unreadable (up=115s) — wait next cycle
[2026-07-14 22:15:36] WARN: heartbeat missing/unreadable (up=161s) — wait next cycle
[2026-07-14 22:16:06] WARN: heartbeat missing/unreadable (up=191s) — wait next cycle
[2026-07-14 22:16:52] main.py exited (code=) -> restart
[2026-07-14 22:16:52] Restarting in 5 s ...
[2026-07-14 22:17:15] Launching: C:\Users\Administrator\AppData\Local\Programs\Python\Python313\python.exe main.py
[2026-07-14 22:17:26] main.py running (pid=4116)
[2026-07-14 22:19:02] WARN: heartbeat missing/unreadable (up=96s) — wait next cycle
[2026-07-14 22:22:55] STALL: heartbeat age=182s > 180s (loop hang) -> kill pid=4116 + restart
[2026-07-14 22:23:39] Restarting in 5 s ...
[2026-07-14 22:23:56] Launching: C:\Users\Administrator\AppData\Local\Programs\Python\Python313\python.exe main.py
[2026-07-14 22:23:56] main.py running (pid=5236)
[2026-07-14 22:25:46] WARN: heartbeat missing/unreadable (up=110s) — wait next cycle
[2026-07-14 22:29:28] STALL: heartbeat age=207s > 180s (loop hang) -> kill pid=5236 + restart
[2026-07-14 22:29:49] Restarting in 5 s ...
[2026-07-14 22:29:54] Launching: C:\Users\Administrator\AppData\Local\Programs\Python\Python313\python.exe main.py
[2026-07-14 22:30:07] main.py running (pid=3172)
[2026-07-14 22:31:52] WARN: heartbeat missing/unreadable (up=105s) — wait next cycle
[2026-07-14 22:38:36] STALL: heartbeat age=202s > 180s (loop hang) -> kill pid=3172 + restart
[2026-07-14 22:38:52] Restarting in 5 s ...
[2026-07-14 22:39:03] Launching: C:\Users\Administrator\AppData\Local\Programs\Python\Python313\python.exe main.py
[2026-07-14 22:39:11] main.py running (pid=3460)
[2026-07-14 22:40:47] WARN: heartbeat missing/unreadable (up=96s) — wait next cycle
[2026-07-14 22:43:54] STALL: heartbeat age=182s > 180s (loop hang) -> kill pid=3460 + restart
[2026-07-14 22:44:12] Restarting in 5 s ...
[2026-07-14 22:44:27] Launching: C:\Users\Administrator\AppData\Local\Programs\Python\Python313\python.exe main.py
[2026-07-14 22:45:13] main.py running (pid=768)
[2026-07-14 22:47:05] WARN: heartbeat missing/unreadable (up=112s) — wait next cycle
[2026-07-14 22:47:47] WARN: heartbeat missing/unreadable (up=154s) — wait next cycle
[2026-07-14 22:48:35] WARN: heartbeat missing/unreadable (up=202s) — wait next cycle
[2026-07-14 22:52:16] STALL: heartbeat age=202s > 180s (loop hang) -> kill pid=768 + restart
[2026-07-14 22:53:02] Restarting in 5 s ...
[2026-07-14 22:53:47] Launching: C:\Users\Administrator\AppData\Local\Programs\Python\Python313\python.exe main.py
[2026-07-14 22:53:48] main.py running (pid=6128)
[2026-07-14 22:58:08] STALL: heartbeat age=201s > 180s (loop hang) -> kill pid=6128 + restart
[2026-07-14 22:58:30] Restarting in 5 s ...
[2026-07-14 22:58:57] Launching: C:\Users\Administrator\AppData\Local\Programs\Python\Python313\python.exe main.py
[2026-07-14 22:59:00] main.py running (pid=2656)
[2026-07-14 23:03:09] STALL: heartbeat age=181s > 180s (loop hang) -> kill pid=2656 + restart
[2026-07-14 23:03:36] Restarting in 5 s ...
[2026-07-14 23:03:42] Launching: C:\Users\Administrator\AppData\Local\Programs\Python\Python313\python.exe main.py
[2026-07-14 23:04:13] main.py running (pid=1848)
[2026-07-14 23:06:03] WARN: heartbeat missing/unreadable (up=110s) — wait next cycle
[2026-07-14 23:06:33] WARN: heartbeat missing/unreadable (up=140s) — wait next cycle
[2026-07-14 23:09:53] STALL: heartbeat age=193s > 180s (loop hang) -> kill pid=1848 + restart
[2026-07-14 23:10:15] Restarting in 5 s ...
[2026-07-14 23:10:55] Launching: C:\Users\Administrator\AppData\Local\Programs\Python\Python313\python.exe main.py
[2026-07-14 23:11:41] main.py running (pid=2756)
[2026-07-14 23:16:33] STALL: heartbeat age=192s > 180s (loop hang) -> kill pid=2756 + restart
[2026-07-14 23:17:01] Restarting in 5 s ...
[2026-07-14 23:17:07] Launching: C:\Users\Administrator\AppData\Local\Programs\Python\Python313\python.exe main.py
[2026-07-14 23:17:41] main.py running (pid=3636)
[2026-07-14 23:19:18] WARN: heartbeat missing/unreadable (up=98s) — wait next cycle
[2026-07-14 23:20:09] WARN: heartbeat missing/unreadable (up=146s) — wait next cycle
[2026-07-14 23:23:18] STALL: heartbeat age=186s > 180s (loop hang) -> kill pid=3636 + restart
[2026-07-14 23:23:33] Restarting in 5 s ...
[2026-07-14 23:23:40] Launching: C:\Users\Administrator\AppData\Local\Programs\Python\Python313\python.exe main.py
[2026-07-14 23:23:57] main.py running (pid=1532)
[2026-07-14 23:25:50] WARN: heartbeat missing/unreadable (up=117s) — wait next cycle
[2026-07-14 23:26:38] WARN: heartbeat missing/unreadable (up=165s) — wait next cycle
[2026-07-14 23:27:21] main.py exited (code=) -> restart
[2026-07-14 23:28:14] Restarting in 5 s ...
[2026-07-14 23:29:14] Launching: C:\Users\Administrator\AppData\Local\Programs\Python\Python313\python.exe main.py
[2026-07-14 23:30:15] main.py running (pid=4452)
[2026-07-14 23:34:09] STALL: heartbeat age=182s > 180s (loop hang) -> kill pid=4452 + restart
[2026-07-14 23:34:36] Restarting in 5 s ...
[2026-07-14 23:34:46] Launching: C:\Users\Administrator\AppData\Local\Programs\Python\Python313\python.exe main.py
[2026-07-14 23:35:06] main.py running (pid=1000)
[2026-07-14 23:40:03] STALL: heartbeat age=189s > 180s (loop hang) -> kill pid=1000 + restart
[2026-07-14 23:40:29] Restarting in 5 s ...
[2026-07-14 23:40:54] Launching: C:\Users\Administrator\AppData\Local\Programs\Python\Python313\python.exe main.py
[2026-07-14 23:41:05] main.py running (pid=4740)
[2026-07-14 23:42:50] WARN: heartbeat missing/unreadable (up=98s) — wait next cycle
[2026-07-14 23:43:20] WARN: heartbeat missing/unreadable (up=135s) — wait next cycle
[2026-07-14 23:46:56] STALL: heartbeat age=202s > 180s (loop hang) -> kill pid=4740 + restart
[2026-07-14 23:47:48] Restarting in 5 s ...
[2026-07-14 23:48:01] Launching: C:\Users\Administrator\AppData\Local\Programs\Python\Python313\python.exe main.py
[2026-07-14 23:48:27] main.py running (pid=3460)
[2026-07-14 23:33:52] WARN: lock file ค้างจาก pid=5800 (ตายไปแล้ว) — เคลียร์แล้วรันต่อ
[2026-07-14 23:34:08] Supervisor started (profile='demo-iux-2101183586', stale=180 s, check=30 s, grace=90 s, python='C:\Users\Administrator\AppData\Local\Programs\Python\Python313\python.exe')
[2026-07-14 23:34:09] Launching: C:\Users\Administrator\AppData\Local\Programs\Python\Python313\python.exe main.py
[2026-07-14 23:34:09] main.py running (pid=5180)
[2026-07-14 23:42:10] STALL: heartbeat age=198s > 180s (loop hang) -> kill pid=5180 + restart
[2026-07-14 23:42:19] Restarting in 5 s ...
[2026-07-14 23:42:24] Launching: C:\Users\Administrator\AppData\Local\Programs\Python\Python313\python.exe main.py
[2026-07-14 23:42:24] main.py running (pid=5292)
[2026-07-14 23:47:36] STALL: heartbeat age=202s > 180s (loop hang) -> kill pid=5292 + restart
[2026-07-14 23:47:45] Restarting in 5 s ...
[2026-07-14 23:48:00] Launching: C:\Users\Administrator\AppData\Local\Programs\Python\Python313\python.exe main.py
[2026-07-14 23:48:15] main.py running (pid=2656)
[2026-07-15 00:07:22] STALL: heartbeat age=182s > 180s (loop hang) -> kill pid=2656 + restart
[2026-07-15 00:07:45] Restarting in 5 s ...
[2026-07-15 00:07:50] Launching: C:\Users\Administrator\AppData\Local\Programs\Python\Python313\python.exe main.py
[2026-07-15 00:07:50] main.py running (pid=7160)
[2026-07-15 00:11:33] STALL: heartbeat age=194s > 180s (loop hang) -> kill pid=7160 + restart
[2026-07-15 00:11:40] Restarting in 5 s ...
[2026-07-15 00:11:45] Launching: C:\Users\Administrator\AppData\Local\Programs\Python\Python313\python.exe main.py
[2026-07-15 00:11:45] main.py running (pid=6692)
[2026-07-15 03:57:31] STALL: heartbeat age=186s > 180s (loop hang) -> kill pid=6692 + restart
[2026-07-15 03:58:05] Restarting in 5 s ...
[2026-07-15 03:58:27] Launching: C:\Users\Administrator\AppData\Local\Programs\Python\Python313\python.exe main.py
[2026-07-15 03:58:36] main.py running (pid=5376)
[2026-07-15 04:02:25] STALL: heartbeat age=188s > 180s (loop hang) -> kill pid=5376 + restart
[2026-07-15 04:02:25] Restarting in 5 s ...
[2026-07-15 04:02:32] Launching: C:\Users\Administrator\AppData\Local\Programs\Python\Python313\python.exe main.py
[2026-07-15 04:02:33] main.py running (pid=6660)
[2026-07-15 08:01:48] STALL: heartbeat age=193s > 180s (loop hang) -> kill pid=6660 + restart
[2026-07-15 08:02:09] Restarting in 5 s ...
[2026-07-15 08:02:15] Launching: C:\Users\Administrator\AppData\Local\Programs\Python\Python313\python.exe main.py
[2026-07-15 08:02:20] main.py running (pid=3732)
[2026-07-15 11:54:48] WARN: lock file ค้างจาก pid=5480 (ตายไปแล้ว) — เคลียร์แล้วรันต่อ
[2026-07-15 11:54:51] Supervisor started (profile='demo-iux-2101183586', stale=180 s, check=30 s, grace=90 s, python='C:\Users\Copter\AppData\Local\hermes\hermes-agent\venv\Scripts\python.exe')
[2026-07-15 11:54:51] Launching: C:\Users\Copter\AppData\Local\hermes\hermes-agent\venv\Scripts\python.exe main.py
[2026-07-15 11:54:51] main.py running (pid=52132)
[2026-07-15 14:23:34] WARN: lock file ค้างจาก pid=43260 (ตายไปแล้ว) — เคลียร์แล้วรันต่อ
[2026-07-15 14:23:34] Supervisor started (profile='demo-iux-2101183586', stale=180 s, check=30 s, grace=90 s, python='C:\Users\Copter\AppData\Local\hermes\hermes-agent\venv\Scripts\python.exe')
[2026-07-15 14:23:34] Launching: C:\Users\Copter\AppData\Local\hermes\hermes-agent\venv\Scripts\python.exe main.py
[2026-07-15 14:23:34] main.py running (pid=39296)
[2026-07-15 17:52:23] WARN: lock file ค้างจาก pid=48152 (ตายไปแล้ว) — เคลียร์แล้วรันต่อ
[2026-07-15 17:52:30] Supervisor started (profile='demo-iux-2101183586', stale=180 s, check=30 s, grace=90 s, python='C:\Users\Administrator\AppData\Local\Programs\Python\Python313\python.exe')
[2026-07-15 17:52:30] Launching: C:\Users\Administrator\AppData\Local\Programs\Python\Python313\python.exe main.py
[2026-07-15 17:52:30] main.py running (pid=5416)
[2026-07-15 17:55:54] STALL: heartbeat age=189s > 180s (loop hang) -> kill pid=5416 + restart
[2026-07-15 17:56:00] Restarting in 5 s ...
[2026-07-15 17:56:10] Launching: C:\Users\Administrator\AppData\Local\Programs\Python\Python313\python.exe main.py
[2026-07-15 17:56:18] main.py running (pid=2028)
[2026-07-15 18:21:45] WARN: lock file ค้างจาก pid=2008 (ตายไปแล้ว) — เคลียร์แล้วรันต่อ
[2026-07-15 18:22:35] Supervisor started (profile='demo-iux-2101183586', stale=180 s, check=30 s, grace=90 s, python='C:\Users\Administrator\AppData\Local\Programs\Python\Python313\python.exe')
[2026-07-15 18:22:40] Launching: C:\Users\Administrator\AppData\Local\Programs\Python\Python313\python.exe main.py
[2026-07-15 18:22:43] main.py running (pid=3132)
[2026-07-15 18:29:26] STALL: heartbeat age=187s > 180s (loop hang) -> kill pid=3132 + restart
[2026-07-15 18:29:31] Restarting in 5 s ...
[2026-07-15 18:29:36] Launching: C:\Users\Administrator\AppData\Local\Programs\Python\Python313\python.exe main.py
[2026-07-15 18:29:36] main.py running (pid=6636)
[2026-07-15 18:31:07] WARN: heartbeat missing/unreadable (up=91s) — wait next cycle
[2026-07-15 18:40:19] STALL: heartbeat age=218s > 180s (loop hang) -> kill pid=6636 + restart
[2026-07-15 18:41:03] Restarting in 5 s ...
[2026-07-15 18:41:53] Launching: C:\Users\Administrator\AppData\Local\Programs\Python\Python313\python.exe main.py
[2026-07-15 18:42:25] main.py running (pid=6612)
[2026-07-15 18:46:23] STALL: heartbeat age=199s > 180s (loop hang) -> kill pid=6612 + restart
[2026-07-15 18:47:27] Restarting in 5 s ...
[2026-07-15 18:47:39] Launching: C:\Users\Administrator\AppData\Local\Programs\Python\Python313\python.exe main.py
[2026-07-15 18:47:40] main.py running (pid=3824)
[2026-07-15 18:52:37] WARN: lock file ค้างจาก pid=6140 (ตายไปแล้ว) — เคลียร์แล้วรันต่อ
[2026-07-15 18:52:38] Supervisor started (profile='demo-iux-2101183586', stale=180 s, check=30 s, grace=90 s, python='C:\Users\Copter\AppData\Local\hermes\hermes-agent\venv\Scripts\python.exe')
[2026-07-15 18:52:38] Launching: C:\Users\Copter\AppData\Local\hermes\hermes-agent\venv\Scripts\python.exe main.py
[2026-07-15 18:52:38] main.py running (pid=28888)
[2026-07-16 16:42:42] WARN: lock file ค้างจาก pid=52788 (ตายไปแล้ว) — เคลียร์แล้วรันต่อ
[2026-07-16 16:42:43] Supervisor started (profile='demo-iux-2101183586', stale=180 s, check=30 s, grace=90 s, python='C:\Users\Copter\AppData\Local\hermes\hermes-agent\venv\Scripts\python.exe')
[2026-07-16 16:42:43] Launching: C:\Users\Copter\AppData\Local\hermes\hermes-agent\venv\Scripts\python.exe main.py
[2026-07-16 16:42:43] main.py running (pid=43328)
[2026-07-16 23:31:52] WARN: lock file ค้างจาก pid=41088 (ตายไปแล้ว) — เคลียร์แล้วรันต่อ
[2026-07-16 23:31:55] Supervisor started (profile='demo-iux-2101183586', stale=180 s, check=30 s, grace=90 s, python='C:\Users\Copter\AppData\Local\hermes\hermes-agent\venv\Scripts\python.exe')
[2026-07-16 23:31:55] Launching: C:\Users\Copter\AppData\Local\hermes\hermes-agent\venv\Scripts\python.exe main.py
[2026-07-16 23:31:56] main.py running (pid=30752)
[2026-07-17 08:15:12] STALL: heartbeat age=204s > 180s (loop hang) -> kill pid=30752 + restart
[2026-07-17 08:15:12] Restarting in 5 s ...
[2026-07-17 08:15:17] Launching: C:\Users\Copter\AppData\Local\hermes\hermes-agent\venv\Scripts\python.exe main.py
[2026-07-17 08:15:17] main.py running (pid=28840)
[2026-07-17 09:09:35] WARN: lock file ค้างจาก pid=19472 (ตายไปแล้ว) — เคลียร์แล้วรันต่อ
[2026-07-17 09:09:36] Supervisor started (profile='demo-iux-2101183586', stale=180 s, check=30 s, grace=90 s, python='C:\Users\Copter\AppData\Local\hermes\hermes-agent\venv\Scripts\python.exe')
[2026-07-17 09:09:36] Launching: C:\Users\Copter\AppData\Local\hermes\hermes-agent\venv\Scripts\python.exe main.py
[2026-07-17 09:09:36] main.py running (pid=34528)
[2026-07-17 14:04:50] STALL: heartbeat age=192s > 180s (loop hang) -> kill pid=34528 + restart
[2026-07-17 14:04:52] Restarting in 5 s ...
[2026-07-17 14:04:57] Launching: C:\Users\Copter\AppData\Local\hermes\hermes-agent\venv\Scripts\python.exe main.py
[2026-07-17 14:04:58] main.py running (pid=56544)
[2026-07-17 18:24:32] WARN: lock file ค้างจาก pid=34012 (ตายไปแล้ว) — เคลียร์แล้วรันต่อ
[2026-07-17 18:24:34] Supervisor started (profile='demo-iux-2101183586', stale=180 s, check=30 s, grace=90 s, python='C:\Users\Copter\AppData\Local\hermes\hermes-agent\venv\Scripts\python.exe')
[2026-07-17 18:24:34] Launching: C:\Users\Copter\AppData\Local\hermes\hermes-agent\venv\Scripts\python.exe main.py
[2026-07-17 18:24:34] main.py running (pid=33344)
[2026-07-17 18:26:03] WARN: lock file ค้างจาก pid=60252 (ตายไปแล้ว) — เคลียร์แล้วรันต่อ
[2026-07-17 18:26:05] Supervisor started (profile='demo-iux-2101183586', stale=180 s, check=30 s, grace=90 s, python='C:\Users\Copter\AppData\Local\hermes\hermes-agent\venv\Scripts\python.exe')
[2026-07-17 18:26:05] Launching: C:\Users\Copter\AppData\Local\hermes\hermes-agent\venv\Scripts\python.exe main.py
[2026-07-17 18:26:05] main.py running (pid=34116)
[2026-07-17 18:34:42] ERROR: พบ supervisor ตัวอื่นรันอยู่แล้ว (pid=53612) — เลิกรัน ตัวนี้เพื่อกัน main.py ซ้อน 2 instance (Telegram getUpdates Conflict)
[2026-07-17 18:39:39] Supervisor started (profile='demo-iux-2101183586', stale=180 s, check=30 s, grace=90 s, python='C:\Users\Copter\AppData\Local\hermes\hermes-agent\venv\Scripts\python.exe')
[2026-07-17 18:39:39] Launching: C:\Users\Copter\AppData\Local\hermes\hermes-agent\venv\Scripts\python.exe main.py
[2026-07-17 18:39:39] main.py running (pid=54500)
[2026-07-17 22:15:56] WARN: lock file ค้างจาก pid=35392 (ตายไปแล้ว) — เคลียร์แล้วรันต่อ
[2026-07-17 22:15:58] Supervisor started (profile='demo-iux-2101183586', stale=180 s, check=30 s, grace=90 s, python='C:\Users\Copter\AppData\Local\hermes\hermes-agent\venv\Scripts\python.exe')
[2026-07-17 22:15:58] Launching: C:\Users\Copter\AppData\Local\hermes\hermes-agent\venv\Scripts\python.exe main.py
[2026-07-17 22:15:58] main.py running (pid=22424)
[2026-07-19 23:27:43] WARN: lock file ค้างจาก pid=28272 (ตายไปแล้ว) — เคลียร์แล้วรันต่อ
[2026-07-19 23:27:45] Supervisor started (profile='demo-iux-2101183586', stale=180 s, check=30 s, grace=90 s, python='C:\Users\Copter\AppData\Local\hermes\hermes-agent\venv\Scripts\python.exe')
[2026-07-19 23:27:45] Launching: C:\Users\Copter\AppData\Local\hermes\hermes-agent\venv\Scripts\python.exe main.py
[2026-07-19 23:27:45] main.py running (pid=28784)
[2026-07-20 09:00:39] WARN: lock file ค้างจาก pid=5728 (ตายไปแล้ว) — เคลียร์แล้วรันต่อ
[2026-07-20 09:00:40] Supervisor started (profile='demo-iux-2101183586', stale=180 s, check=30 s, grace=90 s, python='C:\Users\Copter\AppData\Local\hermes\hermes-agent\venv\Scripts\python.exe')
[2026-07-20 09:00:40] Launching: C:\Users\Copter\AppData\Local\hermes\hermes-agent\venv\Scripts\python.exe main.py
[2026-07-20 09:00:40] main.py running (pid=24092)
[2026-07-20 09:38:07] WARN: lock file ค้างจาก pid=30676 (ตายไปแล้ว) — เคลียร์แล้วรันต่อ
[2026-07-20 09:38:11] Supervisor started (profile='demo-iux-2101183586', stale=180 s, check=30 s, grace=90 s, python='C:\Users\Copter\AppData\Local\hermes\hermes-agent\venv\Scripts\python.exe')
[2026-07-20 09:38:11] Launching: C:\Users\Copter\AppData\Local\hermes\hermes-agent\venv\Scripts\python.exe main.py
[2026-07-20 09:38:11] main.py running (pid=29332)
[2026-07-20 13:41:37] WARN: lock file ค้างจาก pid=14588 (ตายไปแล้ว) — เคลียร์แล้วรันต่อ
[2026-07-20 13:41:41] Supervisor started (profile='demo-iux-2101183586', stale=180 s, check=30 s, grace=90 s, python='C:\Users\Copter\AppData\Local\hermes\hermes-agent\venv\Scripts\python.exe')
[2026-07-20 13:41:41] Launching: C:\Users\Copter\AppData\Local\hermes\hermes-agent\venv\Scripts\python.exe main.py
[2026-07-20 13:41:41] main.py running (pid=29752)
[2026-07-20 16:52:17] WARN: lock file ค้างจาก pid=25916 (ตายไปแล้ว) — เคลียร์แล้วรันต่อ
[2026-07-20 16:52:19] Supervisor started (profile='demo-iux-2101183586', stale=180 s, check=30 s, grace=90 s, python='C:\Users\Copter\AppData\Local\hermes\hermes-agent\venv\Scripts\python.exe')
[2026-07-20 16:52:19] Launching: C:\Users\Copter\AppData\Local\hermes\hermes-agent\venv\Scripts\python.exe main.py
[2026-07-20 16:52:19] main.py running (pid=20600)
[2026-07-20 21:58:26] WARN: lock file ค้างจาก pid=8068 (ตายไปแล้ว) — เคลียร์แล้วรันต่อ
[2026-07-20 21:58:29] Supervisor started (profile='demo-iux-2101183586', stale=180 s, check=30 s, grace=90 s, python='C:\Users\Copter\AppData\Local\hermes\hermes-agent\venv\Scripts\python.exe')
[2026-07-20 21:58:29] Launching: C:\Users\Copter\AppData\Local\hermes\hermes-agent\venv\Scripts\python.exe main.py
[2026-07-20 21:58:29] main.py running (pid=44440)
[2026-07-21 09:02:39] WARN: lock file ค้างจาก pid=8256 (ตายไปแล้ว) — เคลียร์แล้วรันต่อ
[2026-07-21 09:02:40] Supervisor started (profile='demo-iux-2101183586', stale=180 s, check=30 s, grace=90 s, python='C:\Users\Copter\AppData\Local\hermes\hermes-agent\venv\Scripts\python.exe')
[2026-07-21 09:02:40] Launching: C:\Users\Copter\AppData\Local\hermes\hermes-agent\venv\Scripts\python.exe main.py
[2026-07-21 09:02:40] main.py running (pid=33852)
[2026-07-21 11:03:01] WARN: lock file ค้างจาก pid=34452 (ตายไปแล้ว) — เคลียร์แล้วรันต่อ
[2026-07-21 11:03:02] Supervisor started (profile='demo-iux-2101183586', stale=180 s, check=30 s, grace=90 s, python='C:\Users\Copter\AppData\Local\hermes\hermes-agent\venv\Scripts\python.exe')
[2026-07-21 11:03:02] Launching: C:\Users\Copter\AppData\Local\hermes\hermes-agent\venv\Scripts\python.exe main.py
[2026-07-21 11:03:02] main.py running (pid=7172)
[2026-07-21 13:16:32] WARN: lock file ค้างจาก pid=29536 (ตายไปแล้ว) — เคลียร์แล้วรันต่อ
[2026-07-21 13:16:33] Supervisor started (profile='demo-iux-2101183586', stale=180 s, check=30 s, grace=90 s, python='C:\Users\Copter\AppData\Local\hermes\hermes-agent\venv\Scripts\python.exe')
[2026-07-21 13:16:33] Launching: C:\Users\Copter\AppData\Local\hermes\hermes-agent\venv\Scripts\python.exe main.py
[2026-07-21 13:16:33] main.py running (pid=18808)
[2026-07-21 16:41:10] main.py exited (code=) -> restart
[2026-07-21 16:41:11] Restarting in 5 s ...
[2026-07-21 16:41:16] Launching: C:\Users\Copter\AppData\Local\hermes\hermes-agent\venv\Scripts\python.exe main.py
[2026-07-21 16:41:16] main.py running (pid=29924)
[2026-07-21 16:44:46] main.py exited (code=) -> restart
[2026-07-21 16:44:46] Restarting in 5 s ...
[2026-07-21 16:44:51] Launching: C:\Users\Copter\AppData\Local\hermes\hermes-agent\venv\Scripts\python.exe main.py
[2026-07-21 16:44:51] main.py running (pid=50624)
[2026-07-21 17:17:19] WARN: lock file ค้างจาก pid=50484 (ตายไปแล้ว) — เคลียร์แล้วรันต่อ
[2026-07-21 17:17:21] Supervisor started (profile='demo-iux-2101183586', stale=180 s, check=30 s, grace=90 s, python='C:\Users\Copter\AppData\Local\hermes\hermes-agent\venv\Scripts\python.exe')
[2026-07-21 17:17:21] Launching: C:\Users\Copter\AppData\Local\hermes\hermes-agent\venv\Scripts\python.exe main.py
[2026-07-21 17:17:21] main.py running (pid=46672)
[2026-07-21 18:14:48] WARN: lock file ค้างจาก pid=2520 (ตายไปแล้ว) — เคลียร์แล้วรันต่อ
[2026-07-21 18:14:49] Supervisor started (profile='demo-iux-2101183586', stale=180 s, check=30 s, grace=90 s, python='C:\Users\Copter\AppData\Local\hermes\hermes-agent\venv\Scripts\python.exe')
[2026-07-21 18:14:49] Launching: C:\Users\Copter\AppData\Local\hermes\hermes-agent\venv\Scripts\python.exe main.py
[2026-07-21 18:14:49] main.py running (pid=29744)
[2026-07-22 09:01:05] WARN: lock file ค้างจาก pid=33300 (ตายไปแล้ว) — เคลียร์แล้วรันต่อ
[2026-07-22 09:01:07] Supervisor started (profile='demo-iux-2101183586', stale=180 s, check=30 s, grace=90 s, python='C:\Users\Copter\AppData\Local\hermes\hermes-agent\venv\Scripts\python.exe')
[2026-07-22 09:01:07] Launching: C:\Users\Copter\AppData\Local\hermes\hermes-agent\venv\Scripts\python.exe main.py
[2026-07-22 09:01:07] main.py running (pid=3140)
[2026-07-22 10:15:58] WARN: lock file ค้างจาก pid=35760 (ตายไปแล้ว) — เคลียร์แล้วรันต่อ
[2026-07-22 10:15:59] Supervisor started (profile='demo-iux-2101183586', stale=180 s, check=30 s, grace=90 s, python='C:\Users\Copter\AppData\Local\hermes\hermes-agent\venv\Scripts\python.exe')
[2026-07-22 10:15:59] Launching: C:\Users\Copter\AppData\Local\hermes\hermes-agent\venv\Scripts\python.exe main.py
[2026-07-22 10:15:59] main.py running (pid=22592)
[2026-07-22 15:06:29] WARN: lock file ค้างจาก pid=31196 (ตายไปแล้ว) — เคลียร์แล้วรันต่อ
[2026-07-22 15:06:31] Supervisor started (profile='demo-iux-2101183586', stale=180 s, check=30 s, grace=90 s, python='C:\Users\Copter\AppData\Local\hermes\hermes-agent\venv\Scripts\python.exe')
[2026-07-22 15:06:31] Launching: C:\Users\Copter\AppData\Local\hermes\hermes-agent\venv\Scripts\python.exe main.py
[2026-07-22 15:06:31] main.py running (pid=15616)
[2026-07-22 16:16:30] WARN: lock file ค้างจาก pid=15684 (ตายไปแล้ว) — เคลียร์แล้วรันต่อ
[2026-07-22 16:16:31] Supervisor started (profile='demo-iux-2101183586', stale=180 s, check=30 s, grace=90 s, python='C:\Users\Copter\AppData\Local\hermes\hermes-agent\venv\Scripts\python.exe')
[2026-07-22 16:16:31] Launching: C:\Users\Copter\AppData\Local\hermes\hermes-agent\venv\Scripts\python.exe main.py
[2026-07-22 16:16:31] main.py running (pid=31832)
[2026-07-22 19:19:37] WARN: lock file ค้างจาก pid=33160 (ตายไปแล้ว) — เคลียร์แล้วรันต่อ
[2026-07-22 19:19:40] Supervisor started (profile='demo-iux-2101183586', stale=180 s, check=30 s, grace=90 s, python='C:\Users\Copter\AppData\Local\hermes\hermes-agent\venv\Scripts\python.exe')
[2026-07-22 19:19:40] Launching: C:\Users\Copter\AppData\Local\hermes\hermes-agent\venv\Scripts\python.exe main.py
[2026-07-22 19:19:40] main.py running (pid=36792)
[2026-07-22 23:02:15] WARN: heartbeat missing/unreadable (up=13355s) — wait next cycle
[2026-07-23 09:03:34] WARN: lock file ค้างจาก pid=33724 (ตายไปแล้ว) — เคลียร์แล้วรันต่อ
[2026-07-23 09:03:35] Supervisor started (profile='demo-iux-2101183586', stale=180 s, check=30 s, grace=90 s, python='C:\Users\Copter\AppData\Local\hermes\hermes-agent\venv\Scripts\python.exe')
[2026-07-23 09:03:35] Launching: C:\Users\Copter\AppData\Local\hermes\hermes-agent\venv\Scripts\python.exe main.py
[2026-07-23 09:03:35] main.py running (pid=34960)
[2026-07-23 12:30:02] WARN: lock file ค้างจาก pid=34628 (ตายไปแล้ว) — เคลียร์แล้วรันต่อ
[2026-07-23 12:30:03] Supervisor started (profile='demo-iux-2101183586', stale=180 s, check=30 s, grace=90 s, python='C:\Users\Copter\AppData\Local\hermes\hermes-agent\venv\Scripts\python.exe')
[2026-07-23 12:30:03] Launching: C:\Users\Copter\AppData\Local\hermes\hermes-agent\venv\Scripts\python.exe main.py
[2026-07-23 12:30:03] main.py running (pid=52164)
[2026-07-23 16:32:48] WARN: lock file ค้างจาก pid=28528 (ตายไปแล้ว) — เคลียร์แล้วรันต่อ
[2026-07-23 16:32:50] Supervisor started (profile='demo-iux-2101183586', stale=180 s, check=30 s, grace=90 s, python='C:\Users\Copter\AppData\Local\hermes\hermes-agent\venv\Scripts\python.exe')
[2026-07-23 16:32:50] Launching: C:\Users\Copter\AppData\Local\hermes\hermes-agent\venv\Scripts\python.exe main.py
[2026-07-23 16:32:50] main.py running (pid=33340)
[2026-07-23 18:31:56] main.py exited (code=) -> restart
[2026-07-23 18:31:56] Restarting in 5 s ...
[2026-07-23 18:32:01] Launching: C:\Users\Copter\AppData\Local\hermes\hermes-agent\venv\Scripts\python.exe main.py
[2026-07-23 18:32:01] main.py running (pid=26488)
[2026-07-23 18:36:36] WARN: lock file ค้างจาก pid=16632 (ตายไปแล้ว) — เคลียร์แล้วรันต่อ
[2026-07-23 18:36:37] Supervisor started (profile='demo-iux-2101183586', stale=180 s, check=30 s, grace=90 s, python='C:\Users\Copter\AppData\Local\hermes\hermes-agent\venv\Scripts\python.exe')
[2026-07-23 18:36:37] Launching: C:\Users\Copter\AppData\Local\hermes\hermes-agent\venv\Scripts\python.exe main.py
[2026-07-23 18:36:37] main.py running (pid=30528)
[2026-07-23 18:42:39] WARN: lock file ค้างจาก pid=50068 (ตายไปแล้ว) — เคลียร์แล้วรันต่อ
[2026-07-23 18:42:40] Supervisor started (profile='demo-iux-2101183586', stale=180 s, check=30 s, grace=90 s, python='C:\Users\Copter\AppData\Local\hermes\hermes-agent\venv\Scripts\python.exe')
[2026-07-23 18:42:40] Launching: C:\Users\Copter\AppData\Local\hermes\hermes-agent\venv\Scripts\python.exe main.py
[2026-07-23 18:42:40] main.py running (pid=31524)
[2026-07-24 09:02:32] WARN: lock file ค้างจาก pid=54244 (ตายไปแล้ว) — เคลียร์แล้วรันต่อ
[2026-07-24 09:02:34] Supervisor started (profile='demo-iux-2101183586', stale=180 s, check=30 s, grace=90 s, python='C:\Users\Copter\AppData\Local\hermes\hermes-agent\venv\Scripts\python.exe')
[2026-07-24 09:02:34] Launching: C:\Users\Copter\AppData\Local\hermes\hermes-agent\venv\Scripts\python.exe main.py
[2026-07-24 09:02:34] main.py running (pid=33644)
[2026-07-24 15:56:46] WARN: lock file ค้างจาก pid=33244 (ตายไปแล้ว) — เคลียร์แล้วรันต่อ
[2026-07-24 15:56:47] Supervisor started (profile='demo-iux-2101183586', stale=180 s, check=30 s, grace=90 s, python='C:\Users\Copter\AppData\Local\hermes\hermes-agent\venv\Scripts\python.exe')
[2026-07-24 15:56:47] Launching: C:\Users\Copter\AppData\Local\hermes\hermes-agent\venv\Scripts\python.exe main.py
[2026-07-24 15:56:47] main.py running (pid=20748)
[2026-07-27 17:46:42] WARN: lock file ค้างจาก pid=61760 (ตายไปแล้ว) — เคลียร์แล้วรันต่อ
[2026-07-27 17:46:44] Supervisor started (profile='demo-iux-2101183586', stale=180 s, check=30 s, grace=90 s, python='C:\Users\Copter\AppData\Local\hermes\hermes-agent\venv\Scripts\python.exe')
[2026-07-27 17:46:44] Launching: C:\Users\Copter\AppData\Local\hermes\hermes-agent\venv\Scripts\python.exe main.py
[2026-07-27 17:46:44] main.py running (pid=28284)
[2026-07-27 21:12:56] WARN: lock file ค้างจาก pid=6728 (ตายไปแล้ว) — เคลียร์แล้วรันต่อ
[2026-07-27 21:13:00] Supervisor started (profile='demo-iux-2101183586', stale=180 s, check=30 s, grace=90 s, python='C:\Users\Copter\AppData\Local\hermes\hermes-agent\venv\Scripts\python.exe')
[2026-07-27 21:13:00] Launching: C:\Users\Copter\AppData\Local\hermes\hermes-agent\venv\Scripts\python.exe main.py
[2026-07-27 21:13:00] main.py running (pid=24384)
[2026-07-27 22:55:50] WARN: lock file ค้างจาก pid=63124 (ตายไปแล้ว) — เคลียร์แล้วรันต่อ
[2026-07-27 22:55:53] Supervisor started (profile='demo-iux-2101183586', stale=180 s, check=30 s, grace=90 s, python='C:\Users\Copter\AppData\Local\hermes\hermes-agent\venv\Scripts\python.exe')
[2026-07-27 22:55:53] Launching: C:\Users\Copter\AppData\Local\hermes\hermes-agent\venv\Scripts\python.exe main.py
[2026-07-27 22:55:53] main.py running (pid=21564)
[2026-07-28 11:40:43] WARN: lock file ค้างจาก pid=28208 (ตายไปแล้ว) — เคลียร์แล้วรันต่อ
[2026-07-28 11:40:46] Supervisor started (profile='demo-iux-2101183586', stale=180 s, check=30 s, grace=90 s, python='C:\Users\Copter\AppData\Local\hermes\hermes-agent\venv\Scripts\python.exe')
[2026-07-28 11:40:46] Launching: C:\Users\Copter\AppData\Local\hermes\hermes-agent\venv\Scripts\python.exe main.py
[2026-07-28 11:40:46] main.py running (pid=14472)
[2026-07-28 14:22:17] WARN: lock file ค้างจาก pid=28964 (ตายไปแล้ว) — เคลียร์แล้วรันต่อ
[2026-07-28 14:22:21] Supervisor started (profile='demo-iux-2101183586', stale=180 s, check=30 s, grace=90 s, python='C:\Users\Copter\AppData\Local\hermes\hermes-agent\venv\Scripts\python.exe')
[2026-07-28 14:22:21] Launching: C:\Users\Copter\AppData\Local\hermes\hermes-agent\venv\Scripts\python.exe main.py
[2026-07-28 14:22:21] main.py running (pid=9664)
[2026-07-28 16:34:04] WARN: lock file ค้างจาก pid=25024 (ตายไปแล้ว) — เคลียร์แล้วรันต่อ
[2026-07-28 16:34:07] Supervisor started (profile='demo-iux-2101183586', stale=180 s, check=30 s, grace=90 s, python='C:\Users\Copter\AppData\Local\hermes\hermes-agent\venv\Scripts\python.exe')
[2026-07-28 16:34:07] Launching: C:\Users\Copter\AppData\Local\hermes\hermes-agent\venv\Scripts\python.exe main.py
[2026-07-28 16:34:07] main.py running (pid=32148)
[2026-07-28 18:57:33] ERROR: พบ supervisor ตัวอื่นรันอยู่แล้ว (pid=3052) — เลิกรัน ตัวนี้เพื่อกัน main.py ซ้อน 2 instance (Telegram getUpdates Conflict)
[2026-07-28 19:21:57] WARN: lock file ค้างจาก pid=3052 (ตายไปแล้ว) — เคลียร์แล้วรันต่อ
[2026-07-28 19:22:01] Supervisor started (profile='demo-iux-2101183586', stale=180 s, check=30 s, grace=90 s, python='C:\Users\Copter\AppData\Local\hermes\hermes-agent\venv\Scripts\python.exe')
[2026-07-28 19:22:01] Launching: C:\Users\Copter\AppData\Local\hermes\hermes-agent\venv\Scripts\python.exe main.py
[2026-07-28 19:22:01] main.py running (pid=30664)
[2026-07-28 19:36:09] ERROR: พบ supervisor ตัวอื่นรันอยู่แล้ว (pid=23084) — เลิกรัน ตัวนี้เพื่อกัน main.py ซ้อน 2 instance (Telegram getUpdates Conflict)
[2026-07-28 20:06:09] WARN: lock file ค้างจาก pid=23084 (ตายไปแล้ว) — เคลียร์แล้วรันต่อ
[2026-07-28 20:06:15] Supervisor started (profile='demo-iux-2101183586', stale=180 s, check=30 s, grace=90 s, python='C:\Users\Copter\AppData\Local\hermes\hermes-agent\venv\Scripts\python.exe')
[2026-07-28 20:06:15] Launching: C:\Users\Copter\AppData\Local\hermes\hermes-agent\venv\Scripts\python.exe main.py
[2026-07-28 20:06:15] main.py running (pid=32992)
[2026-07-28 20:44:51] WARN: lock file ค้างจาก pid=33232 (ตายไปแล้ว) — เคลียร์แล้วรันต่อ
[2026-07-28 20:44:54] Supervisor started (profile='demo-iux-2101183586', stale=180 s, check=30 s, grace=90 s, python='C:\Users\Copter\AppData\Local\hermes\hermes-agent\venv\Scripts\python.exe')
[2026-07-28 20:44:54] Launching: C:\Users\Copter\AppData\Local\hermes\hermes-agent\venv\Scripts\python.exe main.py
[2026-07-28 20:44:54] main.py running (pid=27688)
[2026-07-28 20:51:08] ERROR: พบ supervisor ตัวอื่นรันอยู่แล้ว (pid=31280) — เลิกรัน ตัวนี้เพื่อกัน main.py ซ้อน 2 instance (Telegram getUpdates Conflict)
[2026-07-28 21:06:58] WARN: lock file ค้างจาก pid=31280 (ตายไปแล้ว) — เคลียร์แล้วรันต่อ
[2026-07-28 21:07:01] Supervisor started (profile='demo-iux-2101183586', stale=180 s, check=30 s, grace=90 s, python='C:\Users\Copter\AppData\Local\hermes\hermes-agent\venv\Scripts\python.exe')
[2026-07-28 21:07:01] Launching: C:\Users\Copter\AppData\Local\hermes\hermes-agent\venv\Scripts\python.exe main.py
[2026-07-28 21:07:01] main.py running (pid=26132)
[2026-07-28 21:36:10] WARN: lock file ค้างจาก pid=32640 (ตายไปแล้ว) — เคลียร์แล้วรันต่อ
[2026-07-28 21:36:13] Supervisor started (profile='demo-iux-2101183586', stale=180 s, check=30 s, grace=90 s, python='C:\Users\Copter\AppData\Local\hermes\hermes-agent\venv\Scripts\python.exe')
[2026-07-28 21:36:13] Launching: C:\Users\Copter\AppData\Local\hermes\hermes-agent\venv\Scripts\python.exe main.py
[2026-07-28 21:36:13] main.py running (pid=9976)
[2026-07-28 21:42:30] WARN: lock file ค้างจาก pid=26404 (ตายไปแล้ว) — เคลียร์แล้วรันต่อ
[2026-07-28 21:42:34] Supervisor started (profile='demo-iux-2101183586', stale=180 s, check=30 s, grace=90 s, python='C:\Users\Copter\AppData\Local\hermes\hermes-agent\venv\Scripts\python.exe')
[2026-07-28 21:42:35] Launching: C:\Users\Copter\AppData\Local\hermes\hermes-agent\venv\Scripts\python.exe main.py
[2026-07-28 21:42:35] main.py running (pid=34612)
[2026-07-28 22:09:37] WARN: lock file ค้างจาก pid=33200 (ตายไปแล้ว) — เคลียร์แล้วรันต่อ
[2026-07-28 22:09:41] Supervisor started (profile='demo-iux-2101183586', stale=180 s, check=30 s, grace=90 s, python='C:\Users\Copter\AppData\Local\hermes\hermes-agent\venv\Scripts\python.exe')
[2026-07-28 22:09:41] Launching: C:\Users\Copter\AppData\Local\hermes\hermes-agent\venv\Scripts\python.exe main.py
[2026-07-28 22:09:41] main.py running (pid=13988)
[2026-07-28 22:13:57] WARN: lock file ค้างจาก pid=33640 (ตายไปแล้ว) — เคลียร์แล้วรันต่อ
[2026-07-28 22:14:00] Supervisor started (profile='demo-iux-2101183586', stale=180 s, check=30 s, grace=90 s, python='C:\Users\Copter\AppData\Local\hermes\hermes-agent\venv\Scripts\python.exe')
[2026-07-28 22:14:00] Launching: C:\Users\Copter\AppData\Local\hermes\hermes-agent\venv\Scripts\python.exe main.py
[2026-07-28 22:14:00] main.py running (pid=34596)
[2026-07-28 22:19:15] WARN: lock file ค้างจาก pid=13952 (ตายไปแล้ว) — เคลียร์แล้วรันต่อ
[2026-07-28 22:19:18] Supervisor started (profile='demo-iux-2101183586', stale=180 s, check=30 s, grace=90 s, python='C:\Users\Copter\AppData\Local\hermes\hermes-agent\venv\Scripts\python.exe')
[2026-07-28 22:19:18] Launching: C:\Users\Copter\AppData\Local\hermes\hermes-agent\venv\Scripts\python.exe main.py
[2026-07-28 22:19:18] main.py running (pid=35832)
[2026-07-28 22:25:39] WARN: lock file ค้างจาก pid=36600 (ตายไปแล้ว) — เคลียร์แล้วรันต่อ
[2026-07-28 22:25:42] Supervisor started (profile='demo-iux-2101183586', stale=180 s, check=30 s, grace=90 s, python='C:\Users\Copter\AppData\Local\hermes\hermes-agent\venv\Scripts\python.exe')
[2026-07-28 22:25:42] Launching: C:\Users\Copter\AppData\Local\hermes\hermes-agent\venv\Scripts\python.exe main.py
[2026-07-28 22:25:42] main.py running (pid=9736)
[2026-07-28 22:28:02] WARN: lock file ค้างจาก pid=10668 (ตายไปแล้ว) — เคลียร์แล้วรันต่อ
[2026-07-28 22:28:05] Supervisor started (profile='demo-iux-2101183586', stale=180 s, check=30 s, grace=90 s, python='C:\Users\Copter\AppData\Local\hermes\hermes-agent\venv\Scripts\python.exe')
[2026-07-28 22:28:05] Launching: C:\Users\Copter\AppData\Local\hermes\hermes-agent\venv\Scripts\python.exe main.py
[2026-07-28 22:28:05] main.py running (pid=25780)
[2026-07-29 20:23:35] WARN: lock file ค้างจาก pid=35412 (ตายไปแล้ว) — เคลียร์แล้วรันต่อ
[2026-07-29 20:23:40] Supervisor started (profile='demo-iux-2101183586', stale=180 s, check=30 s, grace=90 s, python='C:\Users\Copter\AppData\Local\hermes\hermes-agent\venv\Scripts\python.exe')
[2026-07-29 20:23:40] Launching: C:\Users\Copter\AppData\Local\hermes\hermes-agent\venv\Scripts\python.exe main.py
[2026-07-29 20:23:40] main.py running (pid=21692)
[2026-07-29 20:24:10] main.py exited (code=) -> restart
[2026-07-29 20:24:10] Restarting in 5 s ...
[2026-07-29 20:24:15] Launching: C:\Users\Copter\AppData\Local\hermes\hermes-agent\venv\Scripts\python.exe main.py
[2026-07-29 20:24:15] main.py running (pid=19364)
[2026-07-29 20:24:45] main.py exited (code=) -> restart
[2026-07-29 20:24:45] Restarting in 5 s ...
[2026-07-29 20:24:50] Launching: C:\Users\Copter\AppData\Local\hermes\hermes-agent\venv\Scripts\python.exe main.py
[2026-07-29 20:24:50] main.py running (pid=9540)
[2026-07-29 20:25:21] main.py exited (code=) -> restart
[2026-07-29 20:25:21] Restarting in 5 s ...
[2026-07-29 20:25:26] Launching: C:\Users\Copter\AppData\Local\hermes\hermes-agent\venv\Scripts\python.exe main.py
[2026-07-29 20:25:26] main.py running (pid=6556)
[2026-07-29 20:25:56] main.py exited (code=) -> restart
[2026-07-29 20:25:56] Restarting in 5 s ...
[2026-07-29 20:26:01] Launching: C:\Users\Copter\AppData\Local\hermes\hermes-agent\venv\Scripts\python.exe main.py
[2026-07-29 20:26:01] main.py running (pid=17572)
[2026-07-29 20:26:31] main.py exited (code=) -> restart
[2026-07-29 20:26:31] Restarting in 5 s ...
[2026-07-29 20:26:36] Launching: C:\Users\Copter\AppData\Local\hermes\hermes-agent\venv\Scripts\python.exe main.py
[2026-07-29 20:26:36] main.py running (pid=28312)
[2026-07-29 20:27:06] main.py exited (code=) -> restart
[2026-07-29 20:27:06] Restarting in 5 s ...
[2026-07-29 20:27:11] Launching: C:\Users\Copter\AppData\Local\hermes\hermes-agent\venv\Scripts\python.exe main.py
[2026-07-29 20:27:11] main.py running (pid=6444)
[2026-07-29 20:58:41] WARN: lock file ค้างจาก pid=20980 (ตายไปแล้ว) — เคลียร์แล้วรันต่อ
[2026-07-29 20:58:48] Supervisor started (profile='demo-iux-2101183586', stale=180 s, check=30 s, grace=90 s, python='C:\Users\Copter\AppData\Local\hermes\hermes-agent\venv\Scripts\python.exe')
[2026-07-29 20:58:48] Launching: C:\Users\Copter\AppData\Local\hermes\hermes-agent\venv\Scripts\python.exe main.py
[2026-07-29 20:58:48] main.py running (pid=18772)
[2026-07-30 09:02:32] WARN: lock file ค้างจาก pid=16624 (ตายไปแล้ว) — เคลียร์แล้วรันต่อ
[2026-07-30 09:02:34] Supervisor started (profile='demo-iux-2101183586', stale=180 s, check=30 s, grace=90 s, python='C:\Users\Copter\AppData\Local\hermes\hermes-agent\venv\Scripts\python.exe')
[2026-07-30 09:02:34] Launching: C:\Users\Copter\AppData\Local\hermes\hermes-agent\venv\Scripts\python.exe main.py
[2026-07-30 09:02:34] main.py running (pid=19984)
[2026-07-31 09:04:41] WARN: lock file ค้างจาก pid=29048 (ตายไปแล้ว) — เคลียร์แล้วรันต่อ
[2026-07-31 09:04:48] Supervisor started (profile='demo-iux-2101183586', stale=180 s, check=30 s, grace=90 s, python='C:\Users\Copter\AppData\Local\hermes\hermes-agent\venv\Scripts\python.exe')
[2026-07-31 09:04:48] Launching: C:\Users\Copter\AppData\Local\hermes\hermes-agent\venv\Scripts\python.exe main.py
[2026-07-31 09:04:48] main.py running (pid=19960)
[2026-07-31 23:09:16] WARN: lock file ค้างจาก pid=30920 (ตายไปแล้ว) — เคลียร์แล้วรันต่อ
[2026-07-31 23:09:17] Supervisor started (profile='demo-iux-2101183586', stale=180 s, check=30 s, grace=90 s, python='C:\Users\Copter\AppData\Local\hermes\hermes-agent\venv\Scripts\python.exe')
[2026-07-31 23:09:17] Launching: C:\Users\Copter\AppData\Local\hermes\hermes-agent\venv\Scripts\python.exe main.py
[2026-07-31 23:09:17] main.py running (pid=36784)
[2026-08-03 00:05:09] WARN: lock file ค้างจาก pid=12568 (ตายไปแล้ว) — เคลียร์แล้วรันต่อ
[2026-08-03 00:05:13] Supervisor started (profile='demo-iux-2101183586', stale=180 s, check=30 s, grace=90 s, python='C:\Users\Copter\AppData\Local\hermes\hermes-agent\venv\Scripts\python.exe')
[2026-08-03 00:05:13] Launching: C:\Users\Copter\AppData\Local\hermes\hermes-agent\venv\Scripts\python.exe main.py
[2026-08-03 00:05:13] main.py running (pid=39388)
[2026-08-03 09:05:38] WARN: lock file ค้างจาก pid=12756 (ตายไปแล้ว) — เคลียร์แล้วรันต่อ
[2026-08-03 09:05:40] Supervisor started (profile='demo-iux-2101183586', stale=180 s, check=30 s, grace=90 s, python='C:\Users\Copter\AppData\Local\hermes\hermes-agent\venv\Scripts\python.exe')
[2026-08-03 09:05:40] Launching: C:\Users\Copter\AppData\Local\hermes\hermes-agent\venv\Scripts\python.exe main.py
[2026-08-03 09:05:40] main.py running (pid=29792)
[2026-08-03 14:42:53] WARN: lock file ค้างจาก pid=34464 (ตายไปแล้ว) — เคลียร์แล้วรันต่อ
[2026-08-03 14:43:05] Supervisor started (profile='demo-iux-2101183586', stale=180 s, check=30 s, grace=90 s, python='C:\Users\Copter\AppData\Local\hermes\hermes-agent\venv\Scripts\python.exe')
[2026-08-03 14:43:05] Launching: C:\Users\Copter\AppData\Local\hermes\hermes-agent\venv\Scripts\python.exe main.py
[2026-08-03 14:43:05] main.py running (pid=25168)
[2026-08-03 14:44:36] WARN: heartbeat missing/unreadable (up=90s) — wait next cycle
[2026-08-03 14:45:06] WARN: heartbeat missing/unreadable (up=120s) — wait next cycle
[2026-08-03 14:45:36] WARN: heartbeat missing/unreadable (up=150s) — wait next cycle
[2026-08-03 14:46:06] WARN: heartbeat missing/unreadable (up=180s) — wait next cycle
[2026-08-03 15:36:06] WARN: lock file ค้างจาก pid=2060 (ตายไปแล้ว) — เคลียร์แล้วรันต่อ
[2026-08-03 15:36:07] Supervisor started (profile='demo-iux-2101183586', stale=180 s, check=30 s, grace=90 s, python='C:\Users\Copter\AppData\Local\hermes\hermes-agent\venv\Scripts\python.exe')
[2026-08-03 15:36:07] Launching: C:\Users\Copter\AppData\Local\hermes\hermes-agent\venv\Scripts\python.exe main.py
[2026-08-03 15:36:07] main.py running (pid=2580)
[2026-08-03 15:36:08] ERROR: พบ supervisor ตัวอื่นรันอยู่แล้ว (pid=4460) — เลิกรัน ตัวนี้เพื่อกัน main.py ซ้อน 2 instance (Telegram getUpdates Conflict)
[2026-08-03 15:36:47] WARN: lock file ค้างจาก pid=4460 (ตายไปแล้ว) — เคลียร์แล้วรันต่อ
[2026-08-03 15:36:48] Supervisor started (profile='demo-iux-2101183586', stale=180 s, check=30 s, grace=90 s, python='C:\Users\Copter\AppData\Local\hermes\hermes-agent\venv\Scripts\python.exe')
[2026-08-03 15:36:48] Launching: C:\Users\Copter\AppData\Local\hermes\hermes-agent\venv\Scripts\python.exe main.py
[2026-08-03 15:36:48] main.py running (pid=6664)
[2026-08-03 17:35:46] WARN: lock file ค้างจาก pid=34388 (ตายไปแล้ว) — เคลียร์แล้วรันต่อ
[2026-08-03 17:35:47] Supervisor started (profile='demo-iux-2101183586', stale=180 s, check=30 s, grace=90 s, python='C:\Users\Copter\AppData\Local\hermes\hermes-agent\venv\Scripts\python.exe')
[2026-08-03 17:35:47] Launching: C:\Users\Copter\AppData\Local\hermes\hermes-agent\venv\Scripts\python.exe main.py
[2026-08-03 17:35:47] main.py running (pid=37224)
[2026-08-03 20:55:39] WARN: lock file ค้างจาก pid=23880 (ตายไปแล้ว) — เคลียร์แล้วรันต่อ
[2026-08-03 20:55:40] Supervisor started (profile='demo-iux-2101183586', stale=180 s, check=30 s, grace=90 s, python='C:\Users\Copter\AppData\Local\hermes\hermes-agent\venv\Scripts\python.exe')
[2026-08-03 20:55:40] Launching: C:\Users\Copter\AppData\Local\hermes\hermes-agent\venv\Scripts\python.exe main.py
[2026-08-03 20:55:40] main.py running (pid=20412)
[2026-08-04 08:41:31] WARN: lock file ค้างจาก pid=11644 (ตายไปแล้ว) — เคลียร์แล้วรันต่อ
[2026-08-04 08:41:32] Supervisor started (profile='demo-iux-2101183586', stale=180 s, check=30 s, grace=90 s, python='C:\Users\Copter\AppData\Local\hermes\hermes-agent\venv\Scripts\python.exe')
[2026-08-04 08:41:32] Launching: C:\Users\Copter\AppData\Local\hermes\hermes-agent\venv\Scripts\python.exe main.py
[2026-08-04 08:41:32] main.py running (pid=23668)
[2026-08-04 17:16:12] WARN: lock file ค้างจาก pid=25560 (ตายไปแล้ว) — เคลียร์แล้วรันต่อ
[2026-08-04 17:16:14] Supervisor started (profile='demo-iux-2101183586', stale=180 s, check=30 s, grace=90 s, python='C:\Users\Copter\AppData\Local\hermes\hermes-agent\venv\Scripts\python.exe')
[2026-08-04 17:16:14] Launching: C:\Users\Copter\AppData\Local\hermes\hermes-agent\venv\Scripts\python.exe main.py
[2026-08-04 17:16:14] main.py running (pid=72360)
[2026-08-04 21:33:05] WARN: lock file ค้างจาก pid=106788 (ตายไปแล้ว) — เคลียร์แล้วรันต่อ
[2026-08-04 21:33:08] Supervisor started (profile='demo-iux-2101183586', stale=180 s, check=30 s, grace=90 s, python='C:\Users\Copter\AppData\Local\hermes\hermes-agent\venv\Scripts\python.exe')
[2026-08-04 21:33:08] Launching: C:\Users\Copter\AppData\Local\hermes\hermes-agent\venv\Scripts\python.exe main.py
[2026-08-04 21:33:08] main.py running (pid=110996)
[2026-08-05 09:05:32] WARN: lock file ค้างจาก pid=92864 (ตายไปแล้ว) — เคลียร์แล้วรันต่อ
[2026-08-05 09:05:34] Supervisor started (profile='demo-iux-2101183586', stale=180 s, check=30 s, grace=90 s, python='C:\Users\Copter\AppData\Local\hermes\hermes-agent\venv\Scripts\python.exe')
[2026-08-05 09:05:34] Launching: C:\Users\Copter\AppData\Local\hermes\hermes-agent\venv\Scripts\python.exe main.py
[2026-08-05 09:05:34] main.py running (pid=34228)
[2026-08-05 18:27:07] WARN: lock file ค้างจาก pid=11480 (ตายไปแล้ว) — เคลียร์แล้วรันต่อ
[2026-08-05 18:27:11] Supervisor started (profile='demo-iux-2101183586', stale=180 s, check=30 s, grace=90 s, python='C:\Users\Copter\AppData\Local\hermes\hermes-agent\venv\Scripts\python.exe')
[2026-08-05 18:27:11] Launching: C:\Users\Copter\AppData\Local\hermes\hermes-agent\venv\Scripts\python.exe main.py
[2026-08-05 18:27:11] main.py running (pid=29608)
[2026-08-06 09:10:56] WARN: lock file ค้างจาก pid=30100 (ตายไปแล้ว) — เคลียร์แล้วรันต่อ
[2026-08-06 09:10:57] Supervisor started (profile='demo-iux-2101183586', stale=180 s, check=30 s, grace=90 s, python='C:\Users\Copter\AppData\Local\hermes\hermes-agent\venv\Scripts\python.exe')
[2026-08-06 09:10:57] Launching: C:\Users\Copter\AppData\Local\hermes\hermes-agent\venv\Scripts\python.exe main.py
[2026-08-06 09:10:57] main.py running (pid=30488)
[2026-08-07 08:54:35] WARN: lock file ค้างจาก pid=30400 (ตายไปแล้ว) — เคลียร์แล้วรันต่อ
[2026-08-07 08:54:39] Supervisor started (profile='demo-iux-2101183586', stale=180 s, check=30 s, grace=90 s, python='C:\Users\Copter\AppData\Local\hermes\hermes-agent\venv\Scripts\python.exe')
[2026-08-07 08:54:39] Launching: C:\Users\Copter\AppData\Local\hermes\hermes-agent\venv\Scripts\python.exe main.py
[2026-08-07 08:54:40] main.py running (pid=32200)
[2026-08-07 08:56:10] WARN: heartbeat missing/unreadable (up=90s) — wait next cycle
[2026-08-07 17:03:58] ERROR: พบ supervisor ตัวอื่นรันอยู่แล้ว (pid=12980) — เลิกรัน ตัวนี้เพื่อกัน main.py ซ้อน 2 instance (Telegram getUpdates Conflict)
[2026-08-07 17:09:01] WARN: lock file ค้างจาก pid=12980 (ตายไปแล้ว) — เคลียร์แล้วรันต่อ
[2026-08-07 17:09:02] Supervisor started (profile='demo-iux-2101183586', stale=180 s, check=30 s, grace=90 s, python='C:\Users\Copter\AppData\Local\hermes\hermes-agent\venv\Scripts\python.exe')
[2026-08-07 17:09:02] Launching: C:\Users\Copter\AppData\Local\hermes\hermes-agent\venv\Scripts\python.exe main.py
[2026-08-07 17:09:02] main.py running (pid=15440)
[2026-08-10 09:01:09] WARN: lock file ค้างจาก pid=38964 (ตายไปแล้ว) — เคลียร์แล้วรันต่อ
[2026-08-10 09:01:10] Supervisor started (profile='demo-iux-2101183586', stale=180 s, check=30 s, grace=90 s, python='C:\Users\Copter\AppData\Local\hermes\hermes-agent\venv\Scripts\python.exe')
[2026-08-10 09:01:10] Launching: C:\Users\Copter\AppData\Local\hermes\hermes-agent\venv\Scripts\python.exe main.py
[2026-08-10 09:01:10] main.py running (pid=16532)
[2026-08-10 12:26:49] WARN: lock file ค้างจาก pid=8604 (ตายไปแล้ว) — เคลียร์แล้วรันต่อ
[2026-08-10 12:26:50] Supervisor started (profile='demo-iux-2101183586', stale=180 s, check=30 s, grace=90 s, python='C:\Users\Copter\AppData\Local\hermes\hermes-agent\venv\Scripts\python.exe')
[2026-08-10 12:26:50] Launching: C:\Users\Copter\AppData\Local\hermes\hermes-agent\venv\Scripts\python.exe main.py
[2026-08-10 12:26:50] main.py running (pid=31084)
[2026-08-10 19:48:59] WARN: lock file ค้างจาก pid=32664 (ตายไปแล้ว) — เคลียร์แล้วรันต่อ
[2026-08-10 19:49:03] Supervisor started (profile='demo-iux-2101183586', stale=180 s, check=30 s, grace=90 s, python='C:\Users\Copter\AppData\Local\hermes\hermes-agent\venv\Scripts\python.exe')
[2026-08-10 19:49:03] Launching: C:\Users\Copter\AppData\Local\hermes\hermes-agent\venv\Scripts\python.exe main.py
[2026-08-10 19:49:03] main.py running (pid=15912)
[2026-08-11 08:58:19] WARN: lock file ค้างจาก pid=38772 (ตายไปแล้ว) — เคลียร์แล้วรันต่อ
[2026-08-11 08:58:21] Supervisor started (profile='demo-iux-2101183586', stale=180 s, check=30 s, grace=90 s, python='C:\Users\Copter\AppData\Local\hermes\hermes-agent\venv\Scripts\python.exe')
[2026-08-11 08:58:21] Launching: C:\Users\Copter\AppData\Local\hermes\hermes-agent\venv\Scripts\python.exe main.py
[2026-08-11 08:58:21] main.py running (pid=32544)
[2026-08-11 13:50:55] WARN: lock file ค้างจาก pid=32408 (ตายไปแล้ว) — เคลียร์แล้วรันต่อ
[2026-08-11 13:50:56] Supervisor started (profile='demo-iux-2101183586', stale=180 s, check=30 s, grace=90 s, python='C:\Users\Copter\AppData\Local\hermes\hermes-agent\venv\Scripts\python.exe')
[2026-08-11 13:50:56] Launching: C:\Users\Copter\AppData\Local\hermes\hermes-agent\venv\Scripts\python.exe main.py
[2026-08-11 13:50:56] main.py running (pid=6820)
[2026-08-12 15:15:36] WARN: lock file ค้างจาก pid=46436 (ตายไปแล้ว) — เคลียร์แล้วรันต่อ
[2026-08-12 15:15:38] Supervisor started (profile='demo-iux-2101183586', stale=180 s, check=30 s, grace=90 s, python='C:\Users\Copter\AppData\Local\hermes\hermes-agent\venv\Scripts\python.exe')
[2026-08-12 15:15:38] Launching: C:\Users\Copter\AppData\Local\hermes\hermes-agent\venv\Scripts\python.exe main.py
[2026-08-12 15:15:38] main.py running (pid=10312)
[2026-08-13 10:29:32] WARN: lock file ค้างจาก pid=28876 (ตายไปแล้ว) — เคลียร์แล้วรันต่อ
[2026-08-13 10:29:33] Supervisor started (profile='demo-iux-2101183586', stale=180 s, check=30 s, grace=90 s, python='C:\Users\Copter\AppData\Local\hermes\hermes-agent\venv\Scripts\python.exe')
[2026-08-13 10:29:33] Launching: C:\Users\Copter\AppData\Local\hermes\hermes-agent\venv\Scripts\python.exe main.py
[2026-08-13 10:29:33] main.py running (pid=36044)
[2026-08-13 11:47:44] WARN: lock file ค้างจาก pid=37152 (ตายไปแล้ว) — เคลียร์แล้วรันต่อ
[2026-08-13 11:47:45] Supervisor started (profile='demo-iux-2101183586', stale=180 s, check=30 s, grace=90 s, python='C:\Users\Copter\AppData\Local\hermes\hermes-agent\venv\Scripts\python.exe')
[2026-08-13 11:47:45] Launching: C:\Users\Copter\AppData\Local\hermes\hermes-agent\venv\Scripts\python.exe main.py
[2026-08-13 11:47:45] main.py running (pid=17664)
[2026-08-13 15:45:10] WARN: lock file ค้างจาก pid=33212 (ตายไปแล้ว) — เคลียร์แล้วรันต่อ
[2026-08-13 15:45:11] Supervisor started (profile='demo-iux-2101183586', stale=180 s, check=30 s, grace=90 s, python='C:\Users\Copter\AppData\Local\hermes\hermes-agent\venv\Scripts\python.exe')
[2026-08-13 15:45:11] Launching: C:\Users\Copter\AppData\Local\hermes\hermes-agent\venv\Scripts\python.exe main.py
[2026-08-13 15:45:11] main.py running (pid=31688)
[2026-08-14 09:03:36] WARN: lock file ค้างจาก pid=31204 (ตายไปแล้ว) — เคลียร์แล้วรันต่อ
[2026-08-14 09:03:37] Supervisor started (profile='demo-iux-2101183586', stale=180 s, check=30 s, grace=90 s, python='C:\Users\Copter\AppData\Local\hermes\hermes-agent\venv\Scripts\python.exe')
[2026-08-14 09:03:37] Launching: C:\Users\Copter\AppData\Local\hermes\hermes-agent\venv\Scripts\python.exe main.py
[2026-08-14 09:03:37] main.py running (pid=7068)
[2026-08-14 15:44:59] WARN: lock file ค้างจาก pid=33360 (ตายไปแล้ว) — เคลียร์แล้วรันต่อ
[2026-08-14 15:45:02] Supervisor started (profile='demo-iux-2101183586', stale=180 s, check=30 s, grace=90 s, python='C:\Users\Copter\AppData\Local\hermes\hermes-agent\venv\Scripts\python.exe')
[2026-08-14 15:45:02] Launching: C:\Users\Copter\AppData\Local\hermes\hermes-agent\venv\Scripts\python.exe main.py
[2026-08-14 15:45:02] main.py running (pid=42812)
[2026-08-15 13:17:33] STALL: heartbeat age=53271s > 180s (loop hang) -> kill pid=42812 + restart
[2026-08-15 13:17:41] killed pid=34092 (terminal64)
[2026-08-15 13:17:42] killed pid=3568 (python)
[2026-08-15 13:17:42] killed pid=31812 (python)
[2026-08-15 13:17:43] Restarting in 5 s ...
[2026-08-15 13:17:48] Launching: C:\Users\Copter\AppData\Local\hermes\hermes-agent\venv\Scripts\python.exe main.py
[2026-08-15 13:17:49] main.py running (pid=2624)
[2026-08-16 23:52:22] WARN: lock file ค้างจาก pid=22428 (ตายไปแล้ว) — เคลียร์แล้วรันต่อ
[2026-08-16 23:52:24] Supervisor started (profile='demo-iux-2101183586', stale=180 s, check=30 s, grace=90 s, python='C:\Users\Copter\AppData\Local\hermes\hermes-agent\venv\Scripts\python.exe')
[2026-08-16 23:52:24] Launching: C:\Users\Copter\AppData\Local\hermes\hermes-agent\venv\Scripts\python.exe main.py
[2026-08-16 23:52:24] main.py running (pid=17784)
[2026-08-17 09:36:22] WARN: lock file ค้างจาก pid=11808 (ตายไปแล้ว) — เคลียร์แล้วรันต่อ
[2026-08-17 09:36:23] Supervisor started (profile='demo-iux-2101183586', stale=180 s, check=30 s, grace=90 s, python='C:\Users\Copter\AppData\Local\hermes\hermes-agent\venv\Scripts\python.exe')
[2026-08-17 09:36:23] Launching: C:\Users\Copter\AppData\Local\hermes\hermes-agent\venv\Scripts\python.exe main.py
[2026-08-17 09:36:23] main.py running (pid=30192)
[2026-08-17 16:03:35] WARN: lock file ค้างจาก pid=2836 (ตายไปแล้ว) — เคลียร์แล้วรันต่อ
[2026-08-17 16:03:36] Supervisor started (profile='demo-iux-2101183586', stale=180 s, check=30 s, grace=90 s, python='C:\Users\Copter\AppData\Local\hermes\hermes-agent\venv\Scripts\python.exe')
[2026-08-17 16:03:37] Launching: C:\Users\Copter\AppData\Local\hermes\hermes-agent\venv\Scripts\python.exe main.py
[2026-08-17 16:03:37] main.py running (pid=45536)
[2026-08-18 09:05:43] WARN: lock file ค้างจาก pid=44088 (ตายไปแล้ว) — เคลียร์แล้วรันต่อ
[2026-08-18 09:05:44] Supervisor started (profile='demo-iux-2101183586', stale=180 s, check=30 s, grace=90 s, python='C:\Users\Copter\AppData\Local\hermes\hermes-agent\venv\Scripts\python.exe')
[2026-08-18 09:05:44] Launching: C:\Users\Copter\AppData\Local\hermes\hermes-agent\venv\Scripts\python.exe main.py
[2026-08-18 09:05:44] main.py running (pid=37684)
[2026-08-18 10:02:32] WARN: lock file ค้างจาก pid=35888 (ตายไปแล้ว) — เคลียร์แล้วรันต่อ
[2026-08-18 10:02:34] Supervisor started (profile='demo-iux-2101183586', stale=180 s, check=30 s, grace=90 s, python='C:\Users\Copter\AppData\Local\hermes\hermes-agent\venv\Scripts\python.exe')
[2026-08-18 10:02:34] Launching: C:\Users\Copter\AppData\Local\hermes\hermes-agent\venv\Scripts\python.exe main.py
[2026-08-18 10:02:34] main.py running (pid=48176)
[2026-08-19 08:57:54] WARN: lock file ค้างจาก pid=47384 (ตายไปแล้ว) — เคลียร์แล้วรันต่อ
[2026-08-19 08:57:55] Supervisor started (profile='demo-iux-2101183586', stale=180 s, check=30 s, grace=90 s, python='C:\Users\Copter\AppData\Local\hermes\hermes-agent\venv\Scripts\python.exe')
[2026-08-19 08:57:55] Launching: C:\Users\Copter\AppData\Local\hermes\hermes-agent\venv\Scripts\python.exe main.py
[2026-08-19 08:57:55] main.py running (pid=36676)
[2026-08-19 13:54:37] WARN: lock file ค้างจาก pid=4568 (ตายไปแล้ว) — เคลียร์แล้วรันต่อ
[2026-08-19 13:54:40] Supervisor started (profile='demo-iux-2101183586', stale=180 s, check=30 s, grace=90 s, python='C:\Users\Copter\AppData\Local\hermes\hermes-agent\venv\Scripts\python.exe')
[2026-08-19 13:54:40] Launching: C:\Users\Copter\AppData\Local\hermes\hermes-agent\venv\Scripts\python.exe main.py
[2026-08-19 13:54:40] main.py running (pid=34508)
[2026-08-19 14:18:17] WARN: lock file ค้างจาก pid=30096 (ตายไปแล้ว) — เคลียร์แล้วรันต่อ
[2026-08-19 14:18:18] Supervisor started (profile='demo-iux-2101183586', stale=180 s, check=30 s, grace=90 s, python='C:\Users\Copter\AppData\Local\hermes\hermes-agent\venv\Scripts\python.exe')
[2026-08-19 14:18:18] Launching: C:\Users\Copter\AppData\Local\hermes\hermes-agent\venv\Scripts\python.exe main.py
[2026-08-19 14:18:18] main.py running (pid=29064)
[2026-08-20 09:04:42] WARN: lock file ค้างจาก pid=964 (ตายไปแล้ว) — เคลียร์แล้วรันต่อ
[2026-08-20 09:04:43] Supervisor started (profile='demo-iux-2101183586', stale=180 s, check=30 s, grace=90 s, python='C:\Users\Copter\AppData\Local\hermes\hermes-agent\venv\Scripts\python.exe')
[2026-08-20 09:04:43] Launching: C:\Users\Copter\AppData\Local\hermes\hermes-agent\venv\Scripts\python.exe main.py
[2026-08-20 09:04:43] main.py running (pid=36348)
[2026-08-20 14:23:15] WARN: lock file ค้างจาก pid=36796 (ตายไปแล้ว) — เคลียร์แล้วรันต่อ
[2026-08-20 14:23:16] Supervisor started (profile='demo-iux-2101183586', stale=180 s, check=30 s, grace=90 s, python='C:\Users\Copter\AppData\Local\hermes\hermes-agent\venv\Scripts\python.exe')
[2026-08-20 14:23:16] Launching: C:\Users\Copter\AppData\Local\hermes\hermes-agent\venv\Scripts\python.exe main.py
[2026-08-20 14:23:16] main.py running (pid=8380)
[2026-08-20 20:57:04] WARN: lock file ค้างจาก pid=10676 (ตายไปแล้ว) — เคลียร์แล้วรันต่อ
[2026-08-20 20:57:05] Supervisor started (profile='demo-iux-2101183586', stale=180 s, check=30 s, grace=90 s, python='C:\Users\Copter\AppData\Local\hermes\hermes-agent\venv\Scripts\python.exe')
[2026-08-20 20:57:05] Launching: C:\Users\Copter\AppData\Local\hermes\hermes-agent\venv\Scripts\python.exe main.py
[2026-08-20 20:57:05] main.py running (pid=50272)
[2026-08-20 21:46:37] WARN: lock file ค้างจาก pid=46372 (ตายไปแล้ว) — เคลียร์แล้วรันต่อ
[2026-08-20 21:46:38] Supervisor started (profile='demo-iux-2101183586', stale=180 s, check=30 s, grace=90 s, python='C:\Users\Copter\AppData\Local\hermes\hermes-agent\venv\Scripts\python.exe')
[2026-08-20 21:46:38] Launching: C:\Users\Copter\AppData\Local\hermes\hermes-agent\venv\Scripts\python.exe main.py
[2026-08-20 21:46:38] main.py running (pid=60104)
[2026-08-20 23:22:52] WARN: lock file ค้างจาก pid=59576 (ตายไปแล้ว) — เคลียร์แล้วรันต่อ
[2026-08-20 23:22:53] Supervisor started (profile='demo-iux-2101183586', stale=180 s, check=30 s, grace=90 s, python='C:\Users\Copter\AppData\Local\hermes\hermes-agent\venv\Scripts\python.exe')
[2026-08-20 23:22:53] Launching: C:\Users\Copter\AppData\Local\hermes\hermes-agent\venv\Scripts\python.exe main.py
[2026-08-20 23:22:53] main.py running (pid=50404)
[2026-08-21 09:01:15] WARN: lock file ค้างจาก pid=60408 (ตายไปแล้ว) — เคลียร์แล้วรันต่อ
[2026-08-21 09:01:16] Supervisor started (profile='demo-iux-2101183586', stale=180 s, check=30 s, grace=90 s, python='C:\Users\Copter\AppData\Local\hermes\hermes-agent\venv\Scripts\python.exe')
[2026-08-21 09:01:16] Launching: C:\Users\Copter\AppData\Local\hermes\hermes-agent\venv\Scripts\python.exe main.py
[2026-08-21 09:01:16] main.py running (pid=5724)
[2026-08-21 16:40:38] main.py exited (code=) -> restart
[2026-08-21 16:40:38] Restarting in 5 s ...
[2026-08-21 16:40:43] Launching: C:\Users\Copter\AppData\Local\hermes\hermes-agent\venv\Scripts\python.exe main.py
[2026-08-21 16:40:43] main.py running (pid=35804)
[2026-08-21 16:42:43] main.py exited (code=) -> restart
[2026-08-21 16:42:43] Restarting in 5 s ...
[2026-08-21 16:42:48] Launching: C:\Users\Copter\AppData\Local\hermes\hermes-agent\venv\Scripts\python.exe main.py
[2026-08-21 16:42:48] main.py running (pid=43368)
[2026-08-22 00:44:58] main.py exited (code=) -> restart
[2026-08-22 00:44:58] Restarting in 5 s ...
[2026-08-22 00:45:03] Launching: C:\Users\Copter\AppData\Local\hermes\hermes-agent\venv\Scripts\python.exe main.py
[2026-08-22 00:45:04] main.py running (pid=44984)
[2026-08-22 01:26:35] main.py exited (code=) -> restart
[2026-08-22 01:26:35] Restarting in 5 s ...
[2026-08-22 01:26:40] Launching: C:\Users\Copter\AppData\Local\hermes\hermes-agent\venv\Scripts\python.exe main.py
[2026-08-22 01:26:40] main.py running (pid=22260)
[2026-08-22 03:30:43] main.py exited (code=) -> restart
[2026-08-22 03:30:43] Restarting in 5 s ...
[2026-08-22 03:30:48] Launching: C:\Users\Copter\AppData\Local\hermes\hermes-agent\venv\Scripts\python.exe main.py
[2026-08-22 03:30:48] main.py running (pid=48120)
[2026-08-24 09:14:39] WARN: lock file ค้างจาก pid=14668 (ตายไปแล้ว) — เคลียร์แล้วรันต่อ
[2026-08-24 09:14:41] Supervisor started (profile='demo-iux-2101183586', stale=180 s, check=30 s, grace=90 s, python='C:\Users\Copter\AppData\Local\hermes\hermes-agent\venv\Scripts\python.exe')
[2026-08-24 09:14:41] Launching: C:\Users\Copter\AppData\Local\hermes\hermes-agent\venv\Scripts\python.exe main.py
[2026-08-24 09:14:41] main.py running (pid=28544)
[2026-08-24 11:53:55] WARN: lock file ค้างจาก pid=44308 (ตายไปแล้ว) — เคลียร์แล้วรันต่อ
[2026-08-24 11:53:57] Supervisor started (profile='demo-iux-2101183586', stale=180 s, check=30 s, grace=90 s, python='C:\Users\Copter\AppData\Local\hermes\hermes-agent\venv\Scripts\python.exe')
[2026-08-24 11:53:57] Launching: C:\Users\Copter\AppData\Local\hermes\hermes-agent\venv\Scripts\python.exe main.py
[2026-08-24 11:53:57] main.py running (pid=4172)
[2026-08-24 21:59:25] WARN: lock file ค้างจาก pid=49276 (ตายไปแล้ว) — เคลียร์แล้วรันต่อ
[2026-08-24 21:59:26] Supervisor started (profile='demo-iux-2101183586', stale=180 s, check=30 s, grace=90 s, python='C:\Users\Copter\AppData\Local\hermes\hermes-agent\venv\Scripts\python.exe')
[2026-08-24 21:59:26] Launching: C:\Users\Copter\AppData\Local\hermes\hermes-agent\venv\Scripts\python.exe main.py
[2026-08-24 21:59:26] main.py running (pid=30312)
[2026-08-24 21:59:28] ERROR: พบ supervisor ตัวอื่นรันอยู่แล้ว (pid=30264) — เลิกรัน ตัวนี้เพื่อกัน main.py ซ้อน 2 instance (Telegram getUpdates Conflict)
[2026-08-24 23:04:30] WARN: lock file ค้างจาก pid=30264 (ตายไปแล้ว) — เคลียร์แล้วรันต่อ
[2026-08-24 23:04:31] Supervisor started (profile='demo-iux-2101183586', stale=180 s, check=30 s, grace=90 s, python='C:\Users\Copter\AppData\Local\hermes\hermes-agent\venv\Scripts\python.exe')
[2026-08-24 23:04:31] Launching: C:\Users\Copter\AppData\Local\hermes\hermes-agent\venv\Scripts\python.exe main.py
[2026-08-24 23:04:31] main.py running (pid=6660)
[2026-08-25 09:00:29] WARN: lock file ค้างจาก pid=31164 (ตายไปแล้ว) — เคลียร์แล้วรันต่อ
[2026-08-25 09:00:32] Supervisor started (profile='demo-iux-2101183586', stale=180 s, check=30 s, grace=90 s, python='C:\Users\Copter\AppData\Local\hermes\hermes-agent\venv\Scripts\python.exe')
[2026-08-25 09:00:32] Launching: C:\Users\Copter\AppData\Local\hermes\hermes-agent\venv\Scripts\python.exe main.py
[2026-08-25 09:00:32] main.py running (pid=8452)
[2026-08-25 22:28:00] WARN: lock file ค้างจาก pid=31080 (ตายไปแล้ว) — เคลียร์แล้วรันต่อ
[2026-08-25 22:28:01] Supervisor started (profile='demo-iux-2101183586', stale=180 s, check=30 s, grace=90 s, python='C:\Users\Copter\AppData\Local\hermes\hermes-agent\venv\Scripts\python.exe')
[2026-08-25 22:28:01] Launching: C:\Users\Copter\AppData\Local\hermes\hermes-agent\venv\Scripts\python.exe main.py
[2026-08-25 22:28:01] main.py running (pid=30840)
[2026-08-26 08:55:36] WARN: lock file ค้างจาก pid=45840 (ตายไปแล้ว) — เคลียร์แล้วรันต่อ
[2026-08-26 08:55:38] Supervisor started (profile='demo-iux-2101183586', stale=180 s, check=30 s, grace=90 s, python='C:\Users\Copter\AppData\Local\hermes\hermes-agent\venv\Scripts\python.exe')
[2026-08-26 08:55:38] Launching: C:\Users\Copter\AppData\Local\hermes\hermes-agent\venv\Scripts\python.exe main.py
[2026-08-26 08:55:39] main.py running (pid=7456)
[2026-08-26 14:28:33] WARN: lock file ค้างจาก pid=30748 (ตายไปแล้ว) — เคลียร์แล้วรันต่อ
[2026-08-26 14:28:35] Supervisor started (profile='demo-iux-2101183586', stale=180 s, check=30 s, grace=90 s, python='C:\Users\Copter\AppData\Local\hermes\hermes-agent\venv\Scripts\python.exe')
[2026-08-26 14:28:35] Launching: C:\Users\Copter\AppData\Local\hermes\hermes-agent\venv\Scripts\python.exe main.py
[2026-08-26 14:28:35] main.py running (pid=37232)
[2026-08-26 16:36:19] WARN: lock file ค้างจาก pid=47968 (ตายไปแล้ว) — เคลียร์แล้วรันต่อ
[2026-08-26 16:36:20] Supervisor started (profile='demo-iux-2101183586', stale=180 s, check=30 s, grace=90 s, python='C:\Users\Copter\AppData\Local\hermes\hermes-agent\venv\Scripts\python.exe')
[2026-08-26 16:36:20] Launching: C:\Users\Copter\AppData\Local\hermes\hermes-agent\venv\Scripts\python.exe main.py
[2026-08-26 16:36:20] main.py running (pid=29596)
[2026-08-26 20:07:31] WARN: lock file ค้างจาก pid=41208 (ตายไปแล้ว) — เคลียร์แล้วรันต่อ
[2026-08-26 20:07:32] Supervisor started (profile='demo-iux-2101183586', stale=180 s, check=30 s, grace=90 s, python='C:\Users\Copter\AppData\Local\hermes\hermes-agent\venv\Scripts\python.exe')
[2026-08-26 20:07:32] Launching: C:\Users\Copter\AppData\Local\hermes\hermes-agent\venv\Scripts\python.exe main.py
[2026-08-26 20:07:32] main.py running (pid=18520)
[2026-08-26 20:21:23] WARN: lock file ค้างจาก pid=41196 (ตายไปแล้ว) — เคลียร์แล้วรันต่อ
[2026-08-26 20:21:24] Supervisor started (profile='demo-iux-2101183586', stale=180 s, check=30 s, grace=90 s, python='C:\Users\Copter\AppData\Local\hermes\hermes-agent\venv\Scripts\python.exe')
[2026-08-26 20:21:24] Launching: C:\Users\Copter\AppData\Local\hermes\hermes-agent\venv\Scripts\python.exe main.py
[2026-08-26 20:21:24] main.py running (pid=30748)
[2026-08-26 20:42:49] WARN: lock file ค้างจาก pid=49948 (ตายไปแล้ว) — เคลียร์แล้วรันต่อ
[2026-08-26 20:42:50] Supervisor started (profile='demo-iux-2101183586', stale=180 s, check=30 s, grace=90 s, python='C:\Users\Copter\AppData\Local\hermes\hermes-agent\venv\Scripts\python.exe')
[2026-08-26 20:42:50] Launching: C:\Users\Copter\AppData\Local\hermes\hermes-agent\venv\Scripts\python.exe main.py
[2026-08-26 20:42:50] main.py running (pid=39872)
[2026-08-27 08:56:46] WARN: lock file ค้างจาก pid=52244 (ตายไปแล้ว) — เคลียร์แล้วรันต่อ
[2026-08-27 08:56:47] Supervisor started (profile='demo-iux-2101183586', stale=180 s, check=30 s, grace=90 s, python='C:\Users\Copter\AppData\Local\hermes\hermes-agent\venv\Scripts\python.exe')
[2026-08-27 08:56:47] Launching: C:\Users\Copter\AppData\Local\hermes\hermes-agent\venv\Scripts\python.exe main.py
[2026-08-27 08:56:47] main.py running (pid=33728)
[2026-08-27 10:16:32] WARN: lock file ค้างจาก pid=31764 (ตายไปแล้ว) — เคลียร์แล้วรันต่อ
[2026-08-27 10:16:35] Supervisor started (profile='demo-iux-2101183586', stale=180 s, check=30 s, grace=90 s, python='C:\Users\Copter\AppData\Local\hermes\hermes-agent\venv\Scripts\python.exe')
[2026-08-27 10:16:35] Launching: C:\Users\Copter\AppData\Local\hermes\hermes-agent\venv\Scripts\python.exe main.py
[2026-08-27 10:16:35] main.py running (pid=12540)
[2026-08-27 11:19:43] WARN: lock file ค้างจาก pid=17096 (ตายไปแล้ว) — เคลียร์แล้วรันต่อ
[2026-08-27 11:19:45] Supervisor started (profile='demo-iux-2101183586', stale=180 s, check=30 s, grace=90 s, python='C:\Users\Copter\AppData\Local\hermes\hermes-agent\venv\Scripts\python.exe')
[2026-08-27 11:19:45] Launching: C:\Users\Copter\AppData\Local\hermes\hermes-agent\venv\Scripts\python.exe main.py
[2026-08-27 11:19:45] main.py running (pid=52424)
[2026-08-28 09:00:13] WARN: lock file ค้างจาก pid=33424 (ตายไปแล้ว) — เคลียร์แล้วรันต่อ
[2026-08-28 09:00:16] Supervisor started (profile='demo-iux-2101183586', stale=180 s, check=30 s, grace=90 s, python='C:\Users\Copter\AppData\Local\hermes\hermes-agent\venv\Scripts\python.exe')
[2026-08-28 09:00:16] Launching: C:\Users\Copter\AppData\Local\hermes\hermes-agent\venv\Scripts\python.exe main.py
[2026-08-28 09:00:16] main.py running (pid=33448)
[2026-08-28 13:40:23] WARN: lock file ค้างจาก pid=32236 (ตายไปแล้ว) — เคลียร์แล้วรันต่อ
[2026-08-28 13:40:24] Supervisor started (profile='demo-iux-2101183586', stale=180 s, check=30 s, grace=90 s, python='C:\Users\Copter\AppData\Local\hermes\hermes-agent\venv\Scripts\python.exe')
[2026-08-28 13:40:24] Launching: C:\Users\Copter\AppData\Local\hermes\hermes-agent\venv\Scripts\python.exe main.py
[2026-08-28 13:40:24] main.py running (pid=36632)
[2026-08-28 22:38:02] WARN: lock file ค้างจาก pid=29684 (ตายไปแล้ว) — เคลียร์แล้วรันต่อ
[2026-08-28 22:38:03] Supervisor started (profile='demo-iux-2101183586', stale=180 s, check=30 s, grace=90 s, python='C:\Users\Copter\AppData\Local\hermes\hermes-agent\venv\Scripts\python.exe')
[2026-08-28 22:38:03] Launching: C:\Users\Copter\AppData\Local\hermes\hermes-agent\venv\Scripts\python.exe main.py
[2026-08-28 22:38:03] main.py running (pid=46876)
[2026-08-29 01:34:41] WARN: lock file ค้างจาก pid=39832 (ตายไปแล้ว) — เคลียร์แล้วรันต่อ
[2026-08-29 01:34:44] Supervisor started (profile='demo-iux-2101183586', stale=180 s, check=30 s, grace=90 s, python='C:\Users\Copter\AppData\Local\hermes\hermes-agent\venv\Scripts\python.exe')
[2026-08-29 01:34:44] Launching: C:\Users\Copter\AppData\Local\hermes\hermes-agent\venv\Scripts\python.exe main.py
[2026-08-29 01:34:44] main.py running (pid=31364)
[2026-08-30 20:53:15] WARN: lock file ค้างจาก pid=30512 (ตายไปแล้ว) — เคลียร์แล้วรันต่อ
[2026-08-30 20:53:15] Supervisor started (profile='demo-iux-2101183586', stale=180 s, check=30 s, grace=90 s, python='C:\Users\Copter\AppData\Local\hermes\hermes-agent\venv\Scripts\python.exe')
[2026-08-30 20:53:15] Launching: C:\Users\Copter\AppData\Local\hermes\hermes-agent\venv\Scripts\python.exe main.py
[2026-08-30 20:53:15] main.py running (pid=30912)
[2026-08-30 21:09:21] WARN: lock file ค้างจาก pid=30040 (ตายไปแล้ว) — เคลียร์แล้วรันต่อ
[2026-08-30 21:09:22] Supervisor started (profile='demo-iux-2101183586', stale=180 s, check=30 s, grace=90 s, python='C:\Users\Copter\AppData\Local\hermes\hermes-agent\venv\Scripts\python.exe')
[2026-08-30 21:09:22] Launching: C:\Users\Copter\AppData\Local\hermes\hermes-agent\venv\Scripts\python.exe main.py
[2026-08-30 21:09:22] main.py running (pid=14952)
[2026-08-30 23:14:21] WARN: lock file ค้างจาก pid=32052 (ตายไปแล้ว) — เคลียร์แล้วรันต่อ
[2026-08-30 23:14:22] Supervisor started (profile='demo-iux-2101183586', stale=180 s, check=30 s, grace=90 s, python='C:\Users\Copter\AppData\Local\hermes\hermes-agent\venv\Scripts\python.exe')
[2026-08-30 23:14:22] Launching: C:\Users\Copter\AppData\Local\hermes\hermes-agent\venv\Scripts\python.exe main.py
[2026-08-30 23:14:22] main.py running (pid=33280)
[2026-08-31 09:00:00] WARN: lock file ค้างจาก pid=34596 (ตายไปแล้ว) — เคลียร์แล้วรันต่อ
[2026-08-31 09:00:02] Supervisor started (profile='demo-iux-2101183586', stale=180 s, check=30 s, grace=90 s, python='C:\Users\Copter\AppData\Local\hermes\hermes-agent\venv\Scripts\python.exe')
[2026-08-31 09:00:02] Launching: C:\Users\Copter\AppData\Local\hermes\hermes-agent\venv\Scripts\python.exe main.py
[2026-08-31 09:00:02] main.py running (pid=29708)
[2026-08-31 09:29:13] WARN: lock file ค้างจาก pid=28696 (ตายไปแล้ว) — เคลียร์แล้วรันต่อ
[2026-08-31 09:29:14] Supervisor started (profile='demo-iux-2101183586', stale=180 s, check=30 s, grace=90 s, python='C:\Users\Copter\AppData\Local\hermes\hermes-agent\venv\Scripts\python.exe')
[2026-08-31 09:29:14] Launching: C:\Users\Copter\AppData\Local\hermes\hermes-agent\venv\Scripts\python.exe main.py
[2026-08-31 09:29:14] main.py running (pid=10056)
[2026-08-31 09:38:57] WARN: lock file ค้างจาก pid=31928 (ตายไปแล้ว) — เคลียร์แล้วรันต่อ
[2026-08-31 09:38:58] Supervisor started (profile='demo-iux-2101183586', stale=180 s, check=30 s, grace=90 s, python='C:\Users\Copter\AppData\Local\hermes\hermes-agent\venv\Scripts\python.exe')
[2026-08-31 09:38:58] Launching: C:\Users\Copter\AppData\Local\hermes\hermes-agent\venv\Scripts\python.exe main.py
[2026-08-31 09:38:58] main.py running (pid=32348)
[2026-08-31 17:26:22] WARN: lock file ค้างจาก pid=18052 (ตายไปแล้ว) — เคลียร์แล้วรันต่อ
[2026-08-31 17:26:23] Supervisor started (profile='demo-iux-2101183586', stale=180 s, check=30 s, grace=90 s, python='C:\Users\Copter\AppData\Local\hermes\hermes-agent\venv\Scripts\python.exe')
[2026-08-31 17:26:23] Launching: C:\Users\Copter\AppData\Local\hermes\hermes-agent\venv\Scripts\python.exe main.py
[2026-08-31 17:26:23] main.py running (pid=47584)
[2026-08-31 17:41:23] WARN: lock file ค้างจาก pid=14040 (ตายไปแล้ว) — เคลียร์แล้วรันต่อ
[2026-08-31 17:41:24] Supervisor started (profile='demo-iux-2101183586', stale=180 s, check=30 s, grace=90 s, python='C:\Users\Copter\AppData\Local\hermes\hermes-agent\venv\Scripts\python.exe')
[2026-08-31 17:41:24] Launching: C:\Users\Copter\AppData\Local\hermes\hermes-agent\venv\Scripts\python.exe main.py
[2026-08-31 17:41:24] main.py running (pid=46736)
[2026-08-31 22:19:31] WARN: lock file ค้างจาก pid=42408 (ตายไปแล้ว) — เคลียร์แล้วรันต่อ
[2026-08-31 22:19:32] Supervisor started (profile='demo-iux-2101183586', stale=180 s, check=30 s, grace=90 s, python='C:\Users\Copter\AppData\Local\hermes\hermes-agent\venv\Scripts\python.exe')
[2026-08-31 22:19:32] Launching: C:\Users\Copter\AppData\Local\hermes\hermes-agent\venv\Scripts\python.exe main.py
[2026-08-31 22:19:32] main.py running (pid=43460)
[2026-08-31 22:29:19] WARN: lock file ค้างจาก pid=49180 (ตายไปแล้ว) — เคลียร์แล้วรันต่อ
[2026-08-31 22:29:20] Supervisor started (profile='demo-iux-2101183586', stale=180 s, check=30 s, grace=90 s, python='C:\Users\Copter\AppData\Local\hermes\hermes-agent\venv\Scripts\python.exe')
[2026-08-31 22:29:20] Launching: C:\Users\Copter\AppData\Local\hermes\hermes-agent\venv\Scripts\python.exe main.py
[2026-08-31 22:29:20] main.py running (pid=47252)
[2026-09-01 08:57:33] WARN: lock file ค้างจาก pid=13748 (ตายไปแล้ว) — เคลียร์แล้วรันต่อ
[2026-09-01 08:57:34] Supervisor started (profile='demo-iux-2101183586', stale=180 s, check=30 s, grace=90 s, python='C:\Users\Copter\AppData\Local\hermes\hermes-agent\venv\Scripts\python.exe')
[2026-09-01 08:57:34] Launching: C:\Users\Copter\AppData\Local\hermes\hermes-agent\venv\Scripts\python.exe main.py
[2026-09-01 08:57:34] main.py running (pid=34704)
[2026-09-01 18:02:27] WARN: lock file ค้างจาก pid=34224 (ตายไปแล้ว) — เคลียร์แล้วรันต่อ
[2026-09-01 18:02:34] Supervisor started (profile='demo-iux-2101183586', stale=180 s, check=30 s, grace=90 s, python='C:\Users\Copter\AppData\Local\hermes\hermes-agent\venv\Scripts\python.exe')
[2026-09-01 18:02:34] Launching: C:\Users\Copter\AppData\Local\hermes\hermes-agent\venv\Scripts\python.exe main.py
[2026-09-01 18:02:35] main.py running (pid=3284)
[2026-09-01 20:12:46] WARN: lock file ค้างจาก pid=43404 (ตายไปแล้ว) — เคลียร์แล้วรันต่อ
[2026-09-01 20:12:47] Supervisor started (profile='demo-iux-2101183586', stale=180 s, check=30 s, grace=90 s, python='C:\Users\Copter\AppData\Local\hermes\hermes-agent\venv\Scripts\python.exe')
[2026-09-01 20:12:47] Launching: C:\Users\Copter\AppData\Local\hermes\hermes-agent\venv\Scripts\python.exe main.py
[2026-09-01 20:12:47] main.py running (pid=9492)
[2026-09-01 20:26:51] WARN: lock file ค้างจาก pid=31484 (ตายไปแล้ว) — เคลียร์แล้วรันต่อ
[2026-09-01 20:26:52] Supervisor started (profile='demo-iux-2101183586', stale=180 s, check=30 s, grace=90 s, python='C:\Users\Copter\AppData\Local\hermes\hermes-agent\venv\Scripts\python.exe')
[2026-09-01 20:26:52] Launching: C:\Users\Copter\AppData\Local\hermes\hermes-agent\venv\Scripts\python.exe main.py
[2026-09-01 20:26:52] main.py running (pid=17972)
[2026-09-01 22:02:24] WARN: lock file ค้างจาก pid=35264 (ตายไปแล้ว) — เคลียร์แล้วรันต่อ
[2026-09-01 22:02:25] Supervisor started (profile='demo-iux-2101183586', stale=180 s, check=30 s, grace=90 s, python='C:\Users\Copter\AppData\Local\hermes\hermes-agent\venv\Scripts\python.exe')
[2026-09-01 22:02:25] Launching: C:\Users\Copter\AppData\Local\hermes\hermes-agent\venv\Scripts\python.exe main.py
[2026-09-01 22:02:25] main.py running (pid=41868)
[2026-09-02 08:58:30] WARN: lock file ค้างจาก pid=20404 (ตายไปแล้ว) — เคลียร์แล้วรันต่อ
[2026-09-02 08:58:34] Supervisor started (profile='demo-iux-2101183586', stale=180 s, check=30 s, grace=90 s, python='C:\Users\Copter\AppData\Local\hermes\hermes-agent\venv\Scripts\python.exe')
[2026-09-02 08:58:34] Launching: C:\Users\Copter\AppData\Local\hermes\hermes-agent\venv\Scripts\python.exe main.py
[2026-09-02 08:58:35] main.py running (pid=9840)
[2026-09-02 10:58:37] WARN: lock file ค้างจาก pid=30808 (ตายไปแล้ว) — เคลียร์แล้วรันต่อ
[2026-09-02 10:58:39] Supervisor started (profile='demo-iux-2101183586', stale=180 s, check=30 s, grace=90 s, python='C:\Users\Copter\AppData\Local\hermes\hermes-agent\venv\Scripts\python.exe')
[2026-09-02 10:58:39] Launching: C:\Users\Copter\AppData\Local\hermes\hermes-agent\venv\Scripts\python.exe main.py
[2026-09-02 10:58:39] main.py running (pid=41304)
[2026-09-02 14:41:36] WARN: lock file ค้างจาก pid=41992 (ตายไปแล้ว) — เคลียร์แล้วรันต่อ
[2026-09-02 14:41:37] Supervisor started (profile='demo-iux-2101183586', stale=180 s, check=30 s, grace=90 s, python='C:\Users\Copter\AppData\Local\hermes\hermes-agent\venv\Scripts\python.exe')
[2026-09-02 14:41:37] Launching: C:\Users\Copter\AppData\Local\hermes\hermes-agent\venv\Scripts\python.exe main.py
[2026-09-02 14:41:37] main.py running (pid=43112)
[2026-09-03 09:07:50] WARN: lock file ค้างจาก pid=49040 (ตายไปแล้ว) — เคลียร์แล้วรันต่อ
[2026-09-03 09:07:51] Supervisor started (profile='demo-iux-2101183586', stale=180 s, check=30 s, grace=90 s, python='C:\Users\Copter\AppData\Local\hermes\hermes-agent\venv\Scripts\python.exe')
[2026-09-03 09:07:51] Launching: C:\Users\Copter\AppData\Local\hermes\hermes-agent\venv\Scripts\python.exe main.py
[2026-09-03 09:07:51] main.py running (pid=33564)
[2026-09-04 08:57:19] WARN: lock file ค้างจาก pid=33332 (ตายไปแล้ว) — เคลียร์แล้วรันต่อ
[2026-09-04 08:57:20] Supervisor started (profile='demo-iux-2101183586', stale=180 s, check=30 s, grace=90 s, python='C:\Users\Copter\AppData\Local\hermes\hermes-agent\venv\Scripts\python.exe')
[2026-09-04 08:57:20] Launching: C:\Users\Copter\AppData\Local\hermes\hermes-agent\venv\Scripts\python.exe main.py
[2026-09-04 08:57:20] main.py running (pid=27360)
[2026-09-04 12:51:04] WARN: lock file ค้างจาก pid=17100 (ตายไปแล้ว) — เคลียร์แล้วรันต่อ
[2026-09-04 12:51:05] Supervisor started (profile='demo-iux-2101183586', stale=180 s, check=30 s, grace=90 s, python='C:\Users\Copter\AppData\Local\hermes\hermes-agent\venv\Scripts\python.exe')
[2026-09-04 12:51:05] Launching: C:\Users\Copter\AppData\Local\hermes\hermes-agent\venv\Scripts\python.exe main.py
[2026-09-04 12:51:05] main.py running (pid=11972)
[2026-09-04 13:21:06] main.py exited (code=) -> restart
[2026-09-04 13:21:06] Restarting in 5 s ...
[2026-09-04 13:21:11] Launching: C:\Users\Copter\AppData\Local\hermes\hermes-agent\venv\Scripts\python.exe main.py
[2026-09-04 13:21:11] main.py running (pid=31664)
[2026-09-04 13:37:41] main.py exited (code=) -> restart
[2026-09-04 13:37:41] Restarting in 5 s ...
[2026-09-04 13:37:46] Launching: C:\Users\Copter\AppData\Local\hermes\hermes-agent\venv\Scripts\python.exe main.py
[2026-09-04 13:37:46] main.py running (pid=26820)
[2026-09-04 17:21:52] WARN: lock file ค้างจาก pid=31636 (ตายไปแล้ว) — เคลียร์แล้วรันต่อ
[2026-09-04 17:21:53] Supervisor started (profile='demo-iux-2101183586', stale=180 s, check=30 s, grace=90 s, python='C:\Users\Copter\AppData\Local\hermes\hermes-agent\venv\Scripts\python.exe')
[2026-09-04 17:21:53] Launching: C:\Users\Copter\AppData\Local\hermes\hermes-agent\venv\Scripts\python.exe main.py
[2026-09-04 17:21:53] main.py running (pid=41404)
[2026-09-04 18:03:51] WARN: lock file ค้างจาก pid=17036 (ตายไปแล้ว) — เคลียร์แล้วรันต่อ
[2026-09-04 18:03:52] Supervisor started (profile='demo-iux-2101183586', stale=180 s, check=30 s, grace=90 s, python='C:\Users\Copter\AppData\Local\hermes\hermes-agent\venv\Scripts\python.exe')
[2026-09-04 18:03:52] Launching: C:\Users\Copter\AppData\Local\hermes\hermes-agent\venv\Scripts\python.exe main.py
[2026-09-04 18:03:52] main.py running (pid=31428)
[2026-09-04 20:19:05] WARN: lock file ค้างจาก pid=20308 (ตายไปแล้ว) — เคลียร์แล้วรันต่อ
[2026-09-04 20:19:07] Supervisor started (profile='demo-iux-2101183586', stale=180 s, check=30 s, grace=90 s, python='C:\Users\Copter\AppData\Local\hermes\hermes-agent\venv\Scripts\python.exe')
[2026-09-04 20:19:07] Launching: C:\Users\Copter\AppData\Local\hermes\hermes-agent\venv\Scripts\python.exe main.py
[2026-09-04 20:19:07] main.py running (pid=32700)
[2026-09-06 22:33:49] WARN: lock file ค้างจาก pid=44820 (ตายไปแล้ว) — เคลียร์แล้วรันต่อ
[2026-09-06 22:33:51] Supervisor started (profile='demo-iux-2101183586', stale=180 s, check=30 s, grace=90 s, python='C:\Users\Copter\AppData\Local\hermes\hermes-agent\venv\Scripts\python.exe')
[2026-09-06 22:33:51] Launching: C:\Users\Copter\AppData\Local\hermes\hermes-agent\venv\Scripts\python.exe main.py
[2026-09-06 22:33:51] main.py running (pid=31176)
[2026-09-07 09:02:54] WARN: lock file ค้างจาก pid=13472 (ตายไปแล้ว) — เคลียร์แล้วรันต่อ
[2026-09-07 09:02:55] Supervisor started (profile='demo-iux-2101183586', stale=180 s, check=30 s, grace=90 s, python='C:\Users\Copter\AppData\Local\hermes\hermes-agent\venv\Scripts\python.exe')
[2026-09-07 09:02:55] Launching: C:\Users\Copter\AppData\Local\hermes\hermes-agent\venv\Scripts\python.exe main.py
[2026-09-07 09:02:55] main.py running (pid=33368)
[2026-09-08 08:59:44] WARN: lock file ค้างจาก pid=32484 (ตายไปแล้ว) — เคลียร์แล้วรันต่อ
[2026-09-08 08:59:45] Supervisor started (profile='demo-iux-2101183586', stale=180 s, check=30 s, grace=90 s, python='C:\Users\Copter\AppData\Local\hermes\hermes-agent\venv\Scripts\python.exe')
[2026-09-08 08:59:45] Launching: C:\Users\Copter\AppData\Local\hermes\hermes-agent\venv\Scripts\python.exe main.py
[2026-09-08 08:59:45] main.py running (pid=30800)
[2026-09-08 17:40:25] WARN: lock file ค้างจาก pid=29188 (ตายไปแล้ว) — เคลียร์แล้วรันต่อ
[2026-09-08 17:40:26] Supervisor started (profile='demo-iux-2101183586', stale=180 s, check=30 s, grace=90 s, python='C:\Users\Copter\AppData\Local\hermes\hermes-agent\venv\Scripts\python.exe')
[2026-09-08 17:40:26] Launching: C:\Users\Copter\AppData\Local\hermes\hermes-agent\venv\Scripts\python.exe main.py
[2026-09-08 17:40:26] main.py running (pid=31656)
[2026-09-08 18:15:03] WARN: lock file ค้างจาก pid=32664 (ตายไปแล้ว) — เคลียร์แล้วรันต่อ
[2026-09-08 18:15:05] Supervisor started (profile='demo-iux-2101183586', stale=180 s, check=30 s, grace=90 s, python='C:\Users\Copter\AppData\Local\hermes\hermes-agent\venv\Scripts\python.exe')
[2026-09-08 18:15:05] Launching: C:\Users\Copter\AppData\Local\hermes\hermes-agent\venv\Scripts\python.exe main.py
[2026-09-08 18:15:05] main.py running (pid=38188)
[2026-09-08 22:36:42] WARN: lock file ค้างจาก pid=32884 (ตายไปแล้ว) — เคลียร์แล้วรันต่อ
[2026-09-08 22:36:45] Supervisor started (profile='demo-iux-2101183586', stale=180 s, check=30 s, grace=90 s, python='C:\Users\Copter\AppData\Local\hermes\hermes-agent\venv\Scripts\python.exe')
[2026-09-08 22:36:45] Launching: C:\Users\Copter\AppData\Local\hermes\hermes-agent\venv\Scripts\python.exe main.py
[2026-09-08 22:36:45] main.py running (pid=41472)
[2026-09-08 23:18:29] WARN: lock file ค้างจาก pid=42236 (ตายไปแล้ว) — เคลียร์แล้วรันต่อ
[2026-09-08 23:18:30] Supervisor started (profile='demo-iux-2101183586', stale=180 s, check=30 s, grace=90 s, python='C:\Users\Copter\AppData\Local\hermes\hermes-agent\venv\Scripts\python.exe')
[2026-09-08 23:18:30] Launching: C:\Users\Copter\AppData\Local\hermes\hermes-agent\venv\Scripts\python.exe main.py
[2026-09-08 23:18:30] main.py running (pid=40916)
[2026-09-09 02:41:03] WARN: lock file ค้างจาก pid=1484 (ตายไปแล้ว) — เคลียร์แล้วรันต่อ
[2026-09-09 02:41:06] Supervisor started (profile='demo-iux-2101183586', stale=180 s, check=30 s, grace=90 s, python='C:\Users\Copter\AppData\Local\hermes\hermes-agent\venv\Scripts\python.exe')
[2026-09-09 02:41:06] Launching: C:\Users\Copter\AppData\Local\hermes\hermes-agent\venv\Scripts\python.exe main.py
[2026-09-09 02:41:06] main.py running (pid=14480)
[2026-09-09 08:58:01] STALL: heartbeat age=3612s > 180s (loop hang) -> kill pid=14480 + restart
[2026-09-09 08:58:02] killed pid=23476 (terminal64)
[2026-09-09 08:58:02] killed pid=20860 (python)
[2026-09-09 08:58:02] killed pid=25768 (python)
[2026-09-09 08:58:02] killed pid=14480 (python)
[2026-09-09 08:58:02] Restarting in 5 s ...
[2026-09-09 08:58:07] Launching: C:\Users\Copter\AppData\Local\hermes\hermes-agent\venv\Scripts\python.exe main.py
[2026-09-09 08:58:07] main.py running (pid=14924)
[2026-09-09 09:00:24] WARN: lock file ค้างจาก pid=20184 (ตายไปแล้ว) — เคลียร์แล้วรันต่อ
[2026-09-09 09:00:26] Supervisor started (profile='demo-iux-2101183586', stale=180 s, check=30 s, grace=90 s, python='C:\Users\Copter\AppData\Local\hermes\hermes-agent\venv\Scripts\python.exe')
[2026-09-09 09:00:26] Launching: C:\Users\Copter\AppData\Local\hermes\hermes-agent\venv\Scripts\python.exe main.py
[2026-09-09 09:00:26] main.py running (pid=31100)
[2026-09-09 14:13:10] WARN: lock file ค้างจาก pid=16728 (ตายไปแล้ว) — เคลียร์แล้วรันต่อ
[2026-09-09 14:13:12] Supervisor started (profile='demo-iux-2101183586', stale=180 s, check=30 s, grace=90 s, python='C:\Users\Copter\AppData\Local\hermes\hermes-agent\venv\Scripts\python.exe')
[2026-09-09 14:13:12] Launching: C:\Users\Copter\AppData\Local\hermes\hermes-agent\venv\Scripts\python.exe main.py
[2026-09-09 14:13:12] main.py running (pid=37460)
[2026-09-09 15:03:42] WARN: lock file ค้างจาก pid=26076 (ตายไปแล้ว) — เคลียร์แล้วรันต่อ
[2026-09-09 15:03:44] Supervisor started (profile='demo-iux-2101183586', stale=180 s, check=30 s, grace=90 s, python='C:\Users\Copter\AppData\Local\hermes\hermes-agent\venv\Scripts\python.exe')
[2026-09-09 15:03:44] Launching: C:\Users\Copter\AppData\Local\hermes\hermes-agent\venv\Scripts\python.exe main.py
[2026-09-09 15:03:44] main.py running (pid=31632)
[2026-09-10 08:58:02] WARN: lock file ค้างจาก pid=50532 (ตายไปแล้ว) — เคลียร์แล้วรันต่อ
[2026-09-10 08:58:04] Supervisor started (profile='demo-iux-2101183586', stale=180 s, check=30 s, grace=90 s, python='C:\Users\Copter\AppData\Local\hermes\hermes-agent\venv\Scripts\python.exe')
[2026-09-10 08:58:04] Launching: C:\Users\Copter\AppData\Local\hermes\hermes-agent\venv\Scripts\python.exe main.py
[2026-09-10 08:58:04] main.py running (pid=34656)
[2026-09-10 10:56:38] WARN: lock file ค้างจาก pid=34240 (ตายไปแล้ว) — เคลียร์แล้วรันต่อ
[2026-09-10 10:56:40] Supervisor started (profile='demo-iux-2101183586', stale=180 s, check=30 s, grace=90 s, python='C:\Users\Copter\AppData\Local\hermes\hermes-agent\venv\Scripts\python.exe')
[2026-09-10 10:56:40] Launching: C:\Users\Copter\AppData\Local\hermes\hermes-agent\venv\Scripts\python.exe main.py
[2026-09-10 10:56:40] main.py running (pid=41664)
[2026-09-10 17:35:08] WARN: lock file ค้างจาก pid=30132 (ตายไปแล้ว) — เคลียร์แล้วรันต่อ
[2026-09-10 17:35:10] Supervisor started (profile='demo-iux-2101183586', stale=180 s, check=30 s, grace=90 s, python='C:\Users\Copter\AppData\Local\hermes\hermes-agent\venv\Scripts\python.exe')
[2026-09-10 17:35:10] Launching: C:\Users\Copter\AppData\Local\hermes\hermes-agent\venv\Scripts\python.exe main.py
[2026-09-10 17:35:10] main.py running (pid=33848)
[2026-09-11 08:23:45] WARN: lock file ค้างจาก pid=34204 (ตายไปแล้ว) — เคลียร์แล้วรันต่อ
[2026-09-11 08:23:46] Supervisor started (profile='demo-iux-2101183586', stale=180 s, check=30 s, grace=90 s, python='C:\Users\Copter\AppData\Local\hermes\hermes-agent\venv\Scripts\python.exe')
[2026-09-11 08:23:46] Launching: C:\Users\Copter\AppData\Local\hermes\hermes-agent\venv\Scripts\python.exe main.py
[2026-09-11 08:23:47] main.py running (pid=23980)
[2026-09-13 23:09:25] WARN: lock file ค้างจาก pid=27808 (ตายไปแล้ว) — เคลียร์แล้วรันต่อ
[2026-09-13 23:09:26] Supervisor started (profile='demo-iux-2101183586', stale=180 s, check=30 s, grace=90 s, python='C:\Users\Copter\AppData\Local\hermes\hermes-agent\venv\Scripts\python.exe')
[2026-09-13 23:09:26] Launching: C:\Users\Copter\AppData\Local\hermes\hermes-agent\venv\Scripts\python.exe main.py
[2026-09-13 23:09:26] main.py running (pid=30044)
[2026-09-14 08:59:04] WARN: lock file ค้างจาก pid=32332 (ตายไปแล้ว) — เคลียร์แล้วรันต่อ
[2026-09-14 08:59:05] Supervisor started (profile='demo-iux-2101183586', stale=180 s, check=30 s, grace=90 s, python='C:\Users\Copter\AppData\Local\hermes\hermes-agent\venv\Scripts\python.exe')
[2026-09-14 08:59:05] Launching: C:\Users\Copter\AppData\Local\hermes\hermes-agent\venv\Scripts\python.exe main.py
[2026-09-14 08:59:05] main.py running (pid=30620)
