[2026-08-26 14:28:44] Supervisor started (profile='demo-exness-416273786', stale=180 s, check=30 s, grace=90 s, python='C:\Users\Copter\AppData\Local\hermes\hermes-agent\venv\Scripts\python.exe')
[2026-08-26 14:28:44] Launching: C:\Users\Copter\AppData\Local\hermes\hermes-agent\venv\Scripts\python.exe main.py
[2026-08-26 14:28:44] main.py running (pid=50340)
[2026-08-26 16:36:23] WARN: lock file ค้างจาก pid=40172 (ตายไปแล้ว) — เคลียร์แล้วรันต่อ
[2026-08-26 16:36:24] Supervisor started (profile='demo-exness-416273786', stale=180 s, check=30 s, grace=90 s, python='C:\Users\Copter\AppData\Local\hermes\hermes-agent\venv\Scripts\python.exe')
[2026-08-26 16:36:24] Launching: C:\Users\Copter\AppData\Local\hermes\hermes-agent\venv\Scripts\python.exe main.py
[2026-08-26 16:36:24] main.py running (pid=40116)
[2026-08-26 20:07:35] WARN: lock file ค้างจาก pid=49904 (ตายไปแล้ว) — เคลียร์แล้วรันต่อ
[2026-08-26 20:07:36] Supervisor started (profile='demo-exness-416273786', stale=180 s, check=30 s, grace=90 s, python='C:\Users\Copter\AppData\Local\hermes\hermes-agent\venv\Scripts\python.exe')
[2026-08-26 20:07:36] Launching: C:\Users\Copter\AppData\Local\hermes\hermes-agent\venv\Scripts\python.exe main.py
[2026-08-26 20:07:36] main.py running (pid=23576)
[2026-08-26 20:21:28] WARN: lock file ค้างจาก pid=36692 (ตายไปแล้ว) — เคลียร์แล้วรันต่อ
[2026-08-26 20:21:29] Supervisor started (profile='demo-exness-416273786', stale=180 s, check=30 s, grace=90 s, python='C:\Users\Copter\AppData\Local\hermes\hermes-agent\venv\Scripts\python.exe')
[2026-08-26 20:21:29] Launching: C:\Users\Copter\AppData\Local\hermes\hermes-agent\venv\Scripts\python.exe main.py
[2026-08-26 20:21:29] main.py running (pid=9420)
[2026-08-26 20:42:53] WARN: lock file ค้างจาก pid=29020 (ตายไปแล้ว) — เคลียร์แล้วรันต่อ
[2026-08-26 20:42:54] Supervisor started (profile='demo-exness-416273786', stale=180 s, check=30 s, grace=90 s, python='C:\Users\Copter\AppData\Local\hermes\hermes-agent\venv\Scripts\python.exe')
[2026-08-26 20:42:54] Launching: C:\Users\Copter\AppData\Local\hermes\hermes-agent\venv\Scripts\python.exe main.py
[2026-08-26 20:42:54] main.py running (pid=38392)
[2026-08-27 08:56:50] WARN: lock file ค้างจาก pid=47716 (ตายไปแล้ว) — เคลียร์แล้วรันต่อ
[2026-08-27 08:56:51] Supervisor started (profile='demo-exness-416273786', stale=180 s, check=30 s, grace=90 s, python='C:\Users\Copter\AppData\Local\hermes\hermes-agent\venv\Scripts\python.exe')
[2026-08-27 08:56:51] Launching: C:\Users\Copter\AppData\Local\hermes\hermes-agent\venv\Scripts\python.exe main.py
[2026-08-27 08:56:51] main.py running (pid=34736)
[2026-08-27 10:16:37] WARN: lock file ค้างจาก pid=34008 (ตายไปแล้ว) — เคลียร์แล้วรันต่อ
[2026-08-27 10:16:40] Supervisor started (profile='demo-exness-416273786', stale=180 s, check=30 s, grace=90 s, python='C:\Users\Copter\AppData\Local\hermes\hermes-agent\venv\Scripts\python.exe')
[2026-08-27 10:16:40] Launching: C:\Users\Copter\AppData\Local\hermes\hermes-agent\venv\Scripts\python.exe main.py
[2026-08-27 10:16:40] main.py running (pid=36188)
[2026-08-27 11:19:48] WARN: lock file ค้างจาก pid=32588 (ตายไปแล้ว) — เคลียร์แล้วรันต่อ
[2026-08-27 11:19:49] Supervisor started (profile='demo-exness-416273786', stale=180 s, check=30 s, grace=90 s, python='C:\Users\Copter\AppData\Local\hermes\hermes-agent\venv\Scripts\python.exe')
[2026-08-27 11:19:49] Launching: C:\Users\Copter\AppData\Local\hermes\hermes-agent\venv\Scripts\python.exe main.py
[2026-08-27 11:19:49] main.py running (pid=49056)
[2026-08-28 09:00:18] WARN: lock file ค้างจาก pid=52312 (ตายไปแล้ว) — เคลียร์แล้วรันต่อ
[2026-08-28 09:00:21] Supervisor started (profile='demo-exness-416273786', stale=180 s, check=30 s, grace=90 s, python='C:\Users\Copter\AppData\Local\hermes\hermes-agent\venv\Scripts\python.exe')
[2026-08-28 09:00:21] Launching: C:\Users\Copter\AppData\Local\hermes\hermes-agent\venv\Scripts\python.exe main.py
[2026-08-28 09:00:22] main.py running (pid=33648)
[2026-08-28 13:40:27] WARN: lock file ค้างจาก pid=32636 (ตายไปแล้ว) — เคลียร์แล้วรันต่อ
[2026-08-28 13:40:28] Supervisor started (profile='demo-exness-416273786', stale=180 s, check=30 s, grace=90 s, python='C:\Users\Copter\AppData\Local\hermes\hermes-agent\venv\Scripts\python.exe')
[2026-08-28 13:40:28] Launching: C:\Users\Copter\AppData\Local\hermes\hermes-agent\venv\Scripts\python.exe main.py
[2026-08-28 13:40:28] main.py running (pid=12960)
[2026-08-28 22:38:07] WARN: lock file ค้างจาก pid=40216 (ตายไปแล้ว) — เคลียร์แล้วรันต่อ
[2026-08-28 22:38:08] Supervisor started (profile='demo-exness-416273786', stale=180 s, check=30 s, grace=90 s, python='C:\Users\Copter\AppData\Local\hermes\hermes-agent\venv\Scripts\python.exe')
[2026-08-28 22:38:08] Launching: C:\Users\Copter\AppData\Local\hermes\hermes-agent\venv\Scripts\python.exe main.py
[2026-08-28 22:38:08] main.py running (pid=2248)
[2026-08-30 20:53:18] WARN: lock file ค้างจาก pid=40168 (ตายไปแล้ว) — เคลียร์แล้วรันต่อ
[2026-08-30 20:53:19] Supervisor started (profile='demo-exness-416273786', stale=180 s, check=30 s, grace=90 s, python='C:\Users\Copter\AppData\Local\hermes\hermes-agent\venv\Scripts\python.exe')
[2026-08-30 20:53:19] Launching: C:\Users\Copter\AppData\Local\hermes\hermes-agent\venv\Scripts\python.exe main.py
[2026-08-30 20:53:19] main.py running (pid=32452)
[2026-08-30 21:09:25] WARN: lock file ค้างจาก pid=30876 (ตายไปแล้ว) — เคลียร์แล้วรันต่อ
[2026-08-30 21:09:26] Supervisor started (profile='demo-exness-416273786', stale=180 s, check=30 s, grace=90 s, python='C:\Users\Copter\AppData\Local\hermes\hermes-agent\venv\Scripts\python.exe')
[2026-08-30 21:09:26] Launching: C:\Users\Copter\AppData\Local\hermes\hermes-agent\venv\Scripts\python.exe main.py
[2026-08-30 21:09:26] main.py running (pid=2324)
[2026-08-30 23:14:25] WARN: lock file ค้างจาก pid=33244 (ตายไปแล้ว) — เคลียร์แล้วรันต่อ
[2026-08-30 23:14:26] Supervisor started (profile='demo-exness-416273786', stale=180 s, check=30 s, grace=90 s, python='C:\Users\Copter\AppData\Local\hermes\hermes-agent\venv\Scripts\python.exe')
[2026-08-30 23:14:26] Launching: C:\Users\Copter\AppData\Local\hermes\hermes-agent\venv\Scripts\python.exe main.py
[2026-08-30 23:14:26] main.py running (pid=30364)
[2026-08-31 09:00:15] WARN: lock file ค้างจาก pid=11832 (ตายไปแล้ว) — เคลียร์แล้วรันต่อ
[2026-08-31 09:00:16] Supervisor started (profile='demo-exness-416273786', stale=180 s, check=30 s, grace=90 s, python='C:\Users\Copter\AppData\Local\hermes\hermes-agent\venv\Scripts\python.exe')
[2026-08-31 09:00:17] Launching: C:\Users\Copter\AppData\Local\hermes\hermes-agent\venv\Scripts\python.exe main.py
[2026-08-31 09:00:17] main.py running (pid=32288)
[2026-08-31 09:29:17] WARN: lock file ค้างจาก pid=3180 (ตายไปแล้ว) — เคลียร์แล้วรันต่อ
[2026-08-31 09:29:18] Supervisor started (profile='demo-exness-416273786', stale=180 s, check=30 s, grace=90 s, python='C:\Users\Copter\AppData\Local\hermes\hermes-agent\venv\Scripts\python.exe')
[2026-08-31 09:29:18] Launching: C:\Users\Copter\AppData\Local\hermes\hermes-agent\venv\Scripts\python.exe main.py
[2026-08-31 09:29:18] main.py running (pid=29516)
[2026-08-31 09:39:01] WARN: lock file ค้างจาก pid=10668 (ตายไปแล้ว) — เคลียร์แล้วรันต่อ
[2026-08-31 09:39:03] Supervisor started (profile='demo-exness-416273786', stale=180 s, check=30 s, grace=90 s, python='C:\Users\Copter\AppData\Local\hermes\hermes-agent\venv\Scripts\python.exe')
[2026-08-31 09:39:03] Launching: C:\Users\Copter\AppData\Local\hermes\hermes-agent\venv\Scripts\python.exe main.py
[2026-08-31 09:39:03] main.py running (pid=28148)
[2026-08-31 17:26:26] WARN: lock file ค้างจาก pid=32148 (ตายไปแล้ว) — เคลียร์แล้วรันต่อ
[2026-08-31 17:26:27] Supervisor started (profile='demo-exness-416273786', stale=180 s, check=30 s, grace=90 s, python='C:\Users\Copter\AppData\Local\hermes\hermes-agent\venv\Scripts\python.exe')
[2026-08-31 17:26:27] Launching: C:\Users\Copter\AppData\Local\hermes\hermes-agent\venv\Scripts\python.exe main.py
[2026-08-31 17:26:27] main.py running (pid=42216)
[2026-08-31 17:41:27] WARN: lock file ค้างจาก pid=35280 (ตายไปแล้ว) — เคลียร์แล้วรันต่อ
[2026-08-31 17:41:29] Supervisor started (profile='demo-exness-416273786', stale=180 s, check=30 s, grace=90 s, python='C:\Users\Copter\AppData\Local\hermes\hermes-agent\venv\Scripts\python.exe')
[2026-08-31 17:41:29] Launching: C:\Users\Copter\AppData\Local\hermes\hermes-agent\venv\Scripts\python.exe main.py
[2026-08-31 17:41:29] main.py running (pid=49456)
[2026-08-31 22:19:35] WARN: lock file ค้างจาก pid=47716 (ตายไปแล้ว) — เคลียร์แล้วรันต่อ
[2026-08-31 22:19:36] Supervisor started (profile='demo-exness-416273786', stale=180 s, check=30 s, grace=90 s, python='C:\Users\Copter\AppData\Local\hermes\hermes-agent\venv\Scripts\python.exe')
[2026-08-31 22:19:36] Launching: C:\Users\Copter\AppData\Local\hermes\hermes-agent\venv\Scripts\python.exe main.py
[2026-08-31 22:19:36] main.py running (pid=48248)
[2026-08-31 22:29:23] WARN: lock file ค้างจาก pid=39156 (ตายไปแล้ว) — เคลียร์แล้วรันต่อ
[2026-08-31 22:29:24] Supervisor started (profile='demo-exness-416273786', stale=180 s, check=30 s, grace=90 s, python='C:\Users\Copter\AppData\Local\hermes\hermes-agent\venv\Scripts\python.exe')
[2026-08-31 22:29:24] Launching: C:\Users\Copter\AppData\Local\hermes\hermes-agent\venv\Scripts\python.exe main.py
[2026-08-31 22:29:24] main.py running (pid=33508)
[2026-09-01 08:57:37] WARN: lock file ค้างจาก pid=42268 (ตายไปแล้ว) — เคลียร์แล้วรันต่อ
[2026-09-01 08:57:39] Supervisor started (profile='demo-exness-416273786', stale=180 s, check=30 s, grace=90 s, python='C:\Users\Copter\AppData\Local\hermes\hermes-agent\venv\Scripts\python.exe')
[2026-09-01 08:57:39] Launching: C:\Users\Copter\AppData\Local\hermes\hermes-agent\venv\Scripts\python.exe main.py
[2026-09-01 08:57:39] main.py running (pid=35932)
[2026-09-01 18:02:31] WARN: lock file ค้างจาก pid=26528 (ตายไปแล้ว) — เคลียร์แล้วรันต่อ
[2026-09-01 18:02:35] Supervisor started (profile='demo-exness-416273786', stale=180 s, check=30 s, grace=90 s, python='C:\Users\Copter\AppData\Local\hermes\hermes-agent\venv\Scripts\python.exe')
[2026-09-01 18:02:35] Launching: C:\Users\Copter\AppData\Local\hermes\hermes-agent\venv\Scripts\python.exe main.py
[2026-09-01 18:02:35] main.py running (pid=12176)
[2026-09-01 20:12:50] WARN: lock file ค้างจาก pid=25928 (ตายไปแล้ว) — เคลียร์แล้วรันต่อ
[2026-09-01 20:12:51] Supervisor started (profile='demo-exness-416273786', stale=180 s, check=30 s, grace=90 s, python='C:\Users\Copter\AppData\Local\hermes\hermes-agent\venv\Scripts\python.exe')
[2026-09-01 20:12:51] Launching: C:\Users\Copter\AppData\Local\hermes\hermes-agent\venv\Scripts\python.exe main.py
[2026-09-01 20:12:51] main.py running (pid=26320)
[2026-09-01 20:26:45] WARN: lock file ค้างจาก pid=45632 (ตายไปแล้ว) — เคลียร์แล้วรันต่อ
[2026-09-01 20:26:46] Supervisor started (profile='demo-exness-416273786', stale=180 s, check=30 s, grace=90 s, python='C:\Users\Copter\AppData\Local\hermes\hermes-agent\venv\Scripts\python.exe')
[2026-09-01 20:26:46] Launching: C:\Users\Copter\AppData\Local\hermes\hermes-agent\venv\Scripts\python.exe main.py
[2026-09-01 20:26:46] main.py running (pid=50116)
[2026-09-01 22:02:28] WARN: lock file ค้างจาก pid=25920 (ตายไปแล้ว) — เคลียร์แล้วรันต่อ
[2026-09-01 22:02:29] Supervisor started (profile='demo-exness-416273786', stale=180 s, check=30 s, grace=90 s, python='C:\Users\Copter\AppData\Local\hermes\hermes-agent\venv\Scripts\python.exe')
[2026-09-01 22:02:29] Launching: C:\Users\Copter\AppData\Local\hermes\hermes-agent\venv\Scripts\python.exe main.py
[2026-09-01 22:02:29] main.py running (pid=48812)
[2026-09-02 08:58:25] WARN: lock file ค้างจาก pid=25516 (ตายไปแล้ว) — เคลียร์แล้วรันต่อ
[2026-09-02 08:58:29] Supervisor started (profile='demo-exness-416273786', stale=180 s, check=30 s, grace=90 s, python='C:\Users\Copter\AppData\Local\hermes\hermes-agent\venv\Scripts\python.exe')
[2026-09-02 08:58:29] Launching: C:\Users\Copter\AppData\Local\hermes\hermes-agent\venv\Scripts\python.exe main.py
[2026-09-02 08:58:29] main.py running (pid=30712)
[2026-09-02 10:58:43] WARN: lock file ค้างจาก pid=29792 (ตายไปแล้ว) — เคลียร์แล้วรันต่อ
[2026-09-02 10:58:45] Supervisor started (profile='demo-exness-416273786', stale=180 s, check=30 s, grace=90 s, python='C:\Users\Copter\AppData\Local\hermes\hermes-agent\venv\Scripts\python.exe')
[2026-09-02 10:58:45] Launching: C:\Users\Copter\AppData\Local\hermes\hermes-agent\venv\Scripts\python.exe main.py
[2026-09-02 10:58:45] main.py running (pid=36072)
[2026-09-02 14:41:40] WARN: lock file ค้างจาก pid=32484 (ตายไปแล้ว) — เคลียร์แล้วรันต่อ
[2026-09-02 14:41:41] Supervisor started (profile='demo-exness-416273786', stale=180 s, check=30 s, grace=90 s, python='C:\Users\Copter\AppData\Local\hermes\hermes-agent\venv\Scripts\python.exe')
[2026-09-02 14:41:41] Launching: C:\Users\Copter\AppData\Local\hermes\hermes-agent\venv\Scripts\python.exe main.py
[2026-09-02 14:41:41] main.py running (pid=38748)
[2026-09-03 09:07:54] WARN: lock file ค้างจาก pid=45016 (ตายไปแล้ว) — เคลียร์แล้วรันต่อ
[2026-09-03 09:07:55] Supervisor started (profile='demo-exness-416273786', stale=180 s, check=30 s, grace=90 s, python='C:\Users\Copter\AppData\Local\hermes\hermes-agent\venv\Scripts\python.exe')
[2026-09-03 09:07:55] Launching: C:\Users\Copter\AppData\Local\hermes\hermes-agent\venv\Scripts\python.exe main.py
[2026-09-03 09:07:55] main.py running (pid=34316)
[2026-09-04 08:57:13] WARN: lock file ค้างจาก pid=33936 (ตายไปแล้ว) — เคลียร์แล้วรันต่อ
[2026-09-04 08:57:15] Supervisor started (profile='demo-exness-416273786', stale=180 s, check=30 s, grace=90 s, python='C:\Users\Copter\AppData\Local\hermes\hermes-agent\venv\Scripts\python.exe')
[2026-09-04 08:57:15] Launching: C:\Users\Copter\AppData\Local\hermes\hermes-agent\venv\Scripts\python.exe main.py
[2026-09-04 08:57:15] main.py running (pid=29320)
[2026-09-04 12:51:08] WARN: lock file ค้างจาก pid=30264 (ตายไปแล้ว) — เคลียร์แล้วรันต่อ
[2026-09-04 12:51:09] Supervisor started (profile='demo-exness-416273786', stale=180 s, check=30 s, grace=90 s, python='C:\Users\Copter\AppData\Local\hermes\hermes-agent\venv\Scripts\python.exe')
[2026-09-04 12:51:09] Launching: C:\Users\Copter\AppData\Local\hermes\hermes-agent\venv\Scripts\python.exe main.py
[2026-09-04 12:51:09] main.py running (pid=43912)
[2026-09-04 13:21:10] main.py exited (code=) -> restart
[2026-09-04 13:21:10] Restarting in 5 s ...
[2026-09-04 13:21:15] Launching: C:\Users\Copter\AppData\Local\hermes\hermes-agent\venv\Scripts\python.exe main.py
[2026-09-04 13:21:15] main.py running (pid=30844)
[2026-09-04 13:37:45] main.py exited (code=) -> restart
[2026-09-04 13:37:45] Restarting in 5 s ...
[2026-09-04 13:37:50] Launching: C:\Users\Copter\AppData\Local\hermes\hermes-agent\venv\Scripts\python.exe main.py
[2026-09-04 13:37:50] main.py running (pid=29012)
[2026-09-04 17:21:56] WARN: lock file ค้างจาก pid=16816 (ตายไปแล้ว) — เคลียร์แล้วรันต่อ
[2026-09-04 17:21:57] Supervisor started (profile='demo-exness-416273786', stale=180 s, check=30 s, grace=90 s, python='C:\Users\Copter\AppData\Local\hermes\hermes-agent\venv\Scripts\python.exe')
[2026-09-04 17:21:57] Launching: C:\Users\Copter\AppData\Local\hermes\hermes-agent\venv\Scripts\python.exe main.py
[2026-09-04 17:21:57] main.py running (pid=1476)
[2026-09-04 18:03:54] WARN: lock file ค้างจาก pid=49228 (ตายไปแล้ว) — เคลียร์แล้วรันต่อ
[2026-09-04 18:03:56] Supervisor started (profile='demo-exness-416273786', stale=180 s, check=30 s, grace=90 s, python='C:\Users\Copter\AppData\Local\hermes\hermes-agent\venv\Scripts\python.exe')
[2026-09-04 18:03:56] Launching: C:\Users\Copter\AppData\Local\hermes\hermes-agent\venv\Scripts\python.exe main.py
[2026-09-04 18:03:56] main.py running (pid=22732)
[2026-09-04 20:19:09] WARN: lock file ค้างจาก pid=16232 (ตายไปแล้ว) — เคลียร์แล้วรันต่อ
[2026-09-04 20:19:11] Supervisor started (profile='demo-exness-416273786', stale=180 s, check=30 s, grace=90 s, python='C:\Users\Copter\AppData\Local\hermes\hermes-agent\venv\Scripts\python.exe')
[2026-09-04 20:19:11] Launching: C:\Users\Copter\AppData\Local\hermes\hermes-agent\venv\Scripts\python.exe main.py
[2026-09-04 20:19:11] main.py running (pid=47388)
[2026-09-06 22:33:54] WARN: lock file ค้างจาก pid=36108 (ตายไปแล้ว) — เคลียร์แล้วรันต่อ
[2026-09-06 22:33:55] Supervisor started (profile='demo-exness-416273786', stale=180 s, check=30 s, grace=90 s, python='C:\Users\Copter\AppData\Local\hermes\hermes-agent\venv\Scripts\python.exe')
[2026-09-06 22:33:55] Launching: C:\Users\Copter\AppData\Local\hermes\hermes-agent\venv\Scripts\python.exe main.py
[2026-09-06 22:33:55] main.py running (pid=31764)
[2026-09-07 09:02:58] WARN: lock file ค้างจาก pid=31856 (ตายไปแล้ว) — เคลียร์แล้วรันต่อ
[2026-09-07 09:02:59] Supervisor started (profile='demo-exness-416273786', stale=180 s, check=30 s, grace=90 s, python='C:\Users\Copter\AppData\Local\hermes\hermes-agent\venv\Scripts\python.exe')
[2026-09-07 09:02:59] Launching: C:\Users\Copter\AppData\Local\hermes\hermes-agent\venv\Scripts\python.exe main.py
[2026-09-07 09:02:59] main.py running (pid=34684)
[2026-09-08 08:59:49] WARN: lock file ค้างจาก pid=32260 (ตายไปแล้ว) — เคลียร์แล้วรันต่อ
[2026-09-08 08:59:50] Supervisor started (profile='demo-exness-416273786', stale=180 s, check=30 s, grace=90 s, python='C:\Users\Copter\AppData\Local\hermes\hermes-agent\venv\Scripts\python.exe')
[2026-09-08 08:59:50] Launching: C:\Users\Copter\AppData\Local\hermes\hermes-agent\venv\Scripts\python.exe main.py
[2026-09-08 08:59:50] main.py running (pid=33076)
[2026-09-08 17:40:29] WARN: lock file ค้างจาก pid=31948 (ตายไปแล้ว) — เคลียร์แล้วรันต่อ
[2026-09-08 17:40:30] Supervisor started (profile='demo-exness-416273786', stale=180 s, check=30 s, grace=90 s, python='C:\Users\Copter\AppData\Local\hermes\hermes-agent\venv\Scripts\python.exe')
[2026-09-08 17:40:30] Launching: C:\Users\Copter\AppData\Local\hermes\hermes-agent\venv\Scripts\python.exe main.py
[2026-09-08 17:40:30] main.py running (pid=31300)
[2026-09-08 18:15:08] WARN: lock file ค้างจาก pid=36996 (ตายไปแล้ว) — เคลียร์แล้วรันต่อ
[2026-09-08 18:15:08] Supervisor started (profile='demo-exness-416273786', stale=180 s, check=30 s, grace=90 s, python='C:\Users\Copter\AppData\Local\hermes\hermes-agent\venv\Scripts\python.exe')
[2026-09-08 18:15:08] Launching: C:\Users\Copter\AppData\Local\hermes\hermes-agent\venv\Scripts\python.exe main.py
[2026-09-08 18:15:08] main.py running (pid=39752)
[2026-09-08 22:36:46] WARN: lock file ค้างจาก pid=27800 (ตายไปแล้ว) — เคลียร์แล้วรันต่อ
[2026-09-08 22:36:50] Supervisor started (profile='demo-exness-416273786', stale=180 s, check=30 s, grace=90 s, python='C:\Users\Copter\AppData\Local\hermes\hermes-agent\venv\Scripts\python.exe')
[2026-09-08 22:36:50] Launching: C:\Users\Copter\AppData\Local\hermes\hermes-agent\venv\Scripts\python.exe main.py
[2026-09-08 22:36:50] main.py running (pid=40752)
[2026-09-08 23:18:33] WARN: lock file ค้างจาก pid=20532 (ตายไปแล้ว) — เคลียร์แล้วรันต่อ
[2026-09-08 23:18:34] Supervisor started (profile='demo-exness-416273786', stale=180 s, check=30 s, grace=90 s, python='C:\Users\Copter\AppData\Local\hermes\hermes-agent\venv\Scripts\python.exe')
[2026-09-08 23:18:34] Launching: C:\Users\Copter\AppData\Local\hermes\hermes-agent\venv\Scripts\python.exe main.py
[2026-09-08 23:18:34] main.py running (pid=50028)
[2026-09-09 09:00:30] WARN: lock file ค้างจาก pid=21120 (ตายไปแล้ว) — เคลียร์แล้วรันต่อ
[2026-09-09 09:00:32] Supervisor started (profile='demo-exness-416273786', stale=180 s, check=30 s, grace=90 s, python='C:\Users\Copter\AppData\Local\hermes\hermes-agent\venv\Scripts\python.exe')
[2026-09-09 09:00:32] Launching: C:\Users\Copter\AppData\Local\hermes\hermes-agent\venv\Scripts\python.exe main.py
[2026-09-09 09:00:32] main.py running (pid=30964)
[2026-09-09 14:13:14] WARN: lock file ค้างจาก pid=31664 (ตายไปแล้ว) — เคลียร์แล้วรันต่อ
[2026-09-09 14:13:16] Supervisor started (profile='demo-exness-416273786', stale=180 s, check=30 s, grace=90 s, python='C:\Users\Copter\AppData\Local\hermes\hermes-agent\venv\Scripts\python.exe')
[2026-09-09 14:13:16] Launching: C:\Users\Copter\AppData\Local\hermes\hermes-agent\venv\Scripts\python.exe main.py
[2026-09-09 14:13:16] main.py running (pid=9048)
[2026-09-09 15:03:47] WARN: lock file ค้างจาก pid=33772 (ตายไปแล้ว) — เคลียร์แล้วรันต่อ
[2026-09-09 15:03:49] Supervisor started (profile='demo-exness-416273786', stale=180 s, check=30 s, grace=90 s, python='C:\Users\Copter\AppData\Local\hermes\hermes-agent\venv\Scripts\python.exe')
[2026-09-09 15:03:49] Launching: C:\Users\Copter\AppData\Local\hermes\hermes-agent\venv\Scripts\python.exe main.py
[2026-09-09 15:03:49] main.py running (pid=25872)
[2026-09-10 08:57:56] WARN: lock file ค้างจาก pid=19528 (ตายไปแล้ว) — เคลียร์แล้วรันต่อ
[2026-09-10 08:57:58] Supervisor started (profile='demo-exness-416273786', stale=180 s, check=30 s, grace=90 s, python='C:\Users\Copter\AppData\Local\hermes\hermes-agent\venv\Scripts\python.exe')
[2026-09-10 08:57:58] Launching: C:\Users\Copter\AppData\Local\hermes\hermes-agent\venv\Scripts\python.exe main.py
[2026-09-10 08:57:58] main.py running (pid=30904)
[2026-09-10 10:56:42] WARN: lock file ค้างจาก pid=31528 (ตายไปแล้ว) — เคลียร์แล้วรันต่อ
[2026-09-10 10:56:44] Supervisor started (profile='demo-exness-416273786', stale=180 s, check=30 s, grace=90 s, python='C:\Users\Copter\AppData\Local\hermes\hermes-agent\venv\Scripts\python.exe')
[2026-09-10 10:56:44] Launching: C:\Users\Copter\AppData\Local\hermes\hermes-agent\venv\Scripts\python.exe main.py
[2026-09-10 10:56:44] main.py running (pid=40636)
[2026-09-10 17:35:13] WARN: lock file ค้างจาก pid=40768 (ตายไปแล้ว) — เคลียร์แล้วรันต่อ
[2026-09-10 17:35:16] Supervisor started (profile='demo-exness-416273786', stale=180 s, check=30 s, grace=90 s, python='C:\Users\Copter\AppData\Local\hermes\hermes-agent\venv\Scripts\python.exe')
[2026-09-10 17:35:16] Launching: C:\Users\Copter\AppData\Local\hermes\hermes-agent\venv\Scripts\python.exe main.py
[2026-09-10 17:35:16] main.py running (pid=36256)
[2026-09-11 08:24:00] WARN: lock file ค้างจาก pid=35804 (ตายไปแล้ว) — เคลียร์แล้วรันต่อ
[2026-09-11 08:24:01] Supervisor started (profile='demo-exness-416273786', stale=180 s, check=30 s, grace=90 s, python='C:\Users\Copter\AppData\Local\hermes\hermes-agent\venv\Scripts\python.exe')
[2026-09-11 08:24:01] Launching: C:\Users\Copter\AppData\Local\hermes\hermes-agent\venv\Scripts\python.exe main.py
[2026-09-11 08:24:01] main.py running (pid=4132)
[2026-09-13 23:09:30] WARN: lock file ค้างจาก pid=31968 (ตายไปแล้ว) — เคลียร์แล้วรันต่อ
[2026-09-13 23:09:32] Supervisor started (profile='demo-exness-416273786', stale=180 s, check=30 s, grace=90 s, python='C:\Users\Copter\AppData\Local\hermes\hermes-agent\venv\Scripts\python.exe')
[2026-09-13 23:09:32] Launching: C:\Users\Copter\AppData\Local\hermes\hermes-agent\venv\Scripts\python.exe main.py
[2026-09-13 23:09:32] main.py running (pid=484)
[2026-09-14 08:59:09] WARN: lock file ค้างจาก pid=33004 (ตายไปแล้ว) — เคลียร์แล้วรันต่อ
[2026-09-14 08:59:10] Supervisor started (profile='demo-exness-416273786', stale=180 s, check=30 s, grace=90 s, python='C:\Users\Copter\AppData\Local\hermes\hermes-agent\venv\Scripts\python.exe')
[2026-09-14 08:59:10] Launching: C:\Users\Copter\AppData\Local\hermes\hermes-agent\venv\Scripts\python.exe main.py
[2026-09-14 08:59:10] main.py running (pid=32032)
[2026-09-14 17:57:11] WARN: lock file ค้างจาก pid=31348 (ตายไปแล้ว) — เคลียร์แล้วรันต่อ
[2026-09-14 17:57:15] Supervisor started (profile='demo-exness-416273786', stale=180 s, check=30 s, grace=90 s, python='C:\Users\Copter\AppData\Local\hermes\hermes-agent\venv\Scripts\python.exe')
[2026-09-14 17:57:15] Launching: C:\Users\Copter\AppData\Local\hermes\hermes-agent\venv\Scripts\python.exe main.py
[2026-09-14 17:57:15] main.py running (pid=76640)
[2026-09-14 17:58:45] WARN: heartbeat missing/unreadable (up=90s) — wait next cycle
[2026-09-14 22:05:29] WARN: lock file ค้างจาก pid=32628 (ตายไปแล้ว) — เคลียร์แล้วรันต่อ
[2026-09-14 22:05:30] Supervisor started (profile='demo-exness-416273786', stale=180 s, check=30 s, grace=90 s, python='C:\Users\Copter\AppData\Local\hermes\hermes-agent\venv\Scripts\python.exe')
[2026-09-14 22:05:30] Launching: C:\Users\Copter\AppData\Local\hermes\hermes-agent\venv\Scripts\python.exe main.py
[2026-09-14 22:05:31] main.py running (pid=76908)
[2026-09-15 09:08:05] WARN: lock file ค้างจาก pid=62428 (ตายไปแล้ว) — เคลียร์แล้วรันต่อ
[2026-09-15 09:08:06] Supervisor started (profile='demo-exness-416273786', stale=180 s, check=30 s, grace=90 s, python='C:\Users\Copter\AppData\Local\hermes\hermes-agent\venv\Scripts\python.exe')
[2026-09-15 09:08:06] Launching: C:\Users\Copter\AppData\Local\hermes\hermes-agent\venv\Scripts\python.exe main.py
[2026-09-15 09:08:06] main.py running (pid=35120)
[2026-09-15 10:42:18] WARN: lock file ค้างจาก pid=25176 (ตายไปแล้ว) — เคลียร์แล้วรันต่อ
[2026-09-15 10:42:19] Supervisor started (profile='demo-exness-416273786', stale=180 s, check=30 s, grace=90 s, python='C:\Users\Copter\AppData\Local\hermes\hermes-agent\venv\Scripts\python.exe')
[2026-09-15 10:42:19] Launching: C:\Users\Copter\AppData\Local\hermes\hermes-agent\venv\Scripts\python.exe main.py
[2026-09-15 10:42:19] main.py running (pid=37092)
[2026-09-15 12:05:43] WARN: lock file ค้างจาก pid=52984 (ตายไปแล้ว) — เคลียร์แล้วรันต่อ
[2026-09-15 12:05:44] Supervisor started (profile='demo-exness-416273786', stale=180 s, check=30 s, grace=90 s, python='C:\Users\Copter\AppData\Local\hermes\hermes-agent\venv\Scripts\python.exe')
[2026-09-15 12:05:44] Launching: C:\Users\Copter\AppData\Local\hermes\hermes-agent\venv\Scripts\python.exe main.py
[2026-09-15 12:05:44] main.py running (pid=55932)
[2026-09-15 14:42:20] WARN: lock file ค้างจาก pid=9112 (ตายไปแล้ว) — เคลียร์แล้วรันต่อ
[2026-09-15 14:42:21] Supervisor started (profile='demo-exness-416273786', stale=180 s, check=30 s, grace=90 s, python='C:\Users\Copter\AppData\Local\hermes\hermes-agent\venv\Scripts\python.exe')
[2026-09-15 14:42:21] Launching: C:\Users\Copter\AppData\Local\hermes\hermes-agent\venv\Scripts\python.exe main.py
[2026-09-15 14:42:21] main.py running (pid=32928)
[2026-09-15 16:31:59] WARN: lock file ค้างจาก pid=63288 (ตายไปแล้ว) — เคลียร์แล้วรันต่อ
[2026-09-15 16:32:01] Supervisor started (profile='demo-exness-416273786', stale=180 s, check=30 s, grace=90 s, python='C:\Users\Copter\AppData\Local\hermes\hermes-agent\venv\Scripts\python.exe')
[2026-09-15 16:32:01] Launching: C:\Users\Copter\AppData\Local\hermes\hermes-agent\venv\Scripts\python.exe main.py
[2026-09-15 16:32:01] main.py running (pid=51680)
[2026-09-15 20:39:49] WARN: lock file ค้างจาก pid=61716 (ตายไปแล้ว) — เคลียร์แล้วรันต่อ
[2026-09-15 20:39:49] Supervisor started (profile='demo-exness-416273786', stale=180 s, check=30 s, grace=90 s, python='C:\Users\Copter\AppData\Local\hermes\hermes-agent\venv\Scripts\python.exe')
[2026-09-15 20:39:49] Launching: C:\Users\Copter\AppData\Local\hermes\hermes-agent\venv\Scripts\python.exe main.py
[2026-09-15 20:39:49] main.py running (pid=52780)
[2026-09-16 08:52:13] WARN: lock file ค้างจาก pid=59396 (ตายไปแล้ว) — เคลียร์แล้วรันต่อ
[2026-09-16 08:52:16] Supervisor started (profile='demo-exness-416273786', stale=180 s, check=30 s, grace=90 s, python='C:\Users\Copter\AppData\Local\hermes\hermes-agent\venv\Scripts\python.exe')
[2026-09-16 08:52:16] Launching: C:\Users\Copter\AppData\Local\hermes\hermes-agent\venv\Scripts\python.exe main.py
[2026-09-16 08:52:16] main.py running (pid=35464)
[2026-09-16 10:25:45] WARN: lock file ค้างจาก pid=34268 (ตายไปแล้ว) — เคลียร์แล้วรันต่อ
[2026-09-16 10:25:45] Supervisor started (profile='demo-exness-416273786', stale=180 s, check=30 s, grace=90 s, python='C:\Users\Copter\AppData\Local\hermes\hermes-agent\venv\Scripts\python.exe')
[2026-09-16 10:25:45] Launching: C:\Users\Copter\AppData\Local\hermes\hermes-agent\venv\Scripts\python.exe main.py
[2026-09-16 10:25:45] main.py running (pid=41968)
[2026-09-16 11:17:37] WARN: lock file ค้างจาก pid=35020 (ตายไปแล้ว) — เคลียร์แล้วรันต่อ
[2026-09-16 11:17:37] Supervisor started (profile='demo-exness-416273786', stale=180 s, check=30 s, grace=90 s, python='C:\Users\Copter\AppData\Local\hermes\hermes-agent\venv\Scripts\python.exe')
[2026-09-16 11:17:37] Launching: C:\Users\Copter\AppData\Local\hermes\hermes-agent\venv\Scripts\python.exe main.py
[2026-09-16 11:17:37] main.py running (pid=47492)
[2026-09-16 20:39:33] WARN: lock file ค้างจาก pid=39556 (ตายไปแล้ว) — เคลียร์แล้วรันต่อ
[2026-09-16 20:39:35] Supervisor started (profile='demo-exness-416273786', stale=180 s, check=30 s, grace=90 s, python='C:\Users\Copter\AppData\Local\hermes\hermes-agent\venv\Scripts\python.exe')
[2026-09-16 20:39:35] Launching: C:\Users\Copter\AppData\Local\hermes\hermes-agent\venv\Scripts\python.exe main.py
[2026-09-16 20:39:35] main.py running (pid=47928)
[2026-09-16 21:05:48] WARN: lock file ค้างจาก pid=43236 (ตายไปแล้ว) — เคลียร์แล้วรันต่อ
[2026-09-16 21:05:50] Supervisor started (profile='demo-exness-416273786', stale=180 s, check=30 s, grace=90 s, python='C:\Users\Copter\AppData\Local\hermes\hermes-agent\venv\Scripts\python.exe')
[2026-09-16 21:05:50] Launching: C:\Users\Copter\AppData\Local\hermes\hermes-agent\venv\Scripts\python.exe main.py
[2026-09-16 21:05:50] main.py running (pid=47244)
[2026-09-17 08:55:55] WARN: lock file ค้างจาก pid=35292 (ตายไปแล้ว) — เคลียร์แล้วรันต่อ
[2026-09-17 08:55:57] Supervisor started (profile='demo-exness-416273786', stale=180 s, check=30 s, grace=90 s, python='C:\Users\Copter\AppData\Local\hermes\hermes-agent\venv\Scripts\python.exe')
[2026-09-17 08:55:57] Launching: C:\Users\Copter\AppData\Local\hermes\hermes-agent\venv\Scripts\python.exe main.py
[2026-09-17 08:55:57] main.py running (pid=37112)
[2026-09-17 10:04:41] WARN: lock file ค้างจาก pid=36156 (ตายไปแล้ว) — เคลียร์แล้วรันต่อ
[2026-09-17 10:04:42] Supervisor started (profile='demo-exness-416273786', stale=180 s, check=30 s, grace=90 s, python='C:\Users\Copter\AppData\Local\hermes\hermes-agent\venv\Scripts\python.exe')
[2026-09-17 10:04:42] Launching: C:\Users\Copter\AppData\Local\hermes\hermes-agent\venv\Scripts\python.exe main.py
[2026-09-17 10:04:43] main.py running (pid=23756)
[2026-09-17 10:36:35] WARN: lock file ค้างจาก pid=2660 (ตายไปแล้ว) — เคลียร์แล้วรันต่อ
[2026-09-17 10:36:36] Supervisor started (profile='demo-exness-416273786', stale=180 s, check=30 s, grace=90 s, python='C:\Users\Copter\AppData\Local\hermes\hermes-agent\venv\Scripts\python.exe')
[2026-09-17 10:36:36] Launching: C:\Users\Copter\AppData\Local\hermes\hermes-agent\venv\Scripts\python.exe main.py
[2026-09-17 10:36:36] main.py running (pid=49620)
[2026-09-17 15:51:18] WARN: lock file ค้างจาก pid=42428 (ตายไปแล้ว) — เคลียร์แล้วรันต่อ
[2026-09-17 15:51:19] Supervisor started (profile='demo-exness-416273786', stale=180 s, check=30 s, grace=90 s, python='C:\Users\Copter\AppData\Local\hermes\hermes-agent\venv\Scripts\python.exe')
[2026-09-17 15:51:19] Launching: C:\Users\Copter\AppData\Local\hermes\hermes-agent\venv\Scripts\python.exe main.py
[2026-09-17 15:51:19] main.py running (pid=47752)
[2026-09-17 17:26:35] WARN: lock file ค้างจาก pid=32900 (ตายไปแล้ว) — เคลียร์แล้วรันต่อ
[2026-09-17 17:26:36] Supervisor started (profile='demo-exness-416273786', stale=180 s, check=30 s, grace=90 s, python='C:\Users\Copter\AppData\Local\hermes\hermes-agent\venv\Scripts\python.exe')
[2026-09-17 17:26:36] Launching: C:\Users\Copter\AppData\Local\hermes\hermes-agent\venv\Scripts\python.exe main.py
[2026-09-17 17:26:36] main.py running (pid=44004)
