[2026-07-16 23:31:14] Supervisor started (profile='demo-iux-2101114448', stale=180 s, check=30 s, grace=90 s, python='C:\Users\Copter\AppData\Local\hermes\hermes-agent\venv\Scripts\python.exe')
[2026-07-16 23:31:14] Launching: C:\Users\Copter\AppData\Local\hermes\hermes-agent\venv\Scripts\python.exe main.py
[2026-07-16 23:31:14] main.py running (pid=4576)
[2026-07-16 23:32:14] main.py exited (code=) -> restart
[2026-07-16 23:32:14] Restarting in 5 s ...
[2026-07-16 23:32:19] Launching: C:\Users\Copter\AppData\Local\hermes\hermes-agent\venv\Scripts\python.exe main.py
[2026-07-16 23:32:19] main.py running (pid=26188)
[2026-07-17 09:09:12] WARN: lock file ค้างจาก pid=4976 (ตายไปแล้ว) — เคลียร์แล้วรันต่อ
[2026-07-17 09:09:13] Supervisor started (profile='demo-iux-2101114448', stale=180 s, check=30 s, grace=90 s, python='C:\Users\Copter\AppData\Local\hermes\hermes-agent\venv\Scripts\python.exe')
[2026-07-17 09:09:13] Launching: C:\Users\Copter\AppData\Local\hermes\hermes-agent\venv\Scripts\python.exe main.py
[2026-07-17 09:09:13] main.py running (pid=14552)
[2026-07-17 12:32:37] WARN: lock file ค้างจาก pid=31076 (ตายไปแล้ว) — เคลียร์แล้วรันต่อ
[2026-07-17 12:32:38] Supervisor started (profile='demo-iux-2101114448', stale=180 s, check=30 s, grace=90 s, python='C:\Users\Copter\AppData\Local\hermes\hermes-agent\venv\Scripts\python.exe')
[2026-07-17 12:32:38] Launching: C:\Users\Copter\AppData\Local\hermes\hermes-agent\venv\Scripts\python.exe main.py
[2026-07-17 12:32:38] main.py running (pid=43788)
[2026-07-17 13:42:42] STALL: heartbeat age=196s > 180s (loop hang) -> kill pid=43788 + restart
[2026-07-17 13:42:42] Restarting in 5 s ...
[2026-07-17 13:42:48] Launching: C:\Users\Copter\AppData\Local\hermes\hermes-agent\venv\Scripts\python.exe main.py
[2026-07-17 13:42:48] main.py running (pid=51352)
[2026-07-17 13:46:49] STALL: heartbeat age=203s > 180s (loop hang) -> kill pid=51352 + restart
[2026-07-17 13:46:50] Restarting in 5 s ...
[2026-07-17 13:46:55] Launching: C:\Users\Copter\AppData\Local\hermes\hermes-agent\venv\Scripts\python.exe main.py
[2026-07-17 13:46:56] main.py running (pid=44932)
[2026-07-17 13:50:57] STALL: heartbeat age=208s > 180s (loop hang) -> kill pid=44932 + restart
[2026-07-17 13:50:59] Restarting in 5 s ...
[2026-07-17 13:51:04] Launching: C:\Users\Copter\AppData\Local\hermes\hermes-agent\venv\Scripts\python.exe main.py
[2026-07-17 13:51:04] main.py running (pid=57164)
[2026-07-17 14:02:08] main.py exited (code=) -> restart
[2026-07-17 14:02:08] Restarting in 5 s ...
[2026-07-17 14:02:14] Launching: C:\Users\Copter\AppData\Local\hermes\hermes-agent\venv\Scripts\python.exe main.py
[2026-07-17 14:02:14] main.py running (pid=56360)
[2026-07-17 14:06:46] STALL: heartbeat age=188s > 180s (loop hang) -> kill pid=56360 + restart
[2026-07-17 14:06:47] Restarting in 5 s ...
[2026-07-17 14:06:52] Launching: C:\Users\Copter\AppData\Local\hermes\hermes-agent\venv\Scripts\python.exe main.py
[2026-07-17 14:06:52] main.py running (pid=41108)
[2026-07-17 14:09:52] main.py exited (code=) -> restart
[2026-07-17 14:09:52] Restarting in 5 s ...
[2026-07-17 14:09:58] Launching: C:\Users\Copter\AppData\Local\hermes\hermes-agent\venv\Scripts\python.exe main.py
[2026-07-17 14:09:58] main.py running (pid=47480)
[2026-07-17 14:13:58] STALL: heartbeat age=210s > 180s (loop hang) -> kill pid=47480 + restart
[2026-07-17 14:13:59] Restarting in 5 s ...
[2026-07-17 14:14:05] Launching: C:\Users\Copter\AppData\Local\hermes\hermes-agent\venv\Scripts\python.exe main.py
[2026-07-17 14:14:05] main.py running (pid=50688)
[2026-07-17 18:34:17] WARN: lock file ค้างจาก pid=49680 (ตายไปแล้ว) — เคลียร์แล้วรันต่อ
[2026-07-17 18:34:19] Supervisor started (profile='demo-iux-2101114448', stale=180 s, check=30 s, grace=90 s, python='C:\Users\Copter\AppData\Local\hermes\hermes-agent\venv\Scripts\python.exe')
[2026-07-17 18:34:19] Launching: C:\Users\Copter\AppData\Local\hermes\hermes-agent\venv\Scripts\python.exe main.py
[2026-07-17 18:34:19] main.py running (pid=37456)
[2026-07-17 18:38:57] Supervisor started (profile='demo-iux-2101114448', stale=180 s, check=30 s, grace=90 s, python='C:\Users\Copter\AppData\Local\hermes\hermes-agent\venv\Scripts\python.exe')
[2026-07-17 18:38:57] Launching: C:\Users\Copter\AppData\Local\hermes\hermes-agent\venv\Scripts\python.exe main.py
[2026-07-17 18:38:57] main.py running (pid=56492)
[2026-07-17 22:15:29] WARN: lock file ค้างจาก pid=34528 (ตายไปแล้ว) — เคลียร์แล้วรันต่อ
[2026-07-17 22:15:31] Supervisor started (profile='demo-iux-2101114448', stale=180 s, check=30 s, grace=90 s, python='C:\Users\Copter\AppData\Local\hermes\hermes-agent\venv\Scripts\python.exe')
[2026-07-17 22:15:31] Launching: C:\Users\Copter\AppData\Local\hermes\hermes-agent\venv\Scripts\python.exe main.py
[2026-07-17 22:15:31] main.py running (pid=16928)
