[2026-09-17 17:30:45] TG_SENT | 🟢 *FVG\_D1* | ━━━━━━━━━━━━━━━━━ | 🕐 17/09/2026 17:30 | 📊 *Timeframe: M1* | ท่าที่ 20.1417 |  |  | 📈 Swing High:`0.00` 16:12 17-Sep-2026 | Low:`0.00` 16:19 17-Sep-2026 |  | 💬 *เหตุผล:* | Group 17 FVG BUY |  | ━━━━━━━━━━━━━━━━━ | 💰 ราคาปัจจุบัน: `4314.28` | 📌 *Limit ที่:* `4306.418` (ห่าง 7.87) | 🛑 SL: `4301.536035714285` | 🎯 TP: `4321.332724000001` | ⚖️ R:R `1:3.06` | 📦 `0.01` lot | 🔖 Ticket: `4728042112` | Flow: `M1-S20.1417-BUY-T1789640940`
[2026-09-17 17:31:02] PATTERN_FOUND | FVG_D1 | tf=M1 | sid=20.1417 | signal=BUY | entry=4306.418 | sl=4301.57675 | tp=4321.332724000001 | flow_id=M1|S20.1417|BUY|T1789641000|E4306.42|SL4301.58|TP4321.33
[2026-09-17 17:31:02] ORDER_CREATED | FVG_D1 | tf=M1 | sid=20.1417 | signal=BUY | entry=4306.418 | sl=4301.57675 | tp=4321.332724000001 | ticket=4728045847 | order_type=BUY LIMIT | trend_filter=- | hhll_last_label=HL | flow_id=M1|S20.1417|BUY|T1789641000|E4306.42|SL4301.58|TP4321.33 | htf_ltf=- | scale_out=False
[2026-09-17 17:31:02] SCAN_SKIP | ⏭️ [38;5;196mM1[0m ท่า20.1423: setup เดิมถูกใช้แล้ว ticket=4728042277 source=mt5_position entry=4313.04 | tf=M1
[2026-09-17 17:31:02] ORDER_SKIPPED | sid=20.1423 duplicate market position ticket=4728042277 source=mt5_position signal=BUY entry=4313.04 sl=4310.13 tp=4338.68 | tf=M1
[2026-09-17 17:31:03] SCAN_TF_SLOW | scan_one_tf[H4] ใช้เวลา 2.03s > 2s | tf=H4 | duration=2.03
[2026-09-17 17:31:03] SCAN_TF_SLOW | scan_one_tf[H12] ใช้เวลา 2.32s > 2s | tf=H12 | duration=2.32
[2026-09-17 17:31:04] SCAN_TF_SLOW | scan_one_tf[D1] ใช้เวลา 2.62s > 2s | tf=D1 | duration=2.62
[2026-09-17 17:31:04] SCAN_SLOW | scan cycle ใช้เวลา 3.09s > 3s | breakdown=sl_tp_hits=0.00s cancel_pending=0.39s engulf_trail_sl=0.01s opposite_order_tp=0.01s entry_candle_quality=0.00s s3_maru_pending=0.00s fvg_pending=0.00s pb_pending=0.00s s12_management=0.00s scan_all_tf=2.68s export_trend_state=0.01s
[2026-09-17 17:31:06] SCAN_SKIP | ⏭️ [38;5;196mM1[0m: เทรดแท่งนี้ไปแล้ว | tf=M1
[2026-09-17 17:31:08] TG_SENT | 🟢 *FVG\_D1* | ━━━━━━━━━━━━━━━━━ | 🕐 17/09/2026 17:30 | 📊 *Timeframe: M5* | ท่าที่ 20.1417 |  |  | 📈 Swing High:`0.00` 13:45 17-Sep-2026 | Low:`0.00` 15:30 17-Sep-2026 |  | 💬 *เหตุผล:* | Group 17 FVG BUY |  | ━━━━━━━━━━━━━━━━━ | 💰 ราคาปัจจุบัน: `4314.17` | 📌 *Limit ที่:* `4305.0` (ห่าง 9.17) | 🛑 SL: `4294.624464285714` | 🎯 TP: `4328.03223` | ⚖️ R:R `1:2.22` | 📦 `0.01` lot | Flow: `M5-S20.1417-BUY-T1789640700`
[2026-09-17 17:31:17] SYMBOL_CHECK | XAUUSDm trade_mode=4 xau_open=True | trade_mode=4 | tick_time=1789641077 | bid=4313.421 | ask=4313.681 | tick_ok=True | xau_open=True | current_symbol=XAUUSDm | startup=False
[2026-09-17 17:31:45] TG_SENT | 🟢 *FVG\_D1* | ━━━━━━━━━━━━━━━━━ | 🕐 17/09/2026 17:30 | 📊 *Timeframe: M5* | ท่าที่ 20.1417 |  |  | 📈 Swing High:`0.00` 13:45 17-Sep-2026 | Low:`0.00` 15:30 17-Sep-2026 |  | 💬 *เหตุผล:* | Group 17 FVG BUY |  | ━━━━━━━━━━━━━━━━━ | 💰 ราคาปัจจุบัน: `4314.17` | 📌 *Limit ที่:* `4305.0` (ห่าง 9.17) | 🛑 SL: `4294.624464285714` | 🎯 TP: `4328.03223` | ⚖️ R:R `1:2.22` | 📦 `0.01` lot | 🔖 Ticket: `4728042195` | Flow: `M5-S20.1417-BUY-T1789640700`
[2026-09-17 17:32:01] PATTERN_FOUND | FVG_D1 | tf=M1 | sid=20.1417 | signal=BUY | entry=4306.418 | sl=4301.269607142857 | tp=4321.332724000001 | flow_id=M1|S20.1417|BUY|T1789641060|E4306.42|SL4301.27|TP4321.33
[2026-09-17 17:32:01] ORDER_CREATED | FVG_D1 | tf=M1 | sid=20.1417 | signal=BUY | entry=4306.418 | sl=4301.269607142857 | tp=4321.332724000001 | ticket=4728050465 | order_type=BUY LIMIT | trend_filter=- | hhll_last_label=HL | flow_id=M1|S20.1417|BUY|T1789641060|E4306.42|SL4301.27|TP4321.33 | htf_ltf=- | scale_out=False
[2026-09-17 17:32:07] TG_SENT | 🔴 *FVG\_D1* | ━━━━━━━━━━━━━━━━━ | 🕐 17/09/2026 17:30 | 📊 *Timeframe: M15* | ท่าที่ 20.1417 |  |  | 📈 Swing High:`0.00` 13:45 17-Sep-2026 | Low:`0.00` 01:00 17-Sep-2026 |  | 💬 *เหตุผล:* | Group 17 FVG SELL |  | ━━━━━━━━━━━━━━━━━ | 💰 ราคาปัจจุบัน: `4313.50` | 📌 *Limit ที่:* `4335.375` (ห่าง 21.88) | 🛑 SL: `4356.864285714286` | 🎯 TP: `4254.342323999999` | ⚖️ R:R `1:3.77` | 📦 `0.01` lot | Flow: `M15-S20.1417-SELL-T1789640100`
[2026-09-17 17:32:17] SYMBOL_CHECK | XAUUSDm trade_mode=4 xau_open=True | trade_mode=4 | tick_time=1789641136 | bid=4312.558 | ask=4312.818 | tick_ok=True | xau_open=True | current_symbol=XAUUSDm | startup=False
[2026-09-17 17:32:35] TG_SENT | 🔴 *FVG\_D1* | ━━━━━━━━━━━━━━━━━ | 🕐 17/09/2026 17:30 | 📊 *Timeframe: M15* | ท่าที่ 20.1417 |  |  | 📈 Swing High:`0.00` 13:45 17-Sep-2026 | Low:`0.00` 01:00 17-Sep-2026 |  | 💬 *เหตุผล:* | Group 17 FVG SELL |  | ━━━━━━━━━━━━━━━━━ | 💰 ราคาปัจจุบัน: `4313.50` | 📌 *Limit ที่:* `4335.375` (ห่าง 21.88) | 🛑 SL: `4356.864285714286` | 🎯 TP: `4254.342323999999` | ⚖️ R:R `1:3.77` | 📦 `0.01` lot | 🔖 Ticket: `4728042274` | Flow: `M15-S20.1417-SELL-T1789640100`
[2026-09-17 17:33:01] PATTERN_FOUND | FVG_D1 | tf=M1 | sid=20.1417 | signal=BUY | entry=4306.418 | sl=4301.392464285714 | tp=4321.332724000001 | flow_id=M1|S20.1417|BUY|T1789641120|E4306.42|SL4301.39|TP4321.33
[2026-09-17 17:33:01] ORDER_CREATED | FVG_D1 | tf=M1 | sid=20.1417 | signal=BUY | entry=4306.418 | sl=4301.392464285714 | tp=4321.332724000001 | ticket=4728053156 | order_type=BUY LIMIT | trend_filter=- | hhll_last_label=HH | flow_id=M1|S20.1417|BUY|T1789641120|E4306.42|SL4301.39|TP4321.33 | htf_ltf=- | scale_out=False
[2026-09-17 17:33:01] PATTERN_FOUND | Naiya_MTF | tf=M1 | sid=20.1423 | signal=BUY | entry=4312.07 | sl=4309.06 | tp=4338.68 | flow_id=M1|S20.1423|BUY|T1789641120|E4312.07|SL4309.06|TP4338.68
[2026-09-17 17:33:01] ORDER_CREATED | Naiya_MTF | tf=M1 | sid=20.1423 | signal=BUY | entry=4312.07 | sl=4309.06 | tp=4338.68 | ticket=4728053158 | order_type=BUY | trend_filter=- | hhll_last_label=HH | flow_id=M1|S20.1423|BUY|T1789641120|E4312.07|SL4309.06|TP4338.68 | htf_ltf=- | scale_out=False
[2026-09-17 17:33:02] SCAN_TF_SLOW | scan_one_tf[H12] ใช้เวลา 2.11s > 2s | tf=H12 | duration=2.11
[2026-09-17 17:33:02] SCAN_TF_SLOW | scan_one_tf[D1] ใช้เวลา 2.39s > 2s | tf=D1 | duration=2.39
[2026-09-17 17:33:06] ENTRY_FILL | Limit fill detected | ticket=4728053158 | side=BUY | tf=M1 | sid=20.1423 | pattern=Naiya_MTF | price=4313.245 | sl=4309.06 | tp=4338.68 | fill_time=17:33:03 17/09/2026 | trend=BULL (weak) | rsi=54.35991236398174 | rsi2_state=BUY_ONLY | pd_h=4315.636 | pd_l=4306.418 | pd_eq=4311.03
[2026-09-17 17:33:06] TG_SENT | 🟢 *Naiya\_MTF* | ━━━━━━━━━━━━━━━━━ | 🕐 17/09/2026 17:30 | 📊 *Timeframe: M15* | ท่าที่ 20.1423 |  |  | 📈 Swing High:`0.00` 13:45 17-Sep-2026 | Low:`0.00` 01:00 17-Sep-2026 |  | 💬 *เหตุผล:* | Group 23 H1 LiqSweep->LTF Respect Low | H1\_liq=4305.00 | ATR=8.60 |  | ━━━━━━━━━━━━━━━━━ | 💰 ราคาปัจจุบัน: `4313.76` | 📌 *Limit ที่:* `4305.06` (ห่าง 8.7) | 🛑 SL: `4292.16` | 🎯 TP: `4338.68` | ⚖️ R:R `1:2.61` | 📦 `0.01` lot | Flow: `M15-S20.1423-BUY-T1789640100`
[2026-09-17 17:33:16] SYMBOL_CHECK | XAUUSDm trade_mode=4 xau_open=True | trade_mode=4 | tick_time=1789641196 | bid=4313.419 | ask=4313.679 | tick_ok=True | xau_open=True | current_symbol=XAUUSDm | startup=False
[2026-09-17 17:33:35] TG_SENT | 🟢 *Naiya\_MTF* | ━━━━━━━━━━━━━━━━━ | 🕐 17/09/2026 17:30 | 📊 *Timeframe: M15* | ท่าที่ 20.1423 |  |  | 📈 Swing High:`0.00` 13:45 17-Sep-2026 | Low:`0.00` 01:00 17-Sep-2026 |  | 💬 *เหตุผล:* | Group 23 H1 LiqSweep->LTF Respect Low | H1\_liq=4305.00 | ATR=8.60 |  | ━━━━━━━━━━━━━━━━━ | 💰 ราคาปัจจุบัน: `4313.76` | 📌 *Limit ที่:* `4305.06` (ห่าง 8.7) | 🛑 SL: `4292.16` | 🎯 TP: `4338.68` | ⚖️ R:R `1:2.61` | 📦 `0.01` lot | 🔖 Ticket: `4728042277` | Flow: `M15-S20.1423-BUY-T1789640100`
[2026-09-17 17:34:00] TG_SENT | 🟢 *FVG\_D1* | ━━━━━━━━━━━━━━━━━ | 🕐 17/09/2026 17:30 | 📊 *Timeframe: M30* | ท่าที่ 20.1417 |  |  | 📈 Swing High:`0.00` 00:00 17-Sep-2026 | Low:`0.00` 01:00 17-Sep-2026 |  | 💬 *เหตุผล:* | Group 17 FVG BUY |  | ━━━━━━━━━━━━━━━━━ | 💰 ราคาปัจจุบัน: `4313.88` | 📌 *Limit ที่:* `4266.026` (ห่าง 47.85) | 🛑 SL: `4236.761178571428` | 🎯 TP: `4378.232682` | ⚖️ R:R `1:3.83` | 📦 `0.01` lot | Flow: `M30-S20.1417-BUY-T1789639200`
[2026-09-17 17:34:01] SL_GUARD_GROUP_UNBLOCK | SELL [M1] group=[M1+M5+M15] swing confirmed retry=0/0 | side=SELL | tf=M1 | group=M1+M5+M15 | swing_bar_time=1789640940 | confirm_time=1789641180
[2026-09-17 17:34:01] SL_GUARD_GROUP_UNBLOCK | SELL [M1] group=[M1+M5] swing confirmed retry=0/0 | side=SELL | tf=M1 | group=M1+M5 | swing_bar_time=1789640940 | confirm_time=1789641180
[2026-09-17 17:34:01] PATTERN_FOUND | FVG_D1 | tf=M1 | sid=20.1417 | signal=BUY | entry=4306.418 | sl=4301.692642857142 | tp=4321.332724000001 | flow_id=M1|S20.1417|BUY|T1789641180|E4306.42|SL4301.69|TP4321.33
[2026-09-17 17:34:02] ORDER_CREATED | FVG_D1 | tf=M1 | sid=20.1417 | signal=BUY | entry=4306.418 | sl=4301.692642857142 | tp=4321.332724000001 | ticket=4728055833 | order_type=BUY LIMIT | trend_filter=- | hhll_last_label=HH | flow_id=M1|S20.1417|BUY|T1789641180|E4306.42|SL4301.69|TP4321.33 | htf_ltf=- | scale_out=False
[2026-09-17 17:34:17] SYMBOL_CHECK | XAUUSDm trade_mode=4 xau_open=True | trade_mode=4 | tick_time=1789641256 | bid=4313.389 | ask=4313.649 | tick_ok=True | xau_open=True | current_symbol=XAUUSDm | startup=False
[2026-09-17 17:34:24] TG_SENT | 🟢 *FVG\_D1* | ━━━━━━━━━━━━━━━━━ | 🕐 17/09/2026 17:30 | 📊 *Timeframe: M30* | ท่าที่ 20.1417 |  |  | 📈 Swing High:`0.00` 00:00 17-Sep-2026 | Low:`0.00` 01:00 17-Sep-2026 |  | 💬 *เหตุผล:* | Group 17 FVG BUY |  | ━━━━━━━━━━━━━━━━━ | 💰 ราคาปัจจุบัน: `4313.88` | 📌 *Limit ที่:* `4266.026` (ห่าง 47.85) | 🛑 SL: `4236.761178571428` | 🎯 TP: `4378.232682` | ⚖️ R:R `1:3.83` | 📦 `0.01` lot | 🔖 Ticket: `4728042328` | Flow: `M30-S20.1417-BUY-T1789639200`
[2026-09-17 17:34:45] TG_SENT | 🔔 *Limit Fill - BUY* | 🟢 Ticket:`4728042277` | 📝 Pattern: `Naiya_MTF` | 📌 เปิดที่: `4313.88` | 🛑 SL: `4292.16` | 🎯 TP: `4338.68` | 🕐 Fill Time: `16:30:05 17/09/2026` | 📈 Trend: `M15` → `BULL (weak)` | 📊 RSI(14): `55.95` | Cross: `🟢 BUY_ONLY` | ⚖️ PD [M15]: H:`4335.38` L:`4274.01` EQ:`4304.69`
[2026-09-17 17:35:01] PATTERN_FOUND | FVG_D1 | tf=M1 | sid=20.1417 | signal=BUY | entry=4306.418 | sl=4301.664428571428 | tp=4321.332724000001 | flow_id=M1|S20.1417|BUY|T1789641240|E4306.42|SL4301.66|TP4321.33
[2026-09-17 17:35:01] ORDER_CREATED | FVG_D1 | tf=M1 | sid=20.1417 | signal=BUY | entry=4306.418 | sl=4301.664428571428 | tp=4321.332724000001 | ticket=4728059649 | order_type=BUY LIMIT | trend_filter=- | hhll_last_label=HH | flow_id=M1|S20.1417|BUY|T1789641240|E4306.42|SL4301.66|TP4321.33 | htf_ltf=- | scale_out=False
[2026-09-17 17:35:02] PATTERN_FOUND | FVG_D1 | tf=M5 | sid=20.1417 | signal=BUY | entry=4305.0 | sl=4294.613392857143 | tp=4328.03223 | flow_id=M5|S20.1417|BUY|T1789641000|E4305.00|SL4294.61|TP4328.03
[2026-09-17 17:35:02] ORDER_CREATED | FVG_D1 | tf=M5 | sid=20.1417 | signal=BUY | entry=4305.0 | sl=4294.613392857143 | tp=4328.03223 | ticket=4728059687 | order_type=BUY LIMIT | trend_filter=- | hhll_last_label=LL | flow_id=M5|S20.1417|BUY|T1789641000|E4305.00|SL4294.61|TP4328.03 | htf_ltf=- | scale_out=False
[2026-09-17 17:35:02] SCAN_TF_SLOW | scan_one_tf[M15] ใช้เวลา 2.02s > 2s | tf=M15 | duration=2.02
[2026-09-17 17:35:02] SCAN_TF_SLOW | scan_one_tf[M30] ใช้เวลา 2.09s > 2s | tf=M30 | duration=2.09
[2026-09-17 17:35:02] SCAN_TF_SLOW | scan_one_tf[H1] ใช้เวลา 2.09s > 2s | tf=H1 | duration=2.09
[2026-09-17 17:35:03] SCAN_TF_SLOW | scan_one_tf[H4] ใช้เวลา 2.19s > 2s | tf=H4 | duration=2.19
[2026-09-17 17:35:03] SCAN_TF_SLOW | scan_one_tf[H12] ใช้เวลา 2.58s > 2s | tf=H12 | duration=2.58
[2026-09-17 17:35:03] SCAN_TF_SLOW | scan_one_tf[D1] ใช้เวลา 3.02s > 2s | tf=D1 | duration=3.02
[2026-09-17 17:35:03] SCAN_SLOW | scan cycle ใช้เวลา 3.43s > 3s | breakdown=sl_tp_hits=0.00s cancel_pending=0.34s engulf_trail_sl=0.01s opposite_order_tp=0.01s entry_candle_quality=0.00s s3_maru_pending=0.00s fvg_pending=0.00s pb_pending=0.00s s12_management=0.00s scan_all_tf=3.07s export_trend_state=0.01s
[2026-09-17 17:35:07] TG_SENT | 🟢 *FVG\_D1* | ━━━━━━━━━━━━━━━━━ | 🕐 17/09/2026 17:31 | 📊 *Timeframe: M1* | ท่าที่ 20.1417 |  |  | 📈 Swing High:`0.00` 16:12 17-Sep-2026 | Low:`0.00` 16:19 17-Sep-2026 |  | 💬 *เหตุผล:* | Group 17 FVG BUY |  | ━━━━━━━━━━━━━━━━━ | 💰 ราคาปัจจุบัน: `4314.64` | 📌 *Limit ที่:* `4306.418` (ห่าง 8.22) | 🛑 SL: `4301.57675` | 🎯 TP: `4321.332724000001` | ⚖️ R:R `1:3.08` | 📦 `0.01` lot | Flow: `M1-S20.1417-BUY-T1789641000`
[2026-09-17 17:35:16] SYMBOL_CHECK | XAUUSDm trade_mode=4 xau_open=True | trade_mode=4 | tick_time=1789641317 | bid=4315.351 | ask=4315.611 | tick_ok=True | xau_open=True | current_symbol=XAUUSDm | startup=False
[2026-09-17 17:35:21] POSITION_CLOSED | 🛑 SL Hit | ticket=4727918836 | side=SELL | symbol=XAUUSDm | tf=M1 | sid=20.1417 | pattern=FVG_D1 | trend_filter=- | open_price=4311.321 | close_price=4315.9 | sl=4315.904 | tp=4301.186 | profit=-4.58 | reason=[sl 4315.90400] | close_time=17:35:21 17/09/2026
[2026-09-17 17:35:25] POSITION_CLOSED | 🎯 TP Hit | ticket=4726934065 | side=BUY | symbol=XAUUSDm | tf=M1 | sid=20.1417 | pattern=FVG_D1 | trend_filter=- | open_price=4306.002 | close_price=4315.72 | sl=4300.718 | tp=4315.715 | profit=9.72 | reason=[tp 4315.71500] | close_time=17:35:22 17/09/2026
[2026-09-17 17:35:27] TG_SENT | [retry-plain] 🔴 *🛑 SL Hit* | ━━━━━━━━━━━━━━━━━ | 📊 TF: M1 | S20.14.17: Group 17 | Pattern: FVG_D1 | 📊 SELL XAUUSDm | 📌 เปิด: `4311.321` | 📌 ปิด: `4315.9` | 🛑 SL: `4315.904` | 🎯 TP: `4301.186` | 💬 เหตุผล: `[sl 4315.90400]` | 💸 P/L: `-4.58` USD | 🔖 Ticket: `4727918836` | 🕐 Close Time: `17:35:21 17/09/2026`
[2026-09-17 17:35:32] TG_SENT | [retry-plain] 🟢 *🎯 TP Hit* | ━━━━━━━━━━━━━━━━━ | 📊 TF: M1 | S20.14.17: Group 17 | Pattern: FVG_D1 | 📊 BUY XAUUSDm | 📌 เปิด: `4306.002` | 📌 ปิด: `4315.72` | 🛑 SL: `4300.718` | 🎯 TP: `4315.715` | 💬 เหตุผล: `[tp 4315.71500]` | 💰 P/L: `9.72` USD | 🔖 Ticket: `4726934065` | 🕐 Close Time: `17:35:22 17/09/2026`
[2026-09-17 17:35:40] TG_SENT | 🟢 *FVG\_D1* | ━━━━━━━━━━━━━━━━━ | 🕐 17/09/2026 17:31 | 📊 *Timeframe: M1* | ท่าที่ 20.1417 |  |  | 📈 Swing High:`0.00` 16:12 17-Sep-2026 | Low:`0.00` 16:19 17-Sep-2026 |  | 💬 *เหตุผล:* | Group 17 FVG BUY |  | ━━━━━━━━━━━━━━━━━ | 💰 ราคาปัจจุบัน: `4314.64` | 📌 *Limit ที่:* `4306.418` (ห่าง 8.22) | 🛑 SL: `4301.57675` | 🎯 TP: `4321.332724000001` | ⚖️ R:R `1:3.08` | 📦 `0.01` lot | 🔖 Ticket: `4728045847` | Flow: `M1-S20.1417-BUY-T1789641000`
[2026-09-17 17:35:45] POSITION_CLOSED | 🎯 TP Hit | ticket=4726922216 | side=BUY | symbol=XAUUSDm | tf=M1 | sid=20.1417 | pattern=FVG_D1 | trend_filter=- | open_price=4305.86 | close_price=4315.8 | sl=4300.168 | tp=4315.803 | profit=9.94 | reason=[tp 4315.80300] | close_time=17:35:43 17/09/2026
[2026-09-17 17:35:45] POSITION_CLOSED | 🎯 TP Hit | ticket=4726925443 | side=BUY | symbol=XAUUSDm | tf=M1 | sid=20.1417 | pattern=FVG_D1 | trend_filter=- | open_price=4305.86 | close_price=4315.8 | sl=4300.375 | tp=4315.803 | profit=9.94 | reason=[tp 4315.80300] | close_time=17:35:43 17/09/2026
[2026-09-17 17:35:45] POSITION_CLOSED | 🎯 TP Hit | ticket=4726917932 | side=BUY | symbol=XAUUSDm | tf=M1 | sid=20.1417 | pattern=FVG_D1 | trend_filter=- | open_price=4305.86 | close_price=4315.8 | sl=4300.232 | tp=4315.803 | profit=9.94 | reason=[tp 4315.80300] | close_time=17:35:43 17/09/2026
[2026-09-17 17:35:45] POSITION_CLOSED | 🎯 TP Hit | ticket=4726928981 | side=BUY | symbol=XAUUSDm | tf=M1 | sid=20.1417 | pattern=FVG_D1 | trend_filter=- | open_price=4305.86 | close_price=4315.8 | sl=4300.53 | tp=4315.803 | profit=9.94 | reason=[tp 4315.80300] | close_time=17:35:43 17/09/2026
[2026-09-17 17:35:52] TG_SENT | [retry-plain] 🟢 *🎯 TP Hit* | ━━━━━━━━━━━━━━━━━ | 📊 TF: M1 | S20.14.17: Group 17 | Pattern: FVG_D1 | 📊 BUY XAUUSDm | 📌 เปิด: `4305.86` | 📌 ปิด: `4315.8` | 🛑 SL: `4300.168` | 🎯 TP: `4315.803` | 💬 เหตุผล: `[tp 4315.80300]` | 💰 P/L: `9.94` USD | 🔖 Ticket: `4726922216` | 🕐 Close Time: `17:35:43 17/09/2026`
[2026-09-17 17:35:53] TG_SENT | [retry-plain] 🟢 *🎯 TP Hit* | ━━━━━━━━━━━━━━━━━ | 📊 TF: M1 | S20.14.17: Group 17 | Pattern: FVG_D1 | 📊 BUY XAUUSDm | 📌 เปิด: `4305.86` | 📌 ปิด: `4315.8` | 🛑 SL: `4300.375` | 🎯 TP: `4315.803` | 💬 เหตุผล: `[tp 4315.80300]` | 💰 P/L: `9.94` USD | 🔖 Ticket: `4726925443` | 🕐 Close Time: `17:35:43 17/09/2026`
[2026-09-17 17:35:53] TG_SENT | [retry-plain] 🟢 *🎯 TP Hit* | ━━━━━━━━━━━━━━━━━ | 📊 TF: M1 | S20.14.17: Group 17 | Pattern: FVG_D1 | 📊 BUY XAUUSDm | 📌 เปิด: `4305.86` | 📌 ปิด: `4315.8` | 🛑 SL: `4300.232` | 🎯 TP: `4315.803` | 💬 เหตุผล: `[tp 4315.80300]` | 💰 P/L: `9.94` USD | 🔖 Ticket: `4726917932` | 🕐 Close Time: `17:35:43 17/09/2026`
[2026-09-17 17:35:54] TG_SENT | [retry-plain] 🟢 *🎯 TP Hit* | ━━━━━━━━━━━━━━━━━ | 📊 TF: M1 | S20.14.17: Group 17 | Pattern: FVG_D1 | 📊 BUY XAUUSDm | 📌 เปิด: `4305.86` | 📌 ปิด: `4315.8` | 🛑 SL: `4300.53` | 🎯 TP: `4315.803` | 💬 เหตุผล: `[tp 4315.80300]` | 💰 P/L: `9.94` USD | 🔖 Ticket: `4726928981` | 🕐 Close Time: `17:35:43 17/09/2026`
[2026-09-17 17:35:56] ENTRY_FILL | Limit fill detected | ticket=4727801017 | side=SELL | tf=M1 | sid=20.148 | pattern=Naiya | price=4317.027 | sl=4322.054 | tp=4297.567 | fill_time=17:35:56 17/09/2026 | trend=BULL (weak) | rsi=65.06167840837878 | rsi2_state=BUY_ONLY | pd_h=4315.636 | pd_l=4306.418 | pd_eq=4311.03
[2026-09-17 17:35:56] ENTRY_FILL | Limit fill detected | ticket=4727801021 | side=SELL | tf=M1 | sid=20.1417 | pattern=FVG_D1 | price=4317.027 | sl=4322.054 | tp=4297.567 | fill_time=17:35:56 17/09/2026 | trend=BULL (weak) | rsi=65.06167840837878 | rsi2_state=BUY_ONLY | pd_h=4315.636 | pd_l=4306.418 | pd_eq=4311.03
[2026-09-17 17:35:56] ENTRY_FILL | Limit fill detected | ticket=4727805402 | side=SELL | tf=M1 | sid=20.1417 | pattern=FVG_D1 | price=4316.478 | sl=4321.583 | tp=4297.907 | fill_time=17:35:56 17/09/2026 | trend=BULL (weak) | rsi=65.06167840837878 | rsi2_state=BUY_ONLY | pd_h=4315.636 | pd_l=4306.418 | pd_eq=4311.03
[2026-09-17 17:35:56] POSITION_CLOSED | 🎯 TP Hit | ticket=4726910784 | side=BUY | symbol=XAUUSDm | tf=M1 | sid=20.1417 | pattern=FVG_D1 | trend_filter=- | open_price=4305.86 | close_price=4317.5 | sl=4300.511 | tp=4317.503 | profit=11.64 | reason=[tp 4317.50300] | close_time=17:35:57 17/09/2026
[2026-09-17 17:36:00] PATTERN_FOUND | FVG_D1 | tf=M1 | sid=20.1417 | signal=BUY | entry=4306.418 | sl=4301.274964285714 | tp=4321.332724000001 | flow_id=M1|S20.1417|BUY|T1789641300|E4306.42|SL4301.27|TP4321.33
[2026-09-17 17:36:00] ORDER_CREATED | FVG_D1 | tf=M1 | sid=20.1417 | signal=BUY | entry=4306.418 | sl=4301.274964285714 | tp=4321.332724000001 | ticket=4728069289 | order_type=BUY LIMIT | trend_filter=- | hhll_last_label=HL | flow_id=M1|S20.1417|BUY|T1789641300|E4306.42|SL4301.27|TP4321.33 | htf_ltf=- | scale_out=False
[2026-09-17 17:36:03] TG_SENT | [retry-plain] 🟢 *🎯 TP Hit* | ━━━━━━━━━━━━━━━━━ | 📊 TF: M1 | S20.14.17: Group 17 | Pattern: FVG_D1 | 📊 BUY XAUUSDm | 📌 เปิด: `4305.86` | 📌 ปิด: `4317.5` | 🛑 SL: `4300.511` | 🎯 TP: `4317.503` | 💬 เหตุผล: `[tp 4317.50300]` | 💰 P/L: `11.64` USD | 🔖 Ticket: `4726910784` | 🕐 Close Time: `17:35:57 17/09/2026`
[2026-09-17 17:36:17] SYMBOL_CHECK | XAUUSDm trade_mode=4 xau_open=True | trade_mode=4 | tick_time=1789641377 | bid=4316.672 | ask=4316.932 | tick_ok=True | xau_open=True | current_symbol=XAUUSDm | startup=False
[2026-09-17 17:36:20] TG_SENT | ⏭️ *[M1] ท่า20.1423 setup เดิมถูกใช้แล้ว* | Ticket:`4728042277` source:`mt5_position` | Entry:`4313.04` | SL:`4310.13` | TP:`4338.68`
[2026-09-17 17:36:41] POSITION_CLOSED | 🛑 SL Hit | ticket=4728007963 | side=SELL | symbol=XAUUSDm | tf=M1 | sid=20.1417 | pattern=FVG_D1 | trend_filter=- | open_price=4313.556 | close_price=4318.14 | sl=4318.144 | tp=4300.62 | profit=-4.58 | reason=[sl 4318.14400] | close_time=17:36:37 17/09/2026
[2026-09-17 17:36:41] TG_SENT | 🟢 *FVG\_D1* | ━━━━━━━━━━━━━━━━━ | 🕐 17/09/2026 17:32 | 📊 *Timeframe: M1* | ท่าที่ 20.1417 |  |  | 📈 Swing High:`0.00` 17:12 17-Sep-2026 | Low:`0.00` 17:19 17-Sep-2026 |  | 💬 *เหตุผล:* | Group 17 FVG BUY |  | ━━━━━━━━━━━━━━━━━ | 💰 ราคาปัจจุบัน: `4313.62` | 📌 *Limit ที่:* `4306.418` (ห่าง 7.2) | 🛑 SL: `4301.269607142857` | 🎯 TP: `4321.332724000001` | ⚖️ R:R `1:2.9` | 📦 `0.01` lot | Flow: `M1-S20.1417-BUY-T1789641060`
[2026-09-17 17:36:42] POSITION_CLOSED | 🛑 SL Hit | ticket=4728004616 | side=SELL | symbol=XAUUSDm | tf=M1 | sid=20.1417 | pattern=FVG_D1 | trend_filter=- | open_price=4313.556 | close_price=4318.16 | sl=4318.163 | tp=4299.805 | profit=-4.6 | reason=[sl 4318.16300] | close_time=17:36:42 17/09/2026
[2026-09-17 17:36:47] POSITION_CLOSED | 🎯 TP Hit | ticket=4726967684 | side=BUY | symbol=XAUUSDm | tf=M1 | sid=20.1417 | pattern=FVG_D1 | trend_filter=- | open_price=4306.61 | close_price=4317.94 | sl=4301.2 | tp=4317.939 | profit=11.33 | reason=[tp 4317.93900] | close_time=17:36:46 17/09/2026
[2026-09-17 17:36:47] POSITION_CLOSED | 🎯 TP Hit | ticket=4726955174 | side=BUY | symbol=XAUUSDm | tf=M1 | sid=20.1417 | pattern=FVG_D1 | trend_filter=- | open_price=4306.61 | close_price=4317.94 | sl=4301.249 | tp=4317.939 | profit=11.33 | reason=[tp 4317.93900] | close_time=17:36:46 17/09/2026
[2026-09-17 17:36:47] POSITION_CLOSED | 🎯 TP Hit | ticket=4726950507 | side=BUY | symbol=XAUUSDm | tf=M1 | sid=20.1417 | pattern=FVG_D1 | trend_filter=- | open_price=4306.61 | close_price=4317.94 | sl=4301.155 | tp=4317.939 | profit=11.33 | reason=[tp 4317.93900] | close_time=17:36:46 17/09/2026
[2026-09-17 17:36:47] POSITION_CLOSED | 🎯 TP Hit | ticket=4726967671 | side=BUY | symbol=XAUUSDm | tf=M1 | sid=20.148 | pattern=Naiya | trend_filter=- | open_price=4306.61 | close_price=4317.94 | sl=4301.2 | tp=4317.939 | profit=11.33 | reason=[tp 4317.93900] | close_time=17:36:46 17/09/2026
[2026-09-17 17:36:47] POSITION_CLOSED | 🎯 TP Hit | ticket=4726958492 | side=BUY | symbol=XAUUSDm | tf=M1 | sid=20.1417 | pattern=FVG_D1 | trend_filter=- | open_price=4306.61 | close_price=4317.94 | sl=4301.338 | tp=4317.939 | profit=11.33 | reason=[tp 4317.93900] | close_time=17:36:46 17/09/2026
[2026-09-17 17:36:49] TG_SENT | [retry-plain] 🔴 *🛑 SL Hit* | ━━━━━━━━━━━━━━━━━ | 📊 TF: M1 | S20.14.17: Group 17 | Pattern: FVG_D1 | 📊 SELL XAUUSDm | 📌 เปิด: `4313.556` | 📌 ปิด: `4318.14` | 🛑 SL: `4318.144` | 🎯 TP: `4300.62` | 💬 เหตุผล: `[sl 4318.14400]` | 💸 P/L: `-4.58` USD | 🔖 Ticket: `4728007963` | 🕐 Close Time: `17:36:37 17/09/2026`
[2026-09-17 17:36:50] TG_SENT | [retry-plain] 🔴 *🛑 SL Hit* | ━━━━━━━━━━━━━━━━━ | 📊 TF: M1 | S20.14.17: Group 17 | Pattern: FVG_D1 | 📊 SELL XAUUSDm | 📌 เปิด: `4313.556` | 📌 ปิด: `4318.16` | 🛑 SL: `4318.163` | 🎯 TP: `4299.805` | 💬 เหตุผล: `[sl 4318.16300]` | 💸 P/L: `-4.6` USD | 🔖 Ticket: `4728004616` | 🕐 Close Time: `17:36:42 17/09/2026`
[2026-09-17 17:36:51] POSITION_CLOSED | 🛑 SL Hit | ticket=4728016742 | side=SELL | symbol=XAUUSDm | tf=M1 | sid=20.1417 | pattern=FVG_D1 | trend_filter=- | open_price=4313.556 | close_price=4318.58 | sl=4318.58 | tp=4302.007 | profit=-5.02 | reason=[sl 4318.580] | close_time=17:36:49 17/09/2026
[2026-09-17 17:36:55] TG_SENT | [retry-plain] 🟢 *🎯 TP Hit* | ━━━━━━━━━━━━━━━━━ | 📊 TF: M1 | S20.14.17: Group 17 | Pattern: FVG_D1 | 📊 BUY XAUUSDm | 📌 เปิด: `4306.61` | 📌 ปิด: `4317.94` | 🛑 SL: `4301.2` | 🎯 TP: `4317.939` | 💬 เหตุผล: `[tp 4317.93900]` | 💰 P/L: `11.33` USD | 🔖 Ticket: `4726967684` | 🕐 Close Time: `17:36:46 17/09/2026`
[2026-09-17 17:36:55] TG_SENT | [retry-plain] 🟢 *🎯 TP Hit* | ━━━━━━━━━━━━━━━━━ | 📊 TF: M1 | S20.14.17: Group 17 | Pattern: FVG_D1 | 📊 BUY XAUUSDm | 📌 เปิด: `4306.61` | 📌 ปิด: `4317.94` | 🛑 SL: `4301.249` | 🎯 TP: `4317.939` | 💬 เหตุผล: `[tp 4317.93900]` | 💰 P/L: `11.33` USD | 🔖 Ticket: `4726955174` | 🕐 Close Time: `17:36:46 17/09/2026`
[2026-09-17 17:36:55] TG_SENT | [retry-plain] 🟢 *🎯 TP Hit* | ━━━━━━━━━━━━━━━━━ | 📊 TF: M1 | S20.14.17: Group 17 | Pattern: FVG_D1 | 📊 BUY XAUUSDm | 📌 เปิด: `4306.61` | 📌 ปิด: `4317.94` | 🛑 SL: `4301.155` | 🎯 TP: `4317.939` | 💬 เหตุผล: `[tp 4317.93900]` | 💰 P/L: `11.33` USD | 🔖 Ticket: `4726950507` | 🕐 Close Time: `17:36:46 17/09/2026`
[2026-09-17 17:36:55] TG_SENT | 🟢 *🎯 TP Hit* | ━━━━━━━━━━━━━━━━━ | 📊 TF: M1 | S20.14.8: Group 8 | Pattern: Naiya | 📊 BUY XAUUSDm | 📌 เปิด: `4306.61` | 📌 ปิด: `4317.94` | 🛑 SL: `4301.2` | 🎯 TP: `4317.939` | 💬 เหตุผล: `[tp 4317.93900]` | 💰 P/L: `11.33` USD | 🔖 Ticket: `4726967671` | 🕐 Close Time: `17:36:46 17/09/2026`
[2026-09-17 17:37:00] PATTERN_FOUND | FVG_D1 | tf=M1 | sid=20.1417 | signal=BUY | entry=4306.418 | sl=4301.098357142857 | tp=4324.520184 | flow_id=M1|S20.1417|BUY|T1789641360|E4306.42|SL4301.10|TP4324.52
[2026-09-17 17:37:00] ORDER_CREATED | FVG_D1 | tf=M1 | sid=20.1417 | signal=BUY | entry=4306.418 | sl=4301.098357142857 | tp=4324.520184 | ticket=4728075739 | order_type=BUY LIMIT | trend_filter=- | hhll_last_label=HL | flow_id=M1|S20.1417|BUY|T1789641360|E4306.42|SL4301.10|TP4324.52 | htf_ltf=- | scale_out=False
[2026-09-17 17:37:00] TG_SENT | [retry-plain] 🟢 *🎯 TP Hit* | ━━━━━━━━━━━━━━━━━ | 📊 TF: M1 | S20.14.17: Group 17 | Pattern: FVG_D1 | 📊 BUY XAUUSDm | 📌 เปิด: `4306.61` | 📌 ปิด: `4317.94` | 🛑 SL: `4301.338` | 🎯 TP: `4317.939` | 💬 เหตุผล: `[tp 4317.93900]` | 💰 P/L: `11.33` USD | 🔖 Ticket: `4726958492` | 🕐 Close Time: `17:36:46 17/09/2026`
[2026-09-17 17:37:05] TG_SENT | [retry-plain] 🔴 *🛑 SL Hit* | ━━━━━━━━━━━━━━━━━ | 📊 TF: M1 | S20.14.17: Group 17 | Pattern: FVG_D1 | 📊 SELL XAUUSDm | 📌 เปิด: `4313.556` | 📌 ปิด: `4318.58` | 🛑 SL: `4318.58` | 🎯 TP: `4302.007` | 💬 เหตุผล: `[sl 4318.580]` | 💸 P/L: `-5.02` USD | 🔖 Ticket: `4728016742` | 🕐 Close Time: `17:36:49 17/09/2026`
[2026-09-17 17:37:16] SYMBOL_CHECK | XAUUSDm trade_mode=4 xau_open=True | trade_mode=4 | tick_time=1789641436 | bid=4317.56 | ask=4317.82 | tick_ok=True | xau_open=True | current_symbol=XAUUSDm | startup=False
[2026-09-17 17:37:55] TG_SENT | 🟢 *FVG\_D1* | ━━━━━━━━━━━━━━━━━ | 🕐 17/09/2026 17:32 | 📊 *Timeframe: M1* | ท่าที่ 20.1417 |  |  | 📈 Swing High:`0.00` 17:12 17-Sep-2026 | Low:`0.00` 17:19 17-Sep-2026 |  | 💬 *เหตุผล:* | Group 17 FVG BUY |  | ━━━━━━━━━━━━━━━━━ | 💰 ราคาปัจจุบัน: `4313.62` | 📌 *Limit ที่:* `4306.418` (ห่าง 7.2) | 🛑 SL: `4301.269607142857` | 🎯 TP: `4321.332724000001` | ⚖️ R:R `1:2.9` | 📦 `0.01` lot | 🔖 Ticket: `4728050465` | Flow: `M1-S20.1417-BUY-T1789641060`
[2026-09-17 17:38:01] PATTERN_FOUND | FVG_D1 | tf=M1 | sid=20.1417 | signal=BUY | entry=4306.418 | sl=4301.127107142856 | tp=4326.0071259999995 | flow_id=M1|S20.1417|BUY|T1789641420|E4306.42|SL4301.13|TP4326.01
[2026-09-17 17:38:01] ORDER_CREATED | FVG_D1 | tf=M1 | sid=20.1417 | signal=BUY | entry=4306.418 | sl=4301.127107142856 | tp=4326.0071259999995 | ticket=4728079436 | order_type=BUY LIMIT | trend_filter=- | hhll_last_label=HL | flow_id=M1|S20.1417|BUY|T1789641420|E4306.42|SL4301.13|TP4326.01 | htf_ltf=- | scale_out=False
[2026-09-17 17:38:16] TG_SENT | 🟢 *FVG\_D1* | ━━━━━━━━━━━━━━━━━ | 🕐 17/09/2026 17:33 | 📊 *Timeframe: M1* | ท่าที่ 20.1417 |  |  | 📈 Swing High:`0.00` 17:12 17-Sep-2026 | Low:`0.00` 17:19 17-Sep-2026 |  | 💬 *เหตุผล:* | Group 17 FVG BUY |  | ━━━━━━━━━━━━━━━━━ | 💰 ราคาปัจจุบัน: `4313.24` | 📌 *Limit ที่:* `4306.418` (ห่าง 6.83) | 🛑 SL: `4301.392464285714` | 🎯 TP: `4321.332724000001` | ⚖️ R:R `1:2.97` | 📦 `0.01` lot | Flow: `M1-S20.1417-BUY-T1789641120`
[2026-09-17 17:38:17] SYMBOL_CHECK | XAUUSDm trade_mode=4 xau_open=True | trade_mode=4 | tick_time=1789641497 | bid=4316.786 | ask=4317.046 | tick_ok=True | xau_open=True | current_symbol=XAUUSDm | startup=False
[2026-09-17 17:38:39] TG_SENT | 🟢 *FVG\_D1* | ━━━━━━━━━━━━━━━━━ | 🕐 17/09/2026 17:33 | 📊 *Timeframe: M1* | ท่าที่ 20.1417 |  |  | 📈 Swing High:`0.00` 17:12 17-Sep-2026 | Low:`0.00` 17:19 17-Sep-2026 |  | 💬 *เหตุผล:* | Group 17 FVG BUY |  | ━━━━━━━━━━━━━━━━━ | 💰 ราคาปัจจุบัน: `4313.24` | 📌 *Limit ที่:* `4306.418` (ห่าง 6.83) | 🛑 SL: `4301.392464285714` | 🎯 TP: `4321.332724000001` | ⚖️ R:R `1:2.97` | 📦 `0.01` lot | 🔖 Ticket: `4728053156` | Flow: `M1-S20.1417-BUY-T1789641120`
[2026-09-17 17:39:00] TG_SENT | 🟢 *Naiya\_MTF* | ━━━━━━━━━━━━━━━━━ | 🕐 17/09/2026 17:33 | 📊 *Timeframe: M1* | ท่าที่ 20.1423 |  |  | 📈 Swing High:`0.00` 17:12 17-Sep-2026 | Low:`0.00` 17:19 17-Sep-2026 |  | 💬 *เหตุผล:* | Group 23 H1 LiqSweep->LTF Respect Low | H1\_liq=4305.00 | ATR=2.01 |  | ━━━━━━━━━━━━━━━━━ | 💰 ราคาปัจจุบัน: `4313.24` | 📌 *Limit ที่:* `4312.07` (ห่าง 1.18) | 🛑 SL: `4309.06` | 🎯 TP: `4338.68` | ⚖️ R:R `1:8.84` | 📦 `0.01` lot | Flow: `M1-S20.1423-BUY-T1789641120`
[2026-09-17 17:39:01] PATTERN_FOUND | Naiya | tf=M1 | sid=20.148 | signal=SELL | entry=4318.525 | sl=4323.243035714286 | tp=4298.935874 | flow_id=M1|S20.148|SELL|T1789641480|E4318.52|SL4323.24|TP4298.94
[2026-09-17 17:39:01] ORDER_CREATED | Naiya | tf=M1 | sid=20.148 | signal=SELL | entry=4318.525 | sl=4323.243035714286 | tp=4298.935874 | ticket=4728082505 | order_type=SELL LIMIT | trend_filter=- | hhll_last_label=HL | flow_id=M1|S20.148|SELL|T1789641480|E4318.52|SL4323.24|TP4298.94 | htf_ltf=- | scale_out=False
[2026-09-17 17:39:01] PATTERN_FOUND | FVG_D1 | tf=M1 | sid=20.1417 | signal=BUY | entry=4306.418 | sl=4301.699964285714 | tp=4326.0071259999995 | flow_id=M1|S20.1417|BUY|T1789641480|E4306.42|SL4301.70|TP4326.01
[2026-09-17 17:39:01] ORDER_CREATED | FVG_D1 | tf=M1 | sid=20.1417 | signal=BUY | entry=4306.418 | sl=4301.699964285714 | tp=4326.0071259999995 | ticket=4728082507 | order_type=BUY LIMIT | trend_filter=- | hhll_last_label=HL | flow_id=M1|S20.1417|BUY|T1789641480|E4306.42|SL4301.70|TP4326.01 | htf_ltf=- | scale_out=False
[2026-09-17 17:39:16] SYMBOL_CHECK | XAUUSDm trade_mode=4 xau_open=True | trade_mode=4 | tick_time=1789641555 | bid=4316.662 | ask=4316.922 | tick_ok=True | xau_open=True | current_symbol=XAUUSDm | startup=False
[2026-09-17 17:39:25] TG_SENT | 🟢 *Naiya\_MTF* | ━━━━━━━━━━━━━━━━━ | 🕐 17/09/2026 17:33 | 📊 *Timeframe: M1* | ท่าที่ 20.1423 |  |  | 📈 Swing High:`0.00` 17:12 17-Sep-2026 | Low:`0.00` 17:19 17-Sep-2026 |  | 💬 *เหตุผล:* | Group 23 H1 LiqSweep->LTF Respect Low | H1\_liq=4305.00 | ATR=2.01 |  | ━━━━━━━━━━━━━━━━━ | 💰 ราคาปัจจุบัน: `4313.24` | 📌 *Limit ที่:* `4312.07` (ห่าง 1.18) | 🛑 SL: `4309.06` | 🎯 TP: `4338.68` | ⚖️ R:R `1:8.84` | 📦 `0.01` lot | 🔖 Ticket: `4728053158` | Flow: `M1-S20.1423-BUY-T1789641120`
[2026-09-17 17:39:45] TG_SENT | 🔔 *Limit Fill - BUY* | 🟢 Ticket:`4728053158` | 📝 Pattern: `Naiya_MTF` | 📌 เปิดที่: `4313.24` | 🛑 SL: `4309.06` | 🎯 TP: `4338.68` | 🕐 Fill Time: `17:33:03 17/09/2026` | 📈 Trend: `M1` → `BULL (weak)` | 📊 RSI(14): `54.36` | Cross: `🟢 BUY_ONLY` | ⚖️ PD [M1]: H:`4315.64` L:`4306.42` EQ:`4311.03`
[2026-09-17 17:40:02] PATTERN_FOUND | FVG_D1 | tf=M1 | sid=20.1417 | signal=BUY | entry=4306.418 | sl=4301.9221071428565 | tp=4326.0071259999995 | flow_id=M1|S20.1417|BUY|T1789641540|E4306.42|SL4301.92|TP4326.01
[2026-09-17 17:40:02] ORDER_CREATED | FVG_D1 | tf=M1 | sid=20.1417 | signal=BUY | entry=4306.418 | sl=4301.9221071428565 | tp=4326.0071259999995 | ticket=4728085544 | order_type=BUY LIMIT | trend_filter=- | hhll_last_label=HL | flow_id=M1|S20.1417|BUY|T1789641540|E4306.42|SL4301.92|TP4326.01 | htf_ltf=- | scale_out=False
[2026-09-17 17:40:03] PATTERN_FOUND | FVG_D1 | tf=M5 | sid=20.1417 | signal=BUY | entry=4305.0 | sl=4295.07875 | tp=4328.03223 | flow_id=M5|S20.1417|BUY|T1789641300|E4305.00|SL4295.08|TP4328.03
[2026-09-17 17:40:03] ORDER_CREATED | FVG_D1 | tf=M5 | sid=20.1417 | signal=BUY | entry=4305.0 | sl=4295.07875 | tp=4328.03223 | ticket=4728085571 | order_type=BUY LIMIT | trend_filter=- | hhll_last_label=LL | flow_id=M5|S20.1417|BUY|T1789641300|E4305.00|SL4295.08|TP4328.03 | htf_ltf=- | scale_out=False
[2026-09-17 17:40:03] PATTERN_FOUND | Naiya_MTF | tf=M5 | sid=20.1423 | signal=BUY | entry=4312.07 | sl=4306.12 | tp=4338.68 | flow_id=M5|S20.1423|BUY|T1789641300|E4312.07|SL4306.12|TP4338.68
[2026-09-17 17:40:03] ORDER_CREATED | Naiya_MTF | tf=M5 | sid=20.1423 | signal=BUY | entry=4312.07 | sl=4306.12 | tp=4338.68 | ticket=4728085581 | order_type=BUY | trend_filter=- | hhll_last_label=LL | flow_id=M5|S20.1423|BUY|T1789641300|E4312.07|SL4306.12|TP4338.68 | htf_ltf=- | scale_out=False
[2026-09-17 17:40:03] SCAN_TF_SLOW | scan_one_tf[M5] ใช้เวลา 2.31s > 2s | tf=M5 | duration=2.31
[2026-09-17 17:40:03] SCAN_TF_SLOW | scan_one_tf[M15] ใช้เวลา 2.37s > 2s | tf=M15 | duration=2.37
[2026-09-17 17:40:03] SCAN_TF_SLOW | scan_one_tf[M30] ใช้เวลา 2.43s > 2s | tf=M30 | duration=2.43
[2026-09-17 17:40:03] SCAN_TF_SLOW | scan_one_tf[H1] ใช้เวลา 2.42s > 2s | tf=H1 | duration=2.42
[2026-09-17 17:40:03] SCAN_TF_SLOW | scan_one_tf[H4] ใช้เวลา 2.50s > 2s | tf=H4 | duration=2.5
[2026-09-17 17:40:04] SCAN_TF_SLOW | scan_one_tf[H12] ใช้เวลา 2.75s > 2s | tf=H12 | duration=2.75
[2026-09-17 17:40:04] SCAN_TF_SLOW | scan_one_tf[D1] ใช้เวลา 3.05s > 2s | tf=D1 | duration=3.05
[2026-09-17 17:40:04] SCAN_SLOW | scan cycle ใช้เวลา 3.50s > 3s | breakdown=sl_tp_hits=0.00s cancel_pending=0.37s engulf_trail_sl=0.01s opposite_order_tp=0.01s entry_candle_quality=0.00s s3_maru_pending=0.00s fvg_pending=0.00s pb_pending=0.00s s12_management=0.00s scan_all_tf=3.10s export_trend_state=0.01s
[2026-09-17 17:40:07] ENTRY_FILL | Limit fill detected | ticket=4728085581 | side=BUY | tf=M5 | sid=20.1423 | pattern=Naiya_MTF | price=4316.6900000000005 | sl=4306.12 | tp=4338.68 | fill_time=17:40:03 17/09/2026 | trend=BEAR (weak) | rsi=57.78449541411389 | rsi2_state=BUY_ONLY | pd_h=4319.235 | pd_l=4305.0 | pd_eq=4312.12
[2026-09-17 17:40:08] TG_SENT | 🟢 *FVG\_D1* | ━━━━━━━━━━━━━━━━━ | 🕐 17/09/2026 17:34 | 📊 *Timeframe: M1* | ท่าที่ 20.1417 |  |  | 📈 Swing High:`0.00` 17:12 17-Sep-2026 | Low:`0.00` 17:19 17-Sep-2026 |  | 💬 *เหตุผล:* | Group 17 FVG BUY |  | ━━━━━━━━━━━━━━━━━ | 💰 ราคาปัจจุบัน: `4313.08` | 📌 *Limit ที่:* `4306.418` (ห่าง 6.66) | 🛑 SL: `4301.692642857142` | 🎯 TP: `4321.332724000001` | ⚖️ R:R `1:3.16` | 📦 `0.01` lot | Flow: `M1-S20.1417-BUY-T1789641180`
[2026-09-17 17:40:16] SYMBOL_CHECK | XAUUSDm trade_mode=4 xau_open=True | trade_mode=4 | tick_time=1789641616 | bid=4317.276 | ask=4317.536 | tick_ok=True | xau_open=True | current_symbol=XAUUSDm | startup=False
[2026-09-17 17:40:39] TG_SENT | 🟢 *FVG\_D1* | ━━━━━━━━━━━━━━━━━ | 🕐 17/09/2026 17:34 | 📊 *Timeframe: M1* | ท่าที่ 20.1417 |  |  | 📈 Swing High:`0.00` 17:12 17-Sep-2026 | Low:`0.00` 17:19 17-Sep-2026 |  | 💬 *เหตุผล:* | Group 17 FVG BUY |  | ━━━━━━━━━━━━━━━━━ | 💰 ราคาปัจจุบัน: `4313.08` | 📌 *Limit ที่:* `4306.418` (ห่าง 6.66) | 🛑 SL: `4301.692642857142` | 🎯 TP: `4321.332724000001` | ⚖️ R:R `1:3.16` | 📦 `0.01` lot | 🔖 Ticket: `4728055833` | Flow: `M1-S20.1417-BUY-T1789641180`
[2026-09-17 17:41:01] PATTERN_FOUND | FVG_D1 | tf=M1 | sid=20.1417 | signal=BUY | entry=4306.844 | sl=4302.228821428572 | tp=4325.743858 | flow_id=M1|S20.1417|BUY|T1789641600|E4306.84|SL4302.23|TP4325.74
[2026-09-17 17:41:01] ORDER_CREATED | FVG_D1 | tf=M1 | sid=20.1417 | signal=BUY | entry=4306.844 | sl=4302.228821428572 | tp=4325.743858 | ticket=4728090297 | order_type=BUY LIMIT | trend_filter=- | hhll_last_label=HH | flow_id=M1|S20.1417|BUY|T1789641600|E4306.84|SL4302.23|TP4325.74 | htf_ltf=- | scale_out=False
[2026-09-17 17:41:02] SCAN_TF_SLOW | scan_one_tf[D1] ใช้เวลา 2.08s > 2s | tf=D1 | duration=2.08
[2026-09-17 17:41:05] TG_SENT | 🟢 *FVG\_D1* | ━━━━━━━━━━━━━━━━━ | 🕐 17/09/2026 17:35 | 📊 *Timeframe: M1* | ท่าที่ 20.1417 |  |  | 📈 Swing High:`0.00` 17:12 17-Sep-2026 | Low:`0.00` 17:19 17-Sep-2026 |  | 💬 *เหตุผล:* | Group 17 FVG BUY |  | ━━━━━━━━━━━━━━━━━ | 💰 ราคาปัจจุบัน: `4315.19` | 📌 *Limit ที่:* `4306.418` (ห่าง 8.77) | 🛑 SL: `4301.664428571428` | 🎯 TP: `4321.332724000001` | ⚖️ R:R `1:3.14` | 📦 `0.01` lot | Flow: `M1-S20.1417-BUY-T1789641240`
[2026-09-17 17:41:15] SYMBOL_CHECK | XAUUSDm trade_mode=4 xau_open=True | trade_mode=4 | tick_time=1789641677 | bid=4315.806 | ask=4316.066 | tick_ok=True | xau_open=True | current_symbol=XAUUSDm | startup=False
[2026-09-17 17:41:35] TG_SENT | 🟢 *FVG\_D1* | ━━━━━━━━━━━━━━━━━ | 🕐 17/09/2026 17:35 | 📊 *Timeframe: M1* | ท่าที่ 20.1417 |  |  | 📈 Swing High:`0.00` 17:12 17-Sep-2026 | Low:`0.00` 17:19 17-Sep-2026 |  | 💬 *เหตุผล:* | Group 17 FVG BUY |  | ━━━━━━━━━━━━━━━━━ | 💰 ราคาปัจจุบัน: `4315.19` | 📌 *Limit ที่:* `4306.418` (ห่าง 8.77) | 🛑 SL: `4301.664428571428` | 🎯 TP: `4321.332724000001` | ⚖️ R:R `1:3.14` | 📦 `0.01` lot | 🔖 Ticket: `4728059649` | Flow: `M1-S20.1417-BUY-T1789641240`
[2026-09-17 17:42:00] TG_SENT | 🟢 *FVG\_D1* | ━━━━━━━━━━━━━━━━━ | 🕐 17/09/2026 17:35 | 📊 *Timeframe: M5* | ท่าที่ 20.1417 |  |  | 📈 Swing High:`0.00` 14:45 17-Sep-2026 | Low:`0.00` 16:30 17-Sep-2026 |  | 💬 *เหตุผล:* | Group 17 FVG BUY |  | ━━━━━━━━━━━━━━━━━ | 💰 ราคาปัจจุบัน: `4315.08` | 📌 *Limit ที่:* `4305.0` (ห่าง 10.08) | 🛑 SL: `4294.613392857143` | 🎯 TP: `4328.03223` | ⚖️ R:R `1:2.22` | 📦 `0.01` lot | Flow: `M5-S20.1417-BUY-T1789641000`
[2026-09-17 17:42:01] PATTERN_FOUND | FVG_D1 | tf=M1 | sid=20.1417 | signal=BUY | entry=4308.045 | sl=4303.42625 | tp=4325.0016399999995 | flow_id=M1|S20.1417|BUY|T1789641660|E4308.05|SL4303.43|TP4325.00
[2026-09-17 17:42:01] ORDER_CREATED | FVG_D1 | tf=M1 | sid=20.1417 | signal=BUY | entry=4308.045 | sl=4303.42625 | tp=4325.0016399999995 | ticket=4728094437 | order_type=BUY LIMIT | trend_filter=- | hhll_last_label=HH | flow_id=M1|S20.1417|BUY|T1789641660|E4308.05|SL4303.43|TP4325.00 | htf_ltf=- | scale_out=False
[2026-09-17 17:42:16] SYMBOL_CHECK | XAUUSDm trade_mode=4 xau_open=True | trade_mode=4 | tick_time=1789641736 | bid=4315.04 | ask=4315.3 | tick_ok=True | xau_open=True | current_symbol=XAUUSDm | startup=False
[2026-09-17 17:42:21] TG_SENT | 🟢 *FVG\_D1* | ━━━━━━━━━━━━━━━━━ | 🕐 17/09/2026 17:35 | 📊 *Timeframe: M5* | ท่าที่ 20.1417 |  |  | 📈 Swing High:`0.00` 14:45 17-Sep-2026 | Low:`0.00` 16:30 17-Sep-2026 |  | 💬 *เหตุผล:* | Group 17 FVG BUY |  | ━━━━━━━━━━━━━━━━━ | 💰 ราคาปัจจุบัน: `4315.08` | 📌 *Limit ที่:* `4305.0` (ห่าง 10.08) | 🛑 SL: `4294.613392857143` | 🎯 TP: `4328.03223` | ⚖️ R:R `1:2.22` | 📦 `0.01` lot | 🔖 Ticket: `4728059687` | Flow: `M5-S20.1417-BUY-T1789641000`
[2026-09-17 17:42:54] TG_SENT | 🔔 *Limit Fill - SELL* | 🔴 Ticket:`4727801017` | 📝 Pattern: `Naiya` | 📌 เปิดที่: `4317.03` | 🛑 SL: `4322.05` | 🎯 TP: `4297.57` | 🕐 Fill Time: `17:35:56 17/09/2026` | 📈 Trend: `M1` → `BULL (weak)` | 📊 RSI(14): `65.06` | Cross: `🟢 BUY_ONLY` | ⚖️ PD [M1]: H:`4315.64` L:`4306.42` EQ:`4311.03`
[2026-09-17 17:43:01] PATTERN_FOUND | FVG_D1 | tf=M1 | sid=20.1417 | signal=BUY | entry=4308.543 | sl=4303.981928571428 | tp=4324.693875999999 | flow_id=M1|S20.1417|BUY|T1789641720|E4308.54|SL4303.98|TP4324.69
[2026-09-17 17:43:01] ORDER_CREATED | FVG_D1 | tf=M1 | sid=20.1417 | signal=BUY | entry=4308.543 | sl=4303.981928571428 | tp=4324.693875999999 | ticket=4728096651 | order_type=BUY LIMIT | trend_filter=- | hhll_last_label=HH | flow_id=M1|S20.1417|BUY|T1789641720|E4308.54|SL4303.98|TP4324.69 | htf_ltf=- | scale_out=False
[2026-09-17 17:43:02] SCAN_TF_SLOW | scan_one_tf[D1] ใช้เวลา 2.10s > 2s | tf=D1 | duration=2.1
[2026-09-17 17:43:15] SYMBOL_CHECK | XAUUSDm trade_mode=4 xau_open=True | trade_mode=4 | tick_time=1789641797 | bid=4315.346 | ask=4315.586 | tick_ok=True | xau_open=True | current_symbol=XAUUSDm | startup=False
[2026-09-17 17:43:18] TG_SENT | 🔔 *Limit Fill - SELL* | 🔴 Ticket:`4727801021` | 📝 Pattern: `FVG_D1` | 📌 เปิดที่: `4317.03` | 🛑 SL: `4322.05` | 🎯 TP: `4297.57` | 🕐 Fill Time: `17:35:56 17/09/2026` | 📈 Trend: `M1` → `BULL (weak)` | 📊 RSI(14): `65.06` | Cross: `🟢 BUY_ONLY` | ⚖️ PD [M1]: H:`4315.64` L:`4306.42` EQ:`4311.03`
[2026-09-17 17:43:45] TG_SENT | 🔔 *Limit Fill - SELL* | 🔴 Ticket:`4727805402` | 📝 Pattern: `FVG_D1` | 📌 เปิดที่: `4316.48` | 🛑 SL: `4321.58` | 🎯 TP: `4297.91` | 🕐 Fill Time: `17:35:56 17/09/2026` | 📈 Trend: `M1` → `BULL (weak)` | 📊 RSI(14): `65.06` | Cross: `🟢 BUY_ONLY` | ⚖️ PD [M1]: H:`4315.64` L:`4306.42` EQ:`4311.03`
[2026-09-17 17:44:01] PATTERN_FOUND | Naiya | tf=M1 | sid=20.148 | signal=BUY | entry=4308.543 | sl=4304.032999999999 | tp=4324.693875999999 | flow_id=M1|S20.148|BUY|T1789641780|E4308.54|SL4304.03|TP4324.69
[2026-09-17 17:44:01] ORDER_CREATED | Naiya | tf=M1 | sid=20.148 | signal=BUY | entry=4308.543 | sl=4304.032999999999 | tp=4324.693875999999 | ticket=4728100495 | order_type=BUY LIMIT | trend_filter=- | hhll_last_label=HH | flow_id=M1|S20.148|BUY|T1789641780|E4308.54|SL4304.03|TP4324.69 | htf_ltf=- | scale_out=False
[2026-09-17 17:44:01] PATTERN_FOUND | FVG_D1 | tf=M1 | sid=20.1417 | signal=BUY | entry=4308.543 | sl=4304.032999999999 | tp=4324.693875999999 | flow_id=M1|S20.1417|BUY|T1789641780|E4308.54|SL4304.03|TP4324.69
[2026-09-17 17:44:01] ORDER_CREATED | FVG_D1 | tf=M1 | sid=20.1417 | signal=BUY | entry=4308.543 | sl=4304.032999999999 | tp=4324.693875999999 | ticket=4728100503 | order_type=BUY LIMIT | trend_filter=- | hhll_last_label=HH | flow_id=M1|S20.1417|BUY|T1789641780|E4308.54|SL4304.03|TP4324.69 | htf_ltf=- | scale_out=False
[2026-09-17 17:44:01] PATTERN_FOUND | Naiya_MTF | tf=M1 | sid=20.1423 | signal=BUY | entry=4314.39 | sl=4311.68 | tp=4338.68 | flow_id=M1|S20.1423|BUY|T1789641780|E4314.39|SL4311.68|TP4338.68
[2026-09-17 17:44:02] ORDER_CREATED | Naiya_MTF | tf=M1 | sid=20.1423 | signal=BUY | entry=4314.39 | sl=4311.68 | tp=4338.68 | ticket=4728100504 | order_type=BUY | trend_filter=- | hhll_last_label=HH | flow_id=M1|S20.1423|BUY|T1789641780|E4314.39|SL4311.68|TP4338.68 | htf_ltf=- | scale_out=False
[2026-09-17 17:44:02] ENTRY_FILL | Limit fill detected | ticket=4728100504 | side=BUY | tf=M1 | sid=20.1423 | pattern=Naiya_MTF | price=4316.866 | sl=4311.68 | tp=4338.68 | fill_time=17:44:03 17/09/2026 | trend=BULL (strong) | rsi=60.634385309700875 | rsi2_state=BUY_ONLY | pd_h=4318.525 | pd_l=4312.073 | pd_eq=4315.3
[2026-09-17 17:44:02] SCAN_TF_SLOW | scan_one_tf[M5] ใช้เวลา 2.03s > 2s | tf=M5 | duration=2.03
[2026-09-17 17:44:02] SCAN_TF_SLOW | scan_one_tf[M15] ใช้เวลา 2.10s > 2s | tf=M15 | duration=2.1
[2026-09-17 17:44:02] SCAN_TF_SLOW | scan_one_tf[M30] ใช้เวลา 2.17s > 2s | tf=M30 | duration=2.17
[2026-09-17 17:44:02] SCAN_TF_SLOW | scan_one_tf[H1] ใช้เวลา 2.16s > 2s | tf=H1 | duration=2.16
[2026-09-17 17:44:02] SCAN_TF_SLOW | scan_one_tf[H4] ใช้เวลา 2.25s > 2s | tf=H4 | duration=2.25
[2026-09-17 17:44:03] SCAN_TF_SLOW | scan_one_tf[H12] ใช้เวลา 2.53s > 2s | tf=H12 | duration=2.53
[2026-09-17 17:44:03] SCAN_TF_SLOW | scan_one_tf[D1] ใช้เวลา 2.81s > 2s | tf=D1 | duration=2.81
[2026-09-17 17:44:03] SCAN_SLOW | scan cycle ใช้เวลา 3.24s > 3s | breakdown=sl_tp_hits=0.00s cancel_pending=0.36s engulf_trail_sl=0.01s opposite_order_tp=0.01s entry_candle_quality=0.00s s3_maru_pending=0.00s fvg_pending=0.00s pb_pending=0.00s s12_management=0.00s scan_all_tf=2.86s export_trend_state=0.01s
[2026-09-17 17:44:07] TG_SENT | 🟢 *FVG\_D1* | ━━━━━━━━━━━━━━━━━ | 🕐 17/09/2026 17:36 | 📊 *Timeframe: M1* | ท่าที่ 20.1417 |  |  | 📈 Swing High:`0.00` 17:12 17-Sep-2026 | Low:`0.00` 17:19 17-Sep-2026 |  | 💬 *เหตุผล:* | Group 17 FVG BUY |  | ━━━━━━━━━━━━━━━━━ | 💰 ราคาปัจจุบัน: `4317.31` | 📌 *Limit ที่:* `4306.418` (ห่าง 10.89) | 🛑 SL: `4301.274964285714` | 🎯 TP: `4321.332724000001` | ⚖️ R:R `1:2.9` | 📦 `0.01` lot | Flow: `M1-S20.1417-BUY-T1789641300`
[2026-09-17 17:44:16] SYMBOL_CHECK | XAUUSDm trade_mode=4 xau_open=True | trade_mode=4 | tick_time=1789641856 | bid=4316.16 | ask=4316.42 | tick_ok=True | xau_open=True | current_symbol=XAUUSDm | startup=False
[2026-09-17 17:44:44] TG_SENT | 🟢 *FVG\_D1* | ━━━━━━━━━━━━━━━━━ | 🕐 17/09/2026 17:36 | 📊 *Timeframe: M1* | ท่าที่ 20.1417 |  |  | 📈 Swing High:`0.00` 17:12 17-Sep-2026 | Low:`0.00` 17:19 17-Sep-2026 |  | 💬 *เหตุผล:* | Group 17 FVG BUY |  | ━━━━━━━━━━━━━━━━━ | 💰 ราคาปัจจุบัน: `4317.31` | 📌 *Limit ที่:* `4306.418` (ห่าง 10.89) | 🛑 SL: `4301.274964285714` | 🎯 TP: `4321.332724000001` | ⚖️ R:R `1:2.9` | 📦 `0.01` lot | 🔖 Ticket: `4728069289` | Flow: `M1-S20.1417-BUY-T1789641300`
[2026-09-17 17:45:00] SL_GUARD_GROUP_UNBLOCK | BUY [M15] group=[M5+M15+M30] swing confirmed retry=0/0 | side=BUY | tf=M15 | group=M5+M15+M30 | swing_bar_time=1789637400 | confirm_time=1789641000
[2026-09-17 17:45:01] PATTERN_FOUND | FVG_D1 | tf=M1 | sid=20.1417 | signal=BUY | entry=4309.38 | sl=4304.996607142857 | tp=4324.1766099999995 | flow_id=M1|S20.1417|BUY|T1789641840|E4309.38|SL4305.00|TP4324.18
[2026-09-17 17:45:01] ORDER_CREATED | FVG_D1 | tf=M1 | sid=20.1417 | signal=BUY | entry=4309.38 | sl=4304.996607142857 | tp=4324.1766099999995 | ticket=4728103251 | order_type=BUY LIMIT | trend_filter=- | hhll_last_label=HH | flow_id=M1|S20.1417|BUY|T1789641840|E4309.38|SL4305.00|TP4324.18 | htf_ltf=- | scale_out=False
[2026-09-17 17:45:02] PATTERN_FOUND | FVG_D1 | tf=M5 | sid=20.1417 | signal=BUY | entry=4305.0 | sl=4295.16375 | tp=4328.03223 | flow_id=M5|S20.1417|BUY|T1789641600|E4305.00|SL4295.16|TP4328.03
[2026-09-17 17:45:02] ORDER_CREATED | FVG_D1 | tf=M5 | sid=20.1417 | signal=BUY | entry=4305.0 | sl=4295.16375 | tp=4328.03223 | ticket=4728103277 | order_type=BUY LIMIT | trend_filter=- | hhll_last_label=LL | flow_id=M5|S20.1417|BUY|T1789641600|E4305.00|SL4295.16|TP4328.03 | htf_ltf=- | scale_out=False
[2026-09-17 17:45:02] SCAN_TF_SLOW | scan_one_tf[M5] ใช้เวลา 2.55s > 2s | tf=M5 | duration=2.55
[2026-09-17 17:45:03] PATTERN_FOUND | FVG_D1 | tf=M15 | sid=20.1417 | signal=SELL | entry=4335.375 | sl=4355.491607142857 | tp=4255.829266000001 | flow_id=M15|S20.1417|SELL|T1789641000|E4335.38|SL4355.49|TP4255.83
[2026-09-17 17:45:03] ORDER_CREATED | FVG_D1 | tf=M15 | sid=20.1417 | signal=SELL | entry=4335.375 | sl=4355.491607142857 | tp=4255.829266000001 | ticket=4728103300 | order_type=SELL LIMIT | trend_filter=- | hhll_last_label=HL | flow_id=M15|S20.1417|SELL|T1789641000|E4335.38|SL4355.49|TP4255.83 | htf_ltf=- | scale_out=False
[2026-09-17 17:45:03] SCAN_TF_SLOW | scan_one_tf[M15] ใช้เวลา 3.43s > 2s | tf=M15 | duration=3.43
[2026-09-17 17:45:03] SCAN_TF_SLOW | scan_one_tf[M30] ใช้เวลา 3.49s > 2s | tf=M30 | duration=3.49
[2026-09-17 17:45:03] SCAN_TF_SLOW | scan_one_tf[H1] ใช้เวลา 3.49s > 2s | tf=H1 | duration=3.49
[2026-09-17 17:45:04] SCAN_TF_SLOW | scan_one_tf[H4] ใช้เวลา 3.57s > 2s | tf=H4 | duration=3.57
[2026-09-17 17:45:04] SCAN_TF_SLOW | scan_one_tf[H12] ใช้เวลา 3.83s > 2s | tf=H12 | duration=3.83
[2026-09-17 17:45:04] SCAN_TF_SLOW | scan_one_tf[D1] ใช้เวลา 4.13s > 2s | tf=D1 | duration=4.13
[2026-09-17 17:45:04] SCAN_SLOW | scan cycle ใช้เวลา 4.62s > 3s | breakdown=sl_tp_hits=0.01s cancel_pending=0.39s engulf_trail_sl=0.01s opposite_order_tp=0.01s entry_candle_quality=0.00s s3_maru_pending=0.00s fvg_pending=0.00s pb_pending=0.00s s12_management=0.00s scan_all_tf=4.20s export_trend_state=0.01s
[2026-09-17 17:45:07] TG_SENT | 🟢 *FVG\_D1* | ━━━━━━━━━━━━━━━━━ | 🕐 17/09/2026 17:37 | 📊 *Timeframe: M1* | ท่าที่ 20.1417 |  |  | 📈 Swing High:`0.00` 17:12 17-Sep-2026 | Low:`0.00` 17:19 17-Sep-2026 |  | 💬 *เหตุผล:* | Group 17 FVG BUY |  | ━━━━━━━━━━━━━━━━━ | 💰 ราคาปัจจุบัน: `4317.90` | 📌 *Limit ที่:* `4306.418` (ห่าง 11.49) | 🛑 SL: `4301.098357142857` | 🎯 TP: `4324.520184` | ⚖️ R:R `1:3.4` | 📦 `0.01` lot | Flow: `M1-S20.1417-BUY-T1789641360`
[2026-09-17 17:45:16] SYMBOL_CHECK | XAUUSDm trade_mode=4 xau_open=True | trade_mode=4 | tick_time=1789641917 | bid=4316.116 | ask=4316.376 | tick_ok=True | xau_open=True | current_symbol=XAUUSDm | startup=False
[2026-09-17 17:45:45] TG_SENT | 🟢 *FVG\_D1* | ━━━━━━━━━━━━━━━━━ | 🕐 17/09/2026 17:37 | 📊 *Timeframe: M1* | ท่าที่ 20.1417 |  |  | 📈 Swing High:`0.00` 17:12 17-Sep-2026 | Low:`0.00` 17:19 17-Sep-2026 |  | 💬 *เหตุผล:* | Group 17 FVG BUY |  | ━━━━━━━━━━━━━━━━━ | 💰 ราคาปัจจุบัน: `4317.90` | 📌 *Limit ที่:* `4306.418` (ห่าง 11.49) | 🛑 SL: `4301.098357142857` | 🎯 TP: `4324.520184` | ⚖️ R:R `1:3.4` | 📦 `0.01` lot | 🔖 Ticket: `4728075739` | Flow: `M1-S20.1417-BUY-T1789641360`
[2026-09-17 17:46:00] PATTERN_FOUND | FVG_D1 | tf=M1 | sid=20.1417 | signal=BUY | entry=4312.073 | sl=4307.9724642857145 | tp=4322.512335999999 | flow_id=M1|S20.1417|BUY|T1789641900|E4312.07|SL4307.97|TP4322.51
[2026-09-17 17:46:00] ORDER_CREATED | FVG_D1 | tf=M1 | sid=20.1417 | signal=BUY | entry=4312.073 | sl=4307.9724642857145 | tp=4322.512335999999 | ticket=4728105524 | order_type=BUY LIMIT | trend_filter=- | hhll_last_label=HH | flow_id=M1|S20.1417|BUY|T1789641900|E4312.07|SL4307.97|TP4322.51 | htf_ltf=- | scale_out=False
[2026-09-17 17:46:01] SCAN_TF_SLOW | scan_one_tf[D1] ใช้เวลา 2.05s > 2s | tf=D1 | duration=2.05
[2026-09-17 17:46:04] TG_SENT | 🟢 *FVG\_D1* | ━━━━━━━━━━━━━━━━━ | 🕐 17/09/2026 17:38 | 📊 *Timeframe: M1* | ท่าที่ 20.1417 |  |  | 📈 Swing High:`0.00` 17:12 17-Sep-2026 | Low:`0.00` 17:19 17-Sep-2026 |  | 💬 *เหตุผล:* | Group 17 FVG BUY |  | ━━━━━━━━━━━━━━━━━ | 💰 ราคาปัจจุบัน: `4317.50` | 📌 *Limit ที่:* `4306.418` (ห่าง 11.09) | 🛑 SL: `4301.127107142856` | 🎯 TP: `4326.0071259999995` | ⚖️ R:R `1:3.7` | 📦 `0.01` lot | Flow: `M1-S20.1417-BUY-T1789641420`
[2026-09-17 17:46:16] SYMBOL_CHECK | XAUUSDm trade_mode=4 xau_open=True | trade_mode=4 | tick_time=1789641977 | bid=4316.271 | ask=4316.531 | tick_ok=True | xau_open=True | current_symbol=XAUUSDm | startup=False
[2026-09-17 17:46:39] TG_SENT | 🟢 *FVG\_D1* | ━━━━━━━━━━━━━━━━━ | 🕐 17/09/2026 17:38 | 📊 *Timeframe: M1* | ท่าที่ 20.1417 |  |  | 📈 Swing High:`0.00` 17:12 17-Sep-2026 | Low:`0.00` 17:19 17-Sep-2026 |  | 💬 *เหตุผล:* | Group 17 FVG BUY |  | ━━━━━━━━━━━━━━━━━ | 💰 ราคาปัจจุบัน: `4317.50` | 📌 *Limit ที่:* `4306.418` (ห่าง 11.09) | 🛑 SL: `4301.127107142856` | 🎯 TP: `4326.0071259999995` | ⚖️ R:R `1:3.7` | 📦 `0.01` lot | 🔖 Ticket: `4728079436` | Flow: `M1-S20.1417-BUY-T1789641420`
[2026-09-17 17:47:00] TG_SENT | 🔴 *Naiya* | ━━━━━━━━━━━━━━━━━ | 🕐 17/09/2026 17:39 | 📊 *Timeframe: M1* | ท่าที่ 20.148 |  |  | 📈 Swing High:`0.00` 17:12 17-Sep-2026 | Low:`0.00` 17:19 17-Sep-2026 |  | 💬 *เหตุผล:* | Group 8 Naiya SELL |  | ━━━━━━━━━━━━━━━━━ | 💰 ราคาปัจจุบัน: `4317.07` | 📌 *Limit ที่:* `4318.525` (ห่าง 1.46) | 🛑 SL: `4323.243035714286` | 🎯 TP: `4298.935874` | ⚖️ R:R `1:4.15` | 📦 `0.01` lot | Flow: `M1-S20.148-SELL-T1789641480`
[2026-09-17 17:47:01] PATTERN_FOUND | Naiya | tf=M1 | sid=20.148 | signal=BUY | entry=4312.073 | sl=4307.949785714286 | tp=4322.512335999999 | flow_id=M1|S20.148|BUY|T1789641960|E4312.07|SL4307.95|TP4322.51
[2026-09-17 17:47:01] ORDER_CREATED | Naiya | tf=M1 | sid=20.148 | signal=BUY | entry=4312.073 | sl=4307.949785714286 | tp=4322.512335999999 | ticket=4728107972 | order_type=BUY LIMIT | trend_filter=- | hhll_last_label=HL | flow_id=M1|S20.148|BUY|T1789641960|E4312.07|SL4307.95|TP4322.51 | htf_ltf=- | scale_out=False
[2026-09-17 17:47:01] PATTERN_FOUND | Naiya | tf=M1 | sid=20.1412 | signal=BUY | entry=4315.937 | sl=4311.813785714286 | tp=4320.124384 | flow_id=M1|S20.1412|BUY|T1789641960|E4315.94|SL4311.81|TP4320.12
[2026-09-17 17:47:02] ORDER_CREATED | Naiya | tf=M1 | sid=20.1412 | signal=BUY | entry=4315.937 | sl=4311.813785714286 | tp=4320.124384 | ticket=4728107975 | order_type=BUY LIMIT | trend_filter=- | hhll_last_label=HL | flow_id=M1|S20.1412|BUY|T1789641960|E4315.94|SL4311.81|TP4320.12 | htf_ltf=- | scale_out=False
[2026-09-17 17:47:02] PATTERN_FOUND | FVG_D1 | tf=M1 | sid=20.1417 | signal=BUY | entry=4312.073 | sl=4307.949785714286 | tp=4322.512335999999 | flow_id=M1|S20.1417|BUY|T1789641960|E4312.07|SL4307.95|TP4322.51
[2026-09-17 17:47:02] ORDER_CREATED | FVG_D1 | tf=M1 | sid=20.1417 | signal=BUY | entry=4312.073 | sl=4307.949785714286 | tp=4322.512335999999 | ticket=4728107976 | order_type=BUY LIMIT | trend_filter=- | hhll_last_label=HL | flow_id=M1|S20.1417|BUY|T1789641960|E4312.07|SL4307.95|TP4322.51 | htf_ltf=- | scale_out=False
[2026-09-17 17:47:03] SCAN_TF_SLOW | scan_one_tf[D1] ใช้เวลา 2.08s > 2s | tf=D1 | duration=2.08
[2026-09-17 17:47:17] SYMBOL_CHECK | XAUUSDm trade_mode=4 xau_open=True | trade_mode=4 | tick_time=1789642037 | bid=4317.465 | ask=4317.725 | tick_ok=True | xau_open=True | current_symbol=XAUUSDm | startup=False
[2026-09-17 17:47:20] TG_SENT | 🔴 *Naiya* | ━━━━━━━━━━━━━━━━━ | 🕐 17/09/2026 17:39 | 📊 *Timeframe: M1* | ท่าที่ 20.148 |  |  | 📈 Swing High:`0.00` 17:12 17-Sep-2026 | Low:`0.00` 17:19 17-Sep-2026 |  | 💬 *เหตุผล:* | Group 8 Naiya SELL |  | ━━━━━━━━━━━━━━━━━ | 💰 ราคาปัจจุบัน: `4317.07` | 📌 *Limit ที่:* `4318.525` (ห่าง 1.46) | 🛑 SL: `4323.243035714286` | 🎯 TP: `4298.935874` | ⚖️ R:R `1:4.15` | 📦 `0.01` lot | 🔖 Ticket: `4728082505` | Flow: `M1-S20.148-SELL-T1789641480`
[2026-09-17 17:47:40] TG_SENT | 🟢 *FVG\_D1* | ━━━━━━━━━━━━━━━━━ | 🕐 17/09/2026 17:39 | 📊 *Timeframe: M1* | ท่าที่ 20.1417 |  |  | 📈 Swing High:`0.00` 17:12 17-Sep-2026 | Low:`0.00` 17:19 17-Sep-2026 |  | 💬 *เหตุผล:* | Group 17 FVG BUY |  | ━━━━━━━━━━━━━━━━━ | 💰 ราคาปัจจุบัน: `4317.33` | 📌 *Limit ที่:* `4306.418` (ห่าง 10.91) | 🛑 SL: `4301.699964285714` | 🎯 TP: `4326.0071259999995` | ⚖️ R:R `1:4.15` | 📦 `0.01` lot | Flow: `M1-S20.1417-BUY-T1789641480`
[2026-09-17 17:48:01] PATTERN_FOUND | FVG_D1 | tf=M1 | sid=20.1417 | signal=BUY | entry=4312.073 | sl=4308.046928571429 | tp=4322.512335999999 | flow_id=M1|S20.1417|BUY|T1789642020|E4312.07|SL4308.05|TP4322.51
[2026-09-17 17:48:01] ORDER_CREATED | FVG_D1 | tf=M1 | sid=20.1417 | signal=BUY | entry=4312.073 | sl=4308.046928571429 | tp=4322.512335999999 | ticket=4728110439 | order_type=BUY LIMIT | trend_filter=- | hhll_last_label=HL | flow_id=M1|S20.1417|BUY|T1789642020|E4312.07|SL4308.05|TP4322.51 | htf_ltf=- | scale_out=False
[2026-09-17 17:48:01] PATTERN_FOUND | Naiya_MTF | tf=M1 | sid=20.1423 | signal=BUY | entry=4315.94 | sl=4313.52 | tp=4338.68 | flow_id=M1|S20.1423|BUY|T1789642020|E4315.94|SL4313.52|TP4338.68
[2026-09-17 17:48:02] ORDER_CREATED | Naiya_MTF | tf=M1 | sid=20.1423 | signal=BUY | entry=4315.94 | sl=4313.52 | tp=4338.68 | ticket=4728110441 | order_type=BUY | trend_filter=- | hhll_last_label=HL | flow_id=M1|S20.1423|BUY|T1789642020|E4315.94|SL4313.52|TP4338.68 | htf_ltf=- | scale_out=False
[2026-09-17 17:48:02] ENTRY_FILL | Limit fill detected | ticket=4728110441 | side=BUY | tf=M1 | sid=20.1423 | pattern=Naiya_MTF | price=4317.588000000001 | sl=4313.52 | tp=4338.68 | fill_time=17:48:03 17/09/2026 | trend=BULL (strong) | rsi=62.821933178533676 | rsi2_state=BUY_ONLY | pd_h=4318.525 | pd_l=4314.391 | pd_eq=4316.46
[2026-09-17 17:48:02] SCAN_TF_SLOW | scan_one_tf[M15] ใช้เวลา 2.15s > 2s | tf=M15 | duration=2.15
[2026-09-17 17:48:02] SCAN_TF_SLOW | scan_one_tf[M30] ใช้เวลา 2.21s > 2s | tf=M30 | duration=2.21
[2026-09-17 17:48:02] SCAN_TF_SLOW | scan_one_tf[H1] ใช้เวลา 2.21s > 2s | tf=H1 | duration=2.21
[2026-09-17 17:48:03] SCAN_TF_SLOW | scan_one_tf[H4] ใช้เวลา 2.28s > 2s | tf=H4 | duration=2.28
[2026-09-17 17:48:03] SCAN_TF_SLOW | scan_one_tf[H12] ใช้เวลา 2.52s > 2s | tf=H12 | duration=2.52
[2026-09-17 17:48:03] SCAN_TF_SLOW | scan_one_tf[D1] ใช้เวลา 2.79s > 2s | tf=D1 | duration=2.79
[2026-09-17 17:48:03] SCAN_SLOW | scan cycle ใช้เวลา 3.21s > 3s | breakdown=sl_tp_hits=0.00s cancel_pending=0.35s engulf_trail_sl=0.01s opposite_order_tp=0.01s entry_candle_quality=0.00s s3_maru_pending=0.00s fvg_pending=0.00s pb_pending=0.00s s12_management=0.00s scan_all_tf=2.84s export_trend_state=0.01s
[2026-09-17 17:48:07] TG_SENT | 🟢 *FVG\_D1* | ━━━━━━━━━━━━━━━━━ | 🕐 17/09/2026 17:39 | 📊 *Timeframe: M1* | ท่าที่ 20.1417 |  |  | 📈 Swing High:`0.00` 17:12 17-Sep-2026 | Low:`0.00` 17:19 17-Sep-2026 |  | 💬 *เหตุผล:* | Group 17 FVG BUY |  | ━━━━━━━━━━━━━━━━━ | 💰 ราคาปัจจุบัน: `4317.33` | 📌 *Limit ที่:* `4306.418` (ห่าง 10.91) | 🛑 SL: `4301.699964285714` | 🎯 TP: `4326.0071259999995` | ⚖️ R:R `1:4.15` | 📦 `0.01` lot | 🔖 Ticket: `4728082507` | Flow: `M1-S20.1417-BUY-T1789641480`
[2026-09-17 17:48:16] SYMBOL_CHECK | XAUUSDm trade_mode=4 xau_open=True | trade_mode=4 | tick_time=1789642097 | bid=4317.335 | ask=4317.595 | tick_ok=True | xau_open=True | current_symbol=XAUUSDm | startup=False
[2026-09-17 17:48:34] TG_SENT | 🟢 *FVG\_D1* | ━━━━━━━━━━━━━━━━━ | 🕐 17/09/2026 17:40 | 📊 *Timeframe: M1* | ท่าที่ 20.1417 |  |  | 📈 Swing High:`0.00` 17:12 17-Sep-2026 | Low:`0.00` 17:19 17-Sep-2026 |  | 💬 *เหตุผล:* | Group 17 FVG BUY |  | ━━━━━━━━━━━━━━━━━ | 💰 ราคาปัจจุบัน: `4316.88` | 📌 *Limit ที่:* `4306.418` (ห่าง 10.46) | 🛑 SL: `4301.9221071428565` | 🎯 TP: `4326.0071259999995` | ⚖️ R:R `1:4.36` | 📦 `0.01` lot | Flow: `M1-S20.1417-BUY-T1789641540`
[2026-09-17 17:49:00] TG_SENT | 🟢 *FVG\_D1* | ━━━━━━━━━━━━━━━━━ | 🕐 17/09/2026 17:40 | 📊 *Timeframe: M1* | ท่าที่ 20.1417 |  |  | 📈 Swing High:`0.00` 17:12 17-Sep-2026 | Low:`0.00` 17:19 17-Sep-2026 |  | 💬 *เหตุผล:* | Group 17 FVG BUY |  | ━━━━━━━━━━━━━━━━━ | 💰 ราคาปัจจุบัน: `4316.88` | 📌 *Limit ที่:* `4306.418` (ห่าง 10.46) | 🛑 SL: `4301.9221071428565` | 🎯 TP: `4326.0071259999995` | ⚖️ R:R `1:4.36` | 📦 `0.01` lot | 🔖 Ticket: `4728085544` | Flow: `M1-S20.1417-BUY-T1789641540`
[2026-09-17 17:49:01] PATTERN_FOUND | FVG_D1 | tf=M1 | sid=20.1417 | signal=BUY | entry=4312.073 | sl=4308.216571428571 | tp=4322.512335999999 | flow_id=M1|S20.1417|BUY|T1789642080|E4312.07|SL4308.22|TP4322.51
[2026-09-17 17:49:01] ORDER_CREATED | FVG_D1 | tf=M1 | sid=20.1417 | signal=BUY | entry=4312.073 | sl=4308.216571428571 | tp=4322.512335999999 | ticket=4728113362 | order_type=BUY LIMIT | trend_filter=- | hhll_last_label=HL | flow_id=M1|S20.1417|BUY|T1789642080|E4312.07|SL4308.22|TP4322.51 | htf_ltf=- | scale_out=False
[2026-09-17 17:49:16] SYMBOL_CHECK | XAUUSDm trade_mode=4 xau_open=True | trade_mode=4 | tick_time=1789642156 | bid=4318.145 | ask=4318.405 | tick_ok=True | xau_open=True | current_symbol=XAUUSDm | startup=False
[2026-09-17 17:49:19] TG_SENT | 🟢 *FVG\_D1* | ━━━━━━━━━━━━━━━━━ | 🕐 17/09/2026 17:40 | 📊 *Timeframe: M5* | ท่าที่ 20.1417 |  |  | 📈 Swing High:`0.00` 14:45 17-Sep-2026 | Low:`0.00` 16:30 17-Sep-2026 |  | 💬 *เหตุผล:* | Group 17 FVG BUY |  | ━━━━━━━━━━━━━━━━━ | 💰 ราคาปัจจุบัน: `4316.94` | 📌 *Limit ที่:* `4305.0` (ห่าง 11.94) | 🛑 SL: `4295.07875` | 🎯 TP: `4328.03223` | ⚖️ R:R `1:2.32` | 📦 `0.01` lot | Flow: `M5-S20.1417-BUY-T1789641300`
[2026-09-17 17:49:31] ENTRY_FILL | Limit fill detected | ticket=4728082505 | side=SELL | tf=M1 | sid=20.148 | pattern=Naiya | price=4318.525 | sl=4323.243 | tp=4298.936 | fill_time=17:49:28 17/09/2026 | trend=BULL (strong) | rsi=68.24584749479199 | rsi2_state=BUY_ONLY | pd_h=4318.525 | pd_l=4314.391 | pd_eq=4316.46
[2026-09-17 17:49:44] TG_SENT | 🟢 *FVG\_D1* | ━━━━━━━━━━━━━━━━━ | 🕐 17/09/2026 17:40 | 📊 *Timeframe: M5* | ท่าที่ 20.1417 |  |  | 📈 Swing High:`0.00` 14:45 17-Sep-2026 | Low:`0.00` 16:30 17-Sep-2026 |  | 💬 *เหตุผล:* | Group 17 FVG BUY |  | ━━━━━━━━━━━━━━━━━ | 💰 ราคาปัจจุบัน: `4316.94` | 📌 *Limit ที่:* `4305.0` (ห่าง 11.94) | 🛑 SL: `4295.07875` | 🎯 TP: `4328.03223` | ⚖️ R:R `1:2.32` | 📦 `0.01` lot | 🔖 Ticket: `4728085571` | Flow: `M5-S20.1417-BUY-T1789641300`
[2026-09-17 17:50:01] PATTERN_FOUND | FVG_D1 | tf=M1 | sid=20.1417 | signal=BUY | entry=4312.073 | sl=4308.598714285714 | tp=4322.512335999999 | flow_id=M1|S20.1417|BUY|T1789642140|E4312.07|SL4308.60|TP4322.51
[2026-09-17 17:50:01] ORDER_CREATED | FVG_D1 | tf=M1 | sid=20.1417 | signal=BUY | entry=4312.073 | sl=4308.598714285714 | tp=4322.512335999999 | ticket=4728117014 | order_type=BUY LIMIT | trend_filter=- | hhll_last_label=HL | flow_id=M1|S20.1417|BUY|T1789642140|E4312.07|SL4308.60|TP4322.51 | htf_ltf=- | scale_out=False
[2026-09-17 17:50:01] PATTERN_FOUND | Naiya_MTF | tf=M1 | sid=20.1423 | signal=BUY | entry=4316.98 | sl=4314.89 | tp=4338.68 | flow_id=M1|S20.1423|BUY|T1789642140|E4316.98|SL4314.89|TP4338.68
[2026-09-17 17:50:01] ORDER_CREATED | Naiya_MTF | tf=M1 | sid=20.1423 | signal=BUY | entry=4316.98 | sl=4314.89 | tp=4338.68 | ticket=4728117020 | order_type=BUY | trend_filter=- | hhll_last_label=HL | flow_id=M1|S20.1423|BUY|T1789642140|E4316.98|SL4314.89|TP4338.68 | htf_ltf=- | scale_out=False
[2026-09-17 17:50:01] ENTRY_FILL | Limit fill detected | ticket=4728117020 | side=BUY | tf=M1 | sid=20.1423 | pattern=Naiya_MTF | price=4318.67 | sl=4314.89 | tp=4338.68 | fill_time=17:50:03 17/09/2026 | trend=BULL (strong) | rsi=67.25381245239893 | rsi2_state=BUY_ONLY | pd_h=4318.525 | pd_l=4314.391 | pd_eq=4316.46
[2026-09-17 17:50:02] PATTERN_FOUND | FVG_D1 | tf=M5 | sid=20.1417 | signal=BUY | entry=4305.0 | sl=4295.219821428571 | tp=4328.03223 | flow_id=M5|S20.1417|BUY|T1789641900|E4305.00|SL4295.22|TP4328.03
[2026-09-17 17:50:02] ORDER_CREATED | FVG_D1 | tf=M5 | sid=20.1417 | signal=BUY | entry=4305.0 | sl=4295.219821428571 | tp=4328.03223 | ticket=4728117175 | order_type=BUY LIMIT | trend_filter=- | hhll_last_label=LL | flow_id=M5|S20.1417|BUY|T1789641900|E4305.00|SL4295.22|TP4328.03 | htf_ltf=- | scale_out=False
[2026-09-17 17:50:02] PATTERN_FOUND | Naiya_MTF | tf=M5 | sid=20.1423 | signal=BUY | entry=4314.39 | sl=4308.52 | tp=4338.68 | flow_id=M5|S20.1423|BUY|T1789641900|E4314.39|SL4308.52|TP4338.68
[2026-09-17 17:50:03] ORDER_CREATED | Naiya_MTF | tf=M5 | sid=20.1423 | signal=BUY | entry=4314.39 | sl=4308.52 | tp=4338.68 | ticket=4728117178 | order_type=BUY | trend_filter=- | hhll_last_label=LL | flow_id=M5|S20.1423|BUY|T1789641900|E4314.39|SL4308.52|TP4338.68 | htf_ltf=- | scale_out=False
[2026-09-17 17:50:03] SCAN_TF_SLOW | scan_one_tf[M5] ใช้เวลา 3.20s > 2s | tf=M5 | duration=3.2
[2026-09-17 17:50:03] SCAN_TF_SLOW | scan_one_tf[M15] ใช้เวลา 3.30s > 2s | tf=M15 | duration=3.3
[2026-09-17 17:50:03] SCAN_TF_SLOW | scan_one_tf[M30] ใช้เวลา 3.37s > 2s | tf=M30 | duration=3.37
[2026-09-17 17:50:03] SCAN_TF_SLOW | scan_one_tf[H1] ใช้เวลา 3.37s > 2s | tf=H1 | duration=3.37
[2026-09-17 17:50:03] SCAN_TF_SLOW | scan_one_tf[H4] ใช้เวลา 3.45s > 2s | tf=H4 | duration=3.45
[2026-09-17 17:50:04] SCAN_TF_SLOW | scan_one_tf[H12] ใช้เวลา 3.72s > 2s | tf=H12 | duration=3.72
[2026-09-17 17:50:04] SCAN_TF_SLOW | scan_one_tf[D1] ใช้เวลา 4.01s > 2s | tf=D1 | duration=4.01
[2026-09-17 17:50:04] SCAN_SLOW | scan cycle ใช้เวลา 4.45s > 3s | breakdown=sl_tp_hits=0.00s cancel_pending=0.36s engulf_trail_sl=0.01s opposite_order_tp=0.01s entry_candle_quality=0.00s s3_maru_pending=0.00s fvg_pending=0.00s pb_pending=0.00s s12_management=0.00s scan_all_tf=4.06s export_trend_state=0.01s
[2026-09-17 17:50:06] ENTRY_FILL | Limit fill detected | ticket=4728117178 | side=BUY | tf=M5 | sid=20.1423 | pattern=Naiya_MTF | price=4318.635 | sl=4308.52 | tp=4338.68 | fill_time=17:50:04 17/09/2026 | trend=BEAR (weak) | rsi=59.98692142121645 | rsi2_state=BUY_ONLY | pd_h=4319.235 | pd_l=4305.0 | pd_eq=4312.12
[2026-09-17 17:50:07] TG_SENT | 🟢 *Naiya\_MTF* | ━━━━━━━━━━━━━━━━━ | 🕐 17/09/2026 17:40 | 📊 *Timeframe: M5* | ท่าที่ 20.1423 |  |  | 📈 Swing High:`0.00` 14:45 17-Sep-2026 | Low:`0.00` 16:30 17-Sep-2026 |  | 💬 *เหตุผล:* | Group 23 H1 LiqSweep->LTF Respect Low | H1\_liq=4305.00 | ATR=3.97 |  | ━━━━━━━━━━━━━━━━━ | 💰 ราคาปัจจุบัน: `4316.69` | 📌 *Limit ที่:* `4312.07` (ห่าง 4.62) | 🛑 SL: `4306.12` | 🎯 TP: `4338.68` | ⚖️ R:R `1:4.47` | 📦 `0.01` lot | Flow: `M5-S20.1423-BUY-T1789641300`
[2026-09-17 17:50:17] SYMBOL_CHECK | XAUUSDm trade_mode=4 xau_open=True | trade_mode=4 | tick_time=1789642217 | bid=4318.351 | ask=4318.611 | tick_ok=True | xau_open=True | current_symbol=XAUUSDm | startup=False
[2026-09-17 17:50:34] POSITION_CLOSED | 🎯 TP Hit | ticket=4726901856 | side=BUY | symbol=XAUUSDm | tf=M1 | sid=20.1417 | pattern=FVG_D1 | trend_filter=- | open_price=4305.86 | close_price=4318.99 | sl=4300.456 | tp=4318.988 | profit=13.13 | reason=[tp 4318.98800] | close_time=17:50:33 17/09/2026
[2026-09-17 17:50:34] POSITION_CLOSED | 🎯 TP Hit | ticket=4726905866 | side=BUY | symbol=XAUUSDm | tf=M1 | sid=20.1417 | pattern=FVG_D1 | trend_filter=- | open_price=4305.86 | close_price=4318.99 | sl=4300.574 | tp=4318.988 | profit=13.13 | reason=[tp 4318.98800] | close_time=17:50:33 17/09/2026
[2026-09-17 17:50:40] TG_SENT | [retry-plain] 🟢 *🎯 TP Hit* | ━━━━━━━━━━━━━━━━━ | 📊 TF: M1 | S20.14.17: Group 17 | Pattern: FVG_D1 | 📊 BUY XAUUSDm | 📌 เปิด: `4305.86` | 📌 ปิด: `4318.99` | 🛑 SL: `4300.456` | 🎯 TP: `4318.988` | 💬 เหตุผล: `[tp 4318.98800]` | 💰 P/L: `13.13` USD | 🔖 Ticket: `4726901856` | 🕐 Close Time: `17:50:33 17/09/2026`
[2026-09-17 17:50:41] ENTRY_FILL | Limit fill detected | ticket=4727578537 | side=SELL | tf=M1 | sid=20.1417 | pattern=FVG_D1 | price=4319.626 | sl=4324.969 | tp=4307.085 | fill_time=17:50:41 17/09/2026 | trend=BULL (strong) | rsi=71.53059659188786 | rsi2_state=SELL_ONLY | pd_h=4318.525 | pd_l=4314.391 | pd_eq=4316.46
[2026-09-17 17:50:41] ENTRY_FILL | Limit fill detected | ticket=4727586723 | side=SELL | tf=M1 | sid=20.1417 | pattern=FVG_D1 | price=4319.626 | sl=4324.875 | tp=4306.983 | fill_time=17:50:41 17/09/2026 | trend=BULL (strong) | rsi=71.53059659188786 | rsi2_state=SELL_ONLY | pd_h=4318.525 | pd_l=4314.391 | pd_eq=4316.46
[2026-09-17 17:50:41] ENTRY_FILL | Limit fill detected | ticket=4727593836 | side=SELL | tf=M1 | sid=20.1417 | pattern=FVG_D1 | price=4319.626 | sl=4324.964 | tp=4304.64 | fill_time=17:50:41 17/09/2026 | trend=BULL (strong) | rsi=71.53059659188786 | rsi2_state=SELL_ONLY | pd_h=4318.525 | pd_l=4314.391 | pd_eq=4316.46
[2026-09-17 17:50:41] ENTRY_FILL | Limit fill detected | ticket=4727597622 | side=SELL | tf=M1 | sid=20.1417 | pattern=FVG_D1 | price=4319.626 | sl=4324.788 | tp=4303.948 | fill_time=17:50:41 17/09/2026 | trend=BULL (strong) | rsi=71.53059659188786 | rsi2_state=SELL_ONLY | pd_h=4318.525 | pd_l=4314.391 | pd_eq=4316.46
[2026-09-17 17:50:41] ENTRY_FILL | Limit fill detected | ticket=4727600711 | side=SELL | tf=M1 | sid=20.148 | pattern=Naiya | price=4319.626 | sl=4324.82 | tp=4303.948 | fill_time=17:50:41 17/09/2026 | trend=BULL (strong) | rsi=71.53059659188786 | rsi2_state=SELL_ONLY | pd_h=4318.525 | pd_l=4314.391 | pd_eq=4316.46
[2026-09-17 17:50:41] ENTRY_FILL | Limit fill detected | ticket=4727600719 | side=SELL | tf=M1 | sid=20.1417 | pattern=FVG_D1 | price=4319.626 | sl=4324.82 | tp=4303.948 | fill_time=17:50:41 17/09/2026 | trend=BULL (strong) | rsi=71.53059659188786 | rsi2_state=SELL_ONLY | pd_h=4318.525 | pd_l=4314.391 | pd_eq=4316.46
[2026-09-17 17:50:41] ENTRY_FILL | Limit fill detected | ticket=4727605722 | side=SELL | tf=M1 | sid=20.1417 | pattern=FVG_D1 | price=4319.626 | sl=4324.824 | tp=4303.948 | fill_time=17:50:41 17/09/2026 | trend=BULL (strong) | rsi=71.53059659188786 | rsi2_state=SELL_ONLY | pd_h=4318.525 | pd_l=4314.391 | pd_eq=4316.46
[2026-09-17 17:50:41] ENTRY_FILL | Limit fill detected | ticket=4727607008 | side=SELL | tf=M1 | sid=20.1417 | pattern=FVG_D1 | price=4319.626 | sl=4324.662 | tp=4303.948 | fill_time=17:50:41 17/09/2026 | trend=BULL (strong) | rsi=71.53059659188786 | rsi2_state=SELL_ONLY | pd_h=4318.525 | pd_l=4314.391 | pd_eq=4316.46
[2026-09-17 17:50:41] ENTRY_FILL | Limit fill detected | ticket=4727609739 | side=SELL | tf=M1 | sid=20.1417 | pattern=FVG_D1 | price=4319.626 | sl=4324.554 | tp=4303.948 | fill_time=17:50:41 17/09/2026 | trend=BULL (strong) | rsi=71.53059659188786 | rsi2_state=SELL_ONLY | pd_h=4318.525 | pd_l=4314.391 | pd_eq=4316.46
[2026-09-17 17:50:41] ENTRY_FILL | Limit fill detected | ticket=4727614500 | side=SELL | tf=M1 | sid=20.1417 | pattern=FVG_D1 | price=4319.626 | sl=4324.65 | tp=4303.948 | fill_time=17:50:41 17/09/2026 | trend=BULL (strong) | rsi=71.53059659188786 | rsi2_state=SELL_ONLY | pd_h=4318.525 | pd_l=4314.391 | pd_eq=4316.46
[2026-09-17 17:50:41] ENTRY_FILL | Limit fill detected | ticket=4727711493 | side=SELL | tf=M1 | sid=20.1417 | pattern=FVG_D1 | price=4319.235 | sl=4323.72 | tp=4305.157 | fill_time=17:50:37 17/09/2026 | trend=BULL (strong) | rsi=71.53059659188786 | rsi2_state=SELL_ONLY | pd_h=4318.525 | pd_l=4314.391 | pd_eq=4316.46
[2026-09-17 17:50:41] ENTRY_FILL | Limit fill detected | ticket=4727716852 | side=SELL | tf=M1 | sid=20.1417 | pattern=FVG_D1 | price=4319.235 | sl=4323.921 | tp=4305.157 | fill_time=17:50:37 17/09/2026 | trend=BULL (strong) | rsi=71.53059659188786 | rsi2_state=SELL_ONLY | pd_h=4318.525 | pd_l=4314.391 | pd_eq=4316.46
[2026-09-17 17:50:41] ENTRY_FILL | Limit fill detected | ticket=4727722726 | side=SELL | tf=M1 | sid=20.1417 | pattern=FVG_D1 | price=4319.235 | sl=4324.136 | tp=4305.157 | fill_time=17:50:37 17/09/2026 | trend=BULL (strong) | rsi=71.53059659188786 | rsi2_state=SELL_ONLY | pd_h=4318.525 | pd_l=4314.391 | pd_eq=4316.46
[2026-09-17 17:50:41] ENTRY_FILL | Limit fill detected | ticket=4727728769 | side=SELL | tf=M1 | sid=20.1417 | pattern=FVG_D1 | price=4319.235 | sl=4324.284 | tp=4306.304 | fill_time=17:50:37 17/09/2026 | trend=BULL (strong) | rsi=71.53059659188786 | rsi2_state=SELL_ONLY | pd_h=4318.525 | pd_l=4314.391 | pd_eq=4316.46
[2026-09-17 17:50:41] ENTRY_FILL | Limit fill detected | ticket=4727733434 | side=SELL | tf=M1 | sid=20.1417 | pattern=FVG_D1 | price=4319.235 | sl=4324.357 | tp=4305.144 | fill_time=17:50:37 17/09/2026 | trend=BULL (strong) | rsi=71.53059659188786 | rsi2_state=SELL_ONLY | pd_h=4318.525 | pd_l=4314.391 | pd_eq=4316.46
[2026-09-17 17:50:41] ENTRY_FILL | Limit fill detected | ticket=4727736221 | side=SELL | tf=M1 | sid=20.1417 | pattern=FVG_D1 | price=4319.235 | sl=4324.299 | tp=4305.144 | fill_time=17:50:37 17/09/2026 | trend=BULL (strong) | rsi=71.53059659188786 | rsi2_state=SELL_ONLY | pd_h=4318.525 | pd_l=4314.391 | pd_eq=4316.46
[2026-09-17 17:50:41] ENTRY_FILL | Limit fill detected | ticket=4727739970 | side=SELL | tf=M1 | sid=20.1417 | pattern=FVG_D1 | price=4319.235 | sl=4324.362 | tp=4305.144 | fill_time=17:50:37 17/09/2026 | trend=BULL (strong) | rsi=71.53059659188786 | rsi2_state=SELL_ONLY | pd_h=4318.525 | pd_l=4314.391 | pd_eq=4316.46
[2026-09-17 17:50:41] ENTRY_FILL | Limit fill detected | ticket=4727743799 | side=SELL | tf=M1 | sid=20.1417 | pattern=FVG_D1 | price=4319.235 | sl=4324.376 | tp=4304.699 | fill_time=17:50:37 17/09/2026 | trend=BULL (strong) | rsi=71.53059659188786 | rsi2_state=SELL_ONLY | pd_h=4318.525 | pd_l=4314.391 | pd_eq=4316.46
[2026-09-17 17:50:41] ENTRY_FILL | Limit fill detected | ticket=4727747145 | side=SELL | tf=M1 | sid=20.1417 | pattern=FVG_D1 | price=4319.235 | sl=4324.318 | tp=4304.699 | fill_time=17:50:37 17/09/2026 | trend=BULL (strong) | rsi=71.53059659188786 | rsi2_state=SELL_ONLY | pd_h=4318.525 | pd_l=4314.391 | pd_eq=4316.46
[2026-09-17 17:50:41] ENTRY_FILL | Limit fill detected | ticket=4727763960 | side=SELL | tf=M1 | sid=20.1417 | pattern=FVG_D1 | price=4319.235 | sl=4324.529 | tp=4302.553 | fill_time=17:50:37 17/09/2026 | trend=BULL (strong) | rsi=71.53059659188786 | rsi2_state=SELL_ONLY | pd_h=4318.525 | pd_l=4314.391 | pd_eq=4316.46
[2026-09-17 17:50:41] ENTRY_FILL | Limit fill detected | ticket=4727770300 | side=SELL | tf=M1 | sid=20.1417 | pattern=FVG_D1 | price=4319.235 | sl=4324.442 | tp=4299.982 | fill_time=17:50:37 17/09/2026 | trend=BULL (strong) | rsi=71.53059659188786 | rsi2_state=SELL_ONLY | pd_h=4318.525 | pd_l=4314.391 | pd_eq=4316.46
[2026-09-17 17:50:41] ENTRY_FILL | Limit fill detected | ticket=4727777922 | side=SELL | tf=M1 | sid=20.1417 | pattern=FVG_D1 | price=4319.235 | sl=4324.411 | tp=4299.05 | fill_time=17:50:37 17/09/2026 | trend=BULL (strong) | rsi=71.53059659188786 | rsi2_state=SELL_ONLY | pd_h=4318.525 | pd_l=4314.391 | pd_eq=4316.46
[2026-09-17 17:50:41] ENTRY_FILL | Limit fill detected | ticket=4727784699 | side=SELL | tf=M1 | sid=20.1417 | pattern=FVG_D1 | price=4319.235 | sl=4324.525 | tp=4297.287 | fill_time=17:50:37 17/09/2026 | trend=BULL (strong) | rsi=71.53059659188786 | rsi2_state=SELL_ONLY | pd_h=4318.525 | pd_l=4314.391 | pd_eq=4316.46
[2026-09-17 17:50:41] ENTRY_FILL | Limit fill detected | ticket=4727789274 | side=SELL | tf=M1 | sid=20.1417 | pattern=FVG_D1 | price=4319.235 | sl=4324.539 | tp=4296.203 | fill_time=17:50:37 17/09/2026 | trend=BULL (strong) | rsi=71.53059659188786 | rsi2_state=SELL_ONLY | pd_h=4318.525 | pd_l=4314.391 | pd_eq=4316.46
[2026-09-17 17:50:41] ENTRY_FILL | Limit fill detected | ticket=4727794415 | side=SELL | tf=M1 | sid=20.1417 | pattern=FVG_D1 | price=4319.235 | sl=4324.59 | tp=4296.203 | fill_time=17:50:37 17/09/2026 | trend=BULL (strong) | rsi=71.53059659188786 | rsi2_state=SELL_ONLY | pd_h=4318.525 | pd_l=4314.391 | pd_eq=4316.46
[2026-09-17 17:50:41] ENTRY_FILL | Limit fill detected | ticket=4727798275 | side=SELL | tf=M1 | sid=20.1417 | pattern=FVG_D1 | price=4319.235 | sl=4324.543 | tp=4296.203 | fill_time=17:50:37 17/09/2026 | trend=BULL (strong) | rsi=71.53059659188786 | rsi2_state=SELL_ONLY | pd_h=4318.525 | pd_l=4314.391 | pd_eq=4316.46
[2026-09-17 17:50:41] ENTRY_FILL | Limit fill detected | ticket=4727924578 | side=SELL | tf=M5 | sid=20.1417 | pattern=FVG_D1 | price=4319.626 | sl=4329.317 | tp=4295.961 | fill_time=17:50:41 17/09/2026 | trend=BEAR (weak) | rsi=61.554018261429945 | rsi2_state=BUY_ONLY | pd_h=4319.235 | pd_l=4305.0 | pd_eq=4312.12
[2026-09-17 17:50:41] ENTRY_FILL | Limit fill detected | ticket=4727946845 | side=SELL | tf=M5 | sid=20.1417 | pattern=FVG_D1 | price=4319.626 | sl=4329.569 | tp=4295.961 | fill_time=17:50:41 17/09/2026 | trend=BEAR (weak) | rsi=61.554018261429945 | rsi2_state=BUY_ONLY | pd_h=4319.235 | pd_l=4305.0 | pd_eq=4312.12
[2026-09-17 17:50:41] ENTRY_FILL | Limit fill detected | ticket=4727969734 | side=SELL | tf=M5 | sid=20.1417 | pattern=FVG_D1 | price=4319.626 | sl=4329.658 | tp=4295.961 | fill_time=17:50:41 17/09/2026 | trend=BEAR (weak) | rsi=61.554018261429945 | rsi2_state=BUY_ONLY | pd_h=4319.235 | pd_l=4305.0 | pd_eq=4312.12
[2026-09-17 17:50:41] ENTRY_FILL | Limit fill detected | ticket=4727993161 | side=SELL | tf=M5 | sid=20.1417 | pattern=FVG_D1 | price=4319.626 | sl=4329.913 | tp=4295.961 | fill_time=17:50:41 17/09/2026 | trend=BEAR (weak) | rsi=61.554018261429945 | rsi2_state=BUY_ONLY | pd_h=4319.235 | pd_l=4305.0 | pd_eq=4312.12
[2026-09-17 17:50:42] TG_SENT | [retry-plain] 🟢 *🎯 TP Hit* | ━━━━━━━━━━━━━━━━━ | 📊 TF: M1 | S20.14.17: Group 17 | Pattern: FVG_D1 | 📊 BUY XAUUSDm | 📌 เปิด: `4305.86` | 📌 ปิด: `4318.99` | 🛑 SL: `4300.574` | 🎯 TP: `4318.988` | 💬 เหตุผล: `[tp 4318.98800]` | 💰 P/L: `13.13` USD | 🔖 Ticket: `4726905866` | 🕐 Close Time: `17:50:33 17/09/2026`
[2026-09-17 17:50:44] POSITION_CLOSED | 🎯 TP Hit | ticket=4726972577 | side=BUY | symbol=XAUUSDm | tf=M1 | sid=20.1417 | pattern=FVG_D1 | trend_filter=- | open_price=4306.61 | close_price=4319.84 | sl=4301.221 | tp=4319.839 | profit=13.23 | reason=[tp 4319.83900] | close_time=17:50:44 17/09/2026
[2026-09-17 17:50:44] POSITION_CLOSED | 🛑 SL Hit | ticket=4727811114 | side=SELL | symbol=XAUUSDm | tf=M1 | sid=20.1417 | pattern=FVG_D1 | trend_filter=- | open_price=4315.064 | close_price=4320.11 | sl=4320.115 | tp=4298.78 | profit=-5.06 | reason=[sl 4320.115] | close_time=17:50:45 17/09/2026
[2026-09-17 17:50:44] POSITION_CLOSED | 🛑 SL Hit | ticket=4727808415 | side=SELL | symbol=XAUUSDm | tf=M1 | sid=20.1417 | pattern=FVG_D1 | trend_filter=- | open_price=4315.064 | close_price=4320.12 | sl=4320.123 | tp=4298.78 | profit=-5.06 | reason=[sl 4320.123] | close_time=17:50:45 17/09/2026
[2026-09-17 17:50:52] POSITION_CLOSED | 🎯 TP Hit | ticket=4726978450 | side=BUY | symbol=XAUUSDm | tf=M1 | sid=20.1417 | pattern=FVG_D1 | trend_filter=- | open_price=4306.61 | close_price=4320.32 | sl=4301.674 | tp=4320.318 | profit=13.71 | reason=[tp 4320.31800] | close_time=17:50:51 17/09/2026
[2026-09-17 17:50:52] TG_SENT | [retry-plain] 🟢 *🎯 TP Hit* | ━━━━━━━━━━━━━━━━━ | 📊 TF: M1 | S20.14.17: Group 17 | Pattern: FVG_D1 | 📊 BUY XAUUSDm | 📌 เปิด: `4306.61` | 📌 ปิด: `4319.84` | 🛑 SL: `4301.221` | 🎯 TP: `4319.839` | 💬 เหตุผล: `[tp 4319.83900]` | 💰 P/L: `13.23` USD | 🔖 Ticket: `4726972577` | 🕐 Close Time: `17:50:44 17/09/2026`
[2026-09-17 17:50:53] TG_SENT | [retry-plain] 🔴 *🛑 SL Hit* | ━━━━━━━━━━━━━━━━━ | 📊 TF: M1 | S20.14.17: Group 17 | Pattern: FVG_D1 | 📊 SELL XAUUSDm | 📌 เปิด: `4315.064` | 📌 ปิด: `4320.11` | 🛑 SL: `4320.115` | 🎯 TP: `4298.78` | 💬 เหตุผล: `[sl 4320.115]` | 💸 P/L: `-5.06` USD | 🔖 Ticket: `4727811114` | 🕐 Close Time: `17:50:45 17/09/2026`
[2026-09-17 17:50:53] TG_SENT | [retry-plain] 🔴 *🛑 SL Hit* | ━━━━━━━━━━━━━━━━━ | 📊 TF: M1 | S20.14.17: Group 17 | Pattern: FVG_D1 | 📊 SELL XAUUSDm | 📌 เปิด: `4315.064` | 📌 ปิด: `4320.12` | 🛑 SL: `4320.123` | 🎯 TP: `4298.78` | 💬 เหตุผล: `[sl 4320.123]` | 💸 P/L: `-5.06` USD | 🔖 Ticket: `4727808415` | 🕐 Close Time: `17:50:45 17/09/2026`
[2026-09-17 17:50:58] TG_SENT | [retry-plain] 🟢 *🎯 TP Hit* | ━━━━━━━━━━━━━━━━━ | 📊 TF: M1 | S20.14.17: Group 17 | Pattern: FVG_D1 | 📊 BUY XAUUSDm | 📌 เปิด: `4306.61` | 📌 ปิด: `4320.32` | 🛑 SL: `4301.674` | 🎯 TP: `4320.318` | 💬 เหตุผล: `[tp 4320.31800]` | 💰 P/L: `13.71` USD | 🔖 Ticket: `4726978450` | 🕐 Close Time: `17:50:51 17/09/2026`
[2026-09-17 17:51:02] PATTERN_FOUND | FVG_D1 | tf=M1 | sid=20.1417 | signal=BUY | entry=4312.073 | sl=4308.600857142857 | tp=4322.878004 | flow_id=M1|S20.1417|BUY|T1789642200|E4312.07|SL4308.60|TP4322.88
[2026-09-17 17:51:02] ORDER_CREATED | FVG_D1 | tf=M1 | sid=20.1417 | signal=BUY | entry=4312.073 | sl=4308.600857142857 | tp=4322.878004 | ticket=4728125311 | order_type=BUY LIMIT | trend_filter=- | hhll_last_label=HL | flow_id=M1|S20.1417|BUY|T1789642200|E4312.07|SL4308.60|TP4322.88 | htf_ltf=- | scale_out=False
[2026-09-17 17:51:03] SCAN_TF_SLOW | scan_one_tf[H12] ใช้เวลา 2.02s > 2s | tf=H12 | duration=2.02
[2026-09-17 17:51:03] SCAN_TF_SLOW | scan_one_tf[D1] ใช้เวลา 2.33s > 2s | tf=D1 | duration=2.33
[2026-09-17 17:51:05] POSITION_CLOSED | 🎯 TP Hit | ticket=4726857314 | side=BUY | symbol=XAUUSDm | tf=M1 | sid=20.1417 | pattern=FVG_D1 | trend_filter=- | open_price=4305.86 | close_price=4321.13 | sl=4300.897 | tp=4321.127 | profit=15.27 | reason=[tp 4321.12700] | close_time=17:51:04 17/09/2026
[2026-09-17 17:51:05] POSITION_CLOSED | 🎯 TP Hit | ticket=4726850659 | side=BUY | symbol=XAUUSDm | tf=M1 | sid=20.1417 | pattern=FVG_D1 | trend_filter=- | open_price=4305.86 | close_price=4321.13 | sl=4300.77 | tp=4321.127 | profit=15.27 | reason=[tp 4321.12700] | close_time=17:51:04 17/09/2026
[2026-09-17 17:51:05] POSITION_CLOSED | 🎯 TP Hit | ticket=4726829154 | side=BUY | symbol=XAUUSDm | tf=M1 | sid=20.1417 | pattern=FVG_D1 | trend_filter=- | open_price=4305.405 | close_price=4321.41 | sl=4299.819 | tp=4321.409 | profit=16.0 | reason=[tp 4321.40900] | close_time=17:51:05 17/09/2026
[2026-09-17 17:51:05] POSITION_CLOSED | 🎯 TP Hit | ticket=4726983458 | side=BUY | symbol=XAUUSDm | tf=M1 | sid=20.1417 | pattern=FVG_D1 | trend_filter=- | open_price=4306.61 | close_price=4321.23 | sl=4301.699 | tp=4321.233 | profit=14.62 | reason=[tp 4321.23300] | close_time=17:51:04 17/09/2026
[2026-09-17 17:51:05] POSITION_CLOSED | 🎯 TP Hit | ticket=4726879653 | side=BUY | symbol=XAUUSDm | tf=M1 | sid=20.1417 | pattern=FVG_D1 | trend_filter=- | open_price=4305.86 | close_price=4321.13 | sl=4300.815 | tp=4321.127 | profit=15.27 | reason=[tp 4321.12700] | close_time=17:51:04 17/09/2026
[2026-09-17 17:51:05] POSITION_CLOSED | 🎯 TP Hit | ticket=4726890186 | side=BUY | symbol=XAUUSDm | tf=M1 | sid=20.1417 | pattern=FVG_D1 | trend_filter=- | open_price=4305.86 | close_price=4321.13 | sl=4300.772 | tp=4321.127 | profit=15.27 | reason=[tp 4321.12700] | close_time=17:51:04 17/09/2026
[2026-09-17 17:51:05] POSITION_CLOSED | 🎯 TP Hit | ticket=4726894090 | side=BUY | symbol=XAUUSDm | tf=M1 | sid=20.1417 | pattern=FVG_D1 | trend_filter=- | open_price=4305.86 | close_price=4321.13 | sl=4300.773 | tp=4321.127 | profit=15.27 | reason=[tp 4321.12700] | close_time=17:51:04 17/09/2026
[2026-09-17 17:51:05] POSITION_CLOSED | 🎯 TP Hit | ticket=4726844843 | side=BUY | symbol=XAUUSDm | tf=M1 | sid=20.1417 | pattern=FVG_D1 | trend_filter=- | open_price=4305.405 | close_price=4321.41 | sl=4300.384 | tp=4321.409 | profit=16.0 | reason=[tp 4321.40900] | close_time=17:51:05 17/09/2026
[2026-09-17 17:51:05] POSITION_CLOSED | 🎯 TP Hit | ticket=4726865325 | side=BUY | symbol=XAUUSDm | tf=M1 | sid=20.1417 | pattern=FVG_D1 | trend_filter=- | open_price=4305.86 | close_price=4321.13 | sl=4301.035 | tp=4321.127 | profit=15.27 | reason=[tp 4321.12700] | close_time=17:51:04 17/09/2026
[2026-09-17 17:51:05] POSITION_CLOSED | 🎯 TP Hit | ticket=4726861230 | side=BUY | symbol=XAUUSDm | tf=M1 | sid=20.1417 | pattern=FVG_D1 | trend_filter=- | open_price=4305.86 | close_price=4321.13 | sl=4301.019 | tp=4321.127 | profit=15.27 | reason=[tp 4321.12700] | close_time=17:51:04 17/09/2026
[2026-09-17 17:51:05] POSITION_CLOSED | 🎯 TP Hit | ticket=4726988234 | side=BUY | symbol=XAUUSDm | tf=M1 | sid=20.1417 | pattern=FVG_D1 | trend_filter=- | open_price=4306.61 | close_price=4321.23 | sl=4301.682 | tp=4321.233 | profit=14.62 | reason=[tp 4321.23300] | close_time=17:51:04 17/09/2026
[2026-09-17 17:51:05] POSITION_CLOSED | 🎯 TP Hit | ticket=4726870480 | side=BUY | symbol=XAUUSDm | tf=M1 | sid=20.1417 | pattern=FVG_D1 | trend_filter=- | open_price=4305.86 | close_price=4321.13 | sl=4300.814 | tp=4321.127 | profit=15.27 | reason=[tp 4321.12700] | close_time=17:51:04 17/09/2026
[2026-09-17 17:51:05] POSITION_CLOSED | 🎯 TP Hit | ticket=4726884151 | side=BUY | symbol=XAUUSDm | tf=M1 | sid=20.1417 | pattern=FVG_D1 | trend_filter=- | open_price=4305.86 | close_price=4321.13 | sl=4300.767 | tp=4321.127 | profit=15.27 | reason=[tp 4321.12700] | close_time=17:51:04 17/09/2026
[2026-09-17 17:51:05] POSITION_CLOSED | 🛑 SL Hit | ticket=4727805402 | side=SELL | symbol=XAUUSDm | tf=M1 | sid=20.1417 | pattern=FVG_D1 | trend_filter=- | open_price=4316.478 | close_price=4321.58 | sl=4321.583 | tp=4297.907 | profit=-5.1 | reason=[sl 4321.58300] | close_time=17:51:05 17/09/2026
[2026-09-17 17:51:05] POSITION_CLOSED | 🎯 TP Hit | ticket=4726988219 | side=BUY | symbol=XAUUSDm | tf=M1 | sid=20.148 | pattern=Naiya | trend_filter=- | open_price=4306.61 | close_price=4321.23 | sl=4301.682 | tp=4321.233 | profit=14.62 | reason=[tp 4321.23300] | close_time=17:51:04 17/09/2026
[2026-09-17 17:51:05] POSITION_CLOSED | 🎯 TP Hit | ticket=4726822172 | side=BUY | symbol=XAUUSDm | tf=M1 | sid=20.1417 | pattern=FVG_D1 | trend_filter=- | open_price=4305.405 | close_price=4321.41 | sl=4299.964 | tp=4321.409 | profit=16.0 | reason=[tp 4321.40900] | close_time=17:51:05 17/09/2026
[2026-09-17 17:51:06] POSITION_CLOSED | 🎯 TP Hit | ticket=4727005720 | side=BUY | symbol=XAUUSDm | tf=M1 | sid=20.1417 | pattern=FVG_D1 | trend_filter=- | open_price=4306.61 | close_price=4321.44 | sl=4301.325 | tp=4321.441 | profit=14.83 | reason=[tp 4321.44100] | close_time=17:51:06 17/09/2026
[2026-09-17 17:51:07] TG_SENT | 🟢 *Naiya\_MTF* | ━━━━━━━━━━━━━━━━━ | 🕐 17/09/2026 17:40 | 📊 *Timeframe: M5* | ท่าที่ 20.1423 |  |  | 📈 Swing High:`0.00` 14:45 17-Sep-2026 | Low:`0.00` 16:30 17-Sep-2026 |  | 💬 *เหตุผล:* | Group 23 H1 LiqSweep->LTF Respect Low | H1\_liq=4305.00 | ATR=3.97 |  | ━━━━━━━━━━━━━━━━━ | 💰 ราคาปัจจุบัน: `4316.69` | 📌 *Limit ที่:* `4312.07` (ห่าง 4.62) | 🛑 SL: `4306.12` | 🎯 TP: `4338.68` | ⚖️ R:R `1:4.47` | 📦 `0.01` lot | 🔖 Ticket: `4728085581` | Flow: `M5-S20.1423-BUY-T1789641300`
[2026-09-17 17:51:15] TG_SENT | [retry-plain] 🟢 *🎯 TP Hit* | ━━━━━━━━━━━━━━━━━ | 📊 TF: M1 | S20.14.17: Group 17 | Pattern: FVG_D1 | 📊 BUY XAUUSDm | 📌 เปิด: `4305.86` | 📌 ปิด: `4321.13` | 🛑 SL: `4300.897` | 🎯 TP: `4321.127` | 💬 เหตุผล: `[tp 4321.12700]` | 💰 P/L: `15.27` USD | 🔖 Ticket: `4726857314` | 🕐 Close Time: `17:51:04 17/09/2026`
[2026-09-17 17:51:16] TG_SENT | [retry-plain] 🟢 *🎯 TP Hit* | ━━━━━━━━━━━━━━━━━ | 📊 TF: M1 | S20.14.17: Group 17 | Pattern: FVG_D1 | 📊 BUY XAUUSDm | 📌 เปิด: `4305.86` | 📌 ปิด: `4321.13` | 🛑 SL: `4300.77` | 🎯 TP: `4321.127` | 💬 เหตุผล: `[tp 4321.12700]` | 💰 P/L: `15.27` USD | 🔖 Ticket: `4726850659` | 🕐 Close Time: `17:51:04 17/09/2026`
[2026-09-17 17:51:16] SYMBOL_CHECK | XAUUSDm trade_mode=4 xau_open=True | trade_mode=4 | tick_time=1789642277 | bid=4321.113 | ask=4321.373 | tick_ok=True | xau_open=True | current_symbol=XAUUSDm | startup=False
[2026-09-17 17:51:17] TG_SENT | [retry-plain] 🟢 *🎯 TP Hit* | ━━━━━━━━━━━━━━━━━ | 📊 TF: M1 | S20.14.17: Group 17 | Pattern: FVG_D1 | 📊 BUY XAUUSDm | 📌 เปิด: `4305.405` | 📌 ปิด: `4321.41` | 🛑 SL: `4299.819` | 🎯 TP: `4321.409` | 💬 เหตุผล: `[tp 4321.40900]` | 💰 P/L: `16.0` USD | 🔖 Ticket: `4726829154` | 🕐 Close Time: `17:51:05 17/09/2026`
[2026-09-17 17:51:18] TG_SENT | [retry-plain] 🟢 *🎯 TP Hit* | ━━━━━━━━━━━━━━━━━ | 📊 TF: M1 | S20.14.17: Group 17 | Pattern: FVG_D1 | 📊 BUY XAUUSDm | 📌 เปิด: `4306.61` | 📌 ปิด: `4321.23` | 🛑 SL: `4301.699` | 🎯 TP: `4321.233` | 💬 เหตุผล: `[tp 4321.23300]` | 💰 P/L: `14.62` USD | 🔖 Ticket: `4726983458` | 🕐 Close Time: `17:51:04 17/09/2026`
[2026-09-17 17:51:18] TG_SENT | [retry-plain] 🟢 *🎯 TP Hit* | ━━━━━━━━━━━━━━━━━ | 📊 TF: M1 | S20.14.17: Group 17 | Pattern: FVG_D1 | 📊 BUY XAUUSDm | 📌 เปิด: `4305.86` | 📌 ปิด: `4321.13` | 🛑 SL: `4300.815` | 🎯 TP: `4321.127` | 💬 เหตุผล: `[tp 4321.12700]` | 💰 P/L: `15.27` USD | 🔖 Ticket: `4726879653` | 🕐 Close Time: `17:51:04 17/09/2026`
[2026-09-17 17:51:19] TG_SENT | [retry-plain] 🟢 *🎯 TP Hit* | ━━━━━━━━━━━━━━━━━ | 📊 TF: M1 | S20.14.17: Group 17 | Pattern: FVG_D1 | 📊 BUY XAUUSDm | 📌 เปิด: `4305.86` | 📌 ปิด: `4321.13` | 🛑 SL: `4300.772` | 🎯 TP: `4321.127` | 💬 เหตุผล: `[tp 4321.12700]` | 💰 P/L: `15.27` USD | 🔖 Ticket: `4726890186` | 🕐 Close Time: `17:51:04 17/09/2026`
[2026-09-17 17:51:19] TG_SENT | [retry-plain] 🟢 *🎯 TP Hit* | ━━━━━━━━━━━━━━━━━ | 📊 TF: M1 | S20.14.17: Group 17 | Pattern: FVG_D1 | 📊 BUY XAUUSDm | 📌 เปิด: `4305.86` | 📌 ปิด: `4321.13` | 🛑 SL: `4300.773` | 🎯 TP: `4321.127` | 💬 เหตุผล: `[tp 4321.12700]` | 💰 P/L: `15.27` USD | 🔖 Ticket: `4726894090` | 🕐 Close Time: `17:51:04 17/09/2026`
[2026-09-17 17:51:20] TG_SENT | [retry-plain] 🟢 *🎯 TP Hit* | ━━━━━━━━━━━━━━━━━ | 📊 TF: M1 | S20.14.17: Group 17 | Pattern: FVG_D1 | 📊 BUY XAUUSDm | 📌 เปิด: `4305.405` | 📌 ปิด: `4321.41` | 🛑 SL: `4300.384` | 🎯 TP: `4321.409` | 💬 เหตุผล: `[tp 4321.40900]` | 💰 P/L: `16.0` USD | 🔖 Ticket: `4726844843` | 🕐 Close Time: `17:51:05 17/09/2026`
[2026-09-17 17:51:21] TG_SENT | [retry-plain] 🟢 *🎯 TP Hit* | ━━━━━━━━━━━━━━━━━ | 📊 TF: M1 | S20.14.17: Group 17 | Pattern: FVG_D1 | 📊 BUY XAUUSDm | 📌 เปิด: `4305.86` | 📌 ปิด: `4321.13` | 🛑 SL: `4301.035` | 🎯 TP: `4321.127` | 💬 เหตุผล: `[tp 4321.12700]` | 💰 P/L: `15.27` USD | 🔖 Ticket: `4726865325` | 🕐 Close Time: `17:51:04 17/09/2026`
[2026-09-17 17:51:22] TG_SENT | [retry-plain] 🟢 *🎯 TP Hit* | ━━━━━━━━━━━━━━━━━ | 📊 TF: M1 | S20.14.17: Group 17 | Pattern: FVG_D1 | 📊 BUY XAUUSDm | 📌 เปิด: `4305.86` | 📌 ปิด: `4321.13` | 🛑 SL: `4301.019` | 🎯 TP: `4321.127` | 💬 เหตุผล: `[tp 4321.12700]` | 💰 P/L: `15.27` USD | 🔖 Ticket: `4726861230` | 🕐 Close Time: `17:51:04 17/09/2026`
[2026-09-17 17:51:23] TG_SENT | [retry-plain] 🟢 *🎯 TP Hit* | ━━━━━━━━━━━━━━━━━ | 📊 TF: M1 | S20.14.17: Group 17 | Pattern: FVG_D1 | 📊 BUY XAUUSDm | 📌 เปิด: `4306.61` | 📌 ปิด: `4321.23` | 🛑 SL: `4301.682` | 🎯 TP: `4321.233` | 💬 เหตุผล: `[tp 4321.23300]` | 💰 P/L: `14.62` USD | 🔖 Ticket: `4726988234` | 🕐 Close Time: `17:51:04 17/09/2026`
[2026-09-17 17:51:23] TG_SENT | [retry-plain] 🟢 *🎯 TP Hit* | ━━━━━━━━━━━━━━━━━ | 📊 TF: M1 | S20.14.17: Group 17 | Pattern: FVG_D1 | 📊 BUY XAUUSDm | 📌 เปิด: `4305.86` | 📌 ปิด: `4321.13` | 🛑 SL: `4300.814` | 🎯 TP: `4321.127` | 💬 เหตุผล: `[tp 4321.12700]` | 💰 P/L: `15.27` USD | 🔖 Ticket: `4726870480` | 🕐 Close Time: `17:51:04 17/09/2026`
[2026-09-17 17:51:24] TG_SENT | [retry-plain] 🟢 *🎯 TP Hit* | ━━━━━━━━━━━━━━━━━ | 📊 TF: M1 | S20.14.17: Group 17 | Pattern: FVG_D1 | 📊 BUY XAUUSDm | 📌 เปิด: `4305.86` | 📌 ปิด: `4321.13` | 🛑 SL: `4300.767` | 🎯 TP: `4321.127` | 💬 เหตุผล: `[tp 4321.12700]` | 💰 P/L: `15.27` USD | 🔖 Ticket: `4726884151` | 🕐 Close Time: `17:51:04 17/09/2026`
[2026-09-17 17:51:24] TG_SENT | [retry-plain] 🔴 *🛑 SL Hit* | ━━━━━━━━━━━━━━━━━ | 📊 TF: M1 | S20.14.17: Group 17 | Pattern: FVG_D1 | 📊 SELL XAUUSDm | 📌 เปิด: `4316.478` | 📌 ปิด: `4321.58` | 🛑 SL: `4321.583` | 🎯 TP: `4297.907` | 💬 เหตุผล: `[sl 4321.58300]` | 💸 P/L: `-5.1` USD | 🔖 Ticket: `4727805402` | 🕐 Close Time: `17:51:05 17/09/2026`
[2026-09-17 17:51:25] TG_SENT | 🟢 *🎯 TP Hit* | ━━━━━━━━━━━━━━━━━ | 📊 TF: M1 | S20.14.8: Group 8 | Pattern: Naiya | 📊 BUY XAUUSDm | 📌 เปิด: `4306.61` | 📌 ปิด: `4321.23` | 🛑 SL: `4301.682` | 🎯 TP: `4321.233` | 💬 เหตุผล: `[tp 4321.23300]` | 💰 P/L: `14.62` USD | 🔖 Ticket: `4726988219` | 🕐 Close Time: `17:51:04 17/09/2026`
[2026-09-17 17:51:29] TG_SENT | [retry-plain] 🟢 *🎯 TP Hit* | ━━━━━━━━━━━━━━━━━ | 📊 TF: M1 | S20.14.17: Group 17 | Pattern: FVG_D1 | 📊 BUY XAUUSDm | 📌 เปิด: `4305.405` | 📌 ปิด: `4321.41` | 🛑 SL: `4299.964` | 🎯 TP: `4321.409` | 💬 เหตุผล: `[tp 4321.40900]` | 💰 P/L: `16.0` USD | 🔖 Ticket: `4726822172` | 🕐 Close Time: `17:51:05 17/09/2026`
[2026-09-17 17:51:30] TG_SENT | [retry-plain] 🟢 *🎯 TP Hit* | ━━━━━━━━━━━━━━━━━ | 📊 TF: M1 | S20.14.17: Group 17 | Pattern: FVG_D1 | 📊 BUY XAUUSDm | 📌 เปิด: `4306.61` | 📌 ปิด: `4321.44` | 🛑 SL: `4301.325` | 🎯 TP: `4321.441` | 💬 เหตุผล: `[tp 4321.44100]` | 💰 P/L: `14.83` USD | 🔖 Ticket: `4727005720` | 🕐 Close Time: `17:51:06 17/09/2026`
[2026-09-17 17:51:35] POSITION_CLOSED | 🛑 SL Hit | ticket=4727801017 | side=SELL | symbol=XAUUSDm | tf=M1 | sid=20.148 | pattern=Naiya | trend_filter=- | open_price=4317.027 | close_price=4322.05 | sl=4322.054 | tp=4297.567 | profit=-5.02 | reason=[sl 4322.05400] | close_time=17:51:33 17/09/2026
[2026-09-17 17:51:35] POSITION_CLOSED | 🛑 SL Hit | ticket=4727801021 | side=SELL | symbol=XAUUSDm | tf=M1 | sid=20.1417 | pattern=FVG_D1 | trend_filter=- | open_price=4317.027 | close_price=4322.05 | sl=4322.054 | tp=4297.567 | profit=-5.02 | reason=[sl 4322.054] | close_time=17:51:33 17/09/2026
[2026-09-17 17:51:36] ENTRY_FILL | Limit fill detected | ticket=4727902800 | side=SELL | tf=M5 | sid=20.1417 | pattern=FVG_D1 | price=4321.988 | sl=4331.633 | tp=4294.501 | fill_time=17:51:35 17/09/2026 | trend=BEAR (weak) | rsi=64.88752346639575 | rsi2_state=BUY_ONLY | pd_h=4319.235 | pd_l=4305.0 | pd_eq=4312.12
