[2026-07-13 09:30:08] WARN: lock file ค้างจาก pid=6564 (ตายไปแล้ว) — เคลียร์แล้วรันต่อ
[2026-07-13 09:30:13] Supervisor started (profile='demo-iux-2101182460', stale=180 s, check=30 s, grace=90 s, python='C:\Users\Administrator\AppData\Local\Programs\Python\Python313\python.exe')
[2026-07-13 09:30:23] Launching: C:\Users\Administrator\AppData\Local\Programs\Python\Python313\python.exe main.py
[2026-07-13 09:30:27] main.py running (pid=4716)
[2026-07-13 09:34:40] STALL: heartbeat age=199s > 180s (loop hang) -> kill pid=4716 + restart
[2026-07-13 09:34:49] Restarting in 5 s ...
[2026-07-13 09:34:55] Launching: C:\Users\Administrator\AppData\Local\Programs\Python\Python313\python.exe main.py
[2026-07-13 09:35:27] main.py running (pid=3444)
[2026-07-13 09:48:28] STALL: heartbeat age=198s > 180s (loop hang) -> kill pid=3444 + restart
[2026-07-13 09:48:33] Restarting in 5 s ...
[2026-07-13 09:48:40] Launching: C:\Users\Administrator\AppData\Local\Programs\Python\Python313\python.exe main.py
[2026-07-13 09:48:42] main.py running (pid=3684)
[2026-07-13 10:03:49] STALL: heartbeat age=187s > 180s (loop hang) -> kill pid=3684 + restart
[2026-07-13 10:03:50] Restarting in 5 s ...
[2026-07-13 10:03:58] Launching: C:\Users\Administrator\AppData\Local\Programs\Python\Python313\python.exe main.py
[2026-07-13 10:03:58] main.py running (pid=5760)
[2026-07-13 10:14:11] WARN: lock file ค้างจาก pid=5896 (ตายไปแล้ว) — เคลียร์แล้วรันต่อ
[2026-07-13 10:14:12] Supervisor started (profile='demo-iux-2101182460', stale=180 s, check=30 s, grace=90 s, python='C:\Users\Administrator\AppData\Local\Programs\Python\Python313\python.exe')
[2026-07-13 10:14:12] Launching: C:\Users\Administrator\AppData\Local\Programs\Python\Python313\python.exe main.py
[2026-07-13 10:14:12] main.py running (pid=4236)
[2026-07-13 17:55:11] STALL: heartbeat age=189s > 180s (loop hang) -> kill pid=4236 + restart
[2026-07-13 17:55:41] Restarting in 5 s ...
[2026-07-13 17:55:46] Launching: C:\Users\Administrator\AppData\Local\Programs\Python\Python313\python.exe main.py
[2026-07-13 17:56:05] main.py running (pid=4260)
[2026-07-13 18:22:39] WARN: lock file ค้างจาก pid=4828 (ตายไปแล้ว) — เคลียร์แล้วรันต่อ
[2026-07-13 18:22:47] Supervisor started (profile='demo-iux-2101182460', stale=180 s, check=30 s, grace=90 s, python='C:\Users\Administrator\AppData\Local\Programs\Python\Python313\python.exe')
[2026-07-13 18:22:52] Launching: C:\Users\Administrator\AppData\Local\Programs\Python\Python313\python.exe main.py
[2026-07-13 18:22:52] main.py running (pid=5836)
[2026-07-13 18:26:59] WARN: lock file ค้างจาก pid=3880 (ตายไปแล้ว) — เคลียร์แล้วรันต่อ
[2026-07-13 18:27:00] Supervisor started (profile='demo-iux-2101182460', stale=180 s, check=30 s, grace=90 s, python='C:\Users\Administrator\AppData\Local\Programs\Python\Python313\python.exe')
[2026-07-13 18:27:00] Launching: C:\Users\Administrator\AppData\Local\Programs\Python\Python313\python.exe main.py
[2026-07-13 18:27:01] main.py running (pid=5200)
[2026-07-13 18:32:03] STALL: heartbeat age=191s > 180s (loop hang) -> kill pid=5200 + restart
[2026-07-13 18:32:04] Restarting in 5 s ...
[2026-07-13 18:32:09] Launching: C:\Users\Administrator\AppData\Local\Programs\Python\Python313\python.exe main.py
[2026-07-13 18:32:09] main.py running (pid=5544)
[2026-07-14 18:15:07] WARN: lock file ค้างจาก pid=5372 (ตายไปแล้ว) — เคลียร์แล้วรันต่อ
[2026-07-14 18:15:43] Supervisor started (profile='demo-iux-2101182460', stale=180 s, check=30 s, grace=90 s, python='C:\Users\Administrator\AppData\Local\Programs\Python\Python313\python.exe')
[2026-07-14 18:15:51] Launching: C:\Users\Administrator\AppData\Local\Programs\Python\Python313\python.exe main.py
[2026-07-14 18:15:52] main.py running (pid=1956)
[2026-07-14 20:13:36] STALL: heartbeat age=205s > 180s (loop hang) -> kill pid=1956 + restart
[2026-07-14 20:15:03] Restarting in 5 s ...
[2026-07-14 20:15:10] Launching: C:\Users\Administrator\AppData\Local\Programs\Python\Python313\python.exe main.py
[2026-07-14 20:18:11] main.py running (pid=3044)
[2026-07-14 20:20:22] WARN: heartbeat missing/unreadable (up=131s) — wait next cycle
[2026-07-14 20:20:57] WARN: heartbeat missing/unreadable (up=167s) — wait next cycle
[2026-07-14 20:21:33] WARN: heartbeat missing/unreadable (up=202s) — wait next cycle
[2026-07-14 20:23:26] WARN: heartbeat missing/unreadable (up=315s) — wait next cycle
[2026-07-14 20:25:40] WARN: heartbeat missing/unreadable (up=449s) — wait next cycle
[2026-07-14 20:26:15] WARN: heartbeat missing/unreadable (up=485s) — wait next cycle
[2026-07-14 20:26:51] WARN: heartbeat missing/unreadable (up=520s) — wait next cycle
[2026-07-14 20:27:27] WARN: heartbeat missing/unreadable (up=556s) — wait next cycle
[2026-07-14 20:29:19] WARN: heartbeat missing/unreadable (up=669s) — wait next cycle
[2026-07-14 20:29:49] WARN: heartbeat missing/unreadable (up=699s) — wait next cycle
[2026-07-14 20:31:02] WARN: heartbeat missing/unreadable (up=771s) — wait next cycle
[2026-07-14 20:31:37] WARN: heartbeat missing/unreadable (up=807s) — wait next cycle
[2026-07-14 20:32:13] WARN: heartbeat missing/unreadable (up=842s) — wait next cycle
[2026-07-14 20:32:48] WARN: heartbeat missing/unreadable (up=878s) — wait next cycle
[2026-07-14 20:33:24] WARN: heartbeat missing/unreadable (up=913s) — wait next cycle
[2026-07-14 20:34:00] WARN: heartbeat missing/unreadable (up=949s) — wait next cycle
[2026-07-14 20:34:30] WARN: heartbeat missing/unreadable (up=979s) — wait next cycle
[2026-07-14 20:36:16] WARN: heartbeat missing/unreadable (up=1085s) — wait next cycle
[2026-07-14 20:36:46] WARN: heartbeat missing/unreadable (up=1115s) — wait next cycle
[2026-07-14 20:37:46] WARN: heartbeat missing/unreadable (up=1176s) — wait next cycle
[2026-07-14 20:39:26] WARN: heartbeat missing/unreadable (up=1275s) — wait next cycle
[2026-07-14 20:40:01] WARN: heartbeat missing/unreadable (up=1310s) — wait next cycle
[2026-07-14 20:40:36] WARN: heartbeat missing/unreadable (up=1346s) — wait next cycle
[2026-07-14 20:42:21] WARN: heartbeat missing/unreadable (up=1450s) — wait next cycle
[2026-07-14 20:44:14] WARN: heartbeat missing/unreadable (up=1563s) — wait next cycle
[2026-07-14 20:45:51] WARN: heartbeat missing/unreadable (up=1660s) — wait next cycle
[2026-07-14 20:46:59] main.py exited (code=) -> restart
[2026-07-14 20:47:04] Restarting in 5 s ...
[2026-07-14 20:47:09] Launching: C:\Users\Administrator\AppData\Local\Programs\Python\Python313\python.exe main.py
[2026-07-14 20:48:10] main.py running (pid=5412)
[2026-07-14 20:49:51] WARN: heartbeat missing/unreadable (up=102s) — wait next cycle
[2026-07-14 20:50:26] WARN: heartbeat missing/unreadable (up=137s) — wait next cycle
[2026-07-14 20:51:02] WARN: heartbeat missing/unreadable (up=172s) — wait next cycle
[2026-07-14 20:51:38] WARN: heartbeat missing/unreadable (up=208s) — wait next cycle
[2026-07-14 20:52:13] WARN: heartbeat missing/unreadable (up=244s) — wait next cycle
[2026-07-14 20:52:49] WARN: heartbeat missing/unreadable (up=279s) — wait next cycle
[2026-07-14 20:53:25] WARN: heartbeat missing/unreadable (up=315s) — wait next cycle
[2026-07-14 20:54:00] WARN: heartbeat missing/unreadable (up=351s) — wait next cycle
[2026-07-14 20:54:36] WARN: heartbeat missing/unreadable (up=386s) — wait next cycle
[2026-07-14 20:55:12] WARN: heartbeat missing/unreadable (up=422s) — wait next cycle
[2026-07-14 20:55:45] WARN: heartbeat missing/unreadable (up=455s) — wait next cycle
[2026-07-14 22:04:40] WARN: lock file ค้างจาก pid=5668 (ตายไปแล้ว) — เคลียร์แล้วรันต่อ
[2026-07-14 22:05:20] Supervisor started (profile='demo-iux-2101182460', stale=180 s, check=30 s, grace=90 s, python='C:\Users\Administrator\AppData\Local\Programs\Python\Python313\python.exe')
[2026-07-14 22:05:26] Launching: C:\Users\Administrator\AppData\Local\Programs\Python\Python313\python.exe main.py
[2026-07-14 22:05:29] main.py running (pid=2400)
[2026-07-14 22:10:59] STALL: heartbeat age=216s > 180s (loop hang) -> kill pid=2400 + restart
[2026-07-14 22:11:31] Restarting in 5 s ...
[2026-07-14 22:11:45] Launching: C:\Users\Administrator\AppData\Local\Programs\Python\Python313\python.exe main.py
[2026-07-14 22:11:46] main.py running (pid=4192)
[2026-07-14 22:13:25] WARN: heartbeat missing/unreadable (up=99s) — wait next cycle
[2026-07-14 22:17:33] STALL: heartbeat age=190s > 180s (loop hang) -> kill pid=4192 + restart
[2026-07-14 22:17:56] Restarting in 5 s ...
[2026-07-14 22:18:20] Launching: C:\Users\Administrator\AppData\Local\Programs\Python\Python313\python.exe main.py
[2026-07-14 22:18:35] main.py running (pid=2256)
[2026-07-14 22:20:21] WARN: heartbeat missing/unreadable (up=106s) — wait next cycle
[2026-07-14 22:25:42] STALL: heartbeat age=192s > 180s (loop hang) -> kill pid=2256 + restart
[2026-07-14 22:25:56] Restarting in 5 s ...
[2026-07-14 22:26:06] Launching: C:\Users\Administrator\AppData\Local\Programs\Python\Python313\python.exe main.py
[2026-07-14 22:26:45] main.py running (pid=4528)
[2026-07-14 22:28:26] WARN: heartbeat missing/unreadable (up=101s) — wait next cycle
[2026-07-14 22:29:00] WARN: heartbeat missing/unreadable (up=135s) — wait next cycle
[2026-07-14 22:32:31] STALL: heartbeat age=181s > 180s (loop hang) -> kill pid=4528 + restart
[2026-07-14 22:32:35] Restarting in 5 s ...
[2026-07-14 22:32:47] Launching: C:\Users\Administrator\AppData\Local\Programs\Python\Python313\python.exe main.py
[2026-07-14 22:32:58] main.py running (pid=3976)
[2026-07-14 22:34:30] WARN: heartbeat missing/unreadable (up=93s) — wait next cycle
[2026-07-14 22:38:23] STALL: heartbeat age=200s > 180s (loop hang) -> kill pid=3976 + restart
[2026-07-14 22:39:04] Restarting in 5 s ...
[2026-07-14 22:39:16] Launching: C:\Users\Administrator\AppData\Local\Programs\Python\Python313\python.exe main.py
[2026-07-14 22:39:22] main.py running (pid=5824)
[2026-07-14 22:44:07] STALL: heartbeat age=201s > 180s (loop hang) -> kill pid=5824 + restart
[2026-07-14 22:44:50] Restarting in 5 s ...
[2026-07-14 22:45:33] Launching: C:\Users\Administrator\AppData\Local\Programs\Python\Python313\python.exe main.py
[2026-07-14 22:46:33] main.py running (pid=3720)
[2026-07-14 22:48:11] WARN: heartbeat missing/unreadable (up=98s) — wait next cycle
[2026-07-14 22:52:00] STALL: heartbeat age=186s > 180s (loop hang) -> kill pid=3720 + restart
[2026-07-14 22:52:23] Restarting in 5 s ...
[2026-07-14 22:53:05] Launching: C:\Users\Administrator\AppData\Local\Programs\Python\Python313\python.exe main.py
[2026-07-14 22:53:42] main.py running (pid=2776)
[2026-07-14 22:57:49] STALL: heartbeat age=189s > 180s (loop hang) -> kill pid=2776 + restart
[2026-07-14 22:58:03] Restarting in 5 s ...
[2026-07-14 22:58:08] Launching: C:\Users\Administrator\AppData\Local\Programs\Python\Python313\python.exe main.py
[2026-07-14 22:58:10] main.py running (pid=5220)
[2026-07-14 23:02:35] STALL: heartbeat age=199s > 180s (loop hang) -> kill pid=5220 + restart
[2026-07-14 23:03:02] Restarting in 5 s ...
[2026-07-14 23:03:31] Launching: C:\Users\Administrator\AppData\Local\Programs\Python\Python313\python.exe main.py
[2026-07-14 23:03:38] main.py running (pid=2356)
[2026-07-14 23:05:13] WARN: heartbeat missing/unreadable (up=95s) — wait next cycle
[2026-07-14 23:05:50] WARN: heartbeat missing/unreadable (up=133s) — wait next cycle
[2026-07-14 23:06:33] WARN: heartbeat missing/unreadable (up=175s) — wait next cycle
[2026-07-14 23:10:27] STALL: heartbeat age=200s > 180s (loop hang) -> kill pid=2356 + restart
[2026-07-14 23:11:16] Restarting in 5 s ...
[2026-07-14 23:11:27] Launching: C:\Users\Administrator\AppData\Local\Programs\Python\Python313\python.exe main.py
[2026-07-14 23:12:24] main.py running (pid=2656)
[2026-07-14 23:14:21] WARN: heartbeat missing/unreadable (up=116s) — wait next cycle
[2026-07-14 23:18:17] STALL: heartbeat age=183s > 180s (loop hang) -> kill pid=2656 + restart
[2026-07-14 23:18:54] Restarting in 5 s ...
[2026-07-14 23:19:15] Launching: C:\Users\Administrator\AppData\Local\Programs\Python\Python313\python.exe main.py
[2026-07-14 23:19:34] main.py running (pid=3816)
[2026-07-14 23:21:19] WARN: heartbeat missing/unreadable (up=105s) — wait next cycle
[2026-07-14 23:22:37] main.py exited (code=) -> restart
[2026-07-14 23:22:43] Restarting in 5 s ...
[2026-07-14 23:22:52] Launching: C:\Users\Administrator\AppData\Local\Programs\Python\Python313\python.exe main.py
[2026-07-14 23:22:52] main.py running (pid=2424)
[2026-07-14 23:29:53] STALL: heartbeat age=183s > 180s (loop hang) -> kill pid=2424 + restart
[2026-07-14 23:30:46] Restarting in 5 s ...
[2026-07-14 23:30:54] Launching: C:\Users\Administrator\AppData\Local\Programs\Python\Python313\python.exe main.py
[2026-07-14 23:30:55] main.py running (pid=3424)
[2026-07-14 23:35:22] STALL: heartbeat age=212s > 180s (loop hang) -> kill pid=3424 + restart
[2026-07-14 23:35:52] Restarting in 5 s ...
[2026-07-14 23:36:42] Launching: C:\Users\Administrator\AppData\Local\Programs\Python\Python313\python.exe main.py
[2026-07-14 23:37:15] main.py running (pid=5840)
[2026-07-14 23:38:53] WARN: heartbeat missing/unreadable (up=98s) — wait next cycle
[2026-07-14 23:42:15] STALL: heartbeat age=186s > 180s (loop hang) -> kill pid=5840 + restart
[2026-07-14 23:42:34] Restarting in 5 s ...
[2026-07-14 23:42:47] Launching: C:\Users\Administrator\AppData\Local\Programs\Python\Python313\python.exe main.py
[2026-07-14 23:43:02] main.py running (pid=3320)
[2026-07-14 23:44:36] WARN: heartbeat missing/unreadable (up=90s) — wait next cycle
[2026-07-14 23:45:25] WARN: heartbeat missing/unreadable (up=143s) — wait next cycle
[2026-07-14 23:33:28] WARN: lock file ค้างจาก pid=5232 (ตายไปแล้ว) — เคลียร์แล้วรันต่อ
[2026-07-14 23:33:30] Supervisor started (profile='demo-iux-2101182460', stale=180 s, check=30 s, grace=90 s, python='C:\Users\Administrator\AppData\Local\Programs\Python\Python313\python.exe')
[2026-07-14 23:33:33] Launching: C:\Users\Administrator\AppData\Local\Programs\Python\Python313\python.exe main.py
[2026-07-14 23:33:34] main.py running (pid=5440)
[2026-07-14 23:38:29] STALL: heartbeat age=210s > 180s (loop hang) -> kill pid=5440 + restart
[2026-07-14 23:38:35] Restarting in 5 s ...
[2026-07-14 23:38:40] Launching: C:\Users\Administrator\AppData\Local\Programs\Python\Python313\python.exe main.py
[2026-07-14 23:38:55] main.py running (pid=5672)
[2026-07-14 23:43:21] STALL: heartbeat age=211s > 180s (loop hang) -> kill pid=5672 + restart
[2026-07-14 23:43:27] Restarting in 5 s ...
[2026-07-14 23:43:34] Launching: C:\Users\Administrator\AppData\Local\Programs\Python\Python313\python.exe main.py
[2026-07-14 23:43:37] main.py running (pid=1544)
[2026-07-14 23:48:31] STALL: heartbeat age=186s > 180s (loop hang) -> kill pid=1544 + restart
[2026-07-14 23:48:34] Restarting in 5 s ...
[2026-07-14 23:48:54] Launching: C:\Users\Administrator\AppData\Local\Programs\Python\Python313\python.exe main.py
[2026-07-14 23:49:18] main.py running (pid=6004)
[2026-07-14 23:50:54] WARN: heartbeat missing/unreadable (up=96s) — wait next cycle
[2026-07-14 23:54:35] STALL: heartbeat age=201s > 180s (loop hang) -> kill pid=6004 + restart
[2026-07-14 23:54:37] Restarting in 5 s ...
[2026-07-14 23:55:24] Launching: C:\Users\Administrator\AppData\Local\Programs\Python\Python313\python.exe main.py
[2026-07-14 23:55:40] main.py running (pid=5872)
[2026-07-14 23:59:53] STALL: heartbeat age=194s > 180s (loop hang) -> kill pid=5872 + restart
[2026-07-15 00:00:14] Restarting in 5 s ...
[2026-07-15 00:00:40] Launching: C:\Users\Administrator\AppData\Local\Programs\Python\Python313\python.exe main.py
[2026-07-15 00:00:47] main.py running (pid=6396)
[2026-07-15 00:02:24] WARN: heartbeat missing/unreadable (up=98s) — wait next cycle
[2026-07-15 00:06:14] STALL: heartbeat age=194s > 180s (loop hang) -> kill pid=6396 + restart
[2026-07-15 00:06:14] Restarting in 5 s ...
[2026-07-15 00:06:20] Launching: C:\Users\Administrator\AppData\Local\Programs\Python\Python313\python.exe main.py
[2026-07-15 00:06:25] main.py running (pid=5128)
[2026-07-15 00:10:00] STALL: heartbeat age=195s > 180s (loop hang) -> kill pid=5128 + restart
[2026-07-15 00:10:10] Restarting in 5 s ...
[2026-07-15 00:10:15] Launching: C:\Users\Administrator\AppData\Local\Programs\Python\Python313\python.exe main.py
[2026-07-15 00:10:20] main.py running (pid=6824)
[2026-07-15 00:22:50] STALL: heartbeat age=196s > 180s (loop hang) -> kill pid=6824 + restart
[2026-07-15 00:22:55] Restarting in 5 s ...
[2026-07-15 00:23:09] Launching: C:\Users\Administrator\AppData\Local\Programs\Python\Python313\python.exe main.py
[2026-07-15 00:23:25] main.py running (pid=7004)
[2026-07-15 01:46:36] STALL: heartbeat age=181s > 180s (loop hang) -> kill pid=7004 + restart
[2026-07-15 01:46:39] Restarting in 5 s ...
[2026-07-15 01:46:46] Launching: C:\Users\Administrator\AppData\Local\Programs\Python\Python313\python.exe main.py
[2026-07-15 01:46:49] main.py running (pid=2444)
[2026-07-15 03:57:31] STALL: heartbeat age=186s > 180s (loop hang) -> kill pid=2444 + restart
[2026-07-15 03:58:05] Restarting in 5 s ...
[2026-07-15 03:58:27] Launching: C:\Users\Administrator\AppData\Local\Programs\Python\Python313\python.exe main.py
[2026-07-15 03:58:36] main.py running (pid=6400)
[2026-07-15 04:02:25] STALL: heartbeat age=187s > 180s (loop hang) -> kill pid=6400 + restart
[2026-07-15 04:02:25] Restarting in 5 s ...
[2026-07-15 04:02:30] Launching: C:\Users\Administrator\AppData\Local\Programs\Python\Python313\python.exe main.py
[2026-07-15 04:02:33] main.py running (pid=3512)
[2026-07-15 08:01:52] STALL: heartbeat age=197s > 180s (loop hang) -> kill pid=3512 + restart
[2026-07-15 08:02:09] Restarting in 5 s ...
[2026-07-15 08:02:15] Launching: C:\Users\Administrator\AppData\Local\Programs\Python\Python313\python.exe main.py
[2026-07-15 08:02:20] main.py running (pid=6932)
[2026-07-15 08:06:10] STALL: heartbeat age=183s > 180s (loop hang) -> kill pid=6932 + restart
[2026-07-15 08:07:01] Restarting in 5 s ...
[2026-07-15 08:07:10] Launching: C:\Users\Administrator\AppData\Local\Programs\Python\Python313\python.exe main.py
[2026-07-15 08:07:15] main.py running (pid=6060)
[2026-07-15 08:08:50] WARN: heartbeat missing/unreadable (up=95s) — wait next cycle
[2026-07-15 08:09:36] main.py exited (code=) -> restart
[2026-07-15 08:09:39] Restarting in 5 s ...
[2026-07-15 08:09:44] Launching: C:\Users\Administrator\AppData\Local\Programs\Python\Python313\python.exe main.py
[2026-07-15 08:09:45] main.py running (pid=3028)
[2026-07-15 08:13:24] STALL: heartbeat age=194s > 180s (loop hang) -> kill pid=3028 + restart
[2026-07-15 08:13:27] Restarting in 5 s ...
[2026-07-15 08:13:34] Launching: C:\Users\Administrator\AppData\Local\Programs\Python\Python313\python.exe main.py
[2026-07-15 08:13:41] main.py running (pid=3212)
[2026-07-15 08:28:18] STALL: heartbeat age=210s > 180s (loop hang) -> kill pid=3212 + restart
[2026-07-15 08:28:23] Restarting in 5 s ...
[2026-07-15 08:28:28] Launching: C:\Users\Administrator\AppData\Local\Programs\Python\Python313\python.exe main.py
[2026-07-15 08:28:29] main.py running (pid=1716)
[2026-07-15 08:36:08] STALL: heartbeat age=193s > 180s (loop hang) -> kill pid=1716 + restart
[2026-07-15 08:36:11] Restarting in 5 s ...
[2026-07-15 08:36:24] Launching: C:\Users\Administrator\AppData\Local\Programs\Python\Python313\python.exe main.py
[2026-07-15 08:36:24] main.py running (pid=4448)
[2026-07-15 08:39:59] STALL: heartbeat age=186s > 180s (loop hang) -> kill pid=4448 + restart
[2026-07-15 08:40:07] Restarting in 5 s ...
[2026-07-15 08:40:14] Launching: C:\Users\Administrator\AppData\Local\Programs\Python\Python313\python.exe main.py
[2026-07-15 08:40:15] main.py running (pid=6812)
[2026-07-15 11:22:55] STALL: heartbeat age=190s > 180s (loop hang) -> kill pid=6812 + restart
[2026-07-15 11:23:31] Restarting in 5 s ...
[2026-07-15 11:23:48] Launching: C:\Users\Administrator\AppData\Local\Programs\Python\Python313\python.exe main.py
[2026-07-15 11:54:44] WARN: lock file ค้างจาก pid=800 (ตายไปแล้ว) — เคลียร์แล้วรันต่อ
[2026-07-15 11:54:46] Supervisor started (profile='demo-iux-2101182460', stale=180 s, check=30 s, grace=90 s, python='C:\Users\Copter\AppData\Local\hermes\hermes-agent\venv\Scripts\python.exe')
[2026-07-15 11:54:46] Launching: C:\Users\Copter\AppData\Local\hermes\hermes-agent\venv\Scripts\python.exe main.py
[2026-07-15 11:54:46] main.py running (pid=6572)
[2026-07-15 14:23:29] WARN: lock file ค้างจาก pid=42892 (ตายไปแล้ว) — เคลียร์แล้วรันต่อ
[2026-07-15 14:23:30] Supervisor started (profile='demo-iux-2101182460', stale=180 s, check=30 s, grace=90 s, python='C:\Users\Copter\AppData\Local\hermes\hermes-agent\venv\Scripts\python.exe')
[2026-07-15 14:23:30] Launching: C:\Users\Copter\AppData\Local\hermes\hermes-agent\venv\Scripts\python.exe main.py
[2026-07-15 14:23:30] main.py running (pid=51160)
[2026-07-15 17:52:10] WARN: lock file ค้างจาก pid=10648 (ตายไปแล้ว) — เคลียร์แล้วรันต่อ
[2026-07-15 17:52:12] Supervisor started (profile='demo-iux-2101182460', stale=180 s, check=30 s, grace=90 s, python='C:\Users\Administrator\AppData\Local\Programs\Python\Python313\python.exe')
[2026-07-15 17:52:12] Launching: C:\Users\Administrator\AppData\Local\Programs\Python\Python313\python.exe main.py
[2026-07-15 17:52:12] main.py running (pid=5072)
[2026-07-15 17:55:33] STALL: heartbeat age=189s > 180s (loop hang) -> kill pid=5072 + restart
[2026-07-15 17:55:40] Restarting in 5 s ...
[2026-07-15 17:55:46] Launching: C:\Users\Administrator\AppData\Local\Programs\Python\Python313\python.exe main.py
[2026-07-15 17:55:52] main.py running (pid=5656)
[2026-07-15 18:21:19] WARN: lock file ค้างจาก pid=3580 (ตายไปแล้ว) — เคลียร์แล้วรันต่อ
[2026-07-15 18:21:33] Supervisor started (profile='demo-iux-2101182460', stale=180 s, check=30 s, grace=90 s, python='C:\Users\Administrator\AppData\Local\Programs\Python\Python313\python.exe')
[2026-07-15 18:21:34] Launching: C:\Users\Administrator\AppData\Local\Programs\Python\Python313\python.exe main.py
[2026-07-15 18:21:38] main.py running (pid=2584)
[2026-07-15 18:27:18] STALL: heartbeat age=188s > 180s (loop hang) -> kill pid=2584 + restart
[2026-07-15 18:27:46] Restarting in 5 s ...
[2026-07-15 18:27:58] Launching: C:\Users\Administrator\AppData\Local\Programs\Python\Python313\python.exe main.py
[2026-07-15 18:28:00] main.py running (pid=5236)
[2026-07-15 18:34:19] STALL: heartbeat age=194s > 180s (loop hang) -> kill pid=5236 + restart
[2026-07-15 18:34:26] Restarting in 5 s ...
[2026-07-15 18:34:32] Launching: C:\Users\Administrator\AppData\Local\Programs\Python\Python313\python.exe main.py
[2026-07-15 18:34:38] main.py running (pid=5424)
[2026-07-15 18:41:49] STALL: heartbeat age=184s > 180s (loop hang) -> kill pid=5424 + restart
[2026-07-15 18:42:25] Restarting in 5 s ...
[2026-07-15 18:42:31] Launching: C:\Users\Administrator\AppData\Local\Programs\Python\Python313\python.exe main.py
[2026-07-15 18:42:33] main.py running (pid=6028)
[2026-07-15 18:46:45] STALL: heartbeat age=202s > 180s (loop hang) -> kill pid=6028 + restart
[2026-07-15 18:47:25] Restarting in 5 s ...
[2026-07-15 18:47:38] Launching: C:\Users\Administrator\AppData\Local\Programs\Python\Python313\python.exe main.py
[2026-07-15 18:47:40] main.py running (pid=980)
[2026-07-15 18:52:33] WARN: lock file ค้างจาก pid=5116 (ตายไปแล้ว) — เคลียร์แล้วรันต่อ
[2026-07-15 18:52:34] Supervisor started (profile='demo-iux-2101182460', stale=180 s, check=30 s, grace=90 s, python='C:\Users\Copter\AppData\Local\hermes\hermes-agent\venv\Scripts\python.exe')
[2026-07-15 18:52:34] Launching: C:\Users\Copter\AppData\Local\hermes\hermes-agent\venv\Scripts\python.exe main.py
[2026-07-15 18:52:34] main.py running (pid=45652)
[2026-07-16 16:42:37] WARN: lock file ค้างจาก pid=49864 (ตายไปแล้ว) — เคลียร์แล้วรันต่อ
[2026-07-16 16:42:39] Supervisor started (profile='demo-iux-2101182460', stale=180 s, check=30 s, grace=90 s, python='C:\Users\Copter\AppData\Local\hermes\hermes-agent\venv\Scripts\python.exe')
[2026-07-16 16:42:39] Launching: C:\Users\Copter\AppData\Local\hermes\hermes-agent\venv\Scripts\python.exe main.py
[2026-07-16 16:42:39] main.py running (pid=41300)
[2026-07-16 23:31:48] WARN: lock file ค้างจาก pid=42764 (ตายไปแล้ว) — เคลียร์แล้วรันต่อ
[2026-07-16 23:31:51] Supervisor started (profile='demo-iux-2101182460', stale=180 s, check=30 s, grace=90 s, python='C:\Users\Copter\AppData\Local\hermes\hermes-agent\venv\Scripts\python.exe')
[2026-07-16 23:31:51] Launching: C:\Users\Copter\AppData\Local\hermes\hermes-agent\venv\Scripts\python.exe main.py
[2026-07-16 23:31:52] main.py running (pid=30000)
[2026-07-17 09:09:30] WARN: lock file ค้างจาก pid=28452 (ตายไปแล้ว) — เคลียร์แล้วรันต่อ
[2026-07-17 09:09:31] Supervisor started (profile='demo-iux-2101182460', stale=180 s, check=30 s, grace=90 s, python='C:\Users\Copter\AppData\Local\hermes\hermes-agent\venv\Scripts\python.exe')
[2026-07-17 09:09:31] Launching: C:\Users\Copter\AppData\Local\hermes\hermes-agent\venv\Scripts\python.exe main.py
[2026-07-17 09:09:31] main.py running (pid=33380)
[2026-07-17 18:24:32] WARN: lock file ค้างจาก pid=33064 (ตายไปแล้ว) — เคลียร์แล้วรันต่อ
[2026-07-17 18:24:34] Supervisor started (profile='demo-iux-2101182460', stale=180 s, check=30 s, grace=90 s, python='C:\Users\Copter\AppData\Local\hermes\hermes-agent\venv\Scripts\python.exe')
[2026-07-17 18:24:34] Launching: C:\Users\Copter\AppData\Local\hermes\hermes-agent\venv\Scripts\python.exe main.py
[2026-07-17 18:24:34] main.py running (pid=43316)
[2026-07-17 18:26:03] WARN: lock file ค้างจาก pid=60260 (ตายไปแล้ว) — เคลียร์แล้วรันต่อ
[2026-07-17 18:26:04] Supervisor started (profile='demo-iux-2101182460', stale=180 s, check=30 s, grace=90 s, python='C:\Users\Copter\AppData\Local\hermes\hermes-agent\venv\Scripts\python.exe')
[2026-07-17 18:26:05] Launching: C:\Users\Copter\AppData\Local\hermes\hermes-agent\venv\Scripts\python.exe main.py
[2026-07-17 18:26:05] main.py running (pid=32876)
[2026-07-17 18:34:39] ERROR: พบ supervisor ตัวอื่นรันอยู่แล้ว (pid=60752) — เลิกรัน ตัวนี้เพื่อกัน main.py ซ้อน 2 instance (Telegram getUpdates Conflict)
[2026-07-17 18:39:36] Supervisor started (profile='demo-iux-2101182460', stale=180 s, check=30 s, grace=90 s, python='C:\Users\Copter\AppData\Local\hermes\hermes-agent\venv\Scripts\python.exe')
[2026-07-17 18:39:36] Launching: C:\Users\Copter\AppData\Local\hermes\hermes-agent\venv\Scripts\python.exe main.py
[2026-07-17 18:39:36] main.py running (pid=36908)
[2026-07-17 22:15:51] WARN: lock file ค้างจาก pid=13776 (ตายไปแล้ว) — เคลียร์แล้วรันต่อ
[2026-07-17 22:15:53] Supervisor started (profile='demo-iux-2101182460', stale=180 s, check=30 s, grace=90 s, python='C:\Users\Copter\AppData\Local\hermes\hermes-agent\venv\Scripts\python.exe')
[2026-07-17 22:15:53] Launching: C:\Users\Copter\AppData\Local\hermes\hermes-agent\venv\Scripts\python.exe main.py
[2026-07-17 22:15:53] main.py running (pid=24512)
[2026-07-19 23:27:39] WARN: lock file ค้างจาก pid=2908 (ตายไปแล้ว) — เคลียร์แล้วรันต่อ
[2026-07-19 23:27:42] Supervisor started (profile='demo-iux-2101182460', stale=180 s, check=30 s, grace=90 s, python='C:\Users\Copter\AppData\Local\hermes\hermes-agent\venv\Scripts\python.exe')
[2026-07-19 23:27:42] Launching: C:\Users\Copter\AppData\Local\hermes\hermes-agent\venv\Scripts\python.exe main.py
[2026-07-19 23:27:42] main.py running (pid=3488)
[2026-07-20 04:20:01] WARN: heartbeat missing/unreadable (up=17540s) — wait next cycle
[2026-07-20 09:00:34] WARN: lock file ค้างจาก pid=28056 (ตายไปแล้ว) — เคลียร์แล้วรันต่อ
[2026-07-20 09:00:36] Supervisor started (profile='demo-iux-2101182460', stale=180 s, check=30 s, grace=90 s, python='C:\Users\Copter\AppData\Local\hermes\hermes-agent\venv\Scripts\python.exe')
[2026-07-20 09:00:36] Launching: C:\Users\Copter\AppData\Local\hermes\hermes-agent\venv\Scripts\python.exe main.py
[2026-07-20 09:00:36] main.py running (pid=32500)
[2026-07-20 09:38:03] WARN: lock file ค้างจาก pid=20008 (ตายไปแล้ว) — เคลียร์แล้วรันต่อ
[2026-07-20 09:38:06] Supervisor started (profile='demo-iux-2101182460', stale=180 s, check=30 s, grace=90 s, python='C:\Users\Copter\AppData\Local\hermes\hermes-agent\venv\Scripts\python.exe')
[2026-07-20 09:38:06] Launching: C:\Users\Copter\AppData\Local\hermes\hermes-agent\venv\Scripts\python.exe main.py
[2026-07-20 09:38:06] main.py running (pid=7064)
[2026-07-20 13:41:32] WARN: lock file ค้างจาก pid=7836 (ตายไปแล้ว) — เคลียร์แล้วรันต่อ
[2026-07-20 13:41:36] Supervisor started (profile='demo-iux-2101182460', stale=180 s, check=30 s, grace=90 s, python='C:\Users\Copter\AppData\Local\hermes\hermes-agent\venv\Scripts\python.exe')
[2026-07-20 13:41:36] Launching: C:\Users\Copter\AppData\Local\hermes\hermes-agent\venv\Scripts\python.exe main.py
[2026-07-20 13:41:36] main.py running (pid=29756)
[2026-07-20 16:52:12] WARN: lock file ค้างจาก pid=45840 (ตายไปแล้ว) — เคลียร์แล้วรันต่อ
[2026-07-20 16:52:14] Supervisor started (profile='demo-iux-2101182460', stale=180 s, check=30 s, grace=90 s, python='C:\Users\Copter\AppData\Local\hermes\hermes-agent\venv\Scripts\python.exe')
[2026-07-20 16:52:15] Launching: C:\Users\Copter\AppData\Local\hermes\hermes-agent\venv\Scripts\python.exe main.py
[2026-07-20 16:52:15] main.py running (pid=51284)
[2026-07-20 21:58:23] WARN: lock file ค้างจาก pid=39460 (ตายไปแล้ว) — เคลียร์แล้วรันต่อ
[2026-07-20 21:58:26] Supervisor started (profile='demo-iux-2101182460', stale=180 s, check=30 s, grace=90 s, python='C:\Users\Copter\AppData\Local\hermes\hermes-agent\venv\Scripts\python.exe')
[2026-07-20 21:58:26] Launching: C:\Users\Copter\AppData\Local\hermes\hermes-agent\venv\Scripts\python.exe main.py
[2026-07-20 21:58:27] main.py running (pid=35324)
[2026-07-21 09:02:34] WARN: lock file ค้างจาก pid=23272 (ตายไปแล้ว) — เคลียร์แล้วรันต่อ
[2026-07-21 09:02:35] Supervisor started (profile='demo-iux-2101182460', stale=180 s, check=30 s, grace=90 s, python='C:\Users\Copter\AppData\Local\hermes\hermes-agent\venv\Scripts\python.exe')
[2026-07-21 09:02:35] Launching: C:\Users\Copter\AppData\Local\hermes\hermes-agent\venv\Scripts\python.exe main.py
[2026-07-21 09:02:35] main.py running (pid=24892)
[2026-07-21 11:02:56] WARN: lock file ค้างจาก pid=25756 (ตายไปแล้ว) — เคลียร์แล้วรันต่อ
[2026-07-21 11:02:57] Supervisor started (profile='demo-iux-2101182460', stale=180 s, check=30 s, grace=90 s, python='C:\Users\Copter\AppData\Local\hermes\hermes-agent\venv\Scripts\python.exe')
[2026-07-21 11:02:58] Launching: C:\Users\Copter\AppData\Local\hermes\hermes-agent\venv\Scripts\python.exe main.py
[2026-07-21 11:02:58] main.py running (pid=16716)
[2026-07-21 13:16:28] WARN: lock file ค้างจาก pid=49664 (ตายไปแล้ว) — เคลียร์แล้วรันต่อ
[2026-07-21 13:16:30] Supervisor started (profile='demo-iux-2101182460', stale=180 s, check=30 s, grace=90 s, python='C:\Users\Copter\AppData\Local\hermes\hermes-agent\venv\Scripts\python.exe')
[2026-07-21 13:16:30] Launching: C:\Users\Copter\AppData\Local\hermes\hermes-agent\venv\Scripts\python.exe main.py
[2026-07-21 13:16:30] main.py running (pid=40100)
[2026-07-21 16:41:05] main.py exited (code=) -> restart
[2026-07-21 16:41:05] Restarting in 5 s ...
[2026-07-21 16:41:10] Launching: C:\Users\Copter\AppData\Local\hermes\hermes-agent\venv\Scripts\python.exe main.py
[2026-07-21 16:41:10] main.py running (pid=45812)
[2026-07-21 16:44:40] main.py exited (code=) -> restart
[2026-07-21 16:44:40] Restarting in 5 s ...
[2026-07-21 16:44:45] Launching: C:\Users\Copter\AppData\Local\hermes\hermes-agent\venv\Scripts\python.exe main.py
[2026-07-21 16:44:45] main.py running (pid=15552)
[2026-07-21 17:17:15] WARN: lock file ค้างจาก pid=48340 (ตายไปแล้ว) — เคลียร์แล้วรันต่อ
[2026-07-21 17:17:17] Supervisor started (profile='demo-iux-2101182460', stale=180 s, check=30 s, grace=90 s, python='C:\Users\Copter\AppData\Local\hermes\hermes-agent\venv\Scripts\python.exe')
[2026-07-21 17:17:17] Launching: C:\Users\Copter\AppData\Local\hermes\hermes-agent\venv\Scripts\python.exe main.py
[2026-07-21 17:17:17] main.py running (pid=47400)
[2026-07-21 18:14:44] WARN: lock file ค้างจาก pid=43816 (ตายไปแล้ว) — เคลียร์แล้วรันต่อ
[2026-07-21 18:14:45] Supervisor started (profile='demo-iux-2101182460', stale=180 s, check=30 s, grace=90 s, python='C:\Users\Copter\AppData\Local\hermes\hermes-agent\venv\Scripts\python.exe')
[2026-07-21 18:14:45] Launching: C:\Users\Copter\AppData\Local\hermes\hermes-agent\venv\Scripts\python.exe main.py
[2026-07-21 18:14:45] main.py running (pid=31568)
[2026-07-22 09:01:02] WARN: lock file ค้างจาก pid=53424 (ตายไปแล้ว) — เคลียร์แล้วรันต่อ
[2026-07-22 09:01:03] Supervisor started (profile='demo-iux-2101182460', stale=180 s, check=30 s, grace=90 s, python='C:\Users\Copter\AppData\Local\hermes\hermes-agent\venv\Scripts\python.exe')
[2026-07-22 09:01:03] Launching: C:\Users\Copter\AppData\Local\hermes\hermes-agent\venv\Scripts\python.exe main.py
[2026-07-22 09:01:03] main.py running (pid=35088)
[2026-07-22 10:15:54] WARN: lock file ค้างจาก pid=34256 (ตายไปแล้ว) — เคลียร์แล้วรันต่อ
[2026-07-22 10:15:55] Supervisor started (profile='demo-iux-2101182460', stale=180 s, check=30 s, grace=90 s, python='C:\Users\Copter\AppData\Local\hermes\hermes-agent\venv\Scripts\python.exe')
[2026-07-22 10:15:55] Launching: C:\Users\Copter\AppData\Local\hermes\hermes-agent\venv\Scripts\python.exe main.py
[2026-07-22 10:15:55] main.py running (pid=34212)
[2026-07-22 15:06:24] WARN: lock file ค้างจาก pid=14328 (ตายไปแล้ว) — เคลียร์แล้วรันต่อ
[2026-07-22 15:06:26] Supervisor started (profile='demo-iux-2101182460', stale=180 s, check=30 s, grace=90 s, python='C:\Users\Copter\AppData\Local\hermes\hermes-agent\venv\Scripts\python.exe')
[2026-07-22 15:06:26] Launching: C:\Users\Copter\AppData\Local\hermes\hermes-agent\venv\Scripts\python.exe main.py
[2026-07-22 15:06:26] main.py running (pid=47308)
[2026-07-22 16:16:26] WARN: lock file ค้างจาก pid=14040 (ตายไปแล้ว) — เคลียร์แล้วรันต่อ
[2026-07-22 16:16:28] Supervisor started (profile='demo-iux-2101182460', stale=180 s, check=30 s, grace=90 s, python='C:\Users\Copter\AppData\Local\hermes\hermes-agent\venv\Scripts\python.exe')
[2026-07-22 16:16:28] Launching: C:\Users\Copter\AppData\Local\hermes\hermes-agent\venv\Scripts\python.exe main.py
[2026-07-22 16:16:28] main.py running (pid=2732)
[2026-07-22 19:19:33] WARN: lock file ค้างจาก pid=21696 (ตายไปแล้ว) — เคลียร์แล้วรันต่อ
[2026-07-22 19:19:36] Supervisor started (profile='demo-iux-2101182460', stale=180 s, check=30 s, grace=90 s, python='C:\Users\Copter\AppData\Local\hermes\hermes-agent\venv\Scripts\python.exe')
[2026-07-22 19:19:36] Launching: C:\Users\Copter\AppData\Local\hermes\hermes-agent\venv\Scripts\python.exe main.py
[2026-07-22 19:19:36] main.py running (pid=33908)
[2026-07-23 09:03:29] WARN: lock file ค้างจาก pid=32596 (ตายไปแล้ว) — เคลียร์แล้วรันต่อ
[2026-07-23 09:03:30] Supervisor started (profile='demo-iux-2101182460', stale=180 s, check=30 s, grace=90 s, python='C:\Users\Copter\AppData\Local\hermes\hermes-agent\venv\Scripts\python.exe')
[2026-07-23 09:03:30] Launching: C:\Users\Copter\AppData\Local\hermes\hermes-agent\venv\Scripts\python.exe main.py
[2026-07-23 09:03:30] main.py running (pid=32864)
[2026-07-23 12:29:58] WARN: lock file ค้างจาก pid=32832 (ตายไปแล้ว) — เคลียร์แล้วรันต่อ
[2026-07-23 12:29:59] Supervisor started (profile='demo-iux-2101182460', stale=180 s, check=30 s, grace=90 s, python='C:\Users\Copter\AppData\Local\hermes\hermes-agent\venv\Scripts\python.exe')
[2026-07-23 12:29:59] Launching: C:\Users\Copter\AppData\Local\hermes\hermes-agent\venv\Scripts\python.exe main.py
[2026-07-23 12:29:59] main.py running (pid=22116)
[2026-07-23 16:32:44] WARN: lock file ค้างจาก pid=51364 (ตายไปแล้ว) — เคลียร์แล้วรันต่อ
[2026-07-23 16:32:45] Supervisor started (profile='demo-iux-2101182460', stale=180 s, check=30 s, grace=90 s, python='C:\Users\Copter\AppData\Local\hermes\hermes-agent\venv\Scripts\python.exe')
[2026-07-23 16:32:45] Launching: C:\Users\Copter\AppData\Local\hermes\hermes-agent\venv\Scripts\python.exe main.py
[2026-07-23 16:32:45] main.py running (pid=40784)
[2026-07-23 18:36:32] WARN: lock file ค้างจาก pid=50144 (ตายไปแล้ว) — เคลียร์แล้วรันต่อ
[2026-07-23 18:36:33] Supervisor started (profile='demo-iux-2101182460', stale=180 s, check=30 s, grace=90 s, python='C:\Users\Copter\AppData\Local\hermes\hermes-agent\venv\Scripts\python.exe')
[2026-07-23 18:36:33] Launching: C:\Users\Copter\AppData\Local\hermes\hermes-agent\venv\Scripts\python.exe main.py
[2026-07-23 18:36:33] main.py running (pid=45116)
[2026-07-23 18:42:35] WARN: lock file ค้างจาก pid=27908 (ตายไปแล้ว) — เคลียร์แล้วรันต่อ
[2026-07-23 18:42:36] Supervisor started (profile='demo-iux-2101182460', stale=180 s, check=30 s, grace=90 s, python='C:\Users\Copter\AppData\Local\hermes\hermes-agent\venv\Scripts\python.exe')
[2026-07-23 18:42:36] Launching: C:\Users\Copter\AppData\Local\hermes\hermes-agent\venv\Scripts\python.exe main.py
[2026-07-23 18:42:36] main.py running (pid=2124)
[2026-07-24 09:02:26] WARN: lock file ค้างจาก pid=14980 (ตายไปแล้ว) — เคลียร์แล้วรันต่อ
[2026-07-24 09:02:27] Supervisor started (profile='demo-iux-2101182460', stale=180 s, check=30 s, grace=90 s, python='C:\Users\Copter\AppData\Local\hermes\hermes-agent\venv\Scripts\python.exe')
[2026-07-24 09:02:27] Launching: C:\Users\Copter\AppData\Local\hermes\hermes-agent\venv\Scripts\python.exe main.py
[2026-07-24 09:02:27] main.py running (pid=31028)
[2026-07-24 15:56:42] WARN: lock file ค้างจาก pid=3476 (ตายไปแล้ว) — เคลียร์แล้วรันต่อ
[2026-07-24 15:56:43] Supervisor started (profile='demo-iux-2101182460', stale=180 s, check=30 s, grace=90 s, python='C:\Users\Copter\AppData\Local\hermes\hermes-agent\venv\Scripts\python.exe')
[2026-07-24 15:56:43] Launching: C:\Users\Copter\AppData\Local\hermes\hermes-agent\venv\Scripts\python.exe main.py
[2026-07-24 15:56:43] main.py running (pid=55624)
[2026-07-27 17:46:39] WARN: lock file ค้างจาก pid=31888 (ตายไปแล้ว) — เคลียร์แล้วรันต่อ
[2026-07-27 17:46:41] Supervisor started (profile='demo-iux-2101182460', stale=180 s, check=30 s, grace=90 s, python='C:\Users\Copter\AppData\Local\hermes\hermes-agent\venv\Scripts\python.exe')
[2026-07-27 17:46:41] Launching: C:\Users\Copter\AppData\Local\hermes\hermes-agent\venv\Scripts\python.exe main.py
[2026-07-27 17:46:41] main.py running (pid=47496)
[2026-07-27 21:12:53] WARN: lock file ค้างจาก pid=36124 (ตายไปแล้ว) — เคลียร์แล้วรันต่อ
[2026-07-27 21:12:56] Supervisor started (profile='demo-iux-2101182460', stale=180 s, check=30 s, grace=90 s, python='C:\Users\Copter\AppData\Local\hermes\hermes-agent\venv\Scripts\python.exe')
[2026-07-27 21:12:56] Launching: C:\Users\Copter\AppData\Local\hermes\hermes-agent\venv\Scripts\python.exe main.py
[2026-07-27 21:12:56] main.py running (pid=40276)
[2026-07-27 22:55:46] WARN: lock file ค้างจาก pid=58108 (ตายไปแล้ว) — เคลียร์แล้วรันต่อ
[2026-07-27 22:55:49] Supervisor started (profile='demo-iux-2101182460', stale=180 s, check=30 s, grace=90 s, python='C:\Users\Copter\AppData\Local\hermes\hermes-agent\venv\Scripts\python.exe')
[2026-07-27 22:55:49] Launching: C:\Users\Copter\AppData\Local\hermes\hermes-agent\venv\Scripts\python.exe main.py
[2026-07-27 22:55:49] main.py running (pid=28164)
[2026-07-28 11:40:39] WARN: lock file ค้างจาก pid=27440 (ตายไปแล้ว) — เคลียร์แล้วรันต่อ
[2026-07-28 11:40:42] Supervisor started (profile='demo-iux-2101182460', stale=180 s, check=30 s, grace=90 s, python='C:\Users\Copter\AppData\Local\hermes\hermes-agent\venv\Scripts\python.exe')
[2026-07-28 11:40:42] Launching: C:\Users\Copter\AppData\Local\hermes\hermes-agent\venv\Scripts\python.exe main.py
[2026-07-28 11:40:42] main.py running (pid=28972)
[2026-07-28 14:22:17] WARN: lock file ค้างจาก pid=27988 (ตายไปแล้ว) — เคลียร์แล้วรันต่อ
[2026-07-28 14:22:21] Supervisor started (profile='demo-iux-2101182460', stale=180 s, check=30 s, grace=90 s, python='C:\Users\Copter\AppData\Local\hermes\hermes-agent\venv\Scripts\python.exe')
[2026-07-28 14:22:21] Launching: C:\Users\Copter\AppData\Local\hermes\hermes-agent\venv\Scripts\python.exe main.py
[2026-07-28 14:22:21] main.py running (pid=24596)
[2026-07-28 16:33:59] WARN: lock file ค้างจาก pid=1028 (ตายไปแล้ว) — เคลียร์แล้วรันต่อ
[2026-07-28 16:34:01] Supervisor started (profile='demo-iux-2101182460', stale=180 s, check=30 s, grace=90 s, python='C:\Users\Copter\AppData\Local\hermes\hermes-agent\venv\Scripts\python.exe')
[2026-07-28 16:34:01] Launching: C:\Users\Copter\AppData\Local\hermes\hermes-agent\venv\Scripts\python.exe main.py
[2026-07-28 16:34:01] main.py running (pid=30124)
[2026-07-28 18:57:27] ERROR: พบ supervisor ตัวอื่นรันอยู่แล้ว (pid=30772) — เลิกรัน ตัวนี้เพื่อกัน main.py ซ้อน 2 instance (Telegram getUpdates Conflict)
[2026-07-28 19:21:53] WARN: lock file ค้างจาก pid=30772 (ตายไปแล้ว) — เคลียร์แล้วรันต่อ
[2026-07-28 19:21:57] Supervisor started (profile='demo-iux-2101182460', stale=180 s, check=30 s, grace=90 s, python='C:\Users\Copter\AppData\Local\hermes\hermes-agent\venv\Scripts\python.exe')
[2026-07-28 19:21:57] Launching: C:\Users\Copter\AppData\Local\hermes\hermes-agent\venv\Scripts\python.exe main.py
[2026-07-28 19:21:57] main.py running (pid=30496)
[2026-07-28 19:36:05] ERROR: พบ supervisor ตัวอื่นรันอยู่แล้ว (pid=32056) — เลิกรัน ตัวนี้เพื่อกัน main.py ซ้อน 2 instance (Telegram getUpdates Conflict)
[2026-07-28 20:06:05] WARN: lock file ค้างจาก pid=32056 (ตายไปแล้ว) — เคลียร์แล้วรันต่อ
[2026-07-28 20:06:09] Supervisor started (profile='demo-iux-2101182460', stale=180 s, check=30 s, grace=90 s, python='C:\Users\Copter\AppData\Local\hermes\hermes-agent\venv\Scripts\python.exe')
[2026-07-28 20:06:09] Launching: C:\Users\Copter\AppData\Local\hermes\hermes-agent\venv\Scripts\python.exe main.py
[2026-07-28 20:06:09] main.py running (pid=33716)
[2026-07-28 20:44:47] WARN: lock file ค้างจาก pid=25992 (ตายไปแล้ว) — เคลียร์แล้วรันต่อ
[2026-07-28 20:44:50] Supervisor started (profile='demo-iux-2101182460', stale=180 s, check=30 s, grace=90 s, python='C:\Users\Copter\AppData\Local\hermes\hermes-agent\venv\Scripts\python.exe')
[2026-07-28 20:44:50] Launching: C:\Users\Copter\AppData\Local\hermes\hermes-agent\venv\Scripts\python.exe main.py
[2026-07-28 20:44:50] main.py running (pid=22844)
[2026-07-28 20:51:05] ERROR: พบ supervisor ตัวอื่นรันอยู่แล้ว (pid=32940) — เลิกรัน ตัวนี้เพื่อกัน main.py ซ้อน 2 instance (Telegram getUpdates Conflict)
[2026-07-28 21:06:52] WARN: lock file ค้างจาก pid=32940 (ตายไปแล้ว) — เคลียร์แล้วรันต่อ
[2026-07-28 21:06:57] Supervisor started (profile='demo-iux-2101182460', stale=180 s, check=30 s, grace=90 s, python='C:\Users\Copter\AppData\Local\hermes\hermes-agent\venv\Scripts\python.exe')
[2026-07-28 21:06:57] Launching: C:\Users\Copter\AppData\Local\hermes\hermes-agent\venv\Scripts\python.exe main.py
[2026-07-28 21:06:57] main.py running (pid=34372)
[2026-07-28 21:36:06] WARN: lock file ค้างจาก pid=18160 (ตายไปแล้ว) — เคลียร์แล้วรันต่อ
[2026-07-28 21:36:09] Supervisor started (profile='demo-iux-2101182460', stale=180 s, check=30 s, grace=90 s, python='C:\Users\Copter\AppData\Local\hermes\hermes-agent\venv\Scripts\python.exe')
[2026-07-28 21:36:09] Launching: C:\Users\Copter\AppData\Local\hermes\hermes-agent\venv\Scripts\python.exe main.py
[2026-07-28 21:36:09] main.py running (pid=33940)
[2026-07-28 21:42:26] WARN: lock file ค้างจาก pid=524 (ตายไปแล้ว) — เคลียร์แล้วรันต่อ
[2026-07-28 21:42:30] Supervisor started (profile='demo-iux-2101182460', stale=180 s, check=30 s, grace=90 s, python='C:\Users\Copter\AppData\Local\hermes\hermes-agent\venv\Scripts\python.exe')
[2026-07-28 21:42:30] Launching: C:\Users\Copter\AppData\Local\hermes\hermes-agent\venv\Scripts\python.exe main.py
[2026-07-28 21:42:31] main.py running (pid=29228)
[2026-07-28 22:09:33] WARN: lock file ค้างจาก pid=32760 (ตายไปแล้ว) — เคลียร์แล้วรันต่อ
[2026-07-28 22:09:36] Supervisor started (profile='demo-iux-2101182460', stale=180 s, check=30 s, grace=90 s, python='C:\Users\Copter\AppData\Local\hermes\hermes-agent\venv\Scripts\python.exe')
[2026-07-28 22:09:36] Launching: C:\Users\Copter\AppData\Local\hermes\hermes-agent\venv\Scripts\python.exe main.py
[2026-07-28 22:09:36] main.py running (pid=30516)
[2026-07-28 22:13:53] WARN: lock file ค้างจาก pid=31184 (ตายไปแล้ว) — เคลียร์แล้วรันต่อ
[2026-07-28 22:13:56] Supervisor started (profile='demo-iux-2101182460', stale=180 s, check=30 s, grace=90 s, python='C:\Users\Copter\AppData\Local\hermes\hermes-agent\venv\Scripts\python.exe')
[2026-07-28 22:13:56] Launching: C:\Users\Copter\AppData\Local\hermes\hermes-agent\venv\Scripts\python.exe main.py
[2026-07-28 22:13:56] main.py running (pid=20212)
[2026-07-28 22:19:10] WARN: lock file ค้างจาก pid=26692 (ตายไปแล้ว) — เคลียร์แล้วรันต่อ
[2026-07-28 22:19:14] Supervisor started (profile='demo-iux-2101182460', stale=180 s, check=30 s, grace=90 s, python='C:\Users\Copter\AppData\Local\hermes\hermes-agent\venv\Scripts\python.exe')
[2026-07-28 22:19:14] Launching: C:\Users\Copter\AppData\Local\hermes\hermes-agent\venv\Scripts\python.exe main.py
[2026-07-28 22:19:14] main.py running (pid=33016)
[2026-07-28 22:25:35] WARN: lock file ค้างจาก pid=34996 (ตายไปแล้ว) — เคลียร์แล้วรันต่อ
[2026-07-28 22:25:38] Supervisor started (profile='demo-iux-2101182460', stale=180 s, check=30 s, grace=90 s, python='C:\Users\Copter\AppData\Local\hermes\hermes-agent\venv\Scripts\python.exe')
[2026-07-28 22:25:38] Launching: C:\Users\Copter\AppData\Local\hermes\hermes-agent\venv\Scripts\python.exe main.py
[2026-07-28 22:25:38] main.py running (pid=34264)
[2026-07-28 22:27:58] WARN: lock file ค้างจาก pid=21564 (ตายไปแล้ว) — เคลียร์แล้วรันต่อ
[2026-07-28 22:28:01] Supervisor started (profile='demo-iux-2101182460', stale=180 s, check=30 s, grace=90 s, python='C:\Users\Copter\AppData\Local\hermes\hermes-agent\venv\Scripts\python.exe')
[2026-07-28 22:28:01] Launching: C:\Users\Copter\AppData\Local\hermes\hermes-agent\venv\Scripts\python.exe main.py
[2026-07-28 22:28:01] main.py running (pid=21576)
[2026-07-29 20:23:30] WARN: lock file ค้างจาก pid=21968 (ตายไปแล้ว) — เคลียร์แล้วรันต่อ
[2026-07-29 20:23:36] Supervisor started (profile='demo-iux-2101182460', stale=180 s, check=30 s, grace=90 s, python='C:\Users\Copter\AppData\Local\hermes\hermes-agent\venv\Scripts\python.exe')
[2026-07-29 20:23:36] Launching: C:\Users\Copter\AppData\Local\hermes\hermes-agent\venv\Scripts\python.exe main.py
[2026-07-29 20:23:36] main.py running (pid=27932)
[2026-07-29 20:24:06] main.py exited (code=) -> restart
[2026-07-29 20:24:06] Restarting in 5 s ...
[2026-07-29 20:24:11] Launching: C:\Users\Copter\AppData\Local\hermes\hermes-agent\venv\Scripts\python.exe main.py
[2026-07-29 20:24:11] main.py running (pid=14996)
[2026-07-29 20:24:41] main.py exited (code=) -> restart
[2026-07-29 20:24:41] Restarting in 5 s ...
[2026-07-29 20:24:46] Launching: C:\Users\Copter\AppData\Local\hermes\hermes-agent\venv\Scripts\python.exe main.py
[2026-07-29 20:24:46] main.py running (pid=2544)
[2026-07-29 20:25:16] main.py exited (code=) -> restart
[2026-07-29 20:25:16] Restarting in 5 s ...
[2026-07-29 20:25:21] Launching: C:\Users\Copter\AppData\Local\hermes\hermes-agent\venv\Scripts\python.exe main.py
[2026-07-29 20:25:21] main.py running (pid=28524)
[2026-07-29 20:25:52] main.py exited (code=) -> restart
[2026-07-29 20:25:52] Restarting in 5 s ...
[2026-07-29 20:25:57] Launching: C:\Users\Copter\AppData\Local\hermes\hermes-agent\venv\Scripts\python.exe main.py
[2026-07-29 20:25:57] main.py running (pid=28516)
[2026-07-29 20:26:27] main.py exited (code=) -> restart
[2026-07-29 20:26:27] Restarting in 5 s ...
[2026-07-29 20:26:32] Launching: C:\Users\Copter\AppData\Local\hermes\hermes-agent\venv\Scripts\python.exe main.py
[2026-07-29 20:26:32] main.py running (pid=26428)
[2026-07-29 20:27:02] main.py exited (code=) -> restart
[2026-07-29 20:27:02] Restarting in 5 s ...
[2026-07-29 20:27:07] Launching: C:\Users\Copter\AppData\Local\hermes\hermes-agent\venv\Scripts\python.exe main.py
[2026-07-29 20:27:07] main.py running (pid=5368)
[2026-07-29 20:27:37] main.py exited (code=) -> restart
[2026-07-29 20:27:37] Restarting in 5 s ...
[2026-07-29 20:58:38] WARN: lock file ค้างจาก pid=26632 (ตายไปแล้ว) — เคลียร์แล้วรันต่อ
[2026-07-29 20:58:45] Supervisor started (profile='demo-iux-2101182460', stale=180 s, check=30 s, grace=90 s, python='C:\Users\Copter\AppData\Local\hermes\hermes-agent\venv\Scripts\python.exe')
[2026-07-29 20:58:45] Launching: C:\Users\Copter\AppData\Local\hermes\hermes-agent\venv\Scripts\python.exe main.py
[2026-07-29 20:58:45] main.py running (pid=26748)
[2026-07-30 09:02:28] WARN: lock file ค้างจาก pid=29160 (ตายไปแล้ว) — เคลียร์แล้วรันต่อ
[2026-07-30 09:02:30] Supervisor started (profile='demo-iux-2101182460', stale=180 s, check=30 s, grace=90 s, python='C:\Users\Copter\AppData\Local\hermes\hermes-agent\venv\Scripts\python.exe')
[2026-07-30 09:02:30] Launching: C:\Users\Copter\AppData\Local\hermes\hermes-agent\venv\Scripts\python.exe main.py
[2026-07-30 09:02:30] main.py running (pid=29480)
[2026-07-31 09:04:35] WARN: lock file ค้างจาก pid=28628 (ตายไปแล้ว) — เคลียร์แล้วรันต่อ
[2026-07-31 09:04:44] Supervisor started (profile='demo-iux-2101182460', stale=180 s, check=30 s, grace=90 s, python='C:\Users\Copter\AppData\Local\hermes\hermes-agent\venv\Scripts\python.exe')
[2026-07-31 09:04:44] Launching: C:\Users\Copter\AppData\Local\hermes\hermes-agent\venv\Scripts\python.exe main.py
[2026-07-31 09:04:44] main.py running (pid=4004)
[2026-07-31 23:09:11] WARN: lock file ค้างจาก pid=5796 (ตายไปแล้ว) — เคลียร์แล้วรันต่อ
[2026-07-31 23:09:12] Supervisor started (profile='demo-iux-2101182460', stale=180 s, check=30 s, grace=90 s, python='C:\Users\Copter\AppData\Local\hermes\hermes-agent\venv\Scripts\python.exe')
[2026-07-31 23:09:12] Launching: C:\Users\Copter\AppData\Local\hermes\hermes-agent\venv\Scripts\python.exe main.py
[2026-07-31 23:09:12] main.py running (pid=17476)
[2026-08-03 00:05:05] WARN: lock file ค้างจาก pid=28768 (ตายไปแล้ว) — เคลียร์แล้วรันต่อ
[2026-08-03 00:05:09] Supervisor started (profile='demo-iux-2101182460', stale=180 s, check=30 s, grace=90 s, python='C:\Users\Copter\AppData\Local\hermes\hermes-agent\venv\Scripts\python.exe')
[2026-08-03 00:05:09] Launching: C:\Users\Copter\AppData\Local\hermes\hermes-agent\venv\Scripts\python.exe main.py
[2026-08-03 00:05:09] main.py running (pid=39452)
[2026-08-03 09:05:34] WARN: lock file ค้างจาก pid=38692 (ตายไปแล้ว) — เคลียร์แล้วรันต่อ
[2026-08-03 09:05:36] Supervisor started (profile='demo-iux-2101182460', stale=180 s, check=30 s, grace=90 s, python='C:\Users\Copter\AppData\Local\hermes\hermes-agent\venv\Scripts\python.exe')
[2026-08-03 09:05:36] Launching: C:\Users\Copter\AppData\Local\hermes\hermes-agent\venv\Scripts\python.exe main.py
[2026-08-03 09:05:36] main.py running (pid=33388)
[2026-08-03 14:42:51] WARN: lock file ค้างจาก pid=32804 (ตายไปแล้ว) — เคลียร์แล้วรันต่อ
[2026-08-03 14:43:04] Supervisor started (profile='demo-iux-2101182460', stale=180 s, check=30 s, grace=90 s, python='C:\Users\Copter\AppData\Local\hermes\hermes-agent\venv\Scripts\python.exe')
[2026-08-03 14:43:04] Launching: C:\Users\Copter\AppData\Local\hermes\hermes-agent\venv\Scripts\python.exe main.py
[2026-08-03 14:43:04] main.py running (pid=12408)
[2026-08-03 14:44:34] WARN: heartbeat missing/unreadable (up=90s) — wait next cycle
[2026-08-03 14:45:04] WARN: heartbeat missing/unreadable (up=120s) — wait next cycle
[2026-08-03 14:45:34] WARN: heartbeat missing/unreadable (up=150s) — wait next cycle
[2026-08-03 15:36:04] WARN: lock file ค้างจาก pid=18124 (ตายไปแล้ว) — เคลียร์แล้วรันต่อ
[2026-08-03 15:36:05] ERROR: พบ supervisor ตัวอื่นรันอยู่แล้ว (pid=2096) — เลิกรัน ตัวนี้เพื่อกัน main.py ซ้อน 2 instance (Telegram getUpdates Conflict)
[2026-08-03 15:36:07] Supervisor started (profile='demo-iux-2101182460', stale=180 s, check=30 s, grace=90 s, python='C:\Users\Copter\AppData\Local\hermes\hermes-agent\venv\Scripts\python.exe')
[2026-08-03 15:36:07] Launching: C:\Users\Copter\AppData\Local\hermes\hermes-agent\venv\Scripts\python.exe main.py
[2026-08-03 15:36:07] main.py running (pid=29844)
[2026-08-03 15:36:43] WARN: lock file ค้างจาก pid=2096 (ตายไปแล้ว) — เคลียร์แล้วรันต่อ
[2026-08-03 15:36:45] Supervisor started (profile='demo-iux-2101182460', stale=180 s, check=30 s, grace=90 s, python='C:\Users\Copter\AppData\Local\hermes\hermes-agent\venv\Scripts\python.exe')
[2026-08-03 15:36:45] Launching: C:\Users\Copter\AppData\Local\hermes\hermes-agent\venv\Scripts\python.exe main.py
[2026-08-03 15:36:45] main.py running (pid=30980)
[2026-08-03 17:35:43] WARN: lock file ค้างจาก pid=11096 (ตายไปแล้ว) — เคลียร์แล้วรันต่อ
[2026-08-03 17:35:43] Supervisor started (profile='demo-iux-2101182460', stale=180 s, check=30 s, grace=90 s, python='C:\Users\Copter\AppData\Local\hermes\hermes-agent\venv\Scripts\python.exe')
[2026-08-03 17:35:43] Launching: C:\Users\Copter\AppData\Local\hermes\hermes-agent\venv\Scripts\python.exe main.py
[2026-08-03 17:35:43] main.py running (pid=33124)
[2026-08-03 20:55:35] WARN: lock file ค้างจาก pid=36396 (ตายไปแล้ว) — เคลียร์แล้วรันต่อ
[2026-08-03 20:55:36] Supervisor started (profile='demo-iux-2101182460', stale=180 s, check=30 s, grace=90 s, python='C:\Users\Copter\AppData\Local\hermes\hermes-agent\venv\Scripts\python.exe')
[2026-08-03 20:55:36] Launching: C:\Users\Copter\AppData\Local\hermes\hermes-agent\venv\Scripts\python.exe main.py
[2026-08-03 20:55:36] main.py running (pid=508)
[2026-08-04 08:41:26] WARN: lock file ค้างจาก pid=324 (ตายไปแล้ว) — เคลียร์แล้วรันต่อ
[2026-08-04 08:41:27] Supervisor started (profile='demo-iux-2101182460', stale=180 s, check=30 s, grace=90 s, python='C:\Users\Copter\AppData\Local\hermes\hermes-agent\venv\Scripts\python.exe')
[2026-08-04 08:41:27] Launching: C:\Users\Copter\AppData\Local\hermes\hermes-agent\venv\Scripts\python.exe main.py
[2026-08-04 08:41:27] main.py running (pid=33968)
[2026-08-04 17:16:08] WARN: lock file ค้างจาก pid=32488 (ตายไปแล้ว) — เคลียร์แล้วรันต่อ
[2026-08-04 17:16:10] Supervisor started (profile='demo-iux-2101182460', stale=180 s, check=30 s, grace=90 s, python='C:\Users\Copter\AppData\Local\hermes\hermes-agent\venv\Scripts\python.exe')
[2026-08-04 17:16:10] Launching: C:\Users\Copter\AppData\Local\hermes\hermes-agent\venv\Scripts\python.exe main.py
[2026-08-04 17:16:10] main.py running (pid=99956)
[2026-08-04 21:33:00] WARN: lock file ค้างจาก pid=32252 (ตายไปแล้ว) — เคลียร์แล้วรันต่อ
[2026-08-04 21:33:03] Supervisor started (profile='demo-iux-2101182460', stale=180 s, check=30 s, grace=90 s, python='C:\Users\Copter\AppData\Local\hermes\hermes-agent\venv\Scripts\python.exe')
[2026-08-04 21:33:03] Launching: C:\Users\Copter\AppData\Local\hermes\hermes-agent\venv\Scripts\python.exe main.py
[2026-08-04 21:33:03] main.py running (pid=44232)
[2026-08-05 09:05:28] WARN: lock file ค้างจาก pid=38792 (ตายไปแล้ว) — เคลียร์แล้วรันต่อ
[2026-08-05 09:05:29] Supervisor started (profile='demo-iux-2101182460', stale=180 s, check=30 s, grace=90 s, python='C:\Users\Copter\AppData\Local\hermes\hermes-agent\venv\Scripts\python.exe')
[2026-08-05 09:05:29] Launching: C:\Users\Copter\AppData\Local\hermes\hermes-agent\venv\Scripts\python.exe main.py
[2026-08-05 09:05:29] main.py running (pid=32968)
