[2026-07-14 23:33:23] WARN: lock file ค้างจาก pid=4468 (ตายไปแล้ว) — เคลียร์แล้วรันต่อ
[2026-07-14 23:33:28] Supervisor started (profile='demo-exness-433881786', stale=180 s, check=30 s, grace=90 s, python='C:\Users\Administrator\AppData\Local\Programs\Python\Python313\python.exe')
[2026-07-14 23:33:29] Launching: C:\Users\Administrator\AppData\Local\Programs\Python\Python313\python.exe main.py
[2026-07-14 23:33:31] main.py running (pid=5216)
[2026-07-14 23:36:58] STALL: heartbeat age=184s > 180s (loop hang) -> kill pid=5216 + restart
[2026-07-14 23:37:50] Restarting in 5 s ...
[2026-07-14 23:38:29] Launching: C:\Users\Administrator\AppData\Local\Programs\Python\Python313\python.exe main.py
[2026-07-14 23:38:34] main.py running (pid=5344)
[2026-07-14 23:42:50] STALL: heartbeat age=192s > 180s (loop hang) -> kill pid=5344 + restart
[2026-07-14 23:43:27] Restarting in 5 s ...
[2026-07-14 23:43:34] Launching: C:\Users\Administrator\AppData\Local\Programs\Python\Python313\python.exe main.py
[2026-07-14 23:43:38] main.py running (pid=5736)
[2026-07-14 23:47:54] STALL: heartbeat age=189s > 180s (loop hang) -> kill pid=5736 + restart
[2026-07-14 23:48:15] Restarting in 5 s ...
[2026-07-14 23:48:44] Launching: C:\Users\Administrator\AppData\Local\Programs\Python\Python313\python.exe main.py
[2026-07-14 23:49:08] main.py running (pid=5704)
[2026-07-14 23:50:54] WARN: heartbeat missing/unreadable (up=106s) — wait next cycle
[2026-07-14 23:54:21] STALL: heartbeat age=182s > 180s (loop hang) -> kill pid=5704 + restart
[2026-07-14 23:54:32] Restarting in 5 s ...
[2026-07-14 23:54:40] Launching: C:\Users\Administrator\AppData\Local\Programs\Python\Python313\python.exe main.py
[2026-07-14 23:55:22] main.py running (pid=5332)
[2026-07-14 23:59:52] STALL: heartbeat age=198s > 180s (loop hang) -> kill pid=5332 + restart
[2026-07-15 00:00:14] Restarting in 5 s ...
[2026-07-15 00:00:31] Launching: C:\Users\Administrator\AppData\Local\Programs\Python\Python313\python.exe main.py
[2026-07-15 00:00:35] main.py running (pid=252)
[2026-07-15 00:02:15] WARN: heartbeat missing/unreadable (up=101s) — wait next cycle
[2026-07-15 00:05:50] STALL: heartbeat age=194s > 180s (loop hang) -> kill pid=252 + restart
[2026-07-15 00:05:59] Restarting in 5 s ...
[2026-07-15 00:06:05] Launching: C:\Users\Administrator\AppData\Local\Programs\Python\Python313\python.exe main.py
[2026-07-15 00:06:14] main.py running (pid=7060)
[2026-07-15 00:09:50] STALL: heartbeat age=185s > 180s (loop hang) -> kill pid=7060 + restart
[2026-07-15 00:09:50] Restarting in 5 s ...
[2026-07-15 00:09:56] Launching: C:\Users\Administrator\AppData\Local\Programs\Python\Python313\python.exe main.py
[2026-07-15 00:10:10] main.py running (pid=7040)
[2026-07-15 01:43:27] STALL: heartbeat age=192s > 180s (loop hang) -> kill pid=7040 + restart
[2026-07-15 01:43:33] Restarting in 5 s ...
[2026-07-15 01:43:47] Launching: C:\Users\Administrator\AppData\Local\Programs\Python\Python313\python.exe main.py
[2026-07-15 01:43:50] main.py running (pid=5592)
[2026-07-15 03:57:31] STALL: heartbeat age=186s > 180s (loop hang) -> kill pid=5592 + restart
[2026-07-15 03:58:05] Restarting in 5 s ...
[2026-07-15 03:58:26] Launching: C:\Users\Administrator\AppData\Local\Programs\Python\Python313\python.exe main.py
[2026-07-15 03:58:36] main.py running (pid=5132)
[2026-07-15 04:02:25] STALL: heartbeat age=187s > 180s (loop hang) -> kill pid=5132 + restart
[2026-07-15 04:02:25] Restarting in 5 s ...
[2026-07-15 04:02:31] Launching: C:\Users\Administrator\AppData\Local\Programs\Python\Python313\python.exe main.py
[2026-07-15 04:02:34] main.py running (pid=5668)
[2026-07-15 04:49:50] STALL: heartbeat age=191s > 180s (loop hang) -> kill pid=5668 + restart
[2026-07-15 04:49:50] Restarting in 5 s ...
[2026-07-15 04:49:55] Launching: C:\Users\Administrator\AppData\Local\Programs\Python\Python313\python.exe main.py
[2026-07-15 04:49:55] main.py running (pid=3172)
[2026-07-15 08:02:18] STALL: heartbeat age=208s > 180s (loop hang) -> kill pid=3172 + restart
[2026-07-15 08:02:26] Restarting in 5 s ...
[2026-07-15 08:02:43] Launching: C:\Users\Administrator\AppData\Local\Programs\Python\Python313\python.exe main.py
[2026-07-15 08:02:46] main.py running (pid=168)
[2026-07-15 08:04:25] WARN: heartbeat missing/unreadable (up=100s) — wait next cycle
[2026-07-15 08:05:51] main.py exited (code=) -> restart
[2026-07-15 08:05:55] Restarting in 5 s ...
[2026-07-15 08:06:50] Launching: C:\Users\Administrator\AppData\Local\Programs\Python\Python313\python.exe main.py
[2026-07-15 08:07:03] main.py running (pid=92)
[2026-07-15 08:10:50] STALL: heartbeat age=189s > 180s (loop hang) -> kill pid=92 + restart
[2026-07-15 08:11:28] Restarting in 5 s ...
[2026-07-15 08:11:33] Launching: C:\Users\Administrator\AppData\Local\Programs\Python\Python313\python.exe main.py
[2026-07-15 08:11:34] main.py running (pid=2344)
[2026-07-15 08:36:13] STALL: heartbeat age=184s > 180s (loop hang) -> kill pid=2344 + restart
[2026-07-15 08:36:20] Restarting in 5 s ...
[2026-07-15 08:36:25] Launching: C:\Users\Administrator\AppData\Local\Programs\Python\Python313\python.exe main.py
[2026-07-15 08:36:25] main.py running (pid=3772)
[2026-07-15 11:54:40] WARN: lock file ค้างจาก pid=3716 (ตายไปแล้ว) — เคลียร์แล้วรันต่อ
[2026-07-15 11:54:41] Supervisor started (profile='demo-exness-433881786', stale=180 s, check=30 s, grace=90 s, python='C:\Users\Copter\AppData\Local\hermes\hermes-agent\venv\Scripts\python.exe')
[2026-07-15 11:54:42] Launching: C:\Users\Copter\AppData\Local\hermes\hermes-agent\venv\Scripts\python.exe main.py
[2026-07-15 11:54:42] main.py running (pid=48528)
[2026-07-15 13:21:45] STALL: heartbeat age=195s > 180s (loop hang) -> kill pid=48528 + restart
[2026-07-15 13:21:45] Restarting in 5 s ...
[2026-07-15 13:21:50] Launching: C:\Users\Copter\AppData\Local\hermes\hermes-agent\venv\Scripts\python.exe main.py
[2026-07-15 13:21:50] main.py running (pid=35712)
[2026-07-15 13:26:24] WARN: lock file ค้างจาก pid=32588 (ตายไปแล้ว) — เคลียร์แล้วรันต่อ
[2026-07-15 13:26:24] Supervisor started (profile='demo-exness-433881786', stale=180 s, check=30 s, grace=90 s, python='C:\Users\Copter\AppData\Local\hermes\hermes-agent\venv\Scripts\python.exe')
[2026-07-15 13:26:24] Launching: C:\Users\Copter\AppData\Local\hermes\hermes-agent\venv\Scripts\python.exe main.py
[2026-07-15 13:26:24] main.py running (pid=3016)
[2026-07-15 13:47:55] STALL: heartbeat age=195s > 180s (loop hang) -> kill pid=3016 + restart
[2026-07-15 13:47:55] Restarting in 5 s ...
[2026-07-15 13:48:00] Launching: C:\Users\Copter\AppData\Local\hermes\hermes-agent\venv\Scripts\python.exe main.py
[2026-07-15 13:48:00] main.py running (pid=8140)
[2026-07-15 13:51:30] STALL: heartbeat age=208s > 180s (loop hang) -> kill pid=8140 + restart
[2026-07-15 13:51:30] Restarting in 5 s ...
[2026-07-15 13:51:35] Launching: C:\Users\Copter\AppData\Local\hermes\hermes-agent\venv\Scripts\python.exe main.py
[2026-07-15 13:51:35] main.py running (pid=27216)
[2026-07-15 13:55:05] STALL: heartbeat age=208s > 180s (loop hang) -> kill pid=27216 + restart
[2026-07-15 13:55:05] Restarting in 5 s ...
[2026-07-15 13:55:10] Launching: C:\Users\Copter\AppData\Local\hermes\hermes-agent\venv\Scripts\python.exe main.py
[2026-07-15 13:55:10] main.py running (pid=27632)
[2026-07-15 13:58:40] STALL: heartbeat age=208s > 180s (loop hang) -> kill pid=27632 + restart
[2026-07-15 13:58:40] Restarting in 5 s ...
[2026-07-15 13:58:45] Launching: C:\Users\Copter\AppData\Local\hermes\hermes-agent\venv\Scripts\python.exe main.py
[2026-07-15 13:58:45] main.py running (pid=42928)
[2026-07-15 14:23:25] WARN: lock file ค้างจาก pid=11416 (ตายไปแล้ว) — เคลียร์แล้วรันต่อ
[2026-07-15 14:23:26] Supervisor started (profile='demo-exness-433881786', stale=180 s, check=30 s, grace=90 s, python='C:\Users\Copter\AppData\Local\hermes\hermes-agent\venv\Scripts\python.exe')
[2026-07-15 14:23:26] Launching: C:\Users\Copter\AppData\Local\hermes\hermes-agent\venv\Scripts\python.exe main.py
[2026-07-15 14:23:26] main.py running (pid=45144)
[2026-07-15 14:33:26] STALL: heartbeat age=194s > 180s (loop hang) -> kill pid=45144 + restart
[2026-07-15 14:33:26] Restarting in 5 s ...
[2026-07-15 14:33:31] Launching: C:\Users\Copter\AppData\Local\hermes\hermes-agent\venv\Scripts\python.exe main.py
[2026-07-15 14:33:31] main.py running (pid=31728)
[2026-07-15 17:52:06] WARN: lock file ค้างจาก pid=33640 (ตายไปแล้ว) — เคลียร์แล้วรันต่อ
[2026-07-15 17:52:10] Supervisor started (profile='demo-exness-433881786', stale=180 s, check=30 s, grace=90 s, python='C:\Users\Administrator\AppData\Local\Programs\Python\Python313\python.exe')
[2026-07-15 17:52:10] Launching: C:\Users\Administrator\AppData\Local\Programs\Python\Python313\python.exe main.py
[2026-07-15 17:52:11] main.py running (pid=2104)
[2026-07-15 18:20:49] WARN: lock file ค้างจาก pid=4648 (ตายไปแล้ว) — เคลียร์แล้วรันต่อ
[2026-07-15 18:20:55] Supervisor started (profile='demo-exness-433881786', stale=180 s, check=30 s, grace=90 s, python='C:\Users\Administrator\AppData\Local\Programs\Python\Python313\python.exe')
[2026-07-15 18:20:55] Launching: C:\Users\Administrator\AppData\Local\Programs\Python\Python313\python.exe main.py
[2026-07-15 18:20:55] main.py running (pid=1204)
[2026-07-15 18:26:04] STALL: heartbeat age=225s > 180s (loop hang) -> kill pid=1204 + restart
[2026-07-15 18:26:16] Restarting in 5 s ...
[2026-07-15 18:26:24] Launching: C:\Users\Administrator\AppData\Local\Programs\Python\Python313\python.exe main.py
[2026-07-15 18:26:26] main.py running (pid=7048)
[2026-07-15 18:28:12] WARN: heartbeat missing/unreadable (up=103s) — wait next cycle
[2026-07-15 18:31:53] STALL: heartbeat age=195s > 180s (loop hang) -> kill pid=7048 + restart
[2026-07-15 18:31:55] Restarting in 5 s ...
[2026-07-15 18:32:00] Launching: C:\Users\Administrator\AppData\Local\Programs\Python\Python313\python.exe main.py
[2026-07-15 18:32:01] main.py running (pid=6788)
[2026-07-15 18:38:39] STALL: heartbeat age=204s > 180s (loop hang) -> kill pid=6788 + restart
[2026-07-15 18:38:40] Restarting in 5 s ...
[2026-07-15 18:38:45] Launching: C:\Users\Administrator\AppData\Local\Programs\Python\Python313\python.exe main.py
[2026-07-15 18:38:45] main.py running (pid=7044)
[2026-07-15 18:46:36] STALL: heartbeat age=185s > 180s (loop hang) -> kill pid=7044 + restart
[2026-07-15 18:47:31] Restarting in 5 s ...
[2026-07-15 18:47:45] Launching: C:\Users\Administrator\AppData\Local\Programs\Python\Python313\python.exe main.py
[2026-07-15 18:47:53] main.py running (pid=6280)
[2026-07-15 18:52:29] WARN: lock file ค้างจาก pid=2300 (ตายไปแล้ว) — เคลียร์แล้วรันต่อ
[2026-07-15 18:52:30] Supervisor started (profile='demo-exness-433881786', stale=180 s, check=30 s, grace=90 s, python='C:\Users\Copter\AppData\Local\hermes\hermes-agent\venv\Scripts\python.exe')
[2026-07-15 18:52:30] Launching: C:\Users\Copter\AppData\Local\hermes\hermes-agent\venv\Scripts\python.exe main.py
[2026-07-15 18:52:30] main.py running (pid=31836)
[2026-07-16 16:42:32] WARN: lock file ค้างจาก pid=40340 (ตายไปแล้ว) — เคลียร์แล้วรันต่อ
[2026-07-16 16:42:33] Supervisor started (profile='demo-exness-433881786', stale=180 s, check=30 s, grace=90 s, python='C:\Users\Copter\AppData\Local\hermes\hermes-agent\venv\Scripts\python.exe')
[2026-07-16 16:42:33] Launching: C:\Users\Copter\AppData\Local\hermes\hermes-agent\venv\Scripts\python.exe main.py
[2026-07-16 16:42:34] main.py running (pid=41512)
[2026-07-16 23:31:43] WARN: lock file ค้างจาก pid=34136 (ตายไปแล้ว) — เคลียร์แล้วรันต่อ
[2026-07-16 23:31:47] Supervisor started (profile='demo-exness-433881786', stale=180 s, check=30 s, grace=90 s, python='C:\Users\Copter\AppData\Local\hermes\hermes-agent\venv\Scripts\python.exe')
[2026-07-16 23:31:47] Launching: C:\Users\Copter\AppData\Local\hermes\hermes-agent\venv\Scripts\python.exe main.py
[2026-07-16 23:31:47] main.py running (pid=31232)
[2026-07-17 09:09:29] WARN: lock file ค้างจาก pid=11268 (ตายไปแล้ว) — เคลียร์แล้วรันต่อ
[2026-07-17 09:09:30] Supervisor started (profile='demo-exness-433881786', stale=180 s, check=30 s, grace=90 s, python='C:\Users\Copter\AppData\Local\hermes\hermes-agent\venv\Scripts\python.exe')
[2026-07-17 09:09:30] Launching: C:\Users\Copter\AppData\Local\hermes\hermes-agent\venv\Scripts\python.exe main.py
[2026-07-17 09:09:30] main.py running (pid=33636)
[2026-07-17 13:41:41] STALL: heartbeat age=189s > 180s (loop hang) -> kill pid=33636 + restart
[2026-07-17 13:41:43] Restarting in 5 s ...
[2026-07-17 13:41:49] Launching: C:\Users\Copter\AppData\Local\hermes\hermes-agent\venv\Scripts\python.exe main.py
[2026-07-17 13:41:49] main.py running (pid=45588)
[2026-07-17 13:46:20] STALL: heartbeat age=207s > 180s (loop hang) -> kill pid=45588 + restart
[2026-07-17 13:46:22] Restarting in 5 s ...
[2026-07-17 13:46:28] Launching: C:\Users\Copter\AppData\Local\hermes\hermes-agent\venv\Scripts\python.exe main.py
[2026-07-17 13:46:29] main.py running (pid=55952)
[2026-07-17 18:24:32] WARN: lock file ค้างจาก pid=13840 (ตายไปแล้ว) — เคลียร์แล้วรันต่อ
[2026-07-17 18:24:34] Supervisor started (profile='demo-exness-433881786', stale=180 s, check=30 s, grace=90 s, python='C:\Users\Copter\AppData\Local\hermes\hermes-agent\venv\Scripts\python.exe')
[2026-07-17 18:24:34] Launching: C:\Users\Copter\AppData\Local\hermes\hermes-agent\venv\Scripts\python.exe main.py
[2026-07-17 18:24:34] main.py running (pid=51552)
[2026-07-17 18:26:03] WARN: lock file ค้างจาก pid=59220 (ตายไปแล้ว) — เคลียร์แล้วรันต่อ
[2026-07-17 18:26:04] Supervisor started (profile='demo-exness-433881786', stale=180 s, check=30 s, grace=90 s, python='C:\Users\Copter\AppData\Local\hermes\hermes-agent\venv\Scripts\python.exe')
[2026-07-17 18:26:05] Launching: C:\Users\Copter\AppData\Local\hermes\hermes-agent\venv\Scripts\python.exe main.py
[2026-07-17 18:26:05] main.py running (pid=42576)
[2026-07-17 18:34:34] ERROR: พบ supervisor ตัวอื่นรันอยู่แล้ว (pid=60756) — เลิกรัน ตัวนี้เพื่อกัน main.py ซ้อน 2 instance (Telegram getUpdates Conflict)
[2026-07-17 18:39:31] Supervisor started (profile='demo-exness-433881786', stale=180 s, check=30 s, grace=90 s, python='C:\Users\Copter\AppData\Local\hermes\hermes-agent\venv\Scripts\python.exe')
[2026-07-17 18:39:31] Launching: C:\Users\Copter\AppData\Local\hermes\hermes-agent\venv\Scripts\python.exe main.py
[2026-07-17 18:39:31] main.py running (pid=50020)
[2026-07-17 22:15:47] WARN: lock file ค้างจาก pid=59312 (ตายไปแล้ว) — เคลียร์แล้วรันต่อ
[2026-07-17 22:15:48] Supervisor started (profile='demo-exness-433881786', stale=180 s, check=30 s, grace=90 s, python='C:\Users\Copter\AppData\Local\hermes\hermes-agent\venv\Scripts\python.exe')
[2026-07-17 22:15:48] Launching: C:\Users\Copter\AppData\Local\hermes\hermes-agent\venv\Scripts\python.exe main.py
[2026-07-17 22:15:48] main.py running (pid=4444)
[2026-07-19 23:27:36] WARN: lock file ค้างจาก pid=29080 (ตายไปแล้ว) — เคลียร์แล้วรันต่อ
[2026-07-19 23:27:39] Supervisor started (profile='demo-exness-433881786', stale=180 s, check=30 s, grace=90 s, python='C:\Users\Copter\AppData\Local\hermes\hermes-agent\venv\Scripts\python.exe')
[2026-07-19 23:27:39] Launching: C:\Users\Copter\AppData\Local\hermes\hermes-agent\venv\Scripts\python.exe main.py
[2026-07-19 23:27:39] main.py running (pid=28252)
[2026-07-20 09:00:30] WARN: lock file ค้างจาก pid=21824 (ตายไปแล้ว) — เคลียร์แล้วรันต่อ
[2026-07-20 09:00:31] Supervisor started (profile='demo-exness-433881786', stale=180 s, check=30 s, grace=90 s, python='C:\Users\Copter\AppData\Local\hermes\hermes-agent\venv\Scripts\python.exe')
[2026-07-20 09:00:31] Launching: C:\Users\Copter\AppData\Local\hermes\hermes-agent\venv\Scripts\python.exe main.py
[2026-07-20 09:00:32] main.py running (pid=31964)
[2026-07-20 09:38:03] WARN: lock file ค้างจาก pid=25372 (ตายไปแล้ว) — เคลียร์แล้วรันต่อ
[2026-07-20 09:38:07] Supervisor started (profile='demo-exness-433881786', stale=180 s, check=30 s, grace=90 s, python='C:\Users\Copter\AppData\Local\hermes\hermes-agent\venv\Scripts\python.exe')
[2026-07-20 09:38:07] Launching: C:\Users\Copter\AppData\Local\hermes\hermes-agent\venv\Scripts\python.exe main.py
[2026-07-20 09:38:07] main.py running (pid=14900)
[2026-07-20 13:41:29] WARN: lock file ค้างจาก pid=12472 (ตายไปแล้ว) — เคลียร์แล้วรันต่อ
[2026-07-20 13:41:32] Supervisor started (profile='demo-exness-433881786', stale=180 s, check=30 s, grace=90 s, python='C:\Users\Copter\AppData\Local\hermes\hermes-agent\venv\Scripts\python.exe')
[2026-07-20 13:41:32] Launching: C:\Users\Copter\AppData\Local\hermes\hermes-agent\venv\Scripts\python.exe main.py
[2026-07-20 13:41:32] main.py running (pid=50756)
[2026-07-20 16:52:08] WARN: lock file ค้างจาก pid=28944 (ตายไปแล้ว) — เคลียร์แล้วรันต่อ
[2026-07-20 16:52:10] Supervisor started (profile='demo-exness-433881786', stale=180 s, check=30 s, grace=90 s, python='C:\Users\Copter\AppData\Local\hermes\hermes-agent\venv\Scripts\python.exe')
[2026-07-20 16:52:10] Launching: C:\Users\Copter\AppData\Local\hermes\hermes-agent\venv\Scripts\python.exe main.py
[2026-07-20 16:52:10] main.py running (pid=6444)
[2026-07-20 21:58:19] WARN: lock file ค้างจาก pid=48512 (ตายไปแล้ว) — เคลียร์แล้วรันต่อ
[2026-07-20 21:58:23] Supervisor started (profile='demo-exness-433881786', stale=180 s, check=30 s, grace=90 s, python='C:\Users\Copter\AppData\Local\hermes\hermes-agent\venv\Scripts\python.exe')
[2026-07-20 21:58:23] Launching: C:\Users\Copter\AppData\Local\hermes\hermes-agent\venv\Scripts\python.exe main.py
[2026-07-20 21:58:23] main.py running (pid=5284)
[2026-07-21 09:02:30] WARN: lock file ค้างจาก pid=9712 (ตายไปแล้ว) — เคลียร์แล้วรันต่อ
[2026-07-21 09:02:31] Supervisor started (profile='demo-exness-433881786', stale=180 s, check=30 s, grace=90 s, python='C:\Users\Copter\AppData\Local\hermes\hermes-agent\venv\Scripts\python.exe')
[2026-07-21 09:02:31] Launching: C:\Users\Copter\AppData\Local\hermes\hermes-agent\venv\Scripts\python.exe main.py
[2026-07-21 09:02:31] main.py running (pid=20268)
[2026-07-21 11:02:52] WARN: lock file ค้างจาก pid=10320 (ตายไปแล้ว) — เคลียร์แล้วรันต่อ
[2026-07-21 11:02:53] Supervisor started (profile='demo-exness-433881786', stale=180 s, check=30 s, grace=90 s, python='C:\Users\Copter\AppData\Local\hermes\hermes-agent\venv\Scripts\python.exe')
[2026-07-21 11:02:53] Launching: C:\Users\Copter\AppData\Local\hermes\hermes-agent\venv\Scripts\python.exe main.py
[2026-07-21 11:02:53] main.py running (pid=49904)
[2026-07-21 13:16:24] WARN: lock file ค้างจาก pid=10284 (ตายไปแล้ว) — เคลียร์แล้วรันต่อ
[2026-07-21 13:16:25] Supervisor started (profile='demo-exness-433881786', stale=180 s, check=30 s, grace=90 s, python='C:\Users\Copter\AppData\Local\hermes\hermes-agent\venv\Scripts\python.exe')
[2026-07-21 13:16:25] Launching: C:\Users\Copter\AppData\Local\hermes\hermes-agent\venv\Scripts\python.exe main.py
[2026-07-21 13:16:25] main.py running (pid=51256)
[2026-07-21 16:41:01] main.py exited (code=) -> restart
[2026-07-21 16:41:01] Restarting in 5 s ...
[2026-07-21 16:41:06] Launching: C:\Users\Copter\AppData\Local\hermes\hermes-agent\venv\Scripts\python.exe main.py
[2026-07-21 16:41:06] main.py running (pid=21164)
[2026-07-21 16:44:36] main.py exited (code=) -> restart
[2026-07-21 16:44:36] Restarting in 5 s ...
[2026-07-21 16:44:41] Launching: C:\Users\Copter\AppData\Local\hermes\hermes-agent\venv\Scripts\python.exe main.py
[2026-07-21 16:44:41] main.py running (pid=52060)
[2026-07-21 17:17:11] WARN: lock file ค้างจาก pid=46468 (ตายไปแล้ว) — เคลียร์แล้วรันต่อ
[2026-07-21 17:17:13] Supervisor started (profile='demo-exness-433881786', stale=180 s, check=30 s, grace=90 s, python='C:\Users\Copter\AppData\Local\hermes\hermes-agent\venv\Scripts\python.exe')
[2026-07-21 17:17:13] Launching: C:\Users\Copter\AppData\Local\hermes\hermes-agent\venv\Scripts\python.exe main.py
[2026-07-21 17:17:13] main.py running (pid=21280)
[2026-07-21 17:20:44] STALL: heartbeat age=207s > 180s (loop hang) -> kill pid=21280 + restart
[2026-07-21 17:20:45] killed pid=37908 (python)
[2026-07-21 17:20:45] kill error pid=21280: Cannot find a process with the process identifier 21280.
[2026-07-21 17:20:46] Restarting in 5 s ...
[2026-07-21 17:20:51] Launching: C:\Users\Copter\AppData\Local\hermes\hermes-agent\venv\Scripts\python.exe main.py
[2026-07-21 17:20:51] main.py running (pid=44772)
[2026-07-21 17:24:21] main.py exited (code=) -> restart
[2026-07-21 17:24:21] Restarting in 5 s ...
[2026-07-21 17:24:26] Launching: C:\Users\Copter\AppData\Local\hermes\hermes-agent\venv\Scripts\python.exe main.py
[2026-07-21 17:24:26] main.py running (pid=42476)
[2026-07-21 18:14:40] WARN: lock file ค้างจาก pid=30360 (ตายไปแล้ว) — เคลียร์แล้วรันต่อ
[2026-07-21 18:14:41] Supervisor started (profile='demo-exness-433881786', stale=180 s, check=30 s, grace=90 s, python='C:\Users\Copter\AppData\Local\hermes\hermes-agent\venv\Scripts\python.exe')
[2026-07-21 18:14:41] Launching: C:\Users\Copter\AppData\Local\hermes\hermes-agent\venv\Scripts\python.exe main.py
[2026-07-21 18:14:41] main.py running (pid=42544)
[2026-07-22 09:00:57] WARN: lock file ค้างจาก pid=37016 (ตายไปแล้ว) — เคลียร์แล้วรันต่อ
[2026-07-22 09:00:58] Supervisor started (profile='demo-exness-433881786', stale=180 s, check=30 s, grace=90 s, python='C:\Users\Copter\AppData\Local\hermes\hermes-agent\venv\Scripts\python.exe')
[2026-07-22 09:00:58] Launching: C:\Users\Copter\AppData\Local\hermes\hermes-agent\venv\Scripts\python.exe main.py
[2026-07-22 09:00:58] main.py running (pid=34428)
[2026-07-22 10:15:50] WARN: lock file ค้างจาก pid=34000 (ตายไปแล้ว) — เคลียร์แล้วรันต่อ
[2026-07-22 10:15:51] Supervisor started (profile='demo-exness-433881786', stale=180 s, check=30 s, grace=90 s, python='C:\Users\Copter\AppData\Local\hermes\hermes-agent\venv\Scripts\python.exe')
[2026-07-22 10:15:51] Launching: C:\Users\Copter\AppData\Local\hermes\hermes-agent\venv\Scripts\python.exe main.py
[2026-07-22 10:15:51] main.py running (pid=39688)
[2026-07-22 15:06:19] WARN: lock file ค้างจาก pid=31708 (ตายไปแล้ว) — เคลียร์แล้วรันต่อ
[2026-07-22 15:06:21] Supervisor started (profile='demo-exness-433881786', stale=180 s, check=30 s, grace=90 s, python='C:\Users\Copter\AppData\Local\hermes\hermes-agent\venv\Scripts\python.exe')
[2026-07-22 15:06:21] Launching: C:\Users\Copter\AppData\Local\hermes\hermes-agent\venv\Scripts\python.exe main.py
[2026-07-22 15:06:21] main.py running (pid=50060)
[2026-07-22 16:16:21] WARN: lock file ค้างจาก pid=42760 (ตายไปแล้ว) — เคลียร์แล้วรันต่อ
[2026-07-22 16:16:22] Supervisor started (profile='demo-exness-433881786', stale=180 s, check=30 s, grace=90 s, python='C:\Users\Copter\AppData\Local\hermes\hermes-agent\venv\Scripts\python.exe')
[2026-07-22 16:16:22] Launching: C:\Users\Copter\AppData\Local\hermes\hermes-agent\venv\Scripts\python.exe main.py
[2026-07-22 16:16:22] main.py running (pid=38104)
[2026-07-22 19:19:28] WARN: lock file ค้างจาก pid=40788 (ตายไปแล้ว) — เคลียร์แล้วรันต่อ
[2026-07-22 19:19:31] Supervisor started (profile='demo-exness-433881786', stale=180 s, check=30 s, grace=90 s, python='C:\Users\Copter\AppData\Local\hermes\hermes-agent\venv\Scripts\python.exe')
[2026-07-22 19:19:31] Launching: C:\Users\Copter\AppData\Local\hermes\hermes-agent\venv\Scripts\python.exe main.py
[2026-07-22 19:19:31] main.py running (pid=41116)
[2026-07-23 09:03:25] WARN: lock file ค้างจาก pid=35916 (ตายไปแล้ว) — เคลียร์แล้วรันต่อ
[2026-07-23 09:03:26] Supervisor started (profile='demo-exness-433881786', stale=180 s, check=30 s, grace=90 s, python='C:\Users\Copter\AppData\Local\hermes\hermes-agent\venv\Scripts\python.exe')
[2026-07-23 09:03:26] Launching: C:\Users\Copter\AppData\Local\hermes\hermes-agent\venv\Scripts\python.exe main.py
[2026-07-23 09:03:26] main.py running (pid=32400)
[2026-07-23 12:28:48] STALL: heartbeat age=231s > 180s (loop hang) -> kill pid=32400 + restart
[2026-07-23 12:28:53] killed pid=33592 (terminal64)
[2026-07-23 12:28:54] killed pid=32272 (python)
[2026-07-23 12:28:56] Restarting in 5 s ...
[2026-07-23 12:29:02] Launching: C:\Users\Copter\AppData\Local\hermes\hermes-agent\venv\Scripts\python.exe main.py
[2026-07-23 12:29:02] main.py running (pid=46980)
[2026-07-23 12:29:54] WARN: lock file ค้างจาก pid=32404 (ตายไปแล้ว) — เคลียร์แล้วรันต่อ
[2026-07-23 12:29:55] Supervisor started (profile='demo-exness-433881786', stale=180 s, check=30 s, grace=90 s, python='C:\Users\Copter\AppData\Local\hermes\hermes-agent\venv\Scripts\python.exe')
[2026-07-23 12:29:55] Launching: C:\Users\Copter\AppData\Local\hermes\hermes-agent\venv\Scripts\python.exe main.py
[2026-07-23 12:29:55] main.py running (pid=12852)
[2026-07-23 16:32:39] WARN: lock file ค้างจาก pid=34752 (ตายไปแล้ว) — เคลียร์แล้วรันต่อ
[2026-07-23 16:32:41] Supervisor started (profile='demo-exness-433881786', stale=180 s, check=30 s, grace=90 s, python='C:\Users\Copter\AppData\Local\hermes\hermes-agent\venv\Scripts\python.exe')
[2026-07-23 16:32:41] Launching: C:\Users\Copter\AppData\Local\hermes\hermes-agent\venv\Scripts\python.exe main.py
[2026-07-23 16:32:41] main.py running (pid=7100)
[2026-07-23 18:36:28] WARN: lock file ค้างจาก pid=46952 (ตายไปแล้ว) — เคลียร์แล้วรันต่อ
[2026-07-23 18:36:29] Supervisor started (profile='demo-exness-433881786', stale=180 s, check=30 s, grace=90 s, python='C:\Users\Copter\AppData\Local\hermes\hermes-agent\venv\Scripts\python.exe')
[2026-07-23 18:36:29] Launching: C:\Users\Copter\AppData\Local\hermes\hermes-agent\venv\Scripts\python.exe main.py
[2026-07-23 18:36:29] main.py running (pid=31176)
[2026-07-23 18:42:31] WARN: lock file ค้างจาก pid=38852 (ตายไปแล้ว) — เคลียร์แล้วรันต่อ
[2026-07-23 18:42:32] Supervisor started (profile='demo-exness-433881786', stale=180 s, check=30 s, grace=90 s, python='C:\Users\Copter\AppData\Local\hermes\hermes-agent\venv\Scripts\python.exe')
[2026-07-23 18:42:32] Launching: C:\Users\Copter\AppData\Local\hermes\hermes-agent\venv\Scripts\python.exe main.py
[2026-07-23 18:42:32] main.py running (pid=24468)
[2026-07-24 09:02:22] WARN: lock file ค้างจาก pid=1180 (ตายไปแล้ว) — เคลียร์แล้วรันต่อ
[2026-07-24 09:02:23] Supervisor started (profile='demo-exness-433881786', stale=180 s, check=30 s, grace=90 s, python='C:\Users\Copter\AppData\Local\hermes\hermes-agent\venv\Scripts\python.exe')
[2026-07-24 09:02:23] Launching: C:\Users\Copter\AppData\Local\hermes\hermes-agent\venv\Scripts\python.exe main.py
[2026-07-24 09:02:23] main.py running (pid=8700)
[2026-07-24 15:56:38] WARN: lock file ค้างจาก pid=22500 (ตายไปแล้ว) — เคลียร์แล้วรันต่อ
[2026-07-24 15:56:39] Supervisor started (profile='demo-exness-433881786', stale=180 s, check=30 s, grace=90 s, python='C:\Users\Copter\AppData\Local\hermes\hermes-agent\venv\Scripts\python.exe')
[2026-07-24 15:56:39] Launching: C:\Users\Copter\AppData\Local\hermes\hermes-agent\venv\Scripts\python.exe main.py
[2026-07-24 15:56:39] main.py running (pid=44724)
[2026-07-27 17:46:34] WARN: lock file ค้างจาก pid=51188 (ตายไปแล้ว) — เคลียร์แล้วรันต่อ
[2026-07-27 17:46:37] Supervisor started (profile='demo-exness-433881786', stale=180 s, check=30 s, grace=90 s, python='C:\Users\Copter\AppData\Local\hermes\hermes-agent\venv\Scripts\python.exe')
[2026-07-27 17:46:37] Launching: C:\Users\Copter\AppData\Local\hermes\hermes-agent\venv\Scripts\python.exe main.py
[2026-07-27 17:46:37] main.py running (pid=55080)
[2026-07-27 21:12:47] WARN: lock file ค้างจาก pid=24608 (ตายไปแล้ว) — เคลียร์แล้วรันต่อ
[2026-07-27 21:12:50] Supervisor started (profile='demo-exness-433881786', stale=180 s, check=30 s, grace=90 s, python='C:\Users\Copter\AppData\Local\hermes\hermes-agent\venv\Scripts\python.exe')
[2026-07-27 21:12:50] Launching: C:\Users\Copter\AppData\Local\hermes\hermes-agent\venv\Scripts\python.exe main.py
[2026-07-27 21:12:51] main.py running (pid=62144)
[2026-07-27 22:55:43] WARN: lock file ค้างจาก pid=55016 (ตายไปแล้ว) — เคลียร์แล้วรันต่อ
[2026-07-27 22:55:46] Supervisor started (profile='demo-exness-433881786', stale=180 s, check=30 s, grace=90 s, python='C:\Users\Copter\AppData\Local\hermes\hermes-agent\venv\Scripts\python.exe')
[2026-07-27 22:55:46] Launching: C:\Users\Copter\AppData\Local\hermes\hermes-agent\venv\Scripts\python.exe main.py
[2026-07-27 22:55:46] main.py running (pid=27632)
[2026-07-28 04:09:52] STALL: heartbeat age=2852s > 180s (loop hang) -> kill pid=27632 + restart
[2026-07-28 04:09:53] killed pid=26552 (terminal64)
[2026-07-28 04:09:53] killed pid=26860 (python)
[2026-07-28 04:09:53] killed pid=27632 (python)
[2026-07-28 04:09:53] Restarting in 5 s ...
[2026-07-28 11:40:36] WARN: lock file ค้างจาก pid=26468 (ตายไปแล้ว) — เคลียร์แล้วรันต่อ
[2026-07-28 11:40:38] Supervisor started (profile='demo-exness-433881786', stale=180 s, check=30 s, grace=90 s, python='C:\Users\Copter\AppData\Local\hermes\hermes-agent\venv\Scripts\python.exe')
[2026-07-28 11:40:39] Launching: C:\Users\Copter\AppData\Local\hermes\hermes-agent\venv\Scripts\python.exe main.py
[2026-07-28 11:40:39] main.py running (pid=28124)
[2026-07-28 14:22:18] WARN: lock file ค้างจาก pid=13860 (ตายไปแล้ว) — เคลียร์แล้วรันต่อ
[2026-07-28 14:22:21] Supervisor started (profile='demo-exness-433881786', stale=180 s, check=30 s, grace=90 s, python='C:\Users\Copter\AppData\Local\hermes\hermes-agent\venv\Scripts\python.exe')
[2026-07-28 14:22:21] Launching: C:\Users\Copter\AppData\Local\hermes\hermes-agent\venv\Scripts\python.exe main.py
[2026-07-28 14:22:21] main.py running (pid=17960)
[2026-07-28 16:33:55] WARN: lock file ค้างจาก pid=2500 (ตายไปแล้ว) — เคลียร์แล้วรันต่อ
[2026-07-28 16:33:56] Supervisor started (profile='demo-exness-433881786', stale=180 s, check=30 s, grace=90 s, python='C:\Users\Copter\AppData\Local\hermes\hermes-agent\venv\Scripts\python.exe')
[2026-07-28 16:33:56] Launching: C:\Users\Copter\AppData\Local\hermes\hermes-agent\venv\Scripts\python.exe main.py
[2026-07-28 16:33:56] main.py running (pid=30324)
[2026-07-28 18:57:20] ERROR: พบ supervisor ตัวอื่นรันอยู่แล้ว (pid=29208) — เลิกรัน ตัวนี้เพื่อกัน main.py ซ้อน 2 instance (Telegram getUpdates Conflict)
[2026-07-28 19:21:47] WARN: lock file ค้างจาก pid=29208 (ตายไปแล้ว) — เคลียร์แล้วรันต่อ
[2026-07-28 19:21:52] Supervisor started (profile='demo-exness-433881786', stale=180 s, check=30 s, grace=90 s, python='C:\Users\Copter\AppData\Local\hermes\hermes-agent\venv\Scripts\python.exe')
[2026-07-28 19:21:53] Launching: C:\Users\Copter\AppData\Local\hermes\hermes-agent\venv\Scripts\python.exe main.py
[2026-07-28 19:21:53] main.py running (pid=29812)
[2026-07-28 19:36:01] ERROR: พบ supervisor ตัวอื่นรันอยู่แล้ว (pid=27896) — เลิกรัน ตัวนี้เพื่อกัน main.py ซ้อน 2 instance (Telegram getUpdates Conflict)
[2026-07-28 20:06:02] WARN: lock file ค้างจาก pid=27896 (ตายไปแล้ว) — เคลียร์แล้วรันต่อ
[2026-07-28 20:06:05] Supervisor started (profile='demo-exness-433881786', stale=180 s, check=30 s, grace=90 s, python='C:\Users\Copter\AppData\Local\hermes\hermes-agent\venv\Scripts\python.exe')
[2026-07-28 20:06:05] Launching: C:\Users\Copter\AppData\Local\hermes\hermes-agent\venv\Scripts\python.exe main.py
[2026-07-28 20:06:05] main.py running (pid=11868)
[2026-07-28 20:44:44] WARN: lock file ค้างจาก pid=26076 (ตายไปแล้ว) — เคลียร์แล้วรันต่อ
[2026-07-28 20:44:46] Supervisor started (profile='demo-exness-433881786', stale=180 s, check=30 s, grace=90 s, python='C:\Users\Copter\AppData\Local\hermes\hermes-agent\venv\Scripts\python.exe')
[2026-07-28 20:44:46] Launching: C:\Users\Copter\AppData\Local\hermes\hermes-agent\venv\Scripts\python.exe main.py
[2026-07-28 20:44:46] main.py running (pid=32404)
[2026-07-28 20:51:01] ERROR: พบ supervisor ตัวอื่นรันอยู่แล้ว (pid=21308) — เลิกรัน ตัวนี้เพื่อกัน main.py ซ้อน 2 instance (Telegram getUpdates Conflict)
[2026-07-28 21:06:01] WARN: lock file ค้างจาก pid=21308 (ตายไปแล้ว) — เคลียร์แล้วรันต่อ
[2026-07-28 21:06:48] WARN: lock file ค้างจาก pid=3416 (ตายไปแล้ว) — เคลียร์แล้วรันต่อ
[2026-07-28 21:06:51] Supervisor started (profile='demo-exness-433881786', stale=180 s, check=30 s, grace=90 s, python='C:\Users\Copter\AppData\Local\hermes\hermes-agent\venv\Scripts\python.exe')
[2026-07-28 21:06:51] Launching: C:\Users\Copter\AppData\Local\hermes\hermes-agent\venv\Scripts\python.exe main.py
[2026-07-28 21:06:51] main.py running (pid=34516)
[2026-07-28 21:36:01] WARN: lock file ค้างจาก pid=14716 (ตายไปแล้ว) — เคลียร์แล้วรันต่อ
[2026-07-28 21:36:04] Supervisor started (profile='demo-exness-433881786', stale=180 s, check=30 s, grace=90 s, python='C:\Users\Copter\AppData\Local\hermes\hermes-agent\venv\Scripts\python.exe')
[2026-07-28 21:36:04] Launching: C:\Users\Copter\AppData\Local\hermes\hermes-agent\venv\Scripts\python.exe main.py
[2026-07-28 21:36:04] main.py running (pid=15076)
[2026-07-28 21:42:22] WARN: lock file ค้างจาก pid=28236 (ตายไปแล้ว) — เคลียร์แล้วรันต่อ
[2026-07-28 21:42:26] Supervisor started (profile='demo-exness-433881786', stale=180 s, check=30 s, grace=90 s, python='C:\Users\Copter\AppData\Local\hermes\hermes-agent\venv\Scripts\python.exe')
[2026-07-28 21:42:26] Launching: C:\Users\Copter\AppData\Local\hermes\hermes-agent\venv\Scripts\python.exe main.py
[2026-07-28 21:42:26] main.py running (pid=6168)
[2026-07-28 22:09:29] WARN: lock file ค้างจาก pid=2376 (ตายไปแล้ว) — เคลียร์แล้วรันต่อ
[2026-07-28 22:09:32] Supervisor started (profile='demo-exness-433881786', stale=180 s, check=30 s, grace=90 s, python='C:\Users\Copter\AppData\Local\hermes\hermes-agent\venv\Scripts\python.exe')
[2026-07-28 22:09:32] Launching: C:\Users\Copter\AppData\Local\hermes\hermes-agent\venv\Scripts\python.exe main.py
[2026-07-28 22:09:32] main.py running (pid=13420)
[2026-07-28 22:13:49] WARN: lock file ค้างจาก pid=30484 (ตายไปแล้ว) — เคลียร์แล้วรันต่อ
[2026-07-28 22:13:52] Supervisor started (profile='demo-exness-433881786', stale=180 s, check=30 s, grace=90 s, python='C:\Users\Copter\AppData\Local\hermes\hermes-agent\venv\Scripts\python.exe')
[2026-07-28 22:13:52] Launching: C:\Users\Copter\AppData\Local\hermes\hermes-agent\venv\Scripts\python.exe main.py
[2026-07-28 22:13:52] main.py running (pid=7472)
[2026-07-28 22:19:06] WARN: lock file ค้างจาก pid=30784 (ตายไปแล้ว) — เคลียร์แล้วรันต่อ
[2026-07-28 22:19:09] Supervisor started (profile='demo-exness-433881786', stale=180 s, check=30 s, grace=90 s, python='C:\Users\Copter\AppData\Local\hermes\hermes-agent\venv\Scripts\python.exe')
[2026-07-28 22:19:09] Launching: C:\Users\Copter\AppData\Local\hermes\hermes-agent\venv\Scripts\python.exe main.py
[2026-07-28 22:19:09] main.py running (pid=19704)
[2026-07-28 22:25:31] WARN: lock file ค้างจาก pid=30476 (ตายไปแล้ว) — เคลียร์แล้วรันต่อ
[2026-07-28 22:25:34] Supervisor started (profile='demo-exness-433881786', stale=180 s, check=30 s, grace=90 s, python='C:\Users\Copter\AppData\Local\hermes\hermes-agent\venv\Scripts\python.exe')
[2026-07-28 22:25:34] Launching: C:\Users\Copter\AppData\Local\hermes\hermes-agent\venv\Scripts\python.exe main.py
[2026-07-28 22:25:34] main.py running (pid=27076)
[2026-07-28 22:27:54] WARN: lock file ค้างจาก pid=2000 (ตายไปแล้ว) — เคลียร์แล้วรันต่อ
[2026-07-28 22:27:57] Supervisor started (profile='demo-exness-433881786', stale=180 s, check=30 s, grace=90 s, python='C:\Users\Copter\AppData\Local\hermes\hermes-agent\venv\Scripts\python.exe')
[2026-07-28 22:27:57] Launching: C:\Users\Copter\AppData\Local\hermes\hermes-agent\venv\Scripts\python.exe main.py
[2026-07-28 22:27:57] main.py running (pid=27756)
[2026-07-28 22:48:09] STALL: heartbeat age=262s > 180s (loop hang) -> kill pid=27756 + restart
[2026-07-28 22:48:14] killed pid=4572 (python)
[2026-07-28 22:48:16] Restarting in 5 s ...
[2026-07-28 22:48:21] Launching: C:\Users\Copter\AppData\Local\hermes\hermes-agent\venv\Scripts\python.exe main.py
[2026-07-28 22:48:21] main.py running (pid=11960)
[2026-07-29 20:23:27] WARN: lock file ค้างจาก pid=31740 (ตายไปแล้ว) — เคลียร์แล้วรันต่อ
[2026-07-29 20:23:33] Supervisor started (profile='demo-exness-433881786', stale=180 s, check=30 s, grace=90 s, python='C:\Users\Copter\AppData\Local\hermes\hermes-agent\venv\Scripts\python.exe')
[2026-07-29 20:23:33] Launching: C:\Users\Copter\AppData\Local\hermes\hermes-agent\venv\Scripts\python.exe main.py
[2026-07-29 20:23:34] main.py running (pid=26852)
[2026-07-29 20:24:04] main.py exited (code=) -> restart
[2026-07-29 20:24:04] Restarting in 5 s ...
[2026-07-29 20:24:09] Launching: C:\Users\Copter\AppData\Local\hermes\hermes-agent\venv\Scripts\python.exe main.py
[2026-07-29 20:24:09] main.py running (pid=6852)
[2026-07-29 20:24:39] main.py exited (code=) -> restart
[2026-07-29 20:24:39] Restarting in 5 s ...
[2026-07-29 20:24:44] Launching: C:\Users\Copter\AppData\Local\hermes\hermes-agent\venv\Scripts\python.exe main.py
[2026-07-29 20:24:44] main.py running (pid=5312)
[2026-07-29 20:25:14] main.py exited (code=) -> restart
[2026-07-29 20:25:14] Restarting in 5 s ...
[2026-07-29 20:25:19] Launching: C:\Users\Copter\AppData\Local\hermes\hermes-agent\venv\Scripts\python.exe main.py
[2026-07-29 20:25:19] main.py running (pid=27352)
[2026-07-29 20:25:49] main.py exited (code=) -> restart
[2026-07-29 20:25:49] Restarting in 5 s ...
[2026-07-29 20:25:54] Launching: C:\Users\Copter\AppData\Local\hermes\hermes-agent\venv\Scripts\python.exe main.py
[2026-07-29 20:25:54] main.py running (pid=6472)
[2026-07-29 20:26:24] main.py exited (code=) -> restart
[2026-07-29 20:26:24] Restarting in 5 s ...
[2026-07-29 20:26:29] Launching: C:\Users\Copter\AppData\Local\hermes\hermes-agent\venv\Scripts\python.exe main.py
[2026-07-29 20:26:29] main.py running (pid=17252)
[2026-07-29 20:26:59] main.py exited (code=) -> restart
[2026-07-29 20:26:59] Restarting in 5 s ...
[2026-07-29 20:27:04] Launching: C:\Users\Copter\AppData\Local\hermes\hermes-agent\venv\Scripts\python.exe main.py
[2026-07-29 20:27:04] main.py running (pid=19728)
[2026-07-29 20:27:34] main.py exited (code=) -> restart
[2026-07-29 20:27:34] Restarting in 5 s ...
[2026-07-29 20:58:28] WARN: lock file ค้างจาก pid=12544 (ตายไปแล้ว) — เคลียร์แล้วรันต่อ
[2026-07-29 20:58:40] Supervisor started (profile='demo-exness-433881786', stale=180 s, check=30 s, grace=90 s, python='C:\Users\Copter\AppData\Local\hermes\hermes-agent\venv\Scripts\python.exe')
[2026-07-29 20:58:40] Launching: C:\Users\Copter\AppData\Local\hermes\hermes-agent\venv\Scripts\python.exe main.py
[2026-07-29 20:58:40] main.py running (pid=23400)
[2026-07-30 09:02:23] WARN: lock file ค้างจาก pid=26752 (ตายไปแล้ว) — เคลียร์แล้วรันต่อ
[2026-07-30 09:02:25] Supervisor started (profile='demo-exness-433881786', stale=180 s, check=30 s, grace=90 s, python='C:\Users\Copter\AppData\Local\hermes\hermes-agent\venv\Scripts\python.exe')
[2026-07-30 09:02:25] Launching: C:\Users\Copter\AppData\Local\hermes\hermes-agent\venv\Scripts\python.exe main.py
[2026-07-30 09:02:25] main.py running (pid=27948)
[2026-07-31 09:04:30] WARN: lock file ค้างจาก pid=12956 (ตายไปแล้ว) — เคลียร์แล้วรันต่อ
[2026-07-31 09:04:36] Supervisor started (profile='demo-exness-433881786', stale=180 s, check=30 s, grace=90 s, python='C:\Users\Copter\AppData\Local\hermes\hermes-agent\venv\Scripts\python.exe')
[2026-07-31 09:04:36] Launching: C:\Users\Copter\AppData\Local\hermes\hermes-agent\venv\Scripts\python.exe main.py
[2026-07-31 09:04:36] main.py running (pid=16168)
[2026-07-31 23:09:07] WARN: lock file ค้างจาก pid=30428 (ตายไปแล้ว) — เคลียร์แล้วรันต่อ
[2026-07-31 23:09:09] Supervisor started (profile='demo-exness-433881786', stale=180 s, check=30 s, grace=90 s, python='C:\Users\Copter\AppData\Local\hermes\hermes-agent\venv\Scripts\python.exe')
[2026-07-31 23:09:09] Launching: C:\Users\Copter\AppData\Local\hermes\hermes-agent\venv\Scripts\python.exe main.py
[2026-07-31 23:09:09] main.py running (pid=43876)
[2026-08-03 00:05:00] WARN: lock file ค้างจาก pid=32208 (ตายไปแล้ว) — เคลียร์แล้วรันต่อ
[2026-08-03 00:05:04] Supervisor started (profile='demo-exness-433881786', stale=180 s, check=30 s, grace=90 s, python='C:\Users\Copter\AppData\Local\hermes\hermes-agent\venv\Scripts\python.exe')
[2026-08-03 00:05:04] Launching: C:\Users\Copter\AppData\Local\hermes\hermes-agent\venv\Scripts\python.exe main.py
[2026-08-03 00:05:04] main.py running (pid=38764)
[2026-08-03 09:05:30] WARN: lock file ค้างจาก pid=32576 (ตายไปแล้ว) — เคลียร์แล้วรันต่อ
[2026-08-03 09:05:31] Supervisor started (profile='demo-exness-433881786', stale=180 s, check=30 s, grace=90 s, python='C:\Users\Copter\AppData\Local\hermes\hermes-agent\venv\Scripts\python.exe')
[2026-08-03 09:05:31] Launching: C:\Users\Copter\AppData\Local\hermes\hermes-agent\venv\Scripts\python.exe main.py
[2026-08-03 09:05:31] main.py running (pid=23232)
[2026-08-03 14:42:44] WARN: lock file ค้างจาก pid=32532 (ตายไปแล้ว) — เคลียร์แล้วรันต่อ
[2026-08-03 14:42:57] Supervisor started (profile='demo-exness-433881786', stale=180 s, check=30 s, grace=90 s, python='C:\Users\Copter\AppData\Local\hermes\hermes-agent\venv\Scripts\python.exe')
[2026-08-03 14:42:57] Launching: C:\Users\Copter\AppData\Local\hermes\hermes-agent\venv\Scripts\python.exe main.py
[2026-08-03 14:42:57] main.py running (pid=14620)
[2026-08-03 14:44:27] WARN: heartbeat missing/unreadable (up=90s) — wait next cycle
[2026-08-03 14:44:57] WARN: heartbeat missing/unreadable (up=120s) — wait next cycle
[2026-08-03 14:45:27] WARN: heartbeat missing/unreadable (up=150s) — wait next cycle
[2026-08-03 15:36:03] WARN: lock file ค้างจาก pid=10728 (ตายไปแล้ว) — เคลียร์แล้วรันต่อ
[2026-08-03 15:36:05] ERROR: พบ supervisor ตัวอื่นรันอยู่แล้ว (pid=5736) — เลิกรัน ตัวนี้เพื่อกัน main.py ซ้อน 2 instance (Telegram getUpdates Conflict)
[2026-08-03 15:36:07] Supervisor started (profile='demo-exness-433881786', stale=180 s, check=30 s, grace=90 s, python='C:\Users\Copter\AppData\Local\hermes\hermes-agent\venv\Scripts\python.exe')
[2026-08-03 15:36:07] Launching: C:\Users\Copter\AppData\Local\hermes\hermes-agent\venv\Scripts\python.exe main.py
[2026-08-03 15:36:07] main.py running (pid=30692)
[2026-08-03 15:36:39] WARN: lock file ค้างจาก pid=5736 (ตายไปแล้ว) — เคลียร์แล้วรันต่อ
[2026-08-03 15:36:41] Supervisor started (profile='demo-exness-433881786', stale=180 s, check=30 s, grace=90 s, python='C:\Users\Copter\AppData\Local\hermes\hermes-agent\venv\Scripts\python.exe')
[2026-08-03 15:36:41] Launching: C:\Users\Copter\AppData\Local\hermes\hermes-agent\venv\Scripts\python.exe main.py
[2026-08-03 15:36:41] main.py running (pid=15972)
[2026-08-03 17:35:39] WARN: lock file ค้างจาก pid=27604 (ตายไปแล้ว) — เคลียร์แล้วรันต่อ
[2026-08-03 17:35:40] Supervisor started (profile='demo-exness-433881786', stale=180 s, check=30 s, grace=90 s, python='C:\Users\Copter\AppData\Local\hermes\hermes-agent\venv\Scripts\python.exe')
[2026-08-03 17:35:40] Launching: C:\Users\Copter\AppData\Local\hermes\hermes-agent\venv\Scripts\python.exe main.py
[2026-08-03 17:35:40] main.py running (pid=31660)
[2026-08-03 20:55:31] WARN: lock file ค้างจาก pid=34384 (ตายไปแล้ว) — เคลียร์แล้วรันต่อ
[2026-08-03 20:55:32] Supervisor started (profile='demo-exness-433881786', stale=180 s, check=30 s, grace=90 s, python='C:\Users\Copter\AppData\Local\hermes\hermes-agent\venv\Scripts\python.exe')
[2026-08-03 20:55:32] Launching: C:\Users\Copter\AppData\Local\hermes\hermes-agent\venv\Scripts\python.exe main.py
[2026-08-03 20:55:32] main.py running (pid=39600)
[2026-08-04 08:41:22] WARN: lock file ค้างจาก pid=12052 (ตายไปแล้ว) — เคลียร์แล้วรันต่อ
[2026-08-04 08:41:23] Supervisor started (profile='demo-exness-433881786', stale=180 s, check=30 s, grace=90 s, python='C:\Users\Copter\AppData\Local\hermes\hermes-agent\venv\Scripts\python.exe')
[2026-08-04 08:41:23] Launching: C:\Users\Copter\AppData\Local\hermes\hermes-agent\venv\Scripts\python.exe main.py
[2026-08-04 08:41:23] main.py running (pid=33400)
[2026-08-04 17:16:04] WARN: lock file ค้างจาก pid=32548 (ตายไปแล้ว) — เคลียร์แล้วรันต่อ
[2026-08-04 17:16:06] Supervisor started (profile='demo-exness-433881786', stale=180 s, check=30 s, grace=90 s, python='C:\Users\Copter\AppData\Local\hermes\hermes-agent\venv\Scripts\python.exe')
[2026-08-04 17:16:06] Launching: C:\Users\Copter\AppData\Local\hermes\hermes-agent\venv\Scripts\python.exe main.py
[2026-08-04 17:16:06] main.py running (pid=100840)
[2026-08-04 21:32:56] WARN: lock file ค้างจาก pid=108228 (ตายไปแล้ว) — เคลียร์แล้วรันต่อ
[2026-08-04 21:32:59] Supervisor started (profile='demo-exness-433881786', stale=180 s, check=30 s, grace=90 s, python='C:\Users\Copter\AppData\Local\hermes\hermes-agent\venv\Scripts\python.exe')
[2026-08-04 21:32:59] Launching: C:\Users\Copter\AppData\Local\hermes\hermes-agent\venv\Scripts\python.exe main.py
[2026-08-04 21:32:59] main.py running (pid=78024)
[2026-08-05 09:05:25] WARN: lock file ค้างจาก pid=108288 (ตายไปแล้ว) — เคลียร์แล้วรันต่อ
[2026-08-05 09:05:25] Supervisor started (profile='demo-exness-433881786', stale=180 s, check=30 s, grace=90 s, python='C:\Users\Copter\AppData\Local\hermes\hermes-agent\venv\Scripts\python.exe')
[2026-08-05 09:05:25] Launching: C:\Users\Copter\AppData\Local\hermes\hermes-agent\venv\Scripts\python.exe main.py
[2026-08-05 09:05:25] main.py running (pid=31668)
[2026-08-05 18:26:58] WARN: lock file ค้างจาก pid=30424 (ตายไปแล้ว) — เคลียร์แล้วรันต่อ
[2026-08-05 18:27:02] Supervisor started (profile='demo-exness-433881786', stale=180 s, check=30 s, grace=90 s, python='C:\Users\Copter\AppData\Local\hermes\hermes-agent\venv\Scripts\python.exe')
[2026-08-05 18:27:02] Launching: C:\Users\Copter\AppData\Local\hermes\hermes-agent\venv\Scripts\python.exe main.py
[2026-08-05 18:27:02] main.py running (pid=18644)
[2026-08-06 09:10:47] WARN: lock file ค้างจาก pid=27024 (ตายไปแล้ว) — เคลียร์แล้วรันต่อ
[2026-08-06 09:10:48] Supervisor started (profile='demo-exness-433881786', stale=180 s, check=30 s, grace=90 s, python='C:\Users\Copter\AppData\Local\hermes\hermes-agent\venv\Scripts\python.exe')
[2026-08-06 09:10:48] Launching: C:\Users\Copter\AppData\Local\hermes\hermes-agent\venv\Scripts\python.exe main.py
[2026-08-06 09:10:48] main.py running (pid=21576)
[2026-08-07 08:54:34] WARN: lock file ค้างจาก pid=21488 (ตายไปแล้ว) — เคลียร์แล้วรันต่อ
[2026-08-07 08:54:39] Supervisor started (profile='demo-exness-433881786', stale=180 s, check=30 s, grace=90 s, python='C:\Users\Copter\AppData\Local\hermes\hermes-agent\venv\Scripts\python.exe')
[2026-08-07 08:54:39] Launching: C:\Users\Copter\AppData\Local\hermes\hermes-agent\venv\Scripts\python.exe main.py
[2026-08-07 08:54:40] main.py running (pid=32192)
[2026-08-07 17:03:50] ERROR: พบ supervisor ตัวอื่นรันอยู่แล้ว (pid=30884) — เลิกรัน ตัวนี้เพื่อกัน main.py ซ้อน 2 instance (Telegram getUpdates Conflict)
[2026-08-07 17:08:53] WARN: lock file ค้างจาก pid=30884 (ตายไปแล้ว) — เคลียร์แล้วรันต่อ
[2026-08-07 17:08:54] Supervisor started (profile='demo-exness-433881786', stale=180 s, check=30 s, grace=90 s, python='C:\Users\Copter\AppData\Local\hermes\hermes-agent\venv\Scripts\python.exe')
[2026-08-07 17:08:54] Launching: C:\Users\Copter\AppData\Local\hermes\hermes-agent\venv\Scripts\python.exe main.py
[2026-08-07 17:08:54] main.py running (pid=40448)
[2026-08-10 09:01:11] WARN: lock file ค้างจาก pid=9744 (ตายไปแล้ว) — เคลียร์แล้วรันต่อ
[2026-08-10 09:01:12] Supervisor started (profile='demo-exness-433881786', stale=180 s, check=30 s, grace=90 s, python='C:\Users\Copter\AppData\Local\hermes\hermes-agent\venv\Scripts\python.exe')
[2026-08-10 09:01:12] Launching: C:\Users\Copter\AppData\Local\hermes\hermes-agent\venv\Scripts\python.exe main.py
[2026-08-10 09:01:12] main.py running (pid=17560)
[2026-08-10 12:26:41] WARN: lock file ค้างจาก pid=31396 (ตายไปแล้ว) — เคลียร์แล้วรันต่อ
[2026-08-10 12:26:42] Supervisor started (profile='demo-exness-433881786', stale=180 s, check=30 s, grace=90 s, python='C:\Users\Copter\AppData\Local\hermes\hermes-agent\venv\Scripts\python.exe')
[2026-08-10 12:26:42] Launching: C:\Users\Copter\AppData\Local\hermes\hermes-agent\venv\Scripts\python.exe main.py
[2026-08-10 12:26:42] main.py running (pid=10392)
[2026-08-10 19:48:51] WARN: lock file ค้างจาก pid=6500 (ตายไปแล้ว) — เคลียร์แล้วรันต่อ
[2026-08-10 19:48:54] Supervisor started (profile='demo-exness-433881786', stale=180 s, check=30 s, grace=90 s, python='C:\Users\Copter\AppData\Local\hermes\hermes-agent\venv\Scripts\python.exe')
[2026-08-10 19:48:54] Launching: C:\Users\Copter\AppData\Local\hermes\hermes-agent\venv\Scripts\python.exe main.py
[2026-08-10 19:48:54] main.py running (pid=42192)
[2026-08-11 08:58:11] WARN: lock file ค้างจาก pid=46528 (ตายไปแล้ว) — เคลียร์แล้วรันต่อ
[2026-08-11 08:58:13] Supervisor started (profile='demo-exness-433881786', stale=180 s, check=30 s, grace=90 s, python='C:\Users\Copter\AppData\Local\hermes\hermes-agent\venv\Scripts\python.exe')
[2026-08-11 08:58:13] Launching: C:\Users\Copter\AppData\Local\hermes\hermes-agent\venv\Scripts\python.exe main.py
[2026-08-11 08:58:13] main.py running (pid=27332)
[2026-08-11 13:50:46] WARN: lock file ค้างจาก pid=30028 (ตายไปแล้ว) — เคลียร์แล้วรันต่อ
[2026-08-11 13:50:47] Supervisor started (profile='demo-exness-433881786', stale=180 s, check=30 s, grace=90 s, python='C:\Users\Copter\AppData\Local\hermes\hermes-agent\venv\Scripts\python.exe')
[2026-08-11 13:50:47] Launching: C:\Users\Copter\AppData\Local\hermes\hermes-agent\venv\Scripts\python.exe main.py
[2026-08-11 13:50:47] main.py running (pid=40376)
[2026-08-12 15:08:04] STALL: heartbeat age=16115s > 180s (loop hang) -> kill pid=40376 + restart
[2026-08-12 15:08:13] killed pid=4552 (terminal64)
[2026-08-12 15:08:13] killed pid=34008 (python)
[2026-08-12 15:08:14] killed pid=40512 (python)
[2026-08-12 15:08:14] Restarting in 5 s ...
[2026-08-12 15:08:21] Launching: C:\Users\Copter\AppData\Local\hermes\hermes-agent\venv\Scripts\python.exe main.py
[2026-08-12 15:08:21] main.py running (pid=4320)
[2026-08-12 15:15:28] WARN: lock file ค้างจาก pid=44784 (ตายไปแล้ว) — เคลียร์แล้วรันต่อ
[2026-08-12 15:15:30] Supervisor started (profile='demo-exness-433881786', stale=180 s, check=30 s, grace=90 s, python='C:\Users\Copter\AppData\Local\hermes\hermes-agent\venv\Scripts\python.exe')
[2026-08-12 15:15:30] Launching: C:\Users\Copter\AppData\Local\hermes\hermes-agent\venv\Scripts\python.exe main.py
[2026-08-12 15:15:30] main.py running (pid=30100)
[2026-08-13 09:08:11] STALL: heartbeat age=26203s > 180s (loop hang) -> kill pid=30100 + restart
[2026-08-13 09:08:14] killed pid=7768 (terminal64)
[2026-08-13 09:08:14] killed pid=30108 (python)
[2026-08-13 09:08:14] killed pid=30124 (python)
[2026-08-13 09:08:15] kill error pid=30100: Cannot find a process with the process identifier 30100.
[2026-08-13 09:08:15] Restarting in 5 s ...
[2026-08-13 09:08:21] Launching: C:\Users\Copter\AppData\Local\hermes\hermes-agent\venv\Scripts\python.exe main.py
[2026-08-13 09:08:21] main.py running (pid=31800)
[2026-08-13 09:10:33] WARN: lock file ค้างจาก pid=24208 (ตายไปแล้ว) — เคลียร์แล้วรันต่อ
[2026-08-13 09:10:35] Supervisor started (profile='demo-exness-433881786', stale=180 s, check=30 s, grace=90 s, python='C:\Users\Copter\AppData\Local\hermes\hermes-agent\venv\Scripts\python.exe')
[2026-08-13 09:10:35] Launching: C:\Users\Copter\AppData\Local\hermes\hermes-agent\venv\Scripts\python.exe main.py
[2026-08-13 09:10:35] main.py running (pid=23484)
[2026-08-13 15:45:00] WARN: lock file ค้างจาก pid=31416 (ตายไปแล้ว) — เคลียร์แล้วรันต่อ
[2026-08-13 15:45:02] Supervisor started (profile='demo-exness-433881786', stale=180 s, check=30 s, grace=90 s, python='C:\Users\Copter\AppData\Local\hermes\hermes-agent\venv\Scripts\python.exe')
[2026-08-13 15:45:02] Launching: C:\Users\Copter\AppData\Local\hermes\hermes-agent\venv\Scripts\python.exe main.py
[2026-08-13 15:45:02] main.py running (pid=10048)
[2026-08-14 09:03:27] WARN: lock file ค้างจาก pid=29028 (ตายไปแล้ว) — เคลียร์แล้วรันต่อ
[2026-08-14 09:03:28] Supervisor started (profile='demo-exness-433881786', stale=180 s, check=30 s, grace=90 s, python='C:\Users\Copter\AppData\Local\hermes\hermes-agent\venv\Scripts\python.exe')
[2026-08-14 09:03:28] Launching: C:\Users\Copter\AppData\Local\hermes\hermes-agent\venv\Scripts\python.exe main.py
[2026-08-14 09:03:28] main.py running (pid=6008)
[2026-08-14 15:44:51] WARN: lock file ค้างจาก pid=30232 (ตายไปแล้ว) — เคลียร์แล้วรันต่อ
[2026-08-14 15:44:51] Supervisor started (profile='demo-exness-433881786', stale=180 s, check=30 s, grace=90 s, python='C:\Users\Copter\AppData\Local\hermes\hermes-agent\venv\Scripts\python.exe')
[2026-08-14 15:44:51] Launching: C:\Users\Copter\AppData\Local\hermes\hermes-agent\venv\Scripts\python.exe main.py
[2026-08-14 15:44:52] main.py running (pid=34640)
[2026-08-16 23:52:14] WARN: lock file ค้างจาก pid=40444 (ตายไปแล้ว) — เคลียร์แล้วรันต่อ
[2026-08-16 23:52:16] Supervisor started (profile='demo-exness-433881786', stale=180 s, check=30 s, grace=90 s, python='C:\Users\Copter\AppData\Local\hermes\hermes-agent\venv\Scripts\python.exe')
[2026-08-16 23:52:16] Launching: C:\Users\Copter\AppData\Local\hermes\hermes-agent\venv\Scripts\python.exe main.py
[2026-08-16 23:52:16] main.py running (pid=29372)
[2026-08-17 09:36:13] WARN: lock file ค้างจาก pid=9156 (ตายไปแล้ว) — เคลียร์แล้วรันต่อ
[2026-08-17 09:36:14] Supervisor started (profile='demo-exness-433881786', stale=180 s, check=30 s, grace=90 s, python='C:\Users\Copter\AppData\Local\hermes\hermes-agent\venv\Scripts\python.exe')
[2026-08-17 09:36:14] Launching: C:\Users\Copter\AppData\Local\hermes\hermes-agent\venv\Scripts\python.exe main.py
[2026-08-17 09:36:14] main.py running (pid=26996)
[2026-08-17 16:03:26] WARN: lock file ค้างจาก pid=31296 (ตายไปแล้ว) — เคลียร์แล้วรันต่อ
[2026-08-17 16:03:27] Supervisor started (profile='demo-exness-433881786', stale=180 s, check=30 s, grace=90 s, python='C:\Users\Copter\AppData\Local\hermes\hermes-agent\venv\Scripts\python.exe')
[2026-08-17 16:03:27] Launching: C:\Users\Copter\AppData\Local\hermes\hermes-agent\venv\Scripts\python.exe main.py
[2026-08-17 16:03:27] main.py running (pid=4508)
[2026-08-18 09:05:34] WARN: lock file ค้างจาก pid=42588 (ตายไปแล้ว) — เคลียร์แล้วรันต่อ
[2026-08-18 09:05:35] Supervisor started (profile='demo-exness-433881786', stale=180 s, check=30 s, grace=90 s, python='C:\Users\Copter\AppData\Local\hermes\hermes-agent\venv\Scripts\python.exe')
[2026-08-18 09:05:35] Launching: C:\Users\Copter\AppData\Local\hermes\hermes-agent\venv\Scripts\python.exe main.py
[2026-08-18 09:05:35] main.py running (pid=34592)
[2026-08-18 10:02:23] WARN: lock file ค้างจาก pid=33960 (ตายไปแล้ว) — เคลียร์แล้วรันต่อ
[2026-08-18 10:02:25] Supervisor started (profile='demo-exness-433881786', stale=180 s, check=30 s, grace=90 s, python='C:\Users\Copter\AppData\Local\hermes\hermes-agent\venv\Scripts\python.exe')
[2026-08-18 10:02:25] Launching: C:\Users\Copter\AppData\Local\hermes\hermes-agent\venv\Scripts\python.exe main.py
[2026-08-18 10:02:25] main.py running (pid=18628)
[2026-08-19 08:57:46] WARN: lock file ค้างจาก pid=30980 (ตายไปแล้ว) — เคลียร์แล้วรันต่อ
[2026-08-19 08:57:47] Supervisor started (profile='demo-exness-433881786', stale=180 s, check=30 s, grace=90 s, python='C:\Users\Copter\AppData\Local\hermes\hermes-agent\venv\Scripts\python.exe')
[2026-08-19 08:57:47] Launching: C:\Users\Copter\AppData\Local\hermes\hermes-agent\venv\Scripts\python.exe main.py
[2026-08-19 08:57:47] main.py running (pid=33316)
[2026-08-19 13:54:27] WARN: lock file ค้างจาก pid=34668 (ตายไปแล้ว) — เคลียร์แล้วรันต่อ
[2026-08-19 13:54:29] Supervisor started (profile='demo-exness-433881786', stale=180 s, check=30 s, grace=90 s, python='C:\Users\Copter\AppData\Local\hermes\hermes-agent\venv\Scripts\python.exe')
[2026-08-19 13:54:29] Launching: C:\Users\Copter\AppData\Local\hermes\hermes-agent\venv\Scripts\python.exe main.py
[2026-08-19 13:54:29] main.py running (pid=46760)
[2026-08-19 14:18:09] WARN: lock file ค้างจาก pid=48696 (ตายไปแล้ว) — เคลียร์แล้วรันต่อ
[2026-08-19 14:18:10] Supervisor started (profile='demo-exness-433881786', stale=180 s, check=30 s, grace=90 s, python='C:\Users\Copter\AppData\Local\hermes\hermes-agent\venv\Scripts\python.exe')
[2026-08-19 14:18:10] Launching: C:\Users\Copter\AppData\Local\hermes\hermes-agent\venv\Scripts\python.exe main.py
[2026-08-19 14:18:10] main.py running (pid=25436)
[2026-08-20 09:04:33] WARN: lock file ค้างจาก pid=9588 (ตายไปแล้ว) — เคลียร์แล้วรันต่อ
[2026-08-20 09:04:34] Supervisor started (profile='demo-exness-433881786', stale=180 s, check=30 s, grace=90 s, python='C:\Users\Copter\AppData\Local\hermes\hermes-agent\venv\Scripts\python.exe')
[2026-08-20 09:04:34] Launching: C:\Users\Copter\AppData\Local\hermes\hermes-agent\venv\Scripts\python.exe main.py
[2026-08-20 09:04:34] main.py running (pid=32448)
[2026-08-20 14:23:07] WARN: lock file ค้างจาก pid=3480 (ตายไปแล้ว) — เคลียร์แล้วรันต่อ
[2026-08-20 14:23:08] Supervisor started (profile='demo-exness-433881786', stale=180 s, check=30 s, grace=90 s, python='C:\Users\Copter\AppData\Local\hermes\hermes-agent\venv\Scripts\python.exe')
[2026-08-20 14:23:08] Launching: C:\Users\Copter\AppData\Local\hermes\hermes-agent\venv\Scripts\python.exe main.py
[2026-08-20 14:23:08] main.py running (pid=27840)
[2026-08-20 20:56:55] WARN: lock file ค้างจาก pid=16580 (ตายไปแล้ว) — เคลียร์แล้วรันต่อ
[2026-08-20 20:56:56] Supervisor started (profile='demo-exness-433881786', stale=180 s, check=30 s, grace=90 s, python='C:\Users\Copter\AppData\Local\hermes\hermes-agent\venv\Scripts\python.exe')
[2026-08-20 20:56:56] Launching: C:\Users\Copter\AppData\Local\hermes\hermes-agent\venv\Scripts\python.exe main.py
[2026-08-20 20:56:56] main.py running (pid=26668)
[2026-08-20 21:46:29] WARN: lock file ค้างจาก pid=47512 (ตายไปแล้ว) — เคลียร์แล้วรันต่อ
[2026-08-20 21:46:30] Supervisor started (profile='demo-exness-433881786', stale=180 s, check=30 s, grace=90 s, python='C:\Users\Copter\AppData\Local\hermes\hermes-agent\venv\Scripts\python.exe')
[2026-08-20 21:46:30] Launching: C:\Users\Copter\AppData\Local\hermes\hermes-agent\venv\Scripts\python.exe main.py
[2026-08-20 21:46:30] main.py running (pid=45644)
[2026-08-20 23:22:44] WARN: lock file ค้างจาก pid=32924 (ตายไปแล้ว) — เคลียร์แล้วรันต่อ
[2026-08-20 23:22:45] Supervisor started (profile='demo-exness-433881786', stale=180 s, check=30 s, grace=90 s, python='C:\Users\Copter\AppData\Local\hermes\hermes-agent\venv\Scripts\python.exe')
[2026-08-20 23:22:45] Launching: C:\Users\Copter\AppData\Local\hermes\hermes-agent\venv\Scripts\python.exe main.py
[2026-08-20 23:22:45] main.py running (pid=52656)
[2026-08-21 09:01:06] WARN: lock file ค้างจาก pid=28848 (ตายไปแล้ว) — เคลียร์แล้วรันต่อ
[2026-08-21 09:01:07] Supervisor started (profile='demo-exness-433881786', stale=180 s, check=30 s, grace=90 s, python='C:\Users\Copter\AppData\Local\hermes\hermes-agent\venv\Scripts\python.exe')
[2026-08-21 09:01:07] Launching: C:\Users\Copter\AppData\Local\hermes\hermes-agent\venv\Scripts\python.exe main.py
[2026-08-21 09:01:07] main.py running (pid=20868)
[2026-08-21 16:40:59] main.py exited (code=) -> restart
[2026-08-21 16:40:59] Restarting in 5 s ...
[2026-08-21 16:41:04] Launching: C:\Users\Copter\AppData\Local\hermes\hermes-agent\venv\Scripts\python.exe main.py
[2026-08-21 16:41:04] main.py running (pid=41964)
[2026-08-21 16:41:34] main.py exited (code=) -> restart
[2026-08-21 16:41:34] Restarting in 5 s ...
[2026-08-21 16:41:39] Launching: C:\Users\Copter\AppData\Local\hermes\hermes-agent\venv\Scripts\python.exe main.py
[2026-08-21 16:41:39] main.py running (pid=36112)
[2026-08-22 00:44:50] main.py exited (code=) -> restart
[2026-08-22 00:44:50] Restarting in 5 s ...
[2026-08-22 00:44:55] Launching: C:\Users\Copter\AppData\Local\hermes\hermes-agent\venv\Scripts\python.exe main.py
[2026-08-22 00:44:55] main.py running (pid=46380)
[2026-08-22 01:26:25] main.py exited (code=) -> restart
[2026-08-22 01:26:26] Restarting in 5 s ...
[2026-08-22 01:26:31] Launching: C:\Users\Copter\AppData\Local\hermes\hermes-agent\venv\Scripts\python.exe main.py
[2026-08-22 01:26:31] main.py running (pid=4228)
[2026-08-22 03:30:33] main.py exited (code=) -> restart
[2026-08-22 03:30:33] Restarting in 5 s ...
[2026-08-22 03:30:38] Launching: C:\Users\Copter\AppData\Local\hermes\hermes-agent\venv\Scripts\python.exe main.py
[2026-08-22 03:30:38] main.py running (pid=23376)
[2026-08-24 09:14:31] WARN: lock file ค้างจาก pid=35268 (ตายไปแล้ว) — เคลียร์แล้วรันต่อ
[2026-08-24 09:14:33] Supervisor started (profile='demo-exness-433881786', stale=180 s, check=30 s, grace=90 s, python='C:\Users\Copter\AppData\Local\hermes\hermes-agent\venv\Scripts\python.exe')
[2026-08-24 09:14:33] Launching: C:\Users\Copter\AppData\Local\hermes\hermes-agent\venv\Scripts\python.exe main.py
[2026-08-24 09:14:33] main.py running (pid=24272)
[2026-08-24 11:53:47] WARN: lock file ค้างจาก pid=51896 (ตายไปแล้ว) — เคลียร์แล้วรันต่อ
[2026-08-24 11:53:49] Supervisor started (profile='demo-exness-433881786', stale=180 s, check=30 s, grace=90 s, python='C:\Users\Copter\AppData\Local\hermes\hermes-agent\venv\Scripts\python.exe')
[2026-08-24 11:53:49] Launching: C:\Users\Copter\AppData\Local\hermes\hermes-agent\venv\Scripts\python.exe main.py
[2026-08-24 11:53:49] main.py running (pid=16924)
[2026-08-24 21:59:18] WARN: lock file ค้างจาก pid=36400 (ตายไปแล้ว) — เคลียร์แล้วรันต่อ
[2026-08-24 21:59:18] ERROR: พบ supervisor ตัวอื่นรันอยู่แล้ว (pid=9176) — เลิกรัน ตัวนี้เพื่อกัน main.py ซ้อน 2 instance (Telegram getUpdates Conflict)
[2026-08-24 21:59:19] Supervisor started (profile='demo-exness-433881786', stale=180 s, check=30 s, grace=90 s, python='C:\Users\Copter\AppData\Local\hermes\hermes-agent\venv\Scripts\python.exe')
[2026-08-24 21:59:19] Launching: C:\Users\Copter\AppData\Local\hermes\hermes-agent\venv\Scripts\python.exe main.py
[2026-08-24 21:59:19] main.py running (pid=28468)
[2026-08-24 23:04:22] WARN: lock file ค้างจาก pid=9176 (ตายไปแล้ว) — เคลียร์แล้วรันต่อ
[2026-08-24 23:04:23] Supervisor started (profile='demo-exness-433881786', stale=180 s, check=30 s, grace=90 s, python='C:\Users\Copter\AppData\Local\hermes\hermes-agent\venv\Scripts\python.exe')
[2026-08-24 23:04:23] Launching: C:\Users\Copter\AppData\Local\hermes\hermes-agent\venv\Scripts\python.exe main.py
[2026-08-24 23:04:23] main.py running (pid=25956)
[2026-08-25 09:00:20] WARN: lock file ค้างจาก pid=27932 (ตายไปแล้ว) — เคลียร์แล้วรันต่อ
[2026-08-25 09:00:21] Supervisor started (profile='demo-exness-433881786', stale=180 s, check=30 s, grace=90 s, python='C:\Users\Copter\AppData\Local\hermes\hermes-agent\venv\Scripts\python.exe')
[2026-08-25 09:00:21] Launching: C:\Users\Copter\AppData\Local\hermes\hermes-agent\venv\Scripts\python.exe main.py
[2026-08-25 09:00:21] main.py running (pid=4972)
[2026-08-25 22:27:52] WARN: lock file ค้างจาก pid=26560 (ตายไปแล้ว) — เคลียร์แล้วรันต่อ
[2026-08-25 22:27:53] Supervisor started (profile='demo-exness-433881786', stale=180 s, check=30 s, grace=90 s, python='C:\Users\Copter\AppData\Local\hermes\hermes-agent\venv\Scripts\python.exe')
[2026-08-25 22:27:53] Launching: C:\Users\Copter\AppData\Local\hermes\hermes-agent\venv\Scripts\python.exe main.py
[2026-08-25 22:27:54] main.py running (pid=43180)
[2026-08-26 08:55:27] WARN: lock file ค้างจาก pid=10680 (ตายไปแล้ว) — เคลียร์แล้วรันต่อ
[2026-08-26 08:55:30] Supervisor started (profile='demo-exness-433881786', stale=180 s, check=30 s, grace=90 s, python='C:\Users\Copter\AppData\Local\hermes\hermes-agent\venv\Scripts\python.exe')
[2026-08-26 08:55:30] Launching: C:\Users\Copter\AppData\Local\hermes\hermes-agent\venv\Scripts\python.exe main.py
[2026-08-26 08:55:30] main.py running (pid=29972)
[2026-08-26 14:28:24] WARN: lock file ค้างจาก pid=25620 (ตายไปแล้ว) — เคลียร์แล้วรันต่อ
[2026-08-26 14:28:25] Supervisor started (profile='demo-exness-433881786', stale=180 s, check=30 s, grace=90 s, python='C:\Users\Copter\AppData\Local\hermes\hermes-agent\venv\Scripts\python.exe')
[2026-08-26 14:28:25] Launching: C:\Users\Copter\AppData\Local\hermes\hermes-agent\venv\Scripts\python.exe main.py
[2026-08-26 14:28:25] main.py running (pid=49616)
[2026-08-26 16:36:10] WARN: lock file ค้างจาก pid=39992 (ตายไปแล้ว) — เคลียร์แล้วรันต่อ
[2026-08-26 16:36:11] Supervisor started (profile='demo-exness-433881786', stale=180 s, check=30 s, grace=90 s, python='C:\Users\Copter\AppData\Local\hermes\hermes-agent\venv\Scripts\python.exe')
[2026-08-26 16:36:11] Launching: C:\Users\Copter\AppData\Local\hermes\hermes-agent\venv\Scripts\python.exe main.py
[2026-08-26 16:36:11] main.py running (pid=48396)
[2026-08-26 20:07:22] WARN: lock file ค้างจาก pid=51120 (ตายไปแล้ว) — เคลียร์แล้วรันต่อ
[2026-08-26 20:07:23] Supervisor started (profile='demo-exness-433881786', stale=180 s, check=30 s, grace=90 s, python='C:\Users\Copter\AppData\Local\hermes\hermes-agent\venv\Scripts\python.exe')
[2026-08-26 20:07:23] Launching: C:\Users\Copter\AppData\Local\hermes\hermes-agent\venv\Scripts\python.exe main.py
[2026-08-26 20:07:23] main.py running (pid=25424)
[2026-08-26 20:21:15] WARN: lock file ค้างจาก pid=49408 (ตายไปแล้ว) — เคลียร์แล้วรันต่อ
[2026-08-26 20:21:16] Supervisor started (profile='demo-exness-433881786', stale=180 s, check=30 s, grace=90 s, python='C:\Users\Copter\AppData\Local\hermes\hermes-agent\venv\Scripts\python.exe')
[2026-08-26 20:21:16] Launching: C:\Users\Copter\AppData\Local\hermes\hermes-agent\venv\Scripts\python.exe main.py
[2026-08-26 20:21:16] main.py running (pid=45924)
[2026-08-26 20:42:41] WARN: lock file ค้างจาก pid=38940 (ตายไปแล้ว) — เคลียร์แล้วรันต่อ
[2026-08-26 20:42:42] Supervisor started (profile='demo-exness-433881786', stale=180 s, check=30 s, grace=90 s, python='C:\Users\Copter\AppData\Local\hermes\hermes-agent\venv\Scripts\python.exe')
[2026-08-26 20:42:42] Launching: C:\Users\Copter\AppData\Local\hermes\hermes-agent\venv\Scripts\python.exe main.py
[2026-08-26 20:42:42] main.py running (pid=30832)
[2026-08-27 08:56:37] WARN: lock file ค้างจาก pid=33752 (ตายไปแล้ว) — เคลียร์แล้วรันต่อ
[2026-08-27 08:56:38] Supervisor started (profile='demo-exness-433881786', stale=180 s, check=30 s, grace=90 s, python='C:\Users\Copter\AppData\Local\hermes\hermes-agent\venv\Scripts\python.exe')
[2026-08-27 08:56:38] Launching: C:\Users\Copter\AppData\Local\hermes\hermes-agent\venv\Scripts\python.exe main.py
[2026-08-27 08:56:38] main.py running (pid=31060)
[2026-08-27 10:16:23] WARN: lock file ค้างจาก pid=24864 (ตายไปแล้ว) — เคลียร์แล้วรันต่อ
[2026-08-27 10:16:25] Supervisor started (profile='demo-exness-433881786', stale=180 s, check=30 s, grace=90 s, python='C:\Users\Copter\AppData\Local\hermes\hermes-agent\venv\Scripts\python.exe')
[2026-08-27 10:16:25] Launching: C:\Users\Copter\AppData\Local\hermes\hermes-agent\venv\Scripts\python.exe main.py
[2026-08-27 10:16:25] main.py running (pid=8788)
[2026-08-27 11:19:34] WARN: lock file ค้างจาก pid=44492 (ตายไปแล้ว) — เคลียร์แล้วรันต่อ
[2026-08-27 11:19:35] Supervisor started (profile='demo-exness-433881786', stale=180 s, check=30 s, grace=90 s, python='C:\Users\Copter\AppData\Local\hermes\hermes-agent\venv\Scripts\python.exe')
[2026-08-27 11:19:35] Launching: C:\Users\Copter\AppData\Local\hermes\hermes-agent\venv\Scripts\python.exe main.py
[2026-08-27 11:19:35] main.py running (pid=10704)
[2026-08-28 09:00:05] WARN: lock file ค้างจาก pid=32468 (ตายไปแล้ว) — เคลียร์แล้วรันต่อ
[2026-08-28 09:00:07] Supervisor started (profile='demo-exness-433881786', stale=180 s, check=30 s, grace=90 s, python='C:\Users\Copter\AppData\Local\hermes\hermes-agent\venv\Scripts\python.exe')
[2026-08-28 09:00:07] Launching: C:\Users\Copter\AppData\Local\hermes\hermes-agent\venv\Scripts\python.exe main.py
[2026-08-28 09:00:07] main.py running (pid=31556)
[2026-08-28 13:40:14] WARN: lock file ค้างจาก pid=19612 (ตายไปแล้ว) — เคลียร์แล้วรันต่อ
[2026-08-28 13:40:15] Supervisor started (profile='demo-exness-433881786', stale=180 s, check=30 s, grace=90 s, python='C:\Users\Copter\AppData\Local\hermes\hermes-agent\venv\Scripts\python.exe')
[2026-08-28 13:40:15] Launching: C:\Users\Copter\AppData\Local\hermes\hermes-agent\venv\Scripts\python.exe main.py
[2026-08-28 13:40:15] main.py running (pid=19284)
[2026-08-28 22:37:54] WARN: lock file ค้างจาก pid=38956 (ตายไปแล้ว) — เคลียร์แล้วรันต่อ
[2026-08-28 22:37:55] Supervisor started (profile='demo-exness-433881786', stale=180 s, check=30 s, grace=90 s, python='C:\Users\Copter\AppData\Local\hermes\hermes-agent\venv\Scripts\python.exe')
[2026-08-28 22:37:55] Launching: C:\Users\Copter\AppData\Local\hermes\hermes-agent\venv\Scripts\python.exe main.py
[2026-08-28 22:37:55] main.py running (pid=45212)
[2026-08-29 01:34:41] WARN: lock file ค้างจาก pid=32964 (ตายไปแล้ว) — เคลียร์แล้วรันต่อ
[2026-08-29 01:34:44] Supervisor started (profile='demo-exness-433881786', stale=180 s, check=30 s, grace=90 s, python='C:\Users\Copter\AppData\Local\hermes\hermes-agent\venv\Scripts\python.exe')
[2026-08-29 01:34:44] Launching: C:\Users\Copter\AppData\Local\hermes\hermes-agent\venv\Scripts\python.exe main.py
[2026-08-29 01:34:44] main.py running (pid=31556)
[2026-08-30 20:53:06] WARN: lock file ค้างจาก pid=29920 (ตายไปแล้ว) — เคลียร์แล้วรันต่อ
[2026-08-30 20:53:07] Supervisor started (profile='demo-exness-433881786', stale=180 s, check=30 s, grace=90 s, python='C:\Users\Copter\AppData\Local\hermes\hermes-agent\venv\Scripts\python.exe')
[2026-08-30 20:53:07] Launching: C:\Users\Copter\AppData\Local\hermes\hermes-agent\venv\Scripts\python.exe main.py
[2026-08-30 20:53:07] main.py running (pid=20500)
[2026-08-30 21:09:13] WARN: lock file ค้างจาก pid=14192 (ตายไปแล้ว) — เคลียร์แล้วรันต่อ
[2026-08-30 21:09:14] Supervisor started (profile='demo-exness-433881786', stale=180 s, check=30 s, grace=90 s, python='C:\Users\Copter\AppData\Local\hermes\hermes-agent\venv\Scripts\python.exe')
[2026-08-30 21:09:14] Launching: C:\Users\Copter\AppData\Local\hermes\hermes-agent\venv\Scripts\python.exe main.py
[2026-08-30 21:09:14] main.py running (pid=26608)
[2026-08-30 23:14:12] WARN: lock file ค้างจาก pid=33416 (ตายไปแล้ว) — เคลียร์แล้วรันต่อ
[2026-08-30 23:14:13] Supervisor started (profile='demo-exness-433881786', stale=180 s, check=30 s, grace=90 s, python='C:\Users\Copter\AppData\Local\hermes\hermes-agent\venv\Scripts\python.exe')
[2026-08-30 23:14:13] Launching: C:\Users\Copter\AppData\Local\hermes\hermes-agent\venv\Scripts\python.exe main.py
[2026-08-30 23:14:13] main.py running (pid=25264)
[2026-08-31 08:59:52] WARN: lock file ค้างจาก pid=20836 (ตายไปแล้ว) — เคลียร์แล้วรันต่อ
[2026-08-31 08:59:53] Supervisor started (profile='demo-exness-433881786', stale=180 s, check=30 s, grace=90 s, python='C:\Users\Copter\AppData\Local\hermes\hermes-agent\venv\Scripts\python.exe')
[2026-08-31 08:59:53] Launching: C:\Users\Copter\AppData\Local\hermes\hermes-agent\venv\Scripts\python.exe main.py
[2026-08-31 08:59:53] main.py running (pid=28036)
[2026-08-31 09:29:16] Supervisor started (profile='demo-exness-433881786', stale=180 s, check=30 s, grace=90 s, python='C:\Users\Copter\AppData\Local\hermes\hermes-agent\venv\Scripts\python.exe')
[2026-08-31 09:29:16] Launching: C:\Users\Copter\AppData\Local\hermes\hermes-agent\venv\Scripts\python.exe main.py
[2026-08-31 09:29:16] main.py running (pid=27740)
[2026-08-31 09:38:49] WARN: lock file ค้างจาก pid=13352 (ตายไปแล้ว) — เคลียร์แล้วรันต่อ
[2026-08-31 09:38:50] Supervisor started (profile='demo-exness-433881786', stale=180 s, check=30 s, grace=90 s, python='C:\Users\Copter\AppData\Local\hermes\hermes-agent\venv\Scripts\python.exe')
[2026-08-31 09:38:50] Launching: C:\Users\Copter\AppData\Local\hermes\hermes-agent\venv\Scripts\python.exe main.py
[2026-08-31 09:38:50] main.py running (pid=7568)
[2026-08-31 17:26:14] WARN: lock file ค้างจาก pid=11312 (ตายไปแล้ว) — เคลียร์แล้วรันต่อ
[2026-08-31 17:26:15] Supervisor started (profile='demo-exness-433881786', stale=180 s, check=30 s, grace=90 s, python='C:\Users\Copter\AppData\Local\hermes\hermes-agent\venv\Scripts\python.exe')
[2026-08-31 17:26:15] Launching: C:\Users\Copter\AppData\Local\hermes\hermes-agent\venv\Scripts\python.exe main.py
[2026-08-31 17:26:15] main.py running (pid=47412)
[2026-08-31 17:41:15] WARN: lock file ค้างจาก pid=19376 (ตายไปแล้ว) — เคลียร์แล้วรันต่อ
[2026-08-31 17:41:17] Supervisor started (profile='demo-exness-433881786', stale=180 s, check=30 s, grace=90 s, python='C:\Users\Copter\AppData\Local\hermes\hermes-agent\venv\Scripts\python.exe')
[2026-08-31 17:41:17] Launching: C:\Users\Copter\AppData\Local\hermes\hermes-agent\venv\Scripts\python.exe main.py
[2026-08-31 17:41:17] main.py running (pid=41056)
[2026-08-31 22:19:23] WARN: lock file ค้างจาก pid=25764 (ตายไปแล้ว) — เคลียร์แล้วรันต่อ
[2026-08-31 22:19:25] Supervisor started (profile='demo-exness-433881786', stale=180 s, check=30 s, grace=90 s, python='C:\Users\Copter\AppData\Local\hermes\hermes-agent\venv\Scripts\python.exe')
[2026-08-31 22:19:25] Launching: C:\Users\Copter\AppData\Local\hermes\hermes-agent\venv\Scripts\python.exe main.py
[2026-08-31 22:19:25] main.py running (pid=36736)
[2026-08-31 22:29:10] WARN: lock file ค้างจาก pid=50428 (ตายไปแล้ว) — เคลียร์แล้วรันต่อ
[2026-08-31 22:29:11] Supervisor started (profile='demo-exness-433881786', stale=180 s, check=30 s, grace=90 s, python='C:\Users\Copter\AppData\Local\hermes\hermes-agent\venv\Scripts\python.exe')
[2026-08-31 22:29:11] Launching: C:\Users\Copter\AppData\Local\hermes\hermes-agent\venv\Scripts\python.exe main.py
[2026-08-31 22:29:11] main.py running (pid=39336)
[2026-09-01 08:57:24] WARN: lock file ค้างจาก pid=46388 (ตายไปแล้ว) — เคลียร์แล้วรันต่อ
[2026-09-01 08:57:25] Supervisor started (profile='demo-exness-433881786', stale=180 s, check=30 s, grace=90 s, python='C:\Users\Copter\AppData\Local\hermes\hermes-agent\venv\Scripts\python.exe')
[2026-09-01 08:57:25] Launching: C:\Users\Copter\AppData\Local\hermes\hermes-agent\venv\Scripts\python.exe main.py
[2026-09-01 08:57:25] main.py running (pid=30308)
[2026-09-01 18:02:07] WARN: lock file ค้างจาก pid=9900 (ตายไปแล้ว) — เคลียร์แล้วรันต่อ
[2026-09-01 18:02:09] Supervisor started (profile='demo-exness-433881786', stale=180 s, check=30 s, grace=90 s, python='C:\Users\Copter\AppData\Local\hermes\hermes-agent\venv\Scripts\python.exe')
[2026-09-01 18:02:09] Launching: C:\Users\Copter\AppData\Local\hermes\hermes-agent\venv\Scripts\python.exe main.py
[2026-09-01 18:02:09] main.py running (pid=37040)
[2026-09-01 20:12:38] WARN: lock file ค้างจาก pid=40808 (ตายไปแล้ว) — เคลียร์แล้วรันต่อ
[2026-09-01 20:12:39] Supervisor started (profile='demo-exness-433881786', stale=180 s, check=30 s, grace=90 s, python='C:\Users\Copter\AppData\Local\hermes\hermes-agent\venv\Scripts\python.exe')
[2026-09-01 20:12:39] Launching: C:\Users\Copter\AppData\Local\hermes\hermes-agent\venv\Scripts\python.exe main.py
[2026-09-01 20:12:39] main.py running (pid=49500)
[2026-09-01 20:26:43] WARN: lock file ค้างจาก pid=41072 (ตายไปแล้ว) — เคลียร์แล้วรันต่อ
[2026-09-01 20:26:44] Supervisor started (profile='demo-exness-433881786', stale=180 s, check=30 s, grace=90 s, python='C:\Users\Copter\AppData\Local\hermes\hermes-agent\venv\Scripts\python.exe')
[2026-09-01 20:26:44] Launching: C:\Users\Copter\AppData\Local\hermes\hermes-agent\venv\Scripts\python.exe main.py
[2026-09-01 20:26:44] main.py running (pid=33388)
[2026-09-01 22:02:06] WARN: lock file ค้างจาก pid=32052 (ตายไปแล้ว) — เคลียร์แล้วรันต่อ
[2026-09-01 22:02:07] Supervisor started (profile='demo-exness-433881786', stale=180 s, check=30 s, grace=90 s, python='C:\Users\Copter\AppData\Local\hermes\hermes-agent\venv\Scripts\python.exe')
[2026-09-01 22:02:07] Launching: C:\Users\Copter\AppData\Local\hermes\hermes-agent\venv\Scripts\python.exe main.py
[2026-09-01 22:02:07] main.py running (pid=48172)
[2026-09-02 08:58:11] WARN: lock file ค้างจาก pid=14844 (ตายไปแล้ว) — เคลียร์แล้วรันต่อ
[2026-09-02 08:58:14] Supervisor started (profile='demo-exness-433881786', stale=180 s, check=30 s, grace=90 s, python='C:\Users\Copter\AppData\Local\hermes\hermes-agent\venv\Scripts\python.exe')
[2026-09-02 08:58:14] Launching: C:\Users\Copter\AppData\Local\hermes\hermes-agent\venv\Scripts\python.exe main.py
[2026-09-02 08:58:14] main.py running (pid=27300)
[2026-09-02 10:58:29] WARN: lock file ค้างจาก pid=28460 (ตายไปแล้ว) — เคลียร์แล้วรันต่อ
[2026-09-02 10:58:30] Supervisor started (profile='demo-exness-433881786', stale=180 s, check=30 s, grace=90 s, python='C:\Users\Copter\AppData\Local\hermes\hermes-agent\venv\Scripts\python.exe')
[2026-09-02 10:58:30] Launching: C:\Users\Copter\AppData\Local\hermes\hermes-agent\venv\Scripts\python.exe main.py
[2026-09-02 10:58:30] main.py running (pid=37224)
[2026-09-02 14:41:28] WARN: lock file ค้างจาก pid=41596 (ตายไปแล้ว) — เคลียร์แล้วรันต่อ
[2026-09-02 14:41:29] Supervisor started (profile='demo-exness-433881786', stale=180 s, check=30 s, grace=90 s, python='C:\Users\Copter\AppData\Local\hermes\hermes-agent\venv\Scripts\python.exe')
[2026-09-02 14:41:29] Launching: C:\Users\Copter\AppData\Local\hermes\hermes-agent\venv\Scripts\python.exe main.py
[2026-09-02 14:41:29] main.py running (pid=31056)
[2026-09-03 09:07:41] WARN: lock file ค้างจาก pid=39864 (ตายไปแล้ว) — เคลียร์แล้วรันต่อ
[2026-09-03 09:07:42] Supervisor started (profile='demo-exness-433881786', stale=180 s, check=30 s, grace=90 s, python='C:\Users\Copter\AppData\Local\hermes\hermes-agent\venv\Scripts\python.exe')
[2026-09-03 09:07:42] Launching: C:\Users\Copter\AppData\Local\hermes\hermes-agent\venv\Scripts\python.exe main.py
[2026-09-03 09:07:42] main.py running (pid=30836)
[2026-09-04 08:57:00] WARN: lock file ค้างจาก pid=31256 (ตายไปแล้ว) — เคลียร์แล้วรันต่อ
[2026-09-04 08:57:02] Supervisor started (profile='demo-exness-433881786', stale=180 s, check=30 s, grace=90 s, python='C:\Users\Copter\AppData\Local\hermes\hermes-agent\venv\Scripts\python.exe')
[2026-09-04 08:57:02] Launching: C:\Users\Copter\AppData\Local\hermes\hermes-agent\venv\Scripts\python.exe main.py
[2026-09-04 08:57:02] main.py running (pid=26820)
[2026-09-04 12:50:55] WARN: lock file ค้างจาก pid=19752 (ตายไปแล้ว) — เคลียร์แล้วรันต่อ
[2026-09-04 12:50:56] Supervisor started (profile='demo-exness-433881786', stale=180 s, check=30 s, grace=90 s, python='C:\Users\Copter\AppData\Local\hermes\hermes-agent\venv\Scripts\python.exe')
[2026-09-04 12:50:56] Launching: C:\Users\Copter\AppData\Local\hermes\hermes-agent\venv\Scripts\python.exe main.py
[2026-09-04 12:50:56] main.py running (pid=28600)
[2026-09-04 13:20:57] main.py exited (code=) -> restart
[2026-09-04 13:20:57] Restarting in 5 s ...
[2026-09-04 13:21:02] Launching: C:\Users\Copter\AppData\Local\hermes\hermes-agent\venv\Scripts\python.exe main.py
[2026-09-04 13:21:02] main.py running (pid=26904)
[2026-09-04 13:38:03] main.py exited (code=) -> restart
[2026-09-04 13:38:03] Restarting in 5 s ...
[2026-09-04 13:38:08] Launching: C:\Users\Copter\AppData\Local\hermes\hermes-agent\venv\Scripts\python.exe main.py
[2026-09-04 13:38:08] main.py running (pid=12864)
[2026-09-04 17:21:43] WARN: lock file ค้างจาก pid=26296 (ตายไปแล้ว) — เคลียร์แล้วรันต่อ
[2026-09-04 17:21:44] Supervisor started (profile='demo-exness-433881786', stale=180 s, check=30 s, grace=90 s, python='C:\Users\Copter\AppData\Local\hermes\hermes-agent\venv\Scripts\python.exe')
[2026-09-04 17:21:44] Launching: C:\Users\Copter\AppData\Local\hermes\hermes-agent\venv\Scripts\python.exe main.py
[2026-09-04 17:21:44] main.py running (pid=37384)
[2026-09-04 18:03:42] WARN: lock file ค้างจาก pid=44292 (ตายไปแล้ว) — เคลียร์แล้วรันต่อ
[2026-09-04 18:03:43] Supervisor started (profile='demo-exness-433881786', stale=180 s, check=30 s, grace=90 s, python='C:\Users\Copter\AppData\Local\hermes\hermes-agent\venv\Scripts\python.exe')
[2026-09-04 18:03:43] Launching: C:\Users\Copter\AppData\Local\hermes\hermes-agent\venv\Scripts\python.exe main.py
[2026-09-04 18:03:43] main.py running (pid=51640)
[2026-09-04 20:18:57] WARN: lock file ค้างจาก pid=19528 (ตายไปแล้ว) — เคลียร์แล้วรันต่อ
[2026-09-04 20:18:59] Supervisor started (profile='demo-exness-433881786', stale=180 s, check=30 s, grace=90 s, python='C:\Users\Copter\AppData\Local\hermes\hermes-agent\venv\Scripts\python.exe')
[2026-09-04 20:18:59] Launching: C:\Users\Copter\AppData\Local\hermes\hermes-agent\venv\Scripts\python.exe main.py
[2026-09-04 20:18:59] main.py running (pid=50324)
[2026-09-06 22:33:41] WARN: lock file ค้างจาก pid=48144 (ตายไปแล้ว) — เคลียร์แล้วรันต่อ
[2026-09-06 22:33:42] Supervisor started (profile='demo-exness-433881786', stale=180 s, check=30 s, grace=90 s, python='C:\Users\Copter\AppData\Local\hermes\hermes-agent\venv\Scripts\python.exe')
[2026-09-06 22:33:42] Launching: C:\Users\Copter\AppData\Local\hermes\hermes-agent\venv\Scripts\python.exe main.py
[2026-09-06 22:33:42] main.py running (pid=28816)
[2026-09-07 09:02:45] WARN: lock file ค้างจาก pid=19748 (ตายไปแล้ว) — เคลียร์แล้วรันต่อ
[2026-09-07 09:02:46] Supervisor started (profile='demo-exness-433881786', stale=180 s, check=30 s, grace=90 s, python='C:\Users\Copter\AppData\Local\hermes\hermes-agent\venv\Scripts\python.exe')
[2026-09-07 09:02:46] Launching: C:\Users\Copter\AppData\Local\hermes\hermes-agent\venv\Scripts\python.exe main.py
[2026-09-07 09:02:46] main.py running (pid=31060)
[2026-09-08 08:59:37] WARN: lock file ค้างจาก pid=14692 (ตายไปแล้ว) — เคลียร์แล้วรันต่อ
[2026-09-08 08:59:37] Supervisor started (profile='demo-exness-433881786', stale=180 s, check=30 s, grace=90 s, python='C:\Users\Copter\AppData\Local\hermes\hermes-agent\venv\Scripts\python.exe')
[2026-09-08 08:59:37] Launching: C:\Users\Copter\AppData\Local\hermes\hermes-agent\venv\Scripts\python.exe main.py
[2026-09-08 08:59:38] main.py running (pid=19540)
[2026-09-08 17:40:16] WARN: lock file ค้างจาก pid=24292 (ตายไปแล้ว) — เคลียร์แล้วรันต่อ
[2026-09-08 17:40:17] Supervisor started (profile='demo-exness-433881786', stale=180 s, check=30 s, grace=90 s, python='C:\Users\Copter\AppData\Local\hermes\hermes-agent\venv\Scripts\python.exe')
[2026-09-08 17:40:17] Launching: C:\Users\Copter\AppData\Local\hermes\hermes-agent\venv\Scripts\python.exe main.py
[2026-09-08 17:40:17] main.py running (pid=24928)
[2026-09-08 18:14:55] WARN: lock file ค้างจาก pid=2680 (ตายไปแล้ว) — เคลียร์แล้วรันต่อ
[2026-09-08 18:14:56] Supervisor started (profile='demo-exness-433881786', stale=180 s, check=30 s, grace=90 s, python='C:\Users\Copter\AppData\Local\hermes\hermes-agent\venv\Scripts\python.exe')
[2026-09-08 18:14:56] Launching: C:\Users\Copter\AppData\Local\hermes\hermes-agent\venv\Scripts\python.exe main.py
[2026-09-08 18:14:56] main.py running (pid=47236)
[2026-09-08 22:36:32] WARN: lock file ค้างจาก pid=40260 (ตายไปแล้ว) — เคลียร์แล้วรันต่อ
[2026-09-08 22:36:34] Supervisor started (profile='demo-exness-433881786', stale=180 s, check=30 s, grace=90 s, python='C:\Users\Copter\AppData\Local\hermes\hermes-agent\venv\Scripts\python.exe')
[2026-09-08 22:36:34] Launching: C:\Users\Copter\AppData\Local\hermes\hermes-agent\venv\Scripts\python.exe main.py
[2026-09-08 22:36:34] main.py running (pid=13624)
[2026-09-08 23:18:20] WARN: lock file ค้างจาก pid=32536 (ตายไปแล้ว) — เคลียร์แล้วรันต่อ
[2026-09-08 23:18:21] Supervisor started (profile='demo-exness-433881786', stale=180 s, check=30 s, grace=90 s, python='C:\Users\Copter\AppData\Local\hermes\hermes-agent\venv\Scripts\python.exe')
[2026-09-08 23:18:21] Launching: C:\Users\Copter\AppData\Local\hermes\hermes-agent\venv\Scripts\python.exe main.py
[2026-09-08 23:18:21] main.py running (pid=41152)
[2026-09-09 09:00:15] WARN: lock file ค้างจาก pid=4524 (ตายไปแล้ว) — เคลียร์แล้วรันต่อ
[2026-09-09 09:00:16] Supervisor started (profile='demo-exness-433881786', stale=180 s, check=30 s, grace=90 s, python='C:\Users\Copter\AppData\Local\hermes\hermes-agent\venv\Scripts\python.exe')
[2026-09-09 09:00:16] Launching: C:\Users\Copter\AppData\Local\hermes\hermes-agent\venv\Scripts\python.exe main.py
[2026-09-09 09:00:16] main.py running (pid=26656)
[2026-09-09 14:13:02] WARN: lock file ค้างจาก pid=27624 (ตายไปแล้ว) — เคลียร์แล้วรันต่อ
[2026-09-09 14:13:04] Supervisor started (profile='demo-exness-433881786', stale=180 s, check=30 s, grace=90 s, python='C:\Users\Copter\AppData\Local\hermes\hermes-agent\venv\Scripts\python.exe')
[2026-09-09 14:13:04] Launching: C:\Users\Copter\AppData\Local\hermes\hermes-agent\venv\Scripts\python.exe main.py
[2026-09-09 14:13:04] main.py running (pid=28908)
[2026-09-09 15:03:33] WARN: lock file ค้างจาก pid=28820 (ตายไปแล้ว) — เคลียร์แล้วรันต่อ
[2026-09-09 15:03:34] Supervisor started (profile='demo-exness-433881786', stale=180 s, check=30 s, grace=90 s, python='C:\Users\Copter\AppData\Local\hermes\hermes-agent\venv\Scripts\python.exe')
[2026-09-09 15:03:34] Launching: C:\Users\Copter\AppData\Local\hermes\hermes-agent\venv\Scripts\python.exe main.py
[2026-09-09 15:03:34] main.py running (pid=27892)
[2026-09-10 08:57:42] WARN: lock file ค้างจาก pid=44488 (ตายไปแล้ว) — เคลียร์แล้วรันต่อ
[2026-09-10 08:57:42] Supervisor started (profile='demo-exness-433881786', stale=180 s, check=30 s, grace=90 s, python='C:\Users\Copter\AppData\Local\hermes\hermes-agent\venv\Scripts\python.exe')
[2026-09-10 08:57:42] Launching: C:\Users\Copter\AppData\Local\hermes\hermes-agent\venv\Scripts\python.exe main.py
[2026-09-10 08:57:42] main.py running (pid=12004)
[2026-09-10 10:56:29] WARN: lock file ค้างจาก pid=26012 (ตายไปแล้ว) — เคลียร์แล้วรันต่อ
[2026-09-10 10:56:31] Supervisor started (profile='demo-exness-433881786', stale=180 s, check=30 s, grace=90 s, python='C:\Users\Copter\AppData\Local\hermes\hermes-agent\venv\Scripts\python.exe')
[2026-09-10 10:56:31] Launching: C:\Users\Copter\AppData\Local\hermes\hermes-agent\venv\Scripts\python.exe main.py
[2026-09-10 10:56:31] main.py running (pid=30912)
[2026-09-10 17:34:59] WARN: lock file ค้างจาก pid=9868 (ตายไปแล้ว) — เคลียร์แล้วรันต่อ
[2026-09-10 17:35:00] Supervisor started (profile='demo-exness-433881786', stale=180 s, check=30 s, grace=90 s, python='C:\Users\Copter\AppData\Local\hermes\hermes-agent\venv\Scripts\python.exe')
[2026-09-10 17:35:00] Launching: C:\Users\Copter\AppData\Local\hermes\hermes-agent\venv\Scripts\python.exe main.py
[2026-09-10 17:35:00] main.py running (pid=30980)
[2026-09-11 08:23:37] WARN: lock file ค้างจาก pid=31672 (ตายไปแล้ว) — เคลียร์แล้วรันต่อ
[2026-09-11 08:23:38] Supervisor started (profile='demo-exness-433881786', stale=180 s, check=30 s, grace=90 s, python='C:\Users\Copter\AppData\Local\hermes\hermes-agent\venv\Scripts\python.exe')
[2026-09-11 08:23:38] Launching: C:\Users\Copter\AppData\Local\hermes\hermes-agent\venv\Scripts\python.exe main.py
[2026-09-11 08:23:38] main.py running (pid=26960)
[2026-09-13 23:09:16] WARN: lock file ค้างจาก pid=27056 (ตายไปแล้ว) — เคลียร์แล้วรันต่อ
[2026-09-13 23:09:17] Supervisor started (profile='demo-exness-433881786', stale=180 s, check=30 s, grace=90 s, python='C:\Users\Copter\AppData\Local\hermes\hermes-agent\venv\Scripts\python.exe')
[2026-09-13 23:09:17] Launching: C:\Users\Copter\AppData\Local\hermes\hermes-agent\venv\Scripts\python.exe main.py
[2026-09-13 23:09:17] main.py running (pid=968)
[2026-09-14 08:58:56] WARN: lock file ค้างจาก pid=33672 (ตายไปแล้ว) — เคลียร์แล้วรันต่อ
[2026-09-14 08:58:58] Supervisor started (profile='demo-exness-433881786', stale=180 s, check=30 s, grace=90 s, python='C:\Users\Copter\AppData\Local\hermes\hermes-agent\venv\Scripts\python.exe')
[2026-09-14 08:58:58] Launching: C:\Users\Copter\AppData\Local\hermes\hermes-agent\venv\Scripts\python.exe main.py
[2026-09-14 08:58:58] main.py running (pid=7332)
[2026-09-14 17:56:57] WARN: lock file ค้างจาก pid=26732 (ตายไปแล้ว) — เคลียร์แล้วรันต่อ
[2026-09-14 17:57:08] Supervisor started (profile='demo-exness-433881786', stale=180 s, check=30 s, grace=90 s, python='C:\Users\Copter\AppData\Local\hermes\hermes-agent\venv\Scripts\python.exe')
[2026-09-14 17:57:08] Launching: C:\Users\Copter\AppData\Local\hermes\hermes-agent\venv\Scripts\python.exe main.py
[2026-09-14 17:57:08] main.py running (pid=75004)
[2026-09-14 17:58:38] WARN: heartbeat missing/unreadable (up=90s) — wait next cycle
[2026-09-14 22:05:17] WARN: lock file ค้างจาก pid=80352 (ตายไปแล้ว) — เคลียร์แล้วรันต่อ
[2026-09-14 22:05:19] Supervisor started (profile='demo-exness-433881786', stale=180 s, check=30 s, grace=90 s, python='C:\Users\Copter\AppData\Local\hermes\hermes-agent\venv\Scripts\python.exe')
[2026-09-14 22:05:19] Launching: C:\Users\Copter\AppData\Local\hermes\hermes-agent\venv\Scripts\python.exe main.py
[2026-09-14 22:05:19] main.py running (pid=74320)
[2026-09-15 09:07:52] WARN: lock file ค้างจาก pid=28948 (ตายไปแล้ว) — เคลียร์แล้วรันต่อ
[2026-09-15 09:07:52] Supervisor started (profile='demo-exness-433881786', stale=180 s, check=30 s, grace=90 s, python='C:\Users\Copter\AppData\Local\hermes\hermes-agent\venv\Scripts\python.exe')
[2026-09-15 09:07:52] Launching: C:\Users\Copter\AppData\Local\hermes\hermes-agent\venv\Scripts\python.exe main.py
[2026-09-15 09:07:52] main.py running (pid=32972)
[2026-09-15 10:42:06] WARN: lock file ค้างจาก pid=33068 (ตายไปแล้ว) — เคลียร์แล้วรันต่อ
[2026-09-15 10:42:07] Supervisor started (profile='demo-exness-433881786', stale=180 s, check=30 s, grace=90 s, python='C:\Users\Copter\AppData\Local\hermes\hermes-agent\venv\Scripts\python.exe')
[2026-09-15 10:42:07] Launching: C:\Users\Copter\AppData\Local\hermes\hermes-agent\venv\Scripts\python.exe main.py
[2026-09-15 10:42:07] main.py running (pid=53156)
[2026-09-15 12:05:31] WARN: lock file ค้างจาก pid=59508 (ตายไปแล้ว) — เคลียร์แล้วรันต่อ
[2026-09-15 12:05:32] Supervisor started (profile='demo-exness-433881786', stale=180 s, check=30 s, grace=90 s, python='C:\Users\Copter\AppData\Local\hermes\hermes-agent\venv\Scripts\python.exe')
[2026-09-15 12:05:32] Launching: C:\Users\Copter\AppData\Local\hermes\hermes-agent\venv\Scripts\python.exe main.py
[2026-09-15 12:05:32] main.py running (pid=41804)
[2026-09-15 14:42:08] WARN: lock file ค้างจาก pid=50796 (ตายไปแล้ว) — เคลียร์แล้วรันต่อ
[2026-09-15 14:42:09] Supervisor started (profile='demo-exness-433881786', stale=180 s, check=30 s, grace=90 s, python='C:\Users\Copter\AppData\Local\hermes\hermes-agent\venv\Scripts\python.exe')
[2026-09-15 14:42:09] Launching: C:\Users\Copter\AppData\Local\hermes\hermes-agent\venv\Scripts\python.exe main.py
[2026-09-15 14:42:09] main.py running (pid=41116)
[2026-09-15 16:31:46] WARN: lock file ค้างจาก pid=46828 (ตายไปแล้ว) — เคลียร์แล้วรันต่อ
[2026-09-15 16:31:48] Supervisor started (profile='demo-exness-433881786', stale=180 s, check=30 s, grace=90 s, python='C:\Users\Copter\AppData\Local\hermes\hermes-agent\venv\Scripts\python.exe')
[2026-09-15 16:31:48] Launching: C:\Users\Copter\AppData\Local\hermes\hermes-agent\venv\Scripts\python.exe main.py
[2026-09-15 16:31:48] main.py running (pid=55220)
[2026-09-15 20:39:36] WARN: lock file ค้างจาก pid=71024 (ตายไปแล้ว) — เคลียร์แล้วรันต่อ
[2026-09-15 20:39:37] Supervisor started (profile='demo-exness-433881786', stale=180 s, check=30 s, grace=90 s, python='C:\Users\Copter\AppData\Local\hermes\hermes-agent\venv\Scripts\python.exe')
[2026-09-15 20:39:37] Launching: C:\Users\Copter\AppData\Local\hermes\hermes-agent\venv\Scripts\python.exe main.py
[2026-09-15 20:39:37] main.py running (pid=52804)
[2026-09-16 08:52:00] WARN: lock file ค้างจาก pid=37468 (ตายไปแล้ว) — เคลียร์แล้วรันต่อ
[2026-09-16 08:52:02] Supervisor started (profile='demo-exness-433881786', stale=180 s, check=30 s, grace=90 s, python='C:\Users\Copter\AppData\Local\hermes\hermes-agent\venv\Scripts\python.exe')
[2026-09-16 08:52:02] Launching: C:\Users\Copter\AppData\Local\hermes\hermes-agent\venv\Scripts\python.exe main.py
[2026-09-16 08:52:02] main.py running (pid=31252)
[2026-09-16 10:25:33] WARN: lock file ค้างจาก pid=13644 (ตายไปแล้ว) — เคลียร์แล้วรันต่อ
[2026-09-16 10:25:34] Supervisor started (profile='demo-exness-433881786', stale=180 s, check=30 s, grace=90 s, python='C:\Users\Copter\AppData\Local\hermes\hermes-agent\venv\Scripts\python.exe')
[2026-09-16 10:25:34] Launching: C:\Users\Copter\AppData\Local\hermes\hermes-agent\venv\Scripts\python.exe main.py
[2026-09-16 10:25:34] main.py running (pid=31292)
[2026-09-16 11:17:24] WARN: lock file ค้างจาก pid=34240 (ตายไปแล้ว) — เคลียร์แล้วรันต่อ
[2026-09-16 11:17:25] Supervisor started (profile='demo-exness-433881786', stale=180 s, check=30 s, grace=90 s, python='C:\Users\Copter\AppData\Local\hermes\hermes-agent\venv\Scripts\python.exe')
[2026-09-16 11:17:25] Launching: C:\Users\Copter\AppData\Local\hermes\hermes-agent\venv\Scripts\python.exe main.py
[2026-09-16 11:17:25] main.py running (pid=30744)
[2026-09-16 20:39:22] WARN: lock file ค้างจาก pid=35716 (ตายไปแล้ว) — เคลียร์แล้วรันต่อ
[2026-09-16 20:39:23] Supervisor started (profile='demo-exness-433881786', stale=180 s, check=30 s, grace=90 s, python='C:\Users\Copter\AppData\Local\hermes\hermes-agent\venv\Scripts\python.exe')
[2026-09-16 20:39:23] Launching: C:\Users\Copter\AppData\Local\hermes\hermes-agent\venv\Scripts\python.exe main.py
[2026-09-16 20:39:23] main.py running (pid=34024)
[2026-09-16 21:05:38] WARN: lock file ค้างจาก pid=22180 (ตายไปแล้ว) — เคลียร์แล้วรันต่อ
[2026-09-16 21:05:39] Supervisor started (profile='demo-exness-433881786', stale=180 s, check=30 s, grace=90 s, python='C:\Users\Copter\AppData\Local\hermes\hermes-agent\venv\Scripts\python.exe')
[2026-09-16 21:05:39] Launching: C:\Users\Copter\AppData\Local\hermes\hermes-agent\venv\Scripts\python.exe main.py
[2026-09-16 21:05:39] main.py running (pid=40952)
[2026-09-17 08:55:44] WARN: lock file ค้างจาก pid=17552 (ตายไปแล้ว) — เคลียร์แล้วรันต่อ
[2026-09-17 08:55:45] Supervisor started (profile='demo-exness-433881786', stale=180 s, check=30 s, grace=90 s, python='C:\Users\Copter\AppData\Local\hermes\hermes-agent\venv\Scripts\python.exe')
[2026-09-17 08:55:45] Launching: C:\Users\Copter\AppData\Local\hermes\hermes-agent\venv\Scripts\python.exe main.py
[2026-09-17 08:55:45] main.py running (pid=22408)
[2026-09-17 10:04:30] WARN: lock file ค้างจาก pid=20656 (ตายไปแล้ว) — เคลียร์แล้วรันต่อ
[2026-09-17 10:04:31] Supervisor started (profile='demo-exness-433881786', stale=180 s, check=30 s, grace=90 s, python='C:\Users\Copter\AppData\Local\hermes\hermes-agent\venv\Scripts\python.exe')
[2026-09-17 10:04:31] Launching: C:\Users\Copter\AppData\Local\hermes\hermes-agent\venv\Scripts\python.exe main.py
[2026-09-17 10:04:31] main.py running (pid=31332)
[2026-09-17 10:36:23] WARN: lock file ค้างจาก pid=44676 (ตายไปแล้ว) — เคลียร์แล้วรันต่อ
[2026-09-17 10:36:24] Supervisor started (profile='demo-exness-433881786', stale=180 s, check=30 s, grace=90 s, python='C:\Users\Copter\AppData\Local\hermes\hermes-agent\venv\Scripts\python.exe')
[2026-09-17 10:36:24] Launching: C:\Users\Copter\AppData\Local\hermes\hermes-agent\venv\Scripts\python.exe main.py
[2026-09-17 10:36:24] main.py running (pid=43172)
[2026-09-17 15:51:08] WARN: lock file ค้างจาก pid=34452 (ตายไปแล้ว) — เคลียร์แล้วรันต่อ
[2026-09-17 15:51:09] Supervisor started (profile='demo-exness-433881786', stale=180 s, check=30 s, grace=90 s, python='C:\Users\Copter\AppData\Local\hermes\hermes-agent\venv\Scripts\python.exe')
[2026-09-17 15:51:09] Launching: C:\Users\Copter\AppData\Local\hermes\hermes-agent\venv\Scripts\python.exe main.py
[2026-09-17 15:51:09] main.py running (pid=6964)
[2026-09-17 17:26:24] WARN: lock file ค้างจาก pid=10720 (ตายไปแล้ว) — เคลียร์แล้วรันต่อ
[2026-09-17 17:26:25] Supervisor started (profile='demo-exness-433881786', stale=180 s, check=30 s, grace=90 s, python='C:\Users\Copter\AppData\Local\hermes\hermes-agent\venv\Scripts\python.exe')
[2026-09-17 17:26:25] Launching: C:\Users\Copter\AppData\Local\hermes\hermes-agent\venv\Scripts\python.exe main.py
[2026-09-17 17:26:25] main.py running (pid=53632)
[2026-09-17 22:40:25] WARN: lock file ค้างจาก pid=50552 (ตายไปแล้ว) — เคลียร์แล้วรันต่อ
[2026-09-17 22:40:26] Supervisor started (profile='demo-exness-433881786', stale=180 s, check=30 s, grace=90 s, python='C:\Users\Copter\AppData\Local\hermes\hermes-agent\venv\Scripts\python.exe')
[2026-09-17 22:40:26] Launching: C:\Users\Copter\AppData\Local\hermes\hermes-agent\venv\Scripts\python.exe main.py
[2026-09-17 22:40:26] main.py running (pid=49104)
[2026-09-18 08:50:45] WARN: lock file ค้างจาก pid=50732 (ตายไปแล้ว) — เคลียร์แล้วรันต่อ
[2026-09-18 08:50:46] Supervisor started (profile='demo-exness-433881786', stale=180 s, check=30 s, grace=90 s, python='C:\Users\Copter\AppData\Local\hermes\hermes-agent\venv\Scripts\python.exe')
[2026-09-18 08:50:46] Launching: C:\Users\Copter\AppData\Local\hermes\hermes-agent\venv\Scripts\python.exe main.py
[2026-09-18 08:50:46] main.py running (pid=31924)
[2026-09-18 10:26:15] WARN: lock file ค้างจาก pid=32472 (ตายไปแล้ว) — เคลียร์แล้วรันต่อ
[2026-09-18 10:26:17] Supervisor started (profile='demo-exness-433881786', stale=180 s, check=30 s, grace=90 s, python='C:\Users\Copter\AppData\Local\hermes\hermes-agent\venv\Scripts\python.exe')
[2026-09-18 10:26:17] Launching: C:\Users\Copter\AppData\Local\hermes\hermes-agent\venv\Scripts\python.exe main.py
[2026-09-18 10:26:17] main.py running (pid=24420)
