lot=0.01

===== TF=M1 =====
{'strategy': 'S433', 'tf': 'M1', 'start': '2025-09-02 16:04:57', 'end': '2026-09-02 16:04:57', 'days': 365.0, 'spread': 0.2, 'lot': 0.01, 'elapsed_sec': 3.3, 'entries': 60379, 'flips': 51562, 'closed': 55759, 'wins': 17246, 'win_rate': 30.92953603902509, 'net_profit': -17054.840000000146, 'pnl_per_day': -46.72558904109629, 'profit_factor': 0.8083959857936414, 'max_drawdown': 17164.87000000015}
เขียน 55759 ไม้ลง D:\Project\Copter01_AI_Bot_2\strategy\s433\s433_trades_M1.csv
----------------------------------------
P&L        : -17054.84 USD
Win Rate   : 30.93%
Win/Order  : 17246/55759
Entries    : 60379 (flips=51562)
----------------------------------------
รายเดือน:
  2025-09: net=  -1019.20  closed=4490  winrate=29.0%
  2025-10: net=  -1177.70  closed=4992  winrate=30.7%
  2025-11: net=  -1547.74  closed=4428  winrate=29.9%
  2025-12: net=   -935.16  closed=4592  winrate=30.7%
  2026-01: net=  -1572.83  closed=4501  winrate=31.9%
  2026-02: net=  -2111.10  closed=4335  winrate=30.6%
  2026-03: net=  -1151.36  closed=4741  winrate=32.8%
  2026-04: net=  -1546.33  closed=4571  winrate=32.6%
  2026-05: net=  -1384.61  closed=4578  winrate=31.4%
  2026-06: net=  -1947.05  closed=4770  winrate=29.6%
  2026-07: net=  -1665.41  closed=5012  winrate=30.0%
  2026-08: net=  -1098.25  closed=4454  winrate=31.6%
  2026-09: net=    101.90  closed= 295  winrate=38.0%
----------------------------------------

===== TF=M5 =====
{'strategy': 'S433', 'tf': 'M5', 'start': '2025-09-02 16:04:57', 'end': '2026-09-02 16:04:57', 'days': 365.0, 'spread': 0.2, 'lot': 0.01, 'elapsed_sec': 0.8, 'entries': 11989, 'flips': 10337, 'closed': 11052, 'wins': 3663, 'win_rate': 33.14332247557003, 'net_profit': -3683.0299999999943, 'pnl_per_day': -10.090493150684916, 'profit_factor': 0.9014678047403671, 'max_drawdown': 3973.669999999996}
เขียน 11052 ไม้ลง D:\Project\Copter01_AI_Bot_2\strategy\s433\s433_trades_M5.csv
----------------------------------------
P&L        : -3683.03 USD
Win Rate   : 33.14%
Win/Order  : 3663/11052
Entries    : 11989 (flips=10337)
----------------------------------------
รายเดือน:
  2025-09: net=    -11.67  closed= 828  winrate=32.7%
  2025-10: net=   -183.76  closed= 953  winrate=34.6%
  2025-11: net=    -68.72  closed= 801  winrate=34.6%
  2025-12: net=   -422.32  closed= 987  winrate=31.4%
  2026-01: net=     76.00  closed= 896  winrate=33.9%
  2026-02: net=   -119.18  closed= 852  winrate=35.9%
  2026-03: net=   -310.09  closed= 962  winrate=33.5%
  2026-04: net=   -797.32  closed= 899  winrate=32.6%
  2026-05: net=   -477.97  closed= 970  winrate=31.9%
  2026-06: net=   -570.47  closed= 982  winrate=30.8%
  2026-07: net=   -543.66  closed=1014  winrate=32.5%
  2026-08: net=   -246.45  closed= 842  winrate=34.0%
  2026-09: net=     -7.42  closed=  66  winrate=34.8%
----------------------------------------

===== TF=M15 =====
{'strategy': 'S433', 'tf': 'M15', 'start': '2025-09-02 16:04:57', 'end': '2026-09-02 16:04:57', 'days': 365.0, 'spread': 0.2, 'lot': 0.01, 'elapsed_sec': 0.3, 'entries': 4033, 'flips': 3436, 'closed': 3616, 'wins': 1169, 'win_rate': 32.32853982300885, 'net_profit': -2242.720000000002, 'pnl_per_day': -6.14443835616439, 'profit_factor': 0.8969159638411613, 'max_drawdown': 2329.640000000002}
เขียน 3616 ไม้ลง D:\Project\Copter01_AI_Bot_2\strategy\s433\s433_trades_M15.csv
----------------------------------------
P&L        : -2242.72 USD
Win Rate   : 32.33%
Win/Order  : 1169/3616
Entries    : 4033 (flips=3436)
----------------------------------------
รายเดือน:
  2025-09: net=   -112.52  closed= 296  winrate=29.7%
  2025-10: net=   -111.86  closed= 319  winrate=32.9%
  2025-11: net=     22.84  closed= 263  winrate=36.5%
  2025-12: net=     34.58  closed= 308  winrate=30.8%
  2026-01: net=   -429.62  closed= 307  winrate=30.6%
  2026-02: net=    198.99  closed= 272  winrate=32.4%
  2026-03: net=    -98.35  closed= 290  winrate=36.9%
  2026-04: net=   -480.13  closed= 325  winrate=34.8%
  2026-05: net=   -473.72  closed= 292  winrate=26.7%
  2026-06: net=   -359.24  closed= 302  winrate=33.1%
  2026-07: net=   -174.56  closed= 309  winrate=32.0%
  2026-08: net=   -239.64  closed= 314  winrate=32.2%
  2026-09: net=    -19.49  closed=  19  winrate=26.3%
----------------------------------------

===== TF=M30 =====
{'strategy': 'S433', 'tf': 'M30', 'start': '2025-09-02 16:04:57', 'end': '2026-09-02 16:04:57', 'days': 365.0, 'spread': 0.2, 'lot': 0.01, 'elapsed_sec': 0.2, 'entries': 1942, 'flips': 1645, 'closed': 1716, 'wins': 596, 'win_rate': 34.731934731934736, 'net_profit': 369.6899999999982, 'pnl_per_day': 1.012849315068488, 'profit_factor': 1.0253080414934395, 'max_drawdown': 883.47}
เขียน 1716 ไม้ลง D:\Project\Copter01_AI_Bot_2\strategy\s433\s433_trades_M30.csv
----------------------------------------
P&L        : 369.69 USD
Win Rate   : 34.73%
Win/Order  : 596/1716
Entries    : 1942 (flips=1645)
----------------------------------------
รายเดือน:
  2025-09: net=     99.53  closed= 124  winrate=33.1%
  2025-10: net=    -35.27  closed= 155  winrate=34.8%
  2025-11: net=    163.33  closed= 138  winrate=34.1%
  2025-12: net=   -168.64  closed= 145  winrate=31.7%
  2026-01: net=    -14.14  closed= 146  winrate=30.8%
  2026-02: net=   -581.33  closed= 130  winrate=37.7%
  2026-03: net=    643.87  closed= 134  winrate=37.3%
  2026-04: net=    233.17  closed= 135  winrate=32.6%
  2026-05: net=    -22.15  closed= 168  winrate=35.7%
  2026-06: net=    233.61  closed= 146  winrate=36.3%
  2026-07: net=     99.97  closed= 149  winrate=37.6%
  2026-08: net=   -256.21  closed= 135  winrate=35.6%
  2026-09: net=    -26.05  closed=  11  winrate=27.3%
----------------------------------------

===== TF=H1 =====
{'strategy': 'S433', 'tf': 'H1', 'start': '2025-09-02 16:04:57', 'end': '2026-09-02 16:04:57', 'days': 365.0, 'spread': 0.2, 'lot': 0.01, 'elapsed_sec': 0.1, 'entries': 1030, 'flips': 877, 'closed': 892, 'wins': 308, 'win_rate': 34.52914798206278, 'net_profit': -786.440000000001, 'pnl_per_day': -2.154630136986304, 'profit_factor': 0.9316964118990202, 'max_drawdown': 1786.01}
เขียน 892 ไม้ลง D:\Project\Copter01_AI_Bot_2\strategy\s433\s433_trades_H1.csv
----------------------------------------
P&L        : -786.44 USD
Win Rate   : 34.53%
Win/Order  : 308/892
Entries    : 1030 (flips=877)
----------------------------------------
รายเดือน:
  2025-09: net=   -156.50  closed=  81  winrate=33.3%
  2025-10: net=    230.01  closed=  69  winrate=39.1%
  2025-11: net=    -86.88  closed=  68  winrate=33.8%
  2025-12: net=   -202.90  closed=  76  winrate=32.9%
  2026-01: net=    425.28  closed=  73  winrate=41.1%
  2026-02: net=  -1093.12  closed=  93  winrate=23.7%
  2026-03: net=   -216.98  closed=  84  winrate=29.8%
  2026-04: net=    231.46  closed=  59  winrate=39.0%
  2026-05: net=    259.65  closed=  66  winrate=40.9%
  2026-06: net=     98.63  closed=  67  winrate=41.8%
  2026-07: net=   -349.17  closed=  76  winrate=30.3%
  2026-08: net=     65.66  closed=  72  winrate=34.7%
  2026-09: net=      8.42  closed=   8  winrate=37.5%
----------------------------------------

===== TF=H4 =====
{'strategy': 'S433', 'tf': 'H4', 'start': '2025-09-02 16:04:57', 'end': '2026-09-02 16:04:57', 'days': 365.0, 'spread': 0.2, 'lot': 0.01, 'elapsed_sec': 0.0, 'entries': 276, 'flips': 223, 'closed': 206, 'wins': 86, 'win_rate': 41.74757281553398, 'net_profit': 1822.700000000001, 'pnl_per_day': 4.993698630136989, 'profit_factor': 1.4022883224486469, 'max_drawdown': 453.43999999999915}
เขียน 206 ไม้ลง D:\Project\Copter01_AI_Bot_2\strategy\s433\s433_trades_H4.csv
----------------------------------------
P&L        : 1822.70 USD
Win Rate   : 41.75%
Win/Order  : 86/206
Entries    : 276 (flips=223)
----------------------------------------
รายเดือน:
  2025-09: net=    129.98  closed=  15  winrate=46.7%
  2025-10: net=    251.12  closed=  20  winrate=40.0%
  2025-11: net=    153.90  closed=  23  winrate=30.4%
  2025-12: net=    216.65  closed=  16  winrate=43.8%
  2026-01: net=    449.51  closed=  12  winrate=58.3%
  2026-02: net=     16.80  closed=  16  winrate=31.2%
  2026-03: net=    418.92  closed=  18  winrate=50.0%
  2026-04: net=     -7.17  closed=  18  winrate=50.0%
  2026-05: net=    124.94  closed=  20  winrate=35.0%
  2026-06: net=    258.20  closed=  15  winrate=60.0%
  2026-07: net=     63.94  closed=  14  winrate=35.7%
  2026-08: net=   -246.56  closed=  16  winrate=25.0%
  2026-09: net=     -7.53  closed=   3  winrate=66.7%
----------------------------------------

===== TF=H12 =====
{'strategy': 'S433', 'tf': 'H12', 'start': '2025-09-02 16:04:57', 'end': '2026-09-02 16:04:57', 'days': 365.0, 'spread': 0.2, 'lot': 0.01, 'elapsed_sec': 0.0, 'entries': 133, 'flips': 112, 'closed': 79, 'wins': 32, 'win_rate': 40.50632911392405, 'net_profit': 1456.9900000000002, 'pnl_per_day': 3.991753424657535, 'profit_factor': 1.5337507143589817, 'max_drawdown': 612.7599999999998}
เขียน 79 ไม้ลง D:\Project\Copter01_AI_Bot_2\strategy\s433\s433_trades_H12.csv
----------------------------------------
P&L        : 1456.99 USD
Win Rate   : 40.51%
Win/Order  : 32/79
Entries    : 133 (flips=112)
----------------------------------------
รายเดือน:
  2025-09: net=     42.06  closed=   3  winrate=33.3%
  2025-10: net=    323.70  closed=  14  winrate=28.6%
  2025-11: net=    125.12  closed=   2  winrate=100.0%
  2025-12: net=    117.43  closed=   5  winrate=40.0%
  2026-01: net=    267.93  closed=   6  winrate=50.0%
  2026-02: net=     25.60  closed=   7  winrate=28.6%
  2026-03: net=    455.68  closed=   4  winrate=75.0%
  2026-04: net=   -388.55  closed=  10  winrate=30.0%
  2026-05: net=     38.01  closed=   6  winrate=33.3%
  2026-06: net=    138.18  closed=   9  winrate=44.4%
  2026-07: net=   -204.36  closed=   8  winrate=25.0%
  2026-08: net=    201.80  closed=   4  winrate=75.0%
  2026-09: net=    314.39  closed=   1  winrate=100.0%
----------------------------------------

===== TF=D1 =====
{'strategy': 'S433', 'tf': 'D1', 'start': '2025-09-02 16:04:57', 'end': '2026-09-02 16:04:57', 'days': 365.0, 'spread': 0.2, 'lot': 0.01, 'elapsed_sec': 0.0, 'entries': 99, 'flips': 77, 'closed': 32, 'wins': 13, 'win_rate': 40.625, 'net_profit': 600.1300000000003, 'pnl_per_day': 1.6441917808219186, 'profit_factor': 1.345227685864838, 'max_drawdown': 996.7199999999999}
เขียน 32 ไม้ลง D:\Project\Copter01_AI_Bot_2\strategy\s433\s433_trades_D1.csv
----------------------------------------
P&L        : 600.13 USD
Win Rate   : 40.62%
Win/Order  : 13/32
Entries    : 99 (flips=77)
----------------------------------------
รายเดือน:
  2025-09: net=    -65.83  closed=   1  winrate=0.0%
  2025-10: net=    195.64  closed=   1  winrate=100.0%
  2025-11: net=     55.50  closed=   3  winrate=66.7%
  2025-12: net=    -88.34  closed=   3  winrate=33.3%
  2026-01: net=    243.78  closed=   2  winrate=50.0%
  2026-02: net=    -98.80  closed=   1  winrate=0.0%
  2026-03: net=    721.32  closed=   2  winrate=100.0%
  2026-04: net=    296.47  closed=   1  winrate=100.0%
  2026-05: net=    -44.77  closed=   3  winrate=33.3%
  2026-06: net=   -437.96  closed=   5  winrate=20.0%
  2026-07: net=   -378.70  closed=   5  winrate=0.0%
  2026-08: net=    201.82  closed=   5  winrate=60.0%
----------------------------------------

===== สรุปเทียบทุก TF =====
TF             P&L   WinRate   Win/Order        PF     MaxDD   Entries
M1       -17054.84     30.9% 17246/55759      0.81  17164.87     60379
M5        -3683.03     33.1%  3663/11052      0.90   3973.67     11989
M15       -2242.72     32.3%   1169/3616      0.90   2329.64      4033
M30         369.69     34.7%    596/1716      1.03    883.47      1942
H1         -786.44     34.5%     308/892      0.93   1786.01      1030
H4         1822.70     41.7%      86/206      1.40    453.44       276
H12        1456.99     40.5%       32/79      1.53    612.76       133
D1          600.13     40.6%       13/32      1.35    996.72        99

===== สรุปรายเดือน x TF (net PnL) =====
Month             M1          M5         M15         M30          H1          H4         H12          D1
2025-09     -1019.20      -11.67     -112.52       99.53     -156.50      129.98       42.06      -65.83
2025-10     -1177.70     -183.76     -111.86      -35.27      230.01      251.12      323.70      195.64
2025-11     -1547.74      -68.72       22.84      163.33      -86.88      153.90      125.12       55.50
2025-12      -935.16     -422.32       34.58     -168.64     -202.90      216.65      117.43      -88.34
2026-01     -1572.83       76.00     -429.62      -14.14      425.28      449.51      267.93      243.78
2026-02     -2111.10     -119.18      198.99     -581.33    -1093.12       16.80       25.60      -98.80
2026-03     -1151.36     -310.09      -98.35      643.87     -216.98      418.92      455.68      721.32
2026-04     -1546.33     -797.32     -480.13      233.17      231.46       -7.17     -388.55      296.47
2026-05     -1384.61     -477.97     -473.72      -22.15      259.65      124.94       38.01      -44.77
2026-06     -1947.05     -570.47     -359.24      233.61       98.63      258.20      138.18     -437.96
2026-07     -1665.41     -543.66     -174.56       99.97     -349.17       63.94     -204.36     -378.70
2026-08     -1098.25     -246.45     -239.64     -256.21       65.66     -246.56      201.80      201.82
2026-09       101.90       -7.42      -19.49      -26.05        8.42       -7.53      314.39          --

เขียนสรุป JSON ลง s433_summary_365d.json
