lot=0.01

===== TF=M1 =====
{'strategy': 'S434', 'tf': 'M1', 'start': '2025-09-02 16:38:46', 'end': '2026-09-02 16:38:46', 'days': 365.0, 'spread': 0.2, 'lot': 0.01, 'elapsed_sec': 2.1, 'entries': 211554, 'closed': 194857, 'wins': 99876, 'win_rate': 51.256049307954044, 'net_profit': -69938.37999998718, 'pnl_per_day': -191.6119999999649, 'profit_factor': 0.4839223781798105, 'max_drawdown': 69943.03999998726}
เขียน 194857 ไม้ลง s434_trades_tuned_M1.csv
----------------------------------------
P&L        : -69938.38 USD
Win Rate   : 51.26%
Win/Order  : 99876/194857
Entries    : 211554
----------------------------------------
รายเดือน:
  2025-09: net=  -4344.64  closed=15802  winrate=36.6%
  2025-10: net=  -5863.56  closed=17415  winrate=51.5%
  2025-11: net=  -4805.49  closed=15252  winrate=49.1%
  2025-12: net=  -5063.47  closed=16852  winrate=46.5%
  2026-01: net=  -5747.81  closed=16259  winrate=55.2%
  2026-02: net=  -7536.93  closed=14809  winrate=57.3%
  2026-03: net=  -8401.51  closed=16893  winrate=59.0%
  2026-04: net=  -5543.38  closed=15480  winrate=55.4%
  2026-05: net=  -5557.78  closed=15640  winrate=52.5%
  2026-06: net=  -6323.73  closed=16011  winrate=52.6%
  2026-07: net=  -5331.37  closed=17206  winrate=49.2%
  2026-08: net=  -4952.57  closed=15932  winrate=50.7%
  2026-09: net=   -466.14  closed=1306  winrate=49.3%
----------------------------------------

===== TF=M5 =====
{'strategy': 'S434', 'tf': 'M5', 'start': '2025-09-02 16:38:46', 'end': '2026-09-02 16:38:46', 'days': 365.0, 'spread': 0.2, 'lot': 0.01, 'elapsed_sec': 0.8, 'entries': 40441, 'closed': 37200, 'wins': 25953, 'win_rate': 69.76612903225806, 'net_profit': -14453.71000000033, 'pnl_per_day': -39.59920547945296, 'profit_factor': 0.7358078403073272, 'max_drawdown': 14456.13000000033}
เขียน 37200 ไม้ลง s434_trades_tuned_M5.csv
----------------------------------------
P&L        : -14453.71 USD
Win Rate   : 69.77%
Win/Order  : 25953/37200
Entries    : 40441
----------------------------------------
รายเดือน:
  2025-09: net=   -890.89  closed=2944  winrate=61.1%
  2025-10: net=  -1118.80  closed=3271  winrate=69.3%
  2025-11: net=   -999.84  closed=2779  winrate=68.8%
  2025-12: net=   -819.30  closed=3063  winrate=68.5%
  2026-01: net=  -1220.52  closed=3101  winrate=70.2%
  2026-02: net=  -1289.97  closed=2829  winrate=74.2%
  2026-03: net=  -1475.27  closed=3195  winrate=74.9%
  2026-04: net=  -1630.80  closed=2925  winrate=70.6%
  2026-05: net=  -1221.97  closed=3153  winrate=70.7%
  2026-06: net=  -1244.96  closed=3097  winrate=71.0%
  2026-07: net=  -1025.43  closed=3365  winrate=69.1%
  2026-08: net=  -1415.53  closed=3194  winrate=68.8%
  2026-09: net=   -100.43  closed= 284  winrate=67.3%
----------------------------------------

===== TF=M15 =====
{'strategy': 'S434', 'tf': 'M15', 'start': '2025-09-02 16:38:46', 'end': '2026-09-02 16:38:46', 'days': 365.0, 'spread': 0.2, 'lot': 0.01, 'elapsed_sec': 0.2, 'entries': 12561, 'closed': 11410, 'wins': 8517, 'win_rate': 74.6450482033304, 'net_profit': -9202.19000000004, 'pnl_per_day': -25.211479452054906, 'profit_factor': 0.7262499516589175, 'max_drawdown': 9262.49000000004}
เขียน 11410 ไม้ลง s434_trades_tuned_M15.csv
----------------------------------------
P&L        : -9202.19 USD
Win Rate   : 74.65%
Win/Order  : 8517/11410
Entries    : 12561
----------------------------------------
รายเดือน:
  2025-09: net=   -467.98  closed= 911  winrate=69.4%
  2025-10: net=  -1150.52  closed=1079  winrate=72.9%
  2025-11: net=   -459.84  closed= 859  winrate=76.6%
  2025-12: net=   -400.10  closed= 929  winrate=74.5%
  2026-01: net=   -677.10  closed= 928  winrate=76.1%
  2026-02: net=  -1060.49  closed= 867  winrate=77.6%
  2026-03: net=  -1355.88  closed= 958  winrate=75.7%
  2026-04: net=   -678.45  closed= 915  winrate=76.5%
  2026-05: net=   -663.24  closed= 936  winrate=76.0%
  2026-06: net=   -734.15  closed= 969  winrate=75.1%
  2026-07: net=  -1029.81  closed= 912  winrate=72.6%
  2026-08: net=   -546.16  closed=1050  winrate=73.4%
  2026-09: net=     21.53  closed=  97  winrate=74.2%
----------------------------------------

===== TF=M30 =====
{'strategy': 'S434', 'tf': 'M30', 'start': '2025-09-02 16:38:46', 'end': '2026-09-02 16:38:46', 'days': 365.0, 'spread': 0.2, 'lot': 0.01, 'elapsed_sec': 0.1, 'entries': 6278, 'closed': 5626, 'wins': 4362, 'win_rate': 77.53288304301458, 'net_profit': -3715.2599999999934, 'pnl_per_day': -10.178794520547926, 'profit_factor': 0.8365289719469889, 'max_drawdown': 3737.589999999994}
เขียน 5626 ไม้ลง s434_trades_tuned_M30.csv
----------------------------------------
P&L        : -3715.26 USD
Win Rate   : 77.53%
Win/Order  : 4362/5626
Entries    : 6278
----------------------------------------
รายเดือน:
  2025-09: net=   -271.89  closed= 427  winrate=72.4%
  2025-10: net=   -283.96  closed= 490  winrate=74.3%
  2025-11: net=   -199.96  closed= 435  winrate=80.7%
  2025-12: net=    -87.19  closed= 440  winrate=78.4%
  2026-01: net=   -514.08  closed= 449  winrate=77.3%
  2026-02: net=   -812.50  closed= 418  winrate=77.8%
  2026-03: net=     91.52  closed= 465  winrate=79.1%
  2026-04: net=   -209.44  closed= 475  winrate=80.0%
  2026-05: net=   -674.80  closed= 454  winrate=75.3%
  2026-06: net=    -37.18  closed= 509  winrate=78.8%
  2026-07: net=   -322.68  closed= 509  winrate=77.6%
  2026-08: net=   -359.02  closed= 508  winrate=78.1%
  2026-09: net=    -34.08  closed=  47  winrate=80.9%
----------------------------------------

===== TF=H1 =====
{'strategy': 'S434', 'tf': 'H1', 'start': '2025-09-02 16:38:46', 'end': '2026-09-02 16:38:46', 'days': 365.0, 'spread': 0.2, 'lot': 0.01, 'elapsed_sec': 0.0, 'entries': 1120, 'closed': 968, 'wins': 357, 'win_rate': 36.8801652892562, 'net_profit': 2507.5699999999983, 'pnl_per_day': 6.870054794520543, 'profit_factor': 1.190449318730729, 'max_drawdown': 551.2499999999998}
เขียน 968 ไม้ลง s434_trades_tuned_H1.csv
----------------------------------------
P&L        : 2507.57 USD
Win Rate   : 36.88%
Win/Order  : 357/968
Entries    : 1120
----------------------------------------
รายเดือน:
  2025-09: net=    167.75  closed=  77  winrate=41.6%
  2025-10: net=    601.02  closed=  88  winrate=46.6%
  2025-11: net=   -131.82  closed=  74  winrate=32.4%
  2025-12: net=   -112.84  closed=  99  winrate=31.3%
  2026-01: net=    759.08  closed=  88  winrate=38.6%
  2026-02: net=    397.11  closed=  73  winrate=31.5%
  2026-03: net=     65.98  closed=  68  winrate=35.3%
  2026-04: net=     78.12  closed=  71  winrate=35.2%
  2026-05: net=    -47.84  closed=  87  winrate=32.2%
  2026-06: net=    609.66  closed=  75  winrate=46.7%
  2026-07: net=    -61.89  closed=  87  winrate=33.3%
  2026-08: net=    101.24  closed=  74  winrate=36.5%
  2026-09: net=     82.00  closed=   7  winrate=57.1%
----------------------------------------

===== TF=H4 =====
{'strategy': 'S434', 'tf': 'H4', 'start': '2025-09-02 16:38:46', 'end': '2026-09-02 16:38:46', 'days': 365.0, 'spread': 0.2, 'lot': 0.01, 'elapsed_sec': 0.0, 'entries': 248, 'closed': 188, 'wins': 56, 'win_rate': 29.78723404255319, 'net_profit': 1646.8299999999997, 'pnl_per_day': 4.51186301369863, 'profit_factor': 1.3006755399755348, 'max_drawdown': 794.52}
เขียน 188 ไม้ลง s434_trades_tuned_H4.csv
----------------------------------------
P&L        : 1646.83 USD
Win Rate   : 29.79%
Win/Order  : 56/188
Entries    : 248
----------------------------------------
รายเดือน:
  2025-09: net=    -38.20  closed=  19  winrate=21.1%
  2025-10: net=    417.30  closed=  22  winrate=36.4%
  2025-11: net=    241.73  closed=   9  winrate=44.4%
  2025-12: net=   -231.95  closed=  23  winrate=17.4%
  2026-01: net=    395.32  closed=  28  winrate=28.6%
  2026-02: net=   -380.00  closed=   5  winrate=0.0%
  2026-03: net=    213.52  closed=  21  winrate=33.3%
  2026-04: net=    279.36  closed=  13  winrate=30.8%
  2026-05: net=    256.05  closed=   9  winrate=44.4%
  2026-06: net=    312.78  closed=  16  winrate=37.5%
  2026-07: net=   -349.61  closed=  13  winrate=7.7%
  2026-08: net=    396.09  closed=   9  winrate=55.6%
  2026-09: net=    134.44  closed=   1  winrate=100.0%
----------------------------------------

===== TF=H12 =====
{'strategy': 'S434', 'tf': 'H12', 'start': '2025-09-02 16:38:46', 'end': '2026-09-02 16:38:46', 'days': 365.0, 'spread': 0.2, 'lot': 0.01, 'elapsed_sec': 0.0, 'entries': 245, 'closed': 139, 'wins': 115, 'win_rate': 82.73381294964028, 'net_profit': 3318.45, 'pnl_per_day': 9.091643835616438, 'profit_factor': 2.0603601156715814, 'max_drawdown': 365.62000000000035}
เขียน 139 ไม้ลง s434_trades_tuned_H12.csv
----------------------------------------
P&L        : 3318.45 USD
Win Rate   : 82.73%
Win/Order  : 115/139
Entries    : 245
----------------------------------------
รายเดือน:
  2025-09: net=    334.63  closed=  14  winrate=100.0%
  2025-10: net=     27.57  closed=  13  winrate=69.2%
  2025-11: net=   -218.81  closed=   8  winrate=62.5%
  2025-12: net=    118.59  closed=  14  winrate=78.6%
  2026-01: net=    841.38  closed=  18  winrate=88.9%
  2026-02: net=    684.99  closed=   4  winrate=100.0%
  2026-03: net=    317.83  closed=  11  winrate=81.8%
  2026-04: net=    246.88  closed=   7  winrate=85.7%
  2026-05: net=    232.55  closed=  12  winrate=83.3%
  2026-06: net=    283.19  closed=  12  winrate=83.3%
  2026-07: net=   -194.34  closed=   9  winrate=55.6%
  2026-08: net=    534.77  closed=  15  winrate=93.3%
  2026-09: net=    109.22  closed=   2  winrate=100.0%
----------------------------------------

===== TF=D1 =====
{'strategy': 'S434', 'tf': 'D1', 'start': '2025-09-02 16:38:46', 'end': '2026-09-02 16:38:46', 'days': 365.0, 'spread': 0.2, 'lot': 0.01, 'elapsed_sec': 0.0, 'entries': 164, 'closed': 65, 'wins': 38, 'win_rate': 58.46153846153847, 'net_profit': 2833.9199999999996, 'pnl_per_day': 7.764164383561643, 'profit_factor': 2.1636315856467694, 'max_drawdown': 653.4499999999998}
เขียน 65 ไม้ลง s434_trades_tuned_D1.csv
----------------------------------------
P&L        : 2833.92 USD
Win Rate   : 58.46%
Win/Order  : 38/65
Entries    : 164
----------------------------------------
รายเดือน:
  2025-09: net=     94.40  closed=   5  winrate=60.0%
  2025-10: net=     79.78  closed=  11  winrate=45.5%
  2025-11: net=     20.63  closed=   4  winrate=50.0%
  2025-12: net=    289.62  closed=   5  winrate=80.0%
  2026-01: net=    988.79  closed=  10  winrate=80.0%
  2026-02: net=    665.96  closed=   2  winrate=100.0%
  2026-03: net=    669.84  closed=   7  winrate=71.4%
  2026-05: net=   -318.87  closed=   5  winrate=20.0%
  2026-06: net=     -2.76  closed=   5  winrate=40.0%
  2026-07: net=    -64.70  closed=   3  winrate=33.3%
  2026-08: net=    268.11  closed=   7  winrate=57.1%
  2026-09: net=    143.12  closed=   1  winrate=100.0%
----------------------------------------

===== สรุปเทียบทุก TF =====
TF             P&L   WinRate   Win/Order        PF     MaxDD   Entries
M1       -69938.38     51.3%99876/194857      0.48  69943.04    211554
M5       -14453.71     69.8% 25953/37200      0.74  14456.13     40441
M15       -9202.19     74.6%  8517/11410      0.73   9262.49     12561
M30       -3715.26     77.5%   4362/5626      0.84   3737.59      6278
H1         2507.57     36.9%     357/968      1.19    551.25      1120
H4         1646.83     29.8%      56/188      1.30    794.52       248
H12        3318.45     82.7%     115/139      2.06    365.62       245
D1         2833.92     58.5%       38/65      2.16    653.45       164

===== สรุปรายเดือน x TF (net PnL) =====
Month             M1          M5         M15         M30          H1          H4         H12          D1
2025-09     -4344.64     -890.89     -467.98     -271.89      167.75      -38.20      334.63       94.40
2025-10     -5863.56    -1118.80    -1150.52     -283.96      601.02      417.30       27.57       79.78
2025-11     -4805.49     -999.84     -459.84     -199.96     -131.82      241.73     -218.81       20.63
2025-12     -5063.47     -819.30     -400.10      -87.19     -112.84     -231.95      118.59      289.62
2026-01     -5747.81    -1220.52     -677.10     -514.08      759.08      395.32      841.38      988.79
2026-02     -7536.93    -1289.97    -1060.49     -812.50      397.11     -380.00      684.99      665.96
2026-03     -8401.51    -1475.27    -1355.88       91.52       65.98      213.52      317.83      669.84
2026-04     -5543.38    -1630.80     -678.45     -209.44       78.12      279.36      246.88          --
2026-05     -5557.78    -1221.97     -663.24     -674.80      -47.84      256.05      232.55     -318.87
2026-06     -6323.73    -1244.96     -734.15      -37.18      609.66      312.78      283.19       -2.76
2026-07     -5331.37    -1025.43    -1029.81     -322.68      -61.89     -349.61     -194.34      -64.70
2026-08     -4952.57    -1415.53     -546.16     -359.02      101.24      396.09      534.77      268.11
2026-09      -466.14     -100.43       21.53      -34.08       82.00      134.44      109.22      143.12

เขียนสรุป JSON ลง s434_summary_365d_tuned.json
