lot=0.01

===== TF=M1 =====
{'strategy': 'S434', 'tf': 'M1', 'start': '2025-09-02 16:32:26', 'end': '2026-09-02 16:32:26', 'days': 365.0, 'spread': 0.2, 'lot': 0.01, 'elapsed_sec': 5.5, 'entries': 211550, 'closed': 194854, 'wins': 99874, 'win_rate': 51.25581204388927, 'net_profit': -69940.81999998719, 'pnl_per_day': -191.61868493147173, 'profit_factor': 0.483909666803261, 'max_drawdown': 69944.77999998725}
เขียน 194854 ไม้ลง s434_trades_M1.csv
----------------------------------------
P&L        : -69940.82 USD
Win Rate   : 51.26%
Win/Order  : 99874/194854
Entries    : 211550
----------------------------------------
รายเดือน:
  2025-09: net=  -4346.38  closed=15803  winrate=36.6%
  2025-10: net=  -5863.56  closed=17415  winrate=51.5%
  2025-11: net=  -4805.49  closed=15252  winrate=49.1%
  2025-12: net=  -5063.47  closed=16852  winrate=46.5%
  2026-01: net=  -5747.81  closed=16259  winrate=55.2%
  2026-02: net=  -7536.93  closed=14809  winrate=57.3%
  2026-03: net=  -8401.51  closed=16893  winrate=59.0%
  2026-04: net=  -5543.38  closed=15480  winrate=55.4%
  2026-05: net=  -5557.78  closed=15640  winrate=52.5%
  2026-06: net=  -6323.73  closed=16011  winrate=52.6%
  2026-07: net=  -5331.37  closed=17206  winrate=49.2%
  2026-08: net=  -4952.57  closed=15932  winrate=50.7%
  2026-09: net=   -466.84  closed=1302  winrate=49.3%
----------------------------------------

===== TF=M5 =====
{'strategy': 'S434', 'tf': 'M5', 'start': '2025-09-02 16:32:26', 'end': '2026-09-02 16:32:26', 'days': 365.0, 'spread': 0.2, 'lot': 0.01, 'elapsed_sec': 1.0, 'entries': 40441, 'closed': 37200, 'wins': 25953, 'win_rate': 69.76612903225806, 'net_profit': -14453.970000000329, 'pnl_per_day': -39.59991780822008, 'profit_factor': 0.7358030878969412, 'max_drawdown': 14456.130000000328}
เขียน 37200 ไม้ลง s434_trades_M5.csv
----------------------------------------
P&L        : -14453.97 USD
Win Rate   : 69.77%
Win/Order  : 25953/37200
Entries    : 40441
----------------------------------------
รายเดือน:
  2025-09: net=   -890.64  closed=2945  winrate=61.1%
  2025-10: net=  -1118.80  closed=3271  winrate=69.3%
  2025-11: net=   -999.84  closed=2779  winrate=68.8%
  2025-12: net=   -819.30  closed=3063  winrate=68.5%
  2026-01: net=  -1220.52  closed=3101  winrate=70.2%
  2026-02: net=  -1289.97  closed=2829  winrate=74.2%
  2026-03: net=  -1475.27  closed=3195  winrate=74.9%
  2026-04: net=  -1630.80  closed=2925  winrate=70.6%
  2026-05: net=  -1221.97  closed=3153  winrate=70.7%
  2026-06: net=  -1244.96  closed=3097  winrate=71.0%
  2026-07: net=  -1025.43  closed=3365  winrate=69.1%
  2026-08: net=  -1415.53  closed=3194  winrate=68.8%
  2026-09: net=   -100.94  closed= 283  winrate=67.1%
----------------------------------------

===== TF=M15 =====
{'strategy': 'S434', 'tf': 'M15', 'start': '2025-09-02 16:32:26', 'end': '2026-09-02 16:32:26', 'days': 365.0, 'spread': 0.2, 'lot': 0.01, 'elapsed_sec': 0.2, 'entries': 12561, 'closed': 11410, 'wins': 8517, 'win_rate': 74.6450482033304, 'net_profit': -9202.19000000004, 'pnl_per_day': -25.211479452054906, 'profit_factor': 0.7262499516589175, 'max_drawdown': 9262.49000000004}
เขียน 11410 ไม้ลง s434_trades_M15.csv
----------------------------------------
P&L        : -9202.19 USD
Win Rate   : 74.65%
Win/Order  : 8517/11410
Entries    : 12561
----------------------------------------
รายเดือน:
  2025-09: net=   -467.98  closed= 911  winrate=69.4%
  2025-10: net=  -1150.52  closed=1079  winrate=72.9%
  2025-11: net=   -459.84  closed= 859  winrate=76.6%
  2025-12: net=   -400.10  closed= 929  winrate=74.5%
  2026-01: net=   -677.10  closed= 928  winrate=76.1%
  2026-02: net=  -1060.49  closed= 867  winrate=77.6%
  2026-03: net=  -1355.88  closed= 958  winrate=75.7%
  2026-04: net=   -678.45  closed= 915  winrate=76.5%
  2026-05: net=   -663.24  closed= 936  winrate=76.0%
  2026-06: net=   -734.15  closed= 969  winrate=75.1%
  2026-07: net=  -1029.81  closed= 912  winrate=72.6%
  2026-08: net=   -546.16  closed=1050  winrate=73.4%
  2026-09: net=     21.53  closed=  97  winrate=74.2%
----------------------------------------

===== TF=M30 =====
{'strategy': 'S434', 'tf': 'M30', 'start': '2025-09-02 16:32:26', 'end': '2026-09-02 16:32:26', 'days': 365.0, 'spread': 0.2, 'lot': 0.01, 'elapsed_sec': 0.1, 'entries': 6278, 'closed': 5626, 'wins': 4362, 'win_rate': 77.53288304301458, 'net_profit': -3715.2599999999934, 'pnl_per_day': -10.178794520547926, 'profit_factor': 0.8365289719469889, 'max_drawdown': 3737.589999999994}
เขียน 5626 ไม้ลง s434_trades_M30.csv
----------------------------------------
P&L        : -3715.26 USD
Win Rate   : 77.53%
Win/Order  : 4362/5626
Entries    : 6278
----------------------------------------
รายเดือน:
  2025-09: net=   -271.89  closed= 427  winrate=72.4%
  2025-10: net=   -283.96  closed= 490  winrate=74.3%
  2025-11: net=   -199.96  closed= 435  winrate=80.7%
  2025-12: net=    -87.19  closed= 440  winrate=78.4%
  2026-01: net=   -514.08  closed= 449  winrate=77.3%
  2026-02: net=   -812.50  closed= 418  winrate=77.8%
  2026-03: net=     91.52  closed= 465  winrate=79.1%
  2026-04: net=   -209.44  closed= 475  winrate=80.0%
  2026-05: net=   -674.80  closed= 454  winrate=75.3%
  2026-06: net=    -37.18  closed= 509  winrate=78.8%
  2026-07: net=   -322.68  closed= 509  winrate=77.6%
  2026-08: net=   -359.02  closed= 508  winrate=78.1%
  2026-09: net=    -34.08  closed=  47  winrate=80.9%
----------------------------------------

===== TF=H1 =====
{'strategy': 'S434', 'tf': 'H1', 'start': '2025-09-02 16:32:26', 'end': '2026-09-02 16:32:26', 'days': 365.0, 'spread': 0.2, 'lot': 0.01, 'elapsed_sec': 0.0, 'entries': 3155, 'closed': 2781, 'wins': 2200, 'win_rate': 79.10823444804026, 'net_profit': -2278.219999999998, 'pnl_per_day': -6.24169863013698, 'profit_factor': 0.8546859881195897, 'max_drawdown': 2481.889999999999}
เขียน 2781 ไม้ลง s434_trades_H1.csv
----------------------------------------
P&L        : -2278.22 USD
Win Rate   : 79.11%
Win/Order  : 2200/2781
Entries    : 3155
----------------------------------------
รายเดือน:
  2025-09: net=   -223.73  closed= 224  winrate=75.9%
  2025-10: net=   -110.36  closed= 260  winrate=78.8%
  2025-11: net=   -123.63  closed= 232  winrate=80.6%
  2025-12: net=   -188.74  closed= 225  winrate=77.8%
  2026-01: net=    249.69  closed= 214  winrate=83.2%
  2026-02: net=   -108.96  closed= 193  winrate=79.8%
  2026-03: net=   -285.53  closed= 214  winrate=79.9%
  2026-04: net=   -510.70  closed= 226  winrate=77.0%
  2026-05: net=   -462.01  closed= 207  winrate=74.9%
  2026-06: net=    -83.47  closed= 263  winrate=79.8%
  2026-07: net=   -336.60  closed= 236  winrate=78.4%
  2026-08: net=   -193.97  closed= 268  winrate=81.3%
  2026-09: net=     99.79  closed=  19  winrate=94.7%
----------------------------------------

===== TF=H4 =====
{'strategy': 'S434', 'tf': 'H4', 'start': '2025-09-02 16:32:26', 'end': '2026-09-02 16:32:26', 'days': 365.0, 'spread': 0.2, 'lot': 0.01, 'elapsed_sec': 0.0, 'entries': 955, 'closed': 744, 'wins': 592, 'win_rate': 79.56989247311827, 'net_profit': -1329.8700000000001, 'pnl_per_day': -3.643479452054795, 'profit_factor': 0.8484456179977595, 'max_drawdown': 1821.18}
เขียน 744 ไม้ลง s434_trades_H4.csv
----------------------------------------
P&L        : -1329.87 USD
Win Rate   : 79.57%
Win/Order  : 592/744
Entries    : 955
----------------------------------------
รายเดือน:
  2025-09: net=   -175.32  closed=  70  winrate=75.7%
  2025-10: net=    -53.24  closed=  66  winrate=77.3%
  2025-11: net=     23.76  closed=  54  winrate=79.6%
  2025-12: net=   -122.78  closed=  61  winrate=75.4%
  2026-01: net=   -128.04  closed=  67  winrate=80.6%
  2026-02: net=    118.99  closed=  45  winrate=84.4%
  2026-03: net=   -675.53  closed=  47  winrate=74.5%
  2026-04: net=    -54.68  closed=  66  winrate=83.3%
  2026-05: net=    179.85  closed=  67  winrate=86.6%
  2026-06: net=   -538.03  closed=  64  winrate=70.3%
  2026-07: net=   -167.70  closed=  72  winrate=79.2%
  2026-08: net=    159.94  closed=  59  winrate=86.4%
  2026-09: net=    102.91  closed=   6  winrate=100.0%
----------------------------------------

===== TF=H12 =====
{'strategy': 'S434', 'tf': 'H12', 'start': '2025-09-02 16:32:26', 'end': '2026-09-02 16:32:26', 'days': 365.0, 'spread': 0.2, 'lot': 0.01, 'elapsed_sec': 0.0, 'entries': 459, 'closed': 267, 'wins': 215, 'win_rate': 80.52434456928839, 'net_profit': -42.11000000000014, 'pnl_per_day': -0.11536986301369902, 'profit_factor': 0.9916227012660442, 'max_drawdown': 1147.0700000000004}
เขียน 267 ไม้ลง s434_trades_H12.csv
----------------------------------------
P&L        : -42.11 USD
Win Rate   : 80.52%
Win/Order  : 215/267
Entries    : 459
----------------------------------------
รายเดือน:
  2025-09: net=    -92.45  closed=  21  winrate=76.2%
  2025-10: net=   -495.05  closed=  22  winrate=59.1%
  2025-11: net=   -163.13  closed=  19  winrate=78.9%
  2025-12: net=    -69.05  closed=  22  winrate=77.3%
  2026-01: net=    216.26  closed=  29  winrate=79.3%
  2026-02: net=    524.62  closed=  18  winrate=88.9%
  2026-03: net=    -40.57  closed=  16  winrate=81.2%
  2026-04: net=   -109.38  closed=  20  winrate=80.0%
  2026-05: net=   -180.86  closed=  31  winrate=80.6%
  2026-06: net=    233.53  closed=  19  winrate=94.7%
  2026-07: net=     11.03  closed=  24  winrate=83.3%
  2026-08: net=     45.73  closed=  23  winrate=87.0%
  2026-09: net=     77.21  closed=   3  winrate=100.0%
----------------------------------------

===== TF=D1 =====
{'strategy': 'S434', 'tf': 'D1', 'start': '2025-09-02 16:32:26', 'end': '2026-09-02 16:32:26', 'days': 365.0, 'spread': 0.2, 'lot': 0.01, 'elapsed_sec': 0.0, 'entries': 327, 'closed': 136, 'wins': 116, 'win_rate': 85.29411764705883, 'net_profit': 1005.940000000001, 'pnl_per_day': 2.7560000000000024, 'profit_factor': 1.3869788841571549, 'max_drawdown': 395.15999999999997}
เขียน 136 ไม้ลง s434_trades_D1.csv
----------------------------------------
P&L        : 1005.94 USD
Win Rate   : 85.29%
Win/Order  : 116/136
Entries    : 327
----------------------------------------
รายเดือน:
  2025-09: net=     92.58  closed=  11  winrate=90.9%
  2025-10: net=   -160.92  closed=  15  winrate=73.3%
  2025-11: net=    -10.51  closed=   8  winrate=87.5%
  2025-12: net=    -23.90  closed=   9  winrate=77.8%
  2026-01: net=    244.19  closed=  17  winrate=82.4%
  2026-02: net=    525.08  closed=   7  winrate=100.0%
  2026-03: net=    215.40  closed=  10  winrate=90.0%
  2026-04: net=    152.38  closed=   3  winrate=100.0%
  2026-05: net=    238.06  closed=  16  winrate=93.8%
  2026-06: net=    -91.54  closed=  13  winrate=84.6%
  2026-07: net=    -44.41  closed=   9  winrate=77.8%
  2026-08: net=   -187.01  closed=  16  winrate=81.2%
  2026-09: net=     56.54  closed=   2  winrate=100.0%
----------------------------------------

===== สรุปเทียบทุก TF =====
TF             P&L   WinRate   Win/Order        PF     MaxDD   Entries
M1       -69940.82     51.3%99874/194854      0.48  69944.78    211550
M5       -14453.97     69.8% 25953/37200      0.74  14456.13     40441
M15       -9202.19     74.6%  8517/11410      0.73   9262.49     12561
M30       -3715.26     77.5%   4362/5626      0.84   3737.59      6278
H1        -2278.22     79.1%   2200/2781      0.85   2481.89      3155
H4        -1329.87     79.6%     592/744      0.85   1821.18       955
H12         -42.11     80.5%     215/267      0.99   1147.07       459
D1         1005.94     85.3%     116/136      1.39    395.16       327

===== สรุปรายเดือน x TF (net PnL) =====
Month             M1          M5         M15         M30          H1          H4         H12          D1
2025-09     -4346.38     -890.64     -467.98     -271.89     -223.73     -175.32      -92.45       92.58
2025-10     -5863.56    -1118.80    -1150.52     -283.96     -110.36      -53.24     -495.05     -160.92
2025-11     -4805.49     -999.84     -459.84     -199.96     -123.63       23.76     -163.13      -10.51
2025-12     -5063.47     -819.30     -400.10      -87.19     -188.74     -122.78      -69.05      -23.90
2026-01     -5747.81    -1220.52     -677.10     -514.08      249.69     -128.04      216.26      244.19
2026-02     -7536.93    -1289.97    -1060.49     -812.50     -108.96      118.99      524.62      525.08
2026-03     -8401.51    -1475.27    -1355.88       91.52     -285.53     -675.53      -40.57      215.40
2026-04     -5543.38    -1630.80     -678.45     -209.44     -510.70      -54.68     -109.38      152.38
2026-05     -5557.78    -1221.97     -663.24     -674.80     -462.01      179.85     -180.86      238.06
2026-06     -6323.73    -1244.96     -734.15      -37.18      -83.47     -538.03      233.53      -91.54
2026-07     -5331.37    -1025.43    -1029.81     -322.68     -336.60     -167.70       11.03      -44.41
2026-08     -4952.57    -1415.53     -546.16     -359.02     -193.97      159.94       45.73     -187.01
2026-09      -466.84     -100.94       21.53      -34.08       99.79      102.91       77.21       56.54

เขียนสรุป JSON ลง s434_summary_365d.json
