
===== TF=M1: fetching bars =====
  382415 bars fetched
  Top 10 by PF:
   ATR_MULT  MinTP_ATR         Net      PF  WinRate  Closed     MaxDD
        2.0        3.0    -5152.19    0.93    39.8%   22857   5351.94
        1.5        3.0    -6561.82    0.92    33.3%   30584   6704.46
        1.0        3.0    -9730.15    0.90    24.8%   45696   9775.04
        2.0        2.0   -10103.76    0.89    49.2%   34429  10110.85
        1.5        2.0   -12056.27    0.88    42.3%   45783  12082.22
        1.0        2.0   -15602.42    0.87    32.9%   67096  15703.85
        2.0        1.5   -13689.90    0.87    55.9%   45154  13696.90
        1.5        1.5   -16503.28    0.86    48.9%   59406  16517.60
        1.0        1.5   -21191.06    0.85    39.1%   86049  21200.42
        1.5        1.0   -24706.88    0.82    58.1%   83384  24723.91

===== TF=M5: fetching bars =====
  76808 bars fetched
  Top 10 by PF:
   ATR_MULT  MinTP_ATR         Net      PF  WinRate  Closed     MaxDD
        1.5        1.5    -1661.36    0.97    50.7%   10958   1796.29
        1.0        1.5    -2432.80    0.96    40.3%   15855   2461.22
        1.0        2.0    -2430.76    0.95    33.5%   12202   2906.48
        1.0        3.0    -1884.66    0.95    25.2%    8102   2153.56
        1.5        2.0    -2212.08    0.95    43.0%    8203   2430.46
        2.0        1.5    -2398.77    0.95    57.3%    8294   2887.85
        1.5        3.0    -2246.33    0.94    33.4%    5437   2692.30
        2.0        2.0    -2549.96    0.94    50.0%    6180   3551.72
        1.5        1.0    -4172.89    0.93    59.2%   15512   4246.09
        1.0        1.0    -5123.34    0.92    49.6%   22139   5163.33

===== TF=M15: fetching bars =====
  26026 bars fetched
  Top 10 by PF:
   ATR_MULT  MinTP_ATR         Net      PF  WinRate  Closed     MaxDD
        1.0        2.0    -1588.98    0.95    32.7%    4035   2132.19
        1.5        2.0    -1584.10    0.94    42.2%    2735   2000.04
        1.5        1.5    -1925.40    0.94    49.2%    3584   2000.24
        1.0        3.0    -1638.71    0.93    24.6%    2810   2198.98
        2.0        2.0    -1714.54    0.93    49.3%    2101   2160.18
        1.0        1.5    -2459.44    0.93    39.2%    5215   2692.85
        1.0        1.0    -3074.14    0.92    48.4%    7156   3204.84
        2.0        1.5    -2185.86    0.92    55.7%    2729   2443.89
        1.5        1.0    -3134.58    0.91    58.1%    4993   3340.11
        1.5        3.0    -2019.90    0.90    33.4%    1781   2554.20

===== TF=M30: fetching bars =====
  13154 bars fetched
  Top 10 by PF:
   ATR_MULT  MinTP_ATR         Net      PF  WinRate  Closed     MaxDD
        1.5        3.0      465.93    1.03    34.5%     930    938.27
        2.0        3.0      409.99    1.03    42.1%     712   1289.09
        1.0        3.0      406.37    1.02    26.3%    1394   1304.42
        2.0        2.0     -274.76    0.98    51.1%    1072   1698.30
        1.5        2.0     -396.80    0.98    43.4%    1448   1505.47
        1.0        1.5     -526.10    0.98    40.5%    2601   1724.77
        1.0        2.0     -783.97    0.96    33.8%    2039   1955.56
        1.0        1.0    -1041.97    0.96    49.2%    3566   1621.96
        1.0       0.75    -1638.20    0.94    55.4%    4338   2023.49
        1.5        1.5    -1845.02    0.92    49.0%    1872   2003.21

===== TF=H1: fetching bars =====
  6752 bars fetched
  Top 10 by PF:
   ATR_MULT  MinTP_ATR         Net      PF  WinRate  Closed     MaxDD
        1.0        2.0     2507.57    1.19    36.9%     968    551.25
        1.5        3.0     1662.31    1.19    37.6%     434    581.49
        1.0        3.0     1012.92    1.09    26.9%     665   1169.87
        1.0        1.5     1442.60    1.09    42.1%    1288    706.06
        2.0        3.0      703.71    1.07    42.1%     356    939.91
        1.5        1.5      744.64    1.05    52.5%     887   1235.25
        2.0        2.0      479.72    1.04    51.6%     547   1053.22
        2.0        1.5      346.95    1.03    58.4%     700    809.66
        1.5        1.0       69.63    1.00    60.5%    1231   1592.24
        1.0        1.0       78.34    1.00    50.6%    1768   1183.56

===== TF=H4: fetching bars =====
  2087 bars fetched
  Top 10 by PF:
   ATR_MULT  MinTP_ATR         Net      PF  WinRate  Closed     MaxDD
        1.0        3.0     1646.83    1.30    29.8%     188    794.52
        1.5        2.0     1585.88    1.24    46.0%     198    714.44
        1.5        3.0     1077.20    1.21    38.9%     131    932.10
        1.0        2.0     1011.57    1.13    36.3%     295   1240.87
        1.0        1.0     1075.88    1.11    53.2%     502   1092.57
        1.5        1.0      906.67    1.10    62.5%     376    683.45
        1.0        1.5      726.89    1.08    43.0%     363    892.13
        1.5       0.75      736.15    1.08    68.6%     442    886.22
        1.5        1.5      614.66    1.07    51.7%     269    705.07
        1.0       0.75      704.78    1.07    58.0%     598    662.87

===== TF=H12: fetching bars =====
  991 bars fetched
  Top 10 by PF:
   ATR_MULT  MinTP_ATR         Net      PF  WinRate  Closed     MaxDD
        2.0       0.75     3318.45    2.06    82.7%     139    365.62
        2.0        2.0     2969.29    2.02    66.7%      60    958.75
        2.0        1.5     2903.54    1.92    68.8%      77    498.40
        1.5        1.5     2788.80    1.74    59.8%      97    656.44
        2.0        1.0     2366.73    1.69    75.5%     102    637.81
        2.0        0.5     2347.08    1.68    83.9%     168    464.92
        2.0       0.25     2015.66    1.64    88.8%     206    376.66
        1.5        2.0     2061.48    1.53    51.9%      77   1078.48
        1.0        1.5     1920.45    1.38    46.4%     138   1462.28
        1.0        2.0     1761.48    1.35    39.3%     117   1668.47

===== TF=D1: fetching bars =====
  750 bars fetched
  Top 10 by PF:
   ATR_MULT  MinTP_ATR         Net      PF  WinRate  Closed     MaxDD
        1.0        1.5     2833.92    2.16    58.5%      65    653.45
        1.0        2.0     2291.25    2.15    52.4%      42    675.71
        1.5        1.0     2389.68    1.75    71.6%      81    597.54
        2.0        1.5     2086.72    1.74    72.0%      50    956.58
        1.0        1.0     2498.78    1.72    61.0%     100    550.48
        2.0        1.0     1922.57    1.66    78.5%      65    843.13
        1.5       0.75     1695.22    1.52    73.0%      89    632.67
        2.0        2.0     1351.72    1.49    61.8%      34   1131.79
        1.5        1.5     1428.52    1.48    61.5%      52   1303.49
        1.0       0.75     1806.62    1.47    62.2%     119    406.64

เขียนผล sweep ลง sweep_s434_result_M1_M5_M15_M30_H1_H4_H12_D1.json
